Running main() from /glade/work/jframe/ngen/test/googletest/googletest/src/gtest_main.cc
[==========] Running 91 tests from 13 test suites.
[----------] Global test environment set-up.
[----------] 2 tests from HymodKernelTest
[ RUN      ] HymodKernelTest.TestRun0
[       OK ] HymodKernelTest.TestRun0 (0 ms)
[ RUN      ] HymodKernelTest.TestWithKnownInput
WARNING: Reservoir calculated an outlet velocity over max velocity, and therefore set the outlet velocity to max velocity.
WARNING: Reservoir calculated an outlet velocity over max velocity, and therefore set the outlet velocity to max velocity.
WARNING: Reservoir calculated an outlet velocity over max velocity, and therefore set the outlet velocity to max velocity.
WARNING: Reservoir calculated an outlet velocity over max velocity, and therefore set the outlet velocity to max velocity.
WARNING: Reservoir calculated an outlet velocity over max velocity, and therefore set the outlet velocity to max velocity.
WARNING: Reservoir calculated an outlet velocity over max velocity, and therefore set the outlet velocity to max velocity.
WARNING: Reservoir calculated an outlet velocity over max velocity, and therefore set the outlet velocity to max velocity.
WARNING: Reservoir calculated an outlet velocity over max velocity, and therefore set the outlet velocity to max velocity.
WARNING: Reservoir calculated an outlet velocity over max velocity, and therefore set the outlet velocity to max velocity.
WARNING: Reservoir calculated an outlet velocity over max velocity, and therefore set the outlet velocity to max velocity.
WARNING: Reservoir calculated an outlet velocity over max velocity, and therefore set the outlet velocity to max velocity.
WARNING: Reservoir calculated an outlet velocity over max velocity, and therefore set the outlet velocity to max velocity.
WARNING: Reservoir calculated an outlet velocity over max velocity, and therefore set the outlet velocity to max velocity.
WARNING: Reservoir calculated a storage above the maximum storage.
WARNING: Reservoir calculated an outlet velocity over max velocity, and therefore set the outlet velocity to max velocity.
WARNING: Reservoir calculated a storage above the maximum storage.
WARNING: Reservoir calculated an outlet velocity over max velocity, and therefore set the outlet velocity to max velocity.
WARNING: Reservoir calculated a storage above the maximum storage.
WARNING: Reservoir calculated an outlet velocity over max velocity, and therefore set the outlet velocity to max velocity.
WARNING: Reservoir calculated a storage above the maximum storage.
WARNING: Reservoir calculated an outlet velocity over max velocity, and therefore set the outlet velocity to max velocity.
WARNING: Reservoir calculated a storage above the maximum storage.
WARNING: Reservoir calculated an outlet velocity over max velocity, and therefore set the outlet velocity to max velocity.
WARNING: Reservoir calculated a storage above the maximum storage.
WARNING: Reservoir calculated an outlet velocity over max velocity, and therefore set the outlet velocity to max velocity.
WARNING: Reservoir calculated a storage above the maximum storage.
WARNING: Reservoir calculated an outlet velocity over max velocity, and therefore set the outlet velocity to max velocity.
WARNING: Reservoir calculated a storage above the maximum storage.
WARNING: Reservoir calculated an outlet velocity over max velocity, and therefore set the outlet velocity to max velocity.
WARNING: Reservoir calculated a storage above the maximum storage.
WARNING: Reservoir calculated an outlet velocity over max velocity, and therefore set the outlet velocity to max velocity.
WARNING: Reservoir calculated a storage above the maximum storage.
WARNING: Reservoir calculated an outlet velocity over max velocity, and therefore set the outlet velocity to max velocity.
WARNING: Reservoir calculated a storage above the maximum storage.
WARNING: Reservoir calculated an outlet velocity over max velocity, and therefore set the outlet velocity to max velocity.
WARNING: Reservoir calculated a storage above the maximum storage.
WARNING: Reservoir calculated an outlet velocity over max velocity, and therefore set the outlet velocity to max velocity.
WARNING: Reservoir calculated a storage above the maximum storage.
WARNING: Reservoir calculated an outlet velocity over max velocity, and therefore set the outlet velocity to max velocity.
WARNING: Reservoir calculated a storage above the maximum storage.
WARNING: Reservoir calculated an outlet velocity over max velocity, and therefore set the outlet velocity to max velocity.
WARNING: Reservoir calculated a storage above the maximum storage.
WARNING: Reservoir calculated an outlet velocity over max velocity, and therefore set the outlet velocity to max velocity.
WARNING: Reservoir calculated a storage above the maximum storage.
WARNING: Reservoir calculated an outlet velocity over max velocity, and therefore set the outlet velocity to max velocity.
WARNING: Reservoir calculated a storage above the maximum storage.
WARNING: Reservoir calculated an outlet velocity over max velocity, and therefore set the outlet velocity to max velocity.
WARNING: Reservoir calculated a storage above the maximum storage.
WARNING: Reservoir calculated an outlet velocity over max velocity, and therefore set the outlet velocity to max velocity.
WARNING: Reservoir calculated a storage above the maximum storage.
WARNING: Reservoir calculated an outlet velocity over max velocity, and therefore set the outlet velocity to max velocity.
WARNING: Reservoir calculated a storage above the maximum storage.
WARNING: Reservoir calculated an outlet velocity over max velocity, and therefore set the outlet velocity to max velocity.
WARNING: Reservoir calculated a storage above the maximum storage.
WARNING: Reservoir calculated an outlet velocity over max velocity, and therefore set the outlet velocity to max velocity.
WARNING: Reservoir calculated a storage above the maximum storage.
WARNING: Reservoir calculated an outlet velocity over max velocity, and therefore set the outlet velocity to max velocity.
WARNING: Reservoir calculated a storage above the maximum storage.
WARNING: Reservoir calculated an outlet velocity over max velocity, and therefore set the outlet velocity to max velocity.
WARNING: Reservoir calculated a storage above the maximum storage.
WARNING: Reservoir calculated an outlet velocity over max velocity, and therefore set the outlet velocity to max velocity.
WARNING: Reservoir calculated a storage above the maximum storage.
WARNING: Reservoir calculated an outlet velocity over max velocity, and therefore set the outlet velocity to max velocity.
WARNING: Reservoir calculated a storage above the maximum storage.
WARNING: Reservoir calculated an outlet velocity over max velocity, and therefore set the outlet velocity to max velocity.
WARNING: Reservoir calculated a storage above the maximum storage.
WARNING: Reservoir calculated an outlet velocity over max velocity, and therefore set the outlet velocity to max velocity.
WARNING: Reservoir calculated a storage above the maximum storage.
WARNING: Reservoir calculated an outlet velocity over max velocity, and therefore set the outlet velocity to max velocity.
WARNING: Reservoir calculated a storage above the maximum storage.
WARNING: Reservoir calculated an outlet velocity over max velocity, and therefore set the outlet velocity to max velocity.
WARNING: Reservoir calculated a storage above the maximum storage.
WARNING: Reservoir calculated an outlet velocity over max velocity, and therefore set the outlet velocity to max velocity.
WARNING: Reservoir calculated a storage above the maximum storage.
WARNING: Reservoir calculated an outlet velocity over max velocity, and therefore set the outlet velocity to max velocity.
WARNING: Reservoir calculated a storage above the maximum storage.
WARNING: Reservoir calculated an outlet velocity over max velocity, and therefore set the outlet velocity to max velocity.
WARNING: Reservoir calculated a storage above the maximum storage.
WARNING: Reservoir calculated an outlet velocity over max velocity, and therefore set the outlet velocity to max velocity.
WARNING: Reservoir calculated a storage above the maximum storage.
WARNING: Reservoir calculated an outlet velocity over max velocity, and therefore set the outlet velocity to max velocity.
WARNING: Reservoir calculated a storage above the maximum storage.
WARNING: Reservoir calculated an outlet velocity over max velocity, and therefore set the outlet velocity to max velocity.
WARNING: Reservoir calculated a storage above the maximum storage.
WARNING: Reservoir calculated an outlet velocity over max velocity, and therefore set the outlet velocity to max velocity.
WARNING: Reservoir calculated a storage above the maximum storage.
WARNING: Reservoir calculated an outlet velocity over max velocity, and therefore set the outlet velocity to max velocity.
WARNING: Reservoir calculated a storage above the maximum storage.
WARNING: Reservoir calculated an outlet velocity over max velocity, and therefore set the outlet velocity to max velocity.
WARNING: Reservoir calculated a storage above the maximum storage.
WARNING: Reservoir calculated an outlet velocity over max velocity, and therefore set the outlet velocity to max velocity.
WARNING: Reservoir calculated a storage above the maximum storage.
WARNING: Reservoir calculated an outlet velocity over max velocity, and therefore set the outlet velocity to max velocity.
WARNING: Reservoir calculated a storage above the maximum storage.
WARNING: Reservoir calculated an outlet velocity over max velocity, and therefore set the outlet velocity to max velocity.
WARNING: Reservoir calculated a storage above the maximum storage.
WARNING: Reservoir calculated an outlet velocity over max velocity, and therefore set the outlet velocity to max velocity.
WARNING: Reservoir calculated a storage above the maximum storage.
WARNING: Reservoir calculated an outlet velocity over max velocity, and therefore set the outlet velocity to max velocity.
WARNING: Reservoir calculated a storage above the maximum storage.
WARNING: Reservoir calculated an outlet velocity over max velocity, and therefore set the outlet velocity to max velocity.
WARNING: Reservoir calculated a storage above the maximum storage.
WARNING: Reservoir calculated an outlet velocity over max velocity, and therefore set the outlet velocity to max velocity.
WARNING: Reservoir calculated a storage above the maximum storage.
WARNING: Reservoir calculated an outlet velocity over max velocity, and therefore set the outlet velocity to max velocity.
WARNING: Reservoir calculated a storage above the maximum storage.
WARNING: Reservoir calculated an outlet velocity over max velocity, and therefore set the outlet velocity to max velocity.
WARNING: Reservoir calculated a storage above the maximum storage.
WARNING: Reservoir calculated an outlet velocity over max velocity, and therefore set the outlet velocity to max velocity.
WARNING: Reservoir calculated a storage above the maximum storage.
WARNING: Reservoir calculated an outlet velocity over max velocity, and therefore set the outlet velocity to max velocity.
WARNING: Reservoir calculated a storage above the maximum storage.
WARNING: Reservoir calculated an outlet velocity over max velocity, and therefore set the outlet velocity to max velocity.
WARNING: Reservoir calculated a storage above the maximum storage.
WARNING: Reservoir calculated an outlet velocity over max velocity, and therefore set the outlet velocity to max velocity.
WARNING: Reservoir calculated a storage above the maximum storage.
WARNING: Reservoir calculated an outlet velocity over max velocity, and therefore set the outlet velocity to max velocity.
WARNING: Reservoir calculated a storage above the maximum storage.
WARNING: Reservoir calculated an outlet velocity over max velocity, and therefore set the outlet velocity to max velocity.
WARNING: Reservoir calculated a storage above the maximum storage.
WARNING: Reservoir calculated an outlet velocity over max velocity, and therefore set the outlet velocity to max velocity.
WARNING: Reservoir calculated a storage above the maximum storage.
WARNING: Reservoir calculated an outlet velocity over max velocity, and therefore set the outlet velocity to max velocity.
WARNING: Reservoir calculated a storage above the maximum storage.
WARNING: Reservoir calculated an outlet velocity over max velocity, and therefore set the outlet velocity to max velocity.
WARNING: Reservoir calculated a storage above the maximum storage.
WARNING: Reservoir calculated an outlet velocity over max velocity, and therefore set the outlet velocity to max velocity.
WARNING: Reservoir calculated a storage above the maximum storage.
WARNING: Reservoir calculated an outlet velocity over max velocity, and therefore set the outlet velocity to max velocity.
WARNING: Reservoir calculated a storage above the maximum storage.
WARNING: Reservoir calculated an outlet velocity over max velocity, and therefore set the outlet velocity to max velocity.
WARNING: Reservoir calculated a storage above the maximum storage.
WARNING: Reservoir calculated an outlet velocity over max velocity, and therefore set the outlet velocity to max velocity.
WARNING: Reservoir calculated a storage above the maximum storage.
WARNING: Reservoir calculated an outlet velocity over max velocity, and therefore set the outlet velocity to max velocity.
WARNING: Reservoir calculated a storage above the maximum storage.
WARNING: Reservoir calculated an outlet velocity over max velocity, and therefore set the outlet velocity to max velocity.
WARNING: Reservoir calculated a storage above the maximum storage.
WARNING: Reservoir calculated an outlet velocity over max velocity, and therefore set the outlet velocity to max velocity.
WARNING: Reservoir calculated a storage above the maximum storage.
WARNING: Reservoir calculated an outlet velocity over max velocity, and therefore set the outlet velocity to max velocity.
WARNING: Reservoir calculated a storage above the maximum storage.
WARNING: Reservoir calculated an outlet velocity over max velocity, and therefore set the outlet velocity to max velocity.
WARNING: Reservoir calculated a storage above the maximum storage.
WARNING: Reservoir calculated an outlet velocity over max velocity, and therefore set the outlet velocity to max velocity.
WARNING: Reservoir calculated a storage above the maximum storage.
WARNING: Reservoir calculated an outlet velocity over max velocity, and therefore set the outlet velocity to max velocity.
WARNING: Reservoir calculated a storage above the maximum storage.
WARNING: Reservoir calculated an outlet velocity over max velocity, and therefore set the outlet velocity to max velocity.
WARNING: Reservoir calculated a storage above the maximum storage.
WARNING: Reservoir calculated an outlet velocity over max velocity, and therefore set the outlet velocity to max velocity.
WARNING: Reservoir calculated a storage above the maximum storage.
WARNING: Reservoir calculated an outlet velocity over max velocity, and therefore set the outlet velocity to max velocity.
WARNING: Reservoir calculated a storage above the maximum storage.
WARNING: Reservoir calculated an outlet velocity over max velocity, and therefore set the outlet velocity to max velocity.
WARNING: Reservoir calculated a storage above the maximum storage.
WARNING: Reservoir calculated an outlet velocity over max velocity, and therefore set the outlet velocity to max velocity.
WARNING: Reservoir calculated a storage above the maximum storage.
WARNING: Reservoir calculated an outlet velocity over max velocity, and therefore set the outlet velocity to max velocity.
WARNING: Reservoir calculated a storage above the maximum storage.
WARNING: Reservoir calculated an outlet velocity over max velocity, and therefore set the outlet velocity to max velocity.
WARNING: Reservoir calculated a storage above the maximum storage.
WARNING: Reservoir calculated an outlet velocity over max velocity, and therefore set the outlet velocity to max velocity.
WARNING: Reservoir calculated a storage above the maximum storage.
WARNING: Reservoir calculated an outlet velocity over max velocity, and therefore set the outlet velocity to max velocity.
WARNING: Reservoir calculated a storage above the maximum storage.
WARNING: Reservoir calculated an outlet velocity over max velocity, and therefore set the outlet velocity to max velocity.
WARNING: Reservoir calculated a storage above the maximum storage.
WARNING: Reservoir calculated an outlet velocity over max velocity, and therefore set the outlet velocity to max velocity.
WARNING: Reservoir calculated a storage above the maximum storage.
WARNING: Reservoir calculated an outlet velocity over max velocity, and therefore set the outlet velocity to max velocity.
WARNING: Reservoir calculated a storage above the maximum storage.
WARNING: Reservoir calculated an outlet velocity over max velocity, and therefore set the outlet velocity to max velocity.
WARNING: Reservoir calculated a storage above the maximum storage.
WARNING: Reservoir calculated an outlet velocity over max velocity, and therefore set the outlet velocity to max velocity.
WARNING: Reservoir calculated a storage above the maximum storage.
WARNING: Reservoir calculated an outlet velocity over max velocity, and therefore set the outlet velocity to max velocity.
WARNING: Reservoir calculated a storage above the maximum storage.
WARNING: Reservoir calculated an outlet velocity over max velocity, and therefore set the outlet velocity to max velocity.
WARNING: Reservoir calculated a storage above the maximum storage.
WARNING: Reservoir calculated an outlet velocity over max velocity, and therefore set the outlet velocity to max velocity.
WARNING: Reservoir calculated a storage above the maximum storage.
WARNING: Reservoir calculated an outlet velocity over max velocity, and therefore set the outlet velocity to max velocity.
WARNING: Reservoir calculated a storage above the maximum storage.
WARNING: Reservoir calculated an outlet velocity over max velocity, and therefore set the outlet velocity to max velocity.
WARNING: Reservoir calculated a storage above the maximum storage.
WARNING: Reservoir calculated an outlet velocity over max velocity, and therefore set the outlet velocity to max velocity.
WARNING: Reservoir calculated a storage above the maximum storage.
WARNING: Reservoir calculated an outlet velocity over max velocity, and therefore set the outlet velocity to max velocity.
WARNING: Reservoir calculated a storage above the maximum storage.
WARNING: Reservoir calculated an outlet velocity over max velocity, and therefore set the outlet velocity to max velocity.
WARNING: Reservoir calculated a storage above the maximum storage.
WARNING: Reservoir calculated an outlet velocity over max velocity, and therefore set the outlet velocity to max velocity.
WARNING: Reservoir calculated a storage above the maximum storage.
WARNING: Reservoir calculated an outlet velocity over max velocity, and therefore set the outlet velocity to max velocity.
WARNING: Reservoir calculated a storage above the maximum storage.
WARNING: Reservoir calculated an outlet velocity over max velocity, and therefore set the outlet velocity to max velocity.
WARNING: Reservoir calculated a storage above the maximum storage.
WARNING: Reservoir calculated an outlet velocity over max velocity, and therefore set the outlet velocity to max velocity.
WARNING: Reservoir calculated a storage above the maximum storage.
WARNING: Reservoir calculated an outlet velocity over max velocity, and therefore set the outlet velocity to max velocity.
WARNING: Reservoir calculated a storage above the maximum storage.
WARNING: Reservoir calculated an outlet velocity over max velocity, and therefore set the outlet velocity to max velocity.
WARNING: Reservoir calculated a storage above the maximum storage.
WARNING: Reservoir calculated an outlet velocity over max velocity, and therefore set the outlet velocity to max velocity.
WARNING: Reservoir calculated a storage above the maximum storage.
WARNING: Reservoir calculated an outlet velocity over max velocity, and therefore set the outlet velocity to max velocity.
WARNING: Reservoir calculated a storage above the maximum storage.
WARNING: Reservoir calculated an outlet velocity over max velocity, and therefore set the outlet velocity to max velocity.
WARNING: Reservoir calculated a storage above the maximum storage.
WARNING: Reservoir calculated an outlet velocity over max velocity, and therefore set the outlet velocity to max velocity.
WARNING: Reservoir calculated a storage above the maximum storage.
WARNING: Reservoir calculated an outlet velocity over max velocity, and therefore set the outlet velocity to max velocity.
WARNING: Reservoir calculated a storage above the maximum storage.
WARNING: Reservoir calculated an outlet velocity over max velocity, and therefore set the outlet velocity to max velocity.
WARNING: Reservoir calculated a storage above the maximum storage.
WARNING: Reservoir calculated an outlet velocity over max velocity, and therefore set the outlet velocity to max velocity.
WARNING: Reservoir calculated a storage above the maximum storage.
WARNING: Reservoir calculated an outlet velocity over max velocity, and therefore set the outlet velocity to max velocity.
WARNING: Reservoir calculated a storage above the maximum storage.
WARNING: Reservoir calculated an outlet velocity over max velocity, and therefore set the outlet velocity to max velocity.
WARNING: Reservoir calculated a storage above the maximum storage.
WARNING: Reservoir calculated an outlet velocity over max velocity, and therefore set the outlet velocity to max velocity.
WARNING: Reservoir calculated a storage above the maximum storage.
WARNING: Reservoir calculated an outlet velocity over max velocity, and therefore set the outlet velocity to max velocity.
WARNING: Reservoir calculated a storage above the maximum storage.
WARNING: Reservoir calculated an outlet velocity over max velocity, and therefore set the outlet velocity to max velocity.
WARNING: Reservoir calculated a storage above the maximum storage.
WARNING: Reservoir calculated an outlet velocity over max velocity, and therefore set the outlet velocity to max velocity.
WARNING: Reservoir calculated a storage above the maximum storage.
WARNING: Reservoir calculated an outlet velocity over max velocity, and therefore set the outlet velocity to max velocity.
WARNING: Reservoir calculated a storage above the maximum storage.
WARNING: Reservoir calculated an outlet velocity over max velocity, and therefore set the outlet velocity to max velocity.
WARNING: Reservoir calculated a storage above the maximum storage.
WARNING: Reservoir calculated an outlet velocity over max velocity, and therefore set the outlet velocity to max velocity.
WARNING: Reservoir calculated a storage above the maximum storage.
WARNING: Reservoir calculated an outlet velocity over max velocity, and therefore set the outlet velocity to max velocity.
WARNING: Reservoir calculated a storage above the maximum storage.
WARNING: Reservoir calculated an outlet velocity over max velocity, and therefore set the outlet velocity to max velocity.
WARNING: Reservoir calculated a storage above the maximum storage.
WARNING: Reservoir calculated an outlet velocity over max velocity, and therefore set the outlet velocity to max velocity.
WARNING: Reservoir calculated a storage above the maximum storage.
WARNING: Reservoir calculated an outlet velocity over max velocity, and therefore set the outlet velocity to max velocity.
WARNING: Reservoir calculated a storage above the maximum storage.
WARNING: Reservoir calculated an outlet velocity over max velocity, and therefore set the outlet velocity to max velocity.
WARNING: Reservoir calculated a storage above the maximum storage.
WARNING: Reservoir calculated an outlet velocity over max velocity, and therefore set the outlet velocity to max velocity.
WARNING: Reservoir calculated a storage above the maximum storage.
WARNING: Reservoir calculated an outlet velocity over max velocity, and therefore set the outlet velocity to max velocity.
WARNING: Reservoir calculated a storage above the maximum storage.
WARNING: Reservoir calculated an outlet velocity over max velocity, and therefore set the outlet velocity to max velocity.
WARNING: Reservoir calculated a storage above the maximum storage.
WARNING: Reservoir calculated an outlet velocity over max velocity, and therefore set the outlet velocity to max velocity.
WARNING: Reservoir calculated a storage above the maximum storage.
WARNING: Reservoir calculated an outlet velocity over max velocity, and therefore set the outlet velocity to max velocity.
WARNING: Reservoir calculated a storage above the maximum storage.
WARNING: Reservoir calculated an outlet velocity over max velocity, and therefore set the outlet velocity to max velocity.
WARNING: Reservoir calculated a storage above the maximum storage.
WARNING: Reservoir calculated an outlet velocity over max velocity, and therefore set the outlet velocity to max velocity.
WARNING: Reservoir calculated a storage above the maximum storage.
WARNING: Reservoir calculated an outlet velocity over max velocity, and therefore set the outlet velocity to max velocity.
WARNING: Reservoir calculated a storage above the maximum storage.
WARNING: Reservoir calculated an outlet velocity over max velocity, and therefore set the outlet velocity to max velocity.
WARNING: Reservoir calculated a storage above the maximum storage.
WARNING: Reservoir calculated an outlet velocity over max velocity, and therefore set the outlet velocity to max velocity.
WARNING: Reservoir calculated a storage above the maximum storage.
WARNING: Reservoir calculated an outlet velocity over max velocity, and therefore set the outlet velocity to max velocity.
WARNING: Reservoir calculated a storage above the maximum storage.
WARNING: Reservoir calculated an outlet velocity over max velocity, and therefore set the outlet velocity to max velocity.
WARNING: Reservoir calculated a storage above the maximum storage.
WARNING: Reservoir calculated an outlet velocity over max velocity, and therefore set the outlet velocity to max velocity.
WARNING: Reservoir calculated a storage above the maximum storage.
WARNING: Reservoir calculated an outlet velocity over max velocity, and therefore set the outlet velocity to max velocity.
WARNING: Reservoir calculated a storage above the maximum storage.
WARNING: Reservoir calculated an outlet velocity over max velocity, and therefore set the outlet velocity to max velocity.
WARNING: Reservoir calculated a storage above the maximum storage.
WARNING: Reservoir calculated an outlet velocity over max velocity, and therefore set the outlet velocity to max velocity.
WARNING: Reservoir calculated a storage above the maximum storage.
WARNING: Reservoir calculated an outlet velocity over max velocity, and therefore set the outlet velocity to max velocity.
WARNING: Reservoir calculated a storage above the maximum storage.
WARNING: Reservoir calculated an outlet velocity over max velocity, and therefore set the outlet velocity to max velocity.
WARNING: Reservoir calculated a storage above the maximum storage.
WARNING: Reservoir calculated an outlet velocity over max velocity, and therefore set the outlet velocity to max velocity.
WARNING: Reservoir calculated a storage above the maximum storage.
WARNING: Reservoir calculated an outlet velocity over max velocity, and therefore set the outlet velocity to max velocity.
WARNING: Reservoir calculated a storage above the maximum storage.
WARNING: Reservoir calculated an outlet velocity over max velocity, and therefore set the outlet velocity to max velocity.
WARNING: Reservoir calculated a storage above the maximum storage.
WARNING: Reservoir calculated an outlet velocity over max velocity, and therefore set the outlet velocity to max velocity.
WARNING: Reservoir calculated a storage above the maximum storage.
WARNING: Reservoir calculated an outlet velocity over max velocity, and therefore set the outlet velocity to max velocity.
WARNING: Reservoir calculated a storage above the maximum storage.
WARNING: Reservoir calculated an outlet velocity over max velocity, and therefore set the outlet velocity to max velocity.
WARNING: Reservoir calculated a storage above the maximum storage.
WARNING: Reservoir calculated an outlet velocity over max velocity, and therefore set the outlet velocity to max velocity.
WARNING: Reservoir calculated a storage above the maximum storage.
WARNING: Reservoir calculated an outlet velocity over max velocity, and therefore set the outlet velocity to max velocity.
WARNING: Reservoir calculated a storage above the maximum storage.
WARNING: Reservoir calculated an outlet velocity over max velocity, and therefore set the outlet velocity to max velocity.
WARNING: Reservoir calculated a storage above the maximum storage.
WARNING: Reservoir calculated an outlet velocity over max velocity, and therefore set the outlet velocity to max velocity.
WARNING: Reservoir calculated a storage above the maximum storage.
WARNING: Reservoir calculated an outlet velocity over max velocity, and therefore set the outlet velocity to max velocity.
WARNING: Reservoir calculated a storage above the maximum storage.
WARNING: Reservoir calculated an outlet velocity over max velocity, and therefore set the outlet velocity to max velocity.
WARNING: Reservoir calculated a storage above the maximum storage.
WARNING: Reservoir calculated an outlet velocity over max velocity, and therefore set the outlet velocity to max velocity.
WARNING: Reservoir calculated a storage above the maximum storage.
WARNING: Reservoir calculated an outlet velocity over max velocity, and therefore set the outlet velocity to max velocity.
WARNING: Reservoir calculated a storage above the maximum storage.
WARNING: Reservoir calculated an outlet velocity over max velocity, and therefore set the outlet velocity to max velocity.
WARNING: Reservoir calculated a storage above the maximum storage.
WARNING: Reservoir calculated an outlet velocity over max velocity, and therefore set the outlet velocity to max velocity.
WARNING: Reservoir calculated a storage above the maximum storage.
WARNING: Reservoir calculated an outlet velocity over max velocity, and therefore set the outlet velocity to max velocity.
WARNING: Reservoir calculated a storage above the maximum storage.
WARNING: Reservoir calculated an outlet velocity over max velocity, and therefore set the outlet velocity to max velocity.
WARNING: Reservoir calculated a storage above the maximum storage.
WARNING: Reservoir calculated an outlet velocity over max velocity, and therefore set the outlet velocity to max velocity.
WARNING: Reservoir calculated a storage above the maximum storage.
WARNING: Reservoir calculated an outlet velocity over max velocity, and therefore set the outlet velocity to max velocity.
WARNING: Reservoir calculated a storage above the maximum storage.
WARNING: Reservoir calculated an outlet velocity over max velocity, and therefore set the outlet velocity to max velocity.
WARNING: Reservoir calculated a storage above the maximum storage.
WARNING: Reservoir calculated an outlet velocity over max velocity, and therefore set the outlet velocity to max velocity.
WARNING: Reservoir calculated a storage above the maximum storage.
WARNING: Reservoir calculated an outlet velocity over max velocity, and therefore set the outlet velocity to max velocity.
WARNING: Reservoir calculated a storage above the maximum storage.
WARNING: Reservoir calculated an outlet velocity over max velocity, and therefore set the outlet velocity to max velocity.
WARNING: Reservoir calculated a storage above the maximum storage.
WARNING: Reservoir calculated an outlet velocity over max velocity, and therefore set the outlet velocity to max velocity.
WARNING: Reservoir calculated a storage above the maximum storage.
WARNING: Reservoir calculated an outlet velocity over max velocity, and therefore set the outlet velocity to max velocity.
WARNING: Reservoir calculated a storage above the maximum storage.
WARNING: Reservoir calculated an outlet velocity over max velocity, and therefore set the outlet velocity to max velocity.
WARNING: Reservoir calculated a storage above the maximum storage.
WARNING: Reservoir calculated an outlet velocity over max velocity, and therefore set the outlet velocity to max velocity.
WARNING: Reservoir calculated a storage above the maximum storage.
WARNING: Reservoir calculated an outlet velocity over max velocity, and therefore set the outlet velocity to max velocity.
WARNING: Reservoir calculated a storage above the maximum storage.
WARNING: Reservoir calculated an outlet velocity over max velocity, and therefore set the outlet velocity to max velocity.
WARNING: Reservoir calculated a storage above the maximum storage.
WARNING: Reservoir calculated an outlet velocity over max velocity, and therefore set the outlet velocity to max velocity.
WARNING: Reservoir calculated a storage above the maximum storage.
WARNING: Reservoir calculated an outlet velocity over max velocity, and therefore set the outlet velocity to max velocity.
WARNING: Reservoir calculated a storage above the maximum storage.
WARNING: Reservoir calculated an outlet velocity over max velocity, and therefore set the outlet velocity to max velocity.
WARNING: Reservoir calculated a storage above the maximum storage.
WARNING: Reservoir calculated an outlet velocity over max velocity, and therefore set the outlet velocity to max velocity.
WARNING: Reservoir calculated a storage above the maximum storage.
WARNING: Reservoir calculated an outlet velocity over max velocity, and therefore set the outlet velocity to max velocity.
WARNING: Reservoir calculated a storage above the maximum storage.
WARNING: Reservoir calculated an outlet velocity over max velocity, and therefore set the outlet velocity to max velocity.
WARNING: Reservoir calculated a storage above the maximum storage.
WARNING: Reservoir calculated an outlet velocity over max velocity, and therefore set the outlet velocity to max velocity.
WARNING: Reservoir calculated a storage above the maximum storage.
WARNING: Reservoir calculated an outlet velocity over max velocity, and therefore set the outlet velocity to max velocity.
WARNING: Reservoir calculated a storage above the maximum storage.
WARNING: Reservoir calculated an outlet velocity over max velocity, and therefore set the outlet velocity to max velocity.
WARNING: Reservoir calculated a storage above the maximum storage.
WARNING: Reservoir calculated an outlet velocity over max velocity, and therefore set the outlet velocity to max velocity.
WARNING: Reservoir calculated a storage above the maximum storage.
WARNING: Reservoir calculated an outlet velocity over max velocity, and therefore set the outlet velocity to max velocity.
WARNING: Reservoir calculated a storage above the maximum storage.
WARNING: Reservoir calculated an outlet velocity over max velocity, and therefore set the outlet velocity to max velocity.
WARNING: Reservoir calculated a storage above the maximum storage.
WARNING: Reservoir calculated an outlet velocity over max velocity, and therefore set the outlet velocity to max velocity.
WARNING: Reservoir calculated a storage above the maximum storage.
WARNING: Reservoir calculated an outlet velocity over max velocity, and therefore set the outlet velocity to max velocity.
WARNING: Reservoir calculated a storage above the maximum storage.
WARNING: Reservoir calculated an outlet velocity over max velocity, and therefore set the outlet velocity to max velocity.
WARNING: Reservoir calculated a storage above the maximum storage.
WARNING: Reservoir calculated an outlet velocity over max velocity, and therefore set the outlet velocity to max velocity.
WARNING: Reservoir calculated a storage above the maximum storage.
WARNING: Reservoir calculated an outlet velocity over max velocity, and therefore set the outlet velocity to max velocity.
WARNING: Reservoir calculated a storage above the maximum storage.
WARNING: Reservoir calculated an outlet velocity over max velocity, and therefore set the outlet velocity to max velocity.
WARNING: Reservoir calculated a storage above the maximum storage.
WARNING: Reservoir calculated an outlet velocity over max velocity, and therefore set the outlet velocity to max velocity.
WARNING: Reservoir calculated a storage above the maximum storage.
WARNING: Reservoir calculated an outlet velocity over max velocity, and therefore set the outlet velocity to max velocity.
WARNING: Reservoir calculated a storage above the maximum storage.
WARNING: Reservoir calculated an outlet velocity over max velocity, and therefore set the outlet velocity to max velocity.
WARNING: Reservoir calculated a storage above the maximum storage.
WARNING: Reservoir calculated an outlet velocity over max velocity, and therefore set the outlet velocity to max velocity.
WARNING: Reservoir calculated a storage above the maximum storage.
WARNING: Reservoir calculated an outlet velocity over max velocity, and therefore set the outlet velocity to max velocity.
WARNING: Reservoir calculated a storage above the maximum storage.
WARNING: Reservoir calculated an outlet velocity over max velocity, and therefore set the outlet velocity to max velocity.
WARNING: Reservoir calculated a storage above the maximum storage.
WARNING: Reservoir calculated an outlet velocity over max velocity, and therefore set the outlet velocity to max velocity.
WARNING: Reservoir calculated a storage above the maximum storage.
WARNING: Reservoir calculated an outlet velocity over max velocity, and therefore set the outlet velocity to max velocity.
WARNING: Reservoir calculated a storage above the maximum storage.
WARNING: Reservoir calculated an outlet velocity over max velocity, and therefore set the outlet velocity to max velocity.
WARNING: Reservoir calculated a storage above the maximum storage.
WARNING: Reservoir calculated an outlet velocity over max velocity, and therefore set the outlet velocity to max velocity.
WARNING: Reservoir calculated a storage above the maximum storage.
WARNING: Reservoir calculated an outlet velocity over max velocity, and therefore set the outlet velocity to max velocity.
WARNING: Reservoir calculated a storage above the maximum storage.
WARNING: Reservoir calculated an outlet velocity over max velocity, and therefore set the outlet velocity to max velocity.
WARNING: Reservoir calculated a storage above the maximum storage.
WARNING: Reservoir calculated an outlet velocity over max velocity, and therefore set the outlet velocity to max velocity.
WARNING: Reservoir calculated a storage above the maximum storage.
WARNING: Reservoir calculated an outlet velocity over max velocity, and therefore set the outlet velocity to max velocity.
WARNING: Reservoir calculated a storage above the maximum storage.
WARNING: Reservoir calculated an outlet velocity over max velocity, and therefore set the outlet velocity to max velocity.
WARNING: Reservoir calculated a storage above the maximum storage.
WARNING: Reservoir calculated an outlet velocity over max velocity, and therefore set the outlet velocity to max velocity.
WARNING: Reservoir calculated a storage above the maximum storage.
WARNING: Reservoir calculated an outlet velocity over max velocity, and therefore set the outlet velocity to max velocity.
WARNING: Reservoir calculated a storage above the maximum storage.
WARNING: Reservoir calculated an outlet velocity over max velocity, and therefore set the outlet velocity to max velocity.
WARNING: Reservoir calculated a storage above the maximum storage.
WARNING: Reservoir calculated an outlet velocity over max velocity, and therefore set the outlet velocity to max velocity.
WARNING: Reservoir calculated a storage above the maximum storage.
WARNING: Reservoir calculated an outlet velocity over max velocity, and therefore set the outlet velocity to max velocity.
WARNING: Reservoir calculated a storage above the maximum storage.
WARNING: Reservoir calculated an outlet velocity over max velocity, and therefore set the outlet velocity to max velocity.
WARNING: Reservoir calculated a storage above the maximum storage.
WARNING: Reservoir calculated an outlet velocity over max velocity, and therefore set the outlet velocity to max velocity.
WARNING: Reservoir calculated a storage above the maximum storage.
WARNING: Reservoir calculated an outlet velocity over max velocity, and therefore set the outlet velocity to max velocity.
WARNING: Reservoir calculated a storage above the maximum storage.
WARNING: Reservoir calculated an outlet velocity over max velocity, and therefore set the outlet velocity to max velocity.
WARNING: Reservoir calculated a storage above the maximum storage.
WARNING: Reservoir calculated an outlet velocity over max velocity, and therefore set the outlet velocity to max velocity.
WARNING: Reservoir calculated a storage above the maximum storage.
WARNING: Reservoir calculated an outlet velocity over max velocity, and therefore set the outlet velocity to max velocity.
WARNING: Reservoir calculated a storage above the maximum storage.
WARNING: Reservoir calculated an outlet velocity over max velocity, and therefore set the outlet velocity to max velocity.
WARNING: Reservoir calculated a storage above the maximum storage.
WARNING: Reservoir calculated an outlet velocity over max velocity, and therefore set the outlet velocity to max velocity.
WARNING: Reservoir calculated a storage above the maximum storage.
WARNING: Reservoir calculated an outlet velocity over max velocity, and therefore set the outlet velocity to max velocity.
WARNING: Reservoir calculated a storage above the maximum storage.
WARNING: Reservoir calculated an outlet velocity over max velocity, and therefore set the outlet velocity to max velocity.
WARNING: Reservoir calculated a storage above the maximum storage.
WARNING: Reservoir calculated an outlet velocity over max velocity, and therefore set the outlet velocity to max velocity.
WARNING: Reservoir calculated a storage above the maximum storage.
WARNING: Reservoir calculated an outlet velocity over max velocity, and therefore set the outlet velocity to max velocity.
WARNING: Reservoir calculated a storage above the maximum storage.
WARNING: Reservoir calculated an outlet velocity over max velocity, and therefore set the outlet velocity to max velocity.
WARNING: Reservoir calculated a storage above the maximum storage.
WARNING: Reservoir calculated an outlet velocity over max velocity, and therefore set the outlet velocity to max velocity.
WARNING: Reservoir calculated a storage above the maximum storage.
WARNING: Reservoir calculated an outlet velocity over max velocity, and therefore set the outlet velocity to max velocity.
WARNING: Reservoir calculated a storage above the maximum storage.
WARNING: Reservoir calculated an outlet velocity over max velocity, and therefore set the outlet velocity to max velocity.
WARNING: Reservoir calculated a storage above the maximum storage.
WARNING: Reservoir calculated an outlet velocity over max velocity, and therefore set the outlet velocity to max velocity.
WARNING: Reservoir calculated a storage above the maximum storage.
WARNING: Reservoir calculated an outlet velocity over max velocity, and therefore set the outlet velocity to max velocity.
WARNING: Reservoir calculated a storage above the maximum storage.
WARNING: Reservoir calculated an outlet velocity over max velocity, and therefore set the outlet velocity to max velocity.
WARNING: Reservoir calculated a storage above the maximum storage.
WARNING: Reservoir calculated an outlet velocity over max velocity, and therefore set the outlet velocity to max velocity.
WARNING: Reservoir calculated a storage above the maximum storage.
WARNING: Reservoir calculated an outlet velocity over max velocity, and therefore set the outlet velocity to max velocity.
WARNING: Reservoir calculated a storage above the maximum storage.
WARNING: Reservoir calculated an outlet velocity over max velocity, and therefore set the outlet velocity to max velocity.
WARNING: Reservoir calculated a storage above the maximum storage.
WARNING: Reservoir calculated an outlet velocity over max velocity, and therefore set the outlet velocity to max velocity.
WARNING: Reservoir calculated a storage above the maximum storage.
WARNING: Reservoir calculated an outlet velocity over max velocity, and therefore set the outlet velocity to max velocity.
WARNING: Reservoir calculated a storage above the maximum storage.
WARNING: Reservoir calculated an outlet velocity over max velocity, and therefore set the outlet velocity to max velocity.
WARNING: Reservoir calculated a storage above the maximum storage.
WARNING: Reservoir calculated an outlet velocity over max velocity, and therefore set the outlet velocity to max velocity.
WARNING: Reservoir calculated a storage above the maximum storage.
WARNING: Reservoir calculated an outlet velocity over max velocity, and therefore set the outlet velocity to max velocity.
WARNING: Reservoir calculated a storage above the maximum storage.
WARNING: Reservoir calculated an outlet velocity over max velocity, and therefore set the outlet velocity to max velocity.
WARNING: Reservoir calculated a storage above the maximum storage.
WARNING: Reservoir calculated an outlet velocity over max velocity, and therefore set the outlet velocity to max velocity.
WARNING: Reservoir calculated a storage above the maximum storage.
WARNING: Reservoir calculated an outlet velocity over max velocity, and therefore set the outlet velocity to max velocity.
WARNING: Reservoir calculated a storage above the maximum storage.
WARNING: Reservoir calculated an outlet velocity over max velocity, and therefore set the outlet velocity to max velocity.
WARNING: Reservoir calculated a storage above the maximum storage.
WARNING: Reservoir calculated an outlet velocity over max velocity, and therefore set the outlet velocity to max velocity.
WARNING: Reservoir calculated a storage above the maximum storage.
WARNING: Reservoir calculated an outlet velocity over max velocity, and therefore set the outlet velocity to max velocity.
WARNING: Reservoir calculated a storage above the maximum storage.
WARNING: Reservoir calculated an outlet velocity over max velocity, and therefore set the outlet velocity to max velocity.
WARNING: Reservoir calculated a storage above the maximum storage.
WARNING: Reservoir calculated an outlet velocity over max velocity, and therefore set the outlet velocity to max velocity.
WARNING: Reservoir calculated a storage above the maximum storage.
WARNING: Reservoir calculated an outlet velocity over max velocity, and therefore set the outlet velocity to max velocity.
WARNING: Reservoir calculated a storage above the maximum storage.
WARNING: Reservoir calculated an outlet velocity over max velocity, and therefore set the outlet velocity to max velocity.
WARNING: Reservoir calculated a storage above the maximum storage.
WARNING: Reservoir calculated an outlet velocity over max velocity, and therefore set the outlet velocity to max velocity.
WARNING: Reservoir calculated a storage above the maximum storage.
WARNING: Reservoir calculated an outlet velocity over max velocity, and therefore set the outlet velocity to max velocity.
WARNING: Reservoir calculated a storage above the maximum storage.
WARNING: Reservoir calculated an outlet velocity over max velocity, and therefore set the outlet velocity to max velocity.
WARNING: Reservoir calculated a storage above the maximum storage.
WARNING: Reservoir calculated an outlet velocity over max velocity, and therefore set the outlet velocity to max velocity.
WARNING: Reservoir calculated a storage above the maximum storage.
WARNING: Reservoir calculated an outlet velocity over max velocity, and therefore set the outlet velocity to max velocity.
WARNING: Reservoir calculated a storage above the maximum storage.
WARNING: Reservoir calculated an outlet velocity over max velocity, and therefore set the outlet velocity to max velocity.
WARNING: Reservoir calculated a storage above the maximum storage.
WARNING: Reservoir calculated an outlet velocity over max velocity, and therefore set the outlet velocity to max velocity.
WARNING: Reservoir calculated a storage above the maximum storage.
WARNING: Reservoir calculated an outlet velocity over max velocity, and therefore set the outlet velocity to max velocity.
WARNING: Reservoir calculated a storage above the maximum storage.
WARNING: Reservoir calculated an outlet velocity over max velocity, and therefore set the outlet velocity to max velocity.
WARNING: Reservoir calculated a storage above the maximum storage.
WARNING: Reservoir calculated an outlet velocity over max velocity, and therefore set the outlet velocity to max velocity.
WARNING: Reservoir calculated a storage above the maximum storage.
WARNING: Reservoir calculated an outlet velocity over max velocity, and therefore set the outlet velocity to max velocity.
WARNING: Reservoir calculated a storage above the maximum storage.
WARNING: Reservoir calculated an outlet velocity over max velocity, and therefore set the outlet velocity to max velocity.
WARNING: Reservoir calculated a storage above the maximum storage.
WARNING: Reservoir calculated an outlet velocity over max velocity, and therefore set the outlet velocity to max velocity.
WARNING: Reservoir calculated a storage above the maximum storage.
WARNING: Reservoir calculated an outlet velocity over max velocity, and therefore set the outlet velocity to max velocity.
WARNING: Reservoir calculated a storage above the maximum storage.
WARNING: Reservoir calculated an outlet velocity over max velocity, and therefore set the outlet velocity to max velocity.
WARNING: Reservoir calculated a storage above the maximum storage.
WARNING: Reservoir calculated an outlet velocity over max velocity, and therefore set the outlet velocity to max velocity.
WARNING: Reservoir calculated a storage above the maximum storage.
WARNING: Reservoir calculated an outlet velocity over max velocity, and therefore set the outlet velocity to max velocity.
WARNING: Reservoir calculated a storage above the maximum storage.
WARNING: Reservoir calculated an outlet velocity over max velocity, and therefore set the outlet velocity to max velocity.
WARNING: Reservoir calculated a storage above the maximum storage.
WARNING: Reservoir calculated an outlet velocity over max velocity, and therefore set the outlet velocity to max velocity.
WARNING: Reservoir calculated a storage above the maximum storage.
WARNING: Reservoir calculated an outlet velocity over max velocity, and therefore set the outlet velocity to max velocity.
WARNING: Reservoir calculated a storage above the maximum storage.
WARNING: Reservoir calculated an outlet velocity over max velocity, and therefore set the outlet velocity to max velocity.
WARNING: Reservoir calculated a storage above the maximum storage.
WARNING: Reservoir calculated an outlet velocity over max velocity, and therefore set the outlet velocity to max velocity.
WARNING: Reservoir calculated a storage above the maximum storage.
WARNING: Reservoir calculated an outlet velocity over max velocity, and therefore set the outlet velocity to max velocity.
WARNING: Reservoir calculated a storage above the maximum storage.
WARNING: Reservoir calculated an outlet velocity over max velocity, and therefore set the outlet velocity to max velocity.
WARNING: Reservoir calculated a storage above the maximum storage.
WARNING: Reservoir calculated an outlet velocity over max velocity, and therefore set the outlet velocity to max velocity.
WARNING: Reservoir calculated a storage above the maximum storage.
WARNING: Reservoir calculated an outlet velocity over max velocity, and therefore set the outlet velocity to max velocity.
WARNING: Reservoir calculated a storage above the maximum storage.
WARNING: Reservoir calculated an outlet velocity over max velocity, and therefore set the outlet velocity to max velocity.
WARNING: Reservoir calculated a storage above the maximum storage.
WARNING: Reservoir calculated an outlet velocity over max velocity, and therefore set the outlet velocity to max velocity.
WARNING: Reservoir calculated a storage above the maximum storage.
WARNING: Reservoir calculated an outlet velocity over max velocity, and therefore set the outlet velocity to max velocity.
WARNING: Reservoir calculated a storage above the maximum storage.
WARNING: Reservoir calculated an outlet velocity over max velocity, and therefore set the outlet velocity to max velocity.
WARNING: Reservoir calculated a storage above the maximum storage.
WARNING: Reservoir calculated an outlet velocity over max velocity, and therefore set the outlet velocity to max velocity.
WARNING: Reservoir calculated a storage above the maximum storage.
WARNING: Reservoir calculated an outlet velocity over max velocity, and therefore set the outlet velocity to max velocity.
WARNING: Reservoir calculated a storage above the maximum storage.
WARNING: Reservoir calculated an outlet velocity over max velocity, and therefore set the outlet velocity to max velocity.
WARNING: Reservoir calculated a storage above the maximum storage.
WARNING: Reservoir calculated an outlet velocity over max velocity, and therefore set the outlet velocity to max velocity.
WARNING: Reservoir calculated a storage above the maximum storage.
WARNING: Reservoir calculated an outlet velocity over max velocity, and therefore set the outlet velocity to max velocity.
WARNING: Reservoir calculated a storage above the maximum storage.
WARNING: Reservoir calculated an outlet velocity over max velocity, and therefore set the outlet velocity to max velocity.
WARNING: Reservoir calculated a storage above the maximum storage.
WARNING: Reservoir calculated an outlet velocity over max velocity, and therefore set the outlet velocity to max velocity.
WARNING: Reservoir calculated a storage above the maximum storage.
WARNING: Reservoir calculated an outlet velocity over max velocity, and therefore set the outlet velocity to max velocity.
WARNING: Reservoir calculated a storage above the maximum storage.
WARNING: Reservoir calculated an outlet velocity over max velocity, and therefore set the outlet velocity to max velocity.
WARNING: Reservoir calculated a storage above the maximum storage.
WARNING: Reservoir calculated an outlet velocity over max velocity, and therefore set the outlet velocity to max velocity.
WARNING: Reservoir calculated a storage above the maximum storage.
WARNING: Reservoir calculated an outlet velocity over max velocity, and therefore set the outlet velocity to max velocity.
WARNING: Reservoir calculated a storage above the maximum storage.
WARNING: Reservoir calculated an outlet velocity over max velocity, and therefore set the outlet velocity to max velocity.
WARNING: Reservoir calculated a storage above the maximum storage.
WARNING: Reservoir calculated an outlet velocity over max velocity, and therefore set the outlet velocity to max velocity.
WARNING: Reservoir calculated a storage above the maximum storage.
WARNING: Reservoir calculated an outlet velocity over max velocity, and therefore set the outlet velocity to max velocity.
WARNING: Reservoir calculated a storage above the maximum storage.
WARNING: Reservoir calculated an outlet velocity over max velocity, and therefore set the outlet velocity to max velocity.
WARNING: Reservoir calculated a storage above the maximum storage.
WARNING: Reservoir calculated an outlet velocity over max velocity, and therefore set the outlet velocity to max velocity.
WARNING: Reservoir calculated a storage above the maximum storage.
WARNING: Reservoir calculated an outlet velocity over max velocity, and therefore set the outlet velocity to max velocity.
WARNING: Reservoir calculated a storage above the maximum storage.
WARNING: Reservoir calculated an outlet velocity over max velocity, and therefore set the outlet velocity to max velocity.
WARNING: Reservoir calculated a storage above the maximum storage.
WARNING: Reservoir calculated an outlet velocity over max velocity, and therefore set the outlet velocity to max velocity.
WARNING: Reservoir calculated a storage above the maximum storage.
WARNING: Reservoir calculated an outlet velocity over max velocity, and therefore set the outlet velocity to max velocity.
WARNING: Reservoir calculated a storage above the maximum storage.
WARNING: Reservoir calculated an outlet velocity over max velocity, and therefore set the outlet velocity to max velocity.
WARNING: Reservoir calculated a storage above the maximum storage.
WARNING: Reservoir calculated an outlet velocity over max velocity, and therefore set the outlet velocity to max velocity.
WARNING: Reservoir calculated a storage above the maximum storage.
WARNING: Reservoir calculated an outlet velocity over max velocity, and therefore set the outlet velocity to max velocity.
WARNING: Reservoir calculated a storage above the maximum storage.
WARNING: Reservoir calculated an outlet velocity over max velocity, and therefore set the outlet velocity to max velocity.
WARNING: Reservoir calculated a storage above the maximum storage.
WARNING: Reservoir calculated an outlet velocity over max velocity, and therefore set the outlet velocity to max velocity.
WARNING: Reservoir calculated a storage above the maximum storage.
WARNING: Reservoir calculated an outlet velocity over max velocity, and therefore set the outlet velocity to max velocity.
WARNING: Reservoir calculated a storage above the maximum storage.
WARNING: Reservoir calculated an outlet velocity over max velocity, and therefore set the outlet velocity to max velocity.
WARNING: Reservoir calculated a storage above the maximum storage.
WARNING: Reservoir calculated an outlet velocity over max velocity, and therefore set the outlet velocity to max velocity.
WARNING: Reservoir calculated a storage above the maximum storage.
WARNING: Reservoir calculated an outlet velocity over max velocity, and therefore set the outlet velocity to max velocity.
WARNING: Reservoir calculated a storage above the maximum storage.
WARNING: Reservoir calculated an outlet velocity over max velocity, and therefore set the outlet velocity to max velocity.
WARNING: Reservoir calculated a storage above the maximum storage.
WARNING: Reservoir calculated an outlet velocity over max velocity, and therefore set the outlet velocity to max velocity.
WARNING: Reservoir calculated a storage above the maximum storage.
WARNING: Reservoir calculated an outlet velocity over max velocity, and therefore set the outlet velocity to max velocity.
WARNING: Reservoir calculated a storage above the maximum storage.
WARNING: Reservoir calculated an outlet velocity over max velocity, and therefore set the outlet velocity to max velocity.
WARNING: Reservoir calculated a storage above the maximum storage.
WARNING: Reservoir calculated an outlet velocity over max velocity, and therefore set the outlet velocity to max velocity.
WARNING: Reservoir calculated a storage above the maximum storage.
WARNING: Reservoir calculated an outlet velocity over max velocity, and therefore set the outlet velocity to max velocity.
WARNING: Reservoir calculated a storage above the maximum storage.
WARNING: Reservoir calculated an outlet velocity over max velocity, and therefore set the outlet velocity to max velocity.
WARNING: Reservoir calculated a storage above the maximum storage.
WARNING: Reservoir calculated an outlet velocity over max velocity, and therefore set the outlet velocity to max velocity.
WARNING: Reservoir calculated a storage above the maximum storage.
WARNING: Reservoir calculated an outlet velocity over max velocity, and therefore set the outlet velocity to max velocity.
WARNING: Reservoir calculated a storage above the maximum storage.
WARNING: Reservoir calculated an outlet velocity over max velocity, and therefore set the outlet velocity to max velocity.
WARNING: Reservoir calculated a storage above the maximum storage.
WARNING: Reservoir calculated an outlet velocity over max velocity, and therefore set the outlet velocity to max velocity.
WARNING: Reservoir calculated a storage above the maximum storage.
WARNING: Reservoir calculated an outlet velocity over max velocity, and therefore set the outlet velocity to max velocity.
WARNING: Reservoir calculated a storage above the maximum storage.
WARNING: Reservoir calculated an outlet velocity over max velocity, and therefore set the outlet velocity to max velocity.
WARNING: Reservoir calculated a storage above the maximum storage.
WARNING: Reservoir calculated an outlet velocity over max velocity, and therefore set the outlet velocity to max velocity.
WARNING: Reservoir calculated a storage above the maximum storage.
WARNING: Reservoir calculated an outlet velocity over max velocity, and therefore set the outlet velocity to max velocity.
WARNING: Reservoir calculated a storage above the maximum storage.
WARNING: Reservoir calculated an outlet velocity over max velocity, and therefore set the outlet velocity to max velocity.
WARNING: Reservoir calculated a storage above the maximum storage.
WARNING: Reservoir calculated an outlet velocity over max velocity, and therefore set the outlet velocity to max velocity.
WARNING: Reservoir calculated a storage above the maximum storage.
WARNING: Reservoir calculated an outlet velocity over max velocity, and therefore set the outlet velocity to max velocity.
WARNING: Reservoir calculated a storage above the maximum storage.
WARNING: Reservoir calculated an outlet velocity over max velocity, and therefore set the outlet velocity to max velocity.
WARNING: Reservoir calculated a storage above the maximum storage.
WARNING: Reservoir calculated an outlet velocity over max velocity, and therefore set the outlet velocity to max velocity.
WARNING: Reservoir calculated a storage above the maximum storage.
WARNING: Reservoir calculated an outlet velocity over max velocity, and therefore set the outlet velocity to max velocity.
WARNING: Reservoir calculated a storage above the maximum storage.
WARNING: Reservoir calculated an outlet velocity over max velocity, and therefore set the outlet velocity to max velocity.
WARNING: Reservoir calculated a storage above the maximum storage.
WARNING: Reservoir calculated an outlet velocity over max velocity, and therefore set the outlet velocity to max velocity.
WARNING: Reservoir calculated a storage above the maximum storage.
WARNING: Reservoir calculated an outlet velocity over max velocity, and therefore set the outlet velocity to max velocity.
WARNING: Reservoir calculated a storage above the maximum storage.
WARNING: Reservoir calculated an outlet velocity over max velocity, and therefore set the outlet velocity to max velocity.
WARNING: Reservoir calculated a storage above the maximum storage.
WARNING: Reservoir calculated an outlet velocity over max velocity, and therefore set the outlet velocity to max velocity.
WARNING: Reservoir calculated a storage above the maximum storage.
WARNING: Reservoir calculated an outlet velocity over max velocity, and therefore set the outlet velocity to max velocity.
WARNING: Reservoir calculated a storage above the maximum storage.
WARNING: Reservoir calculated an outlet velocity over max velocity, and therefore set the outlet velocity to max velocity.
WARNING: Reservoir calculated a storage above the maximum storage.
WARNING: Reservoir calculated an outlet velocity over max velocity, and therefore set the outlet velocity to max velocity.
WARNING: Reservoir calculated a storage above the maximum storage.
WARNING: Reservoir calculated an outlet velocity over max velocity, and therefore set the outlet velocity to max velocity.
WARNING: Reservoir calculated a storage above the maximum storage.
WARNING: Reservoir calculated an outlet velocity over max velocity, and therefore set the outlet velocity to max velocity.
WARNING: Reservoir calculated a storage above the maximum storage.
WARNING: Reservoir calculated an outlet velocity over max velocity, and therefore set the outlet velocity to max velocity.
WARNING: Reservoir calculated a storage above the maximum storage.
WARNING: Reservoir calculated an outlet velocity over max velocity, and therefore set the outlet velocity to max velocity.
WARNING: Reservoir calculated a storage above the maximum storage.
WARNING: Reservoir calculated an outlet velocity over max velocity, and therefore set the outlet velocity to max velocity.
WARNING: Reservoir calculated a storage above the maximum storage.
WARNING: Reservoir calculated an outlet velocity over max velocity, and therefore set the outlet velocity to max velocity.
WARNING: Reservoir calculated a storage above the maximum storage.
WARNING: Reservoir calculated an outlet velocity over max velocity, and therefore set the outlet velocity to max velocity.
WARNING: Reservoir calculated a storage above the maximum storage.
WARNING: Reservoir calculated an outlet velocity over max velocity, and therefore set the outlet velocity to max velocity.
WARNING: Reservoir calculated a storage above the maximum storage.
WARNING: Reservoir calculated an outlet velocity over max velocity, and therefore set the outlet velocity to max velocity.
WARNING: Reservoir calculated a storage above the maximum storage.
WARNING: Reservoir calculated an outlet velocity over max velocity, and therefore set the outlet velocity to max velocity.
WARNING: Reservoir calculated a storage above the maximum storage.
WARNING: Reservoir calculated an outlet velocity over max velocity, and therefore set the outlet velocity to max velocity.
WARNING: Reservoir calculated a storage above the maximum storage.
WARNING: Reservoir calculated an outlet velocity over max velocity, and therefore set the outlet velocity to max velocity.
WARNING: Reservoir calculated a storage above the maximum storage.
WARNING: Reservoir calculated an outlet velocity over max velocity, and therefore set the outlet velocity to max velocity.
WARNING: Reservoir calculated a storage above the maximum storage.
WARNING: Reservoir calculated an outlet velocity over max velocity, and therefore set the outlet velocity to max velocity.
WARNING: Reservoir calculated a storage above the maximum storage.
WARNING: Reservoir calculated an outlet velocity over max velocity, and therefore set the outlet velocity to max velocity.
WARNING: Reservoir calculated a storage above the maximum storage.
WARNING: Reservoir calculated an outlet velocity over max velocity, and therefore set the outlet velocity to max velocity.
WARNING: Reservoir calculated a storage above the maximum storage.
WARNING: Reservoir calculated an outlet velocity over max velocity, and therefore set the outlet velocity to max velocity.
WARNING: Reservoir calculated a storage above the maximum storage.
WARNING: Reservoir calculated an outlet velocity over max velocity, and therefore set the outlet velocity to max velocity.
WARNING: Reservoir calculated a storage above the maximum storage.
WARNING: Reservoir calculated an outlet velocity over max velocity, and therefore set the outlet velocity to max velocity.
WARNING: Reservoir calculated a storage above the maximum storage.
WARNING: Reservoir calculated an outlet velocity over max velocity, and therefore set the outlet velocity to max velocity.
WARNING: Reservoir calculated a storage above the maximum storage.
WARNING: Reservoir calculated an outlet velocity over max velocity, and therefore set the outlet velocity to max velocity.
WARNING: Reservoir calculated a storage above the maximum storage.
WARNING: Reservoir calculated an outlet velocity over max velocity, and therefore set the outlet velocity to max velocity.
WARNING: Reservoir calculated a storage above the maximum storage.
WARNING: Reservoir calculated an outlet velocity over max velocity, and therefore set the outlet velocity to max velocity.
WARNING: Reservoir calculated a storage above the maximum storage.
WARNING: Reservoir calculated an outlet velocity over max velocity, and therefore set the outlet velocity to max velocity.
WARNING: Reservoir calculated a storage above the maximum storage.
WARNING: Reservoir calculated an outlet velocity over max velocity, and therefore set the outlet velocity to max velocity.
WARNING: Reservoir calculated a storage above the maximum storage.
WARNING: Reservoir calculated an outlet velocity over max velocity, and therefore set the outlet velocity to max velocity.
WARNING: Reservoir calculated a storage above the maximum storage.
WARNING: Reservoir calculated an outlet velocity over max velocity, and therefore set the outlet velocity to max velocity.
WARNING: Reservoir calculated a storage above the maximum storage.
WARNING: Reservoir calculated an outlet velocity over max velocity, and therefore set the outlet velocity to max velocity.
WARNING: Reservoir calculated a storage above the maximum storage.
WARNING: Reservoir calculated an outlet velocity over max velocity, and therefore set the outlet velocity to max velocity.
WARNING: Reservoir calculated a storage above the maximum storage.
WARNING: Reservoir calculated an outlet velocity over max velocity, and therefore set the outlet velocity to max velocity.
WARNING: Reservoir calculated a storage above the maximum storage.
WARNING: Reservoir calculated an outlet velocity over max velocity, and therefore set the outlet velocity to max velocity.
WARNING: Reservoir calculated a storage above the maximum storage.
WARNING: Reservoir calculated an outlet velocity over max velocity, and therefore set the outlet velocity to max velocity.
WARNING: Reservoir calculated a storage above the maximum storage.
WARNING: Reservoir calculated an outlet velocity over max velocity, and therefore set the outlet velocity to max velocity.
WARNING: Reservoir calculated a storage above the maximum storage.
WARNING: Reservoir calculated an outlet velocity over max velocity, and therefore set the outlet velocity to max velocity.
WARNING: Reservoir calculated a storage above the maximum storage.
WARNING: Reservoir calculated an outlet velocity over max velocity, and therefore set the outlet velocity to max velocity.
WARNING: Reservoir calculated a storage above the maximum storage.
WARNING: Reservoir calculated an outlet velocity over max velocity, and therefore set the outlet velocity to max velocity.
WARNING: Reservoir calculated a storage above the maximum storage.
WARNING: Reservoir calculated an outlet velocity over max velocity, and therefore set the outlet velocity to max velocity.
WARNING: Reservoir calculated a storage above the maximum storage.
WARNING: Reservoir calculated an outlet velocity over max velocity, and therefore set the outlet velocity to max velocity.
WARNING: Reservoir calculated a storage above the maximum storage.
WARNING: Reservoir calculated an outlet velocity over max velocity, and therefore set the outlet velocity to max velocity.
WARNING: Reservoir calculated a storage above the maximum storage.
WARNING: Reservoir calculated an outlet velocity over max velocity, and therefore set the outlet velocity to max velocity.
WARNING: Reservoir calculated a storage above the maximum storage.
WARNING: Reservoir calculated an outlet velocity over max velocity, and therefore set the outlet velocity to max velocity.
WARNING: Reservoir calculated a storage above the maximum storage.
WARNING: Reservoir calculated an outlet velocity over max velocity, and therefore set the outlet velocity to max velocity.
WARNING: Reservoir calculated a storage above the maximum storage.
WARNING: Reservoir calculated an outlet velocity over max velocity, and therefore set the outlet velocity to max velocity.
WARNING: Reservoir calculated a storage above the maximum storage.
WARNING: Reservoir calculated an outlet velocity over max velocity, and therefore set the outlet velocity to max velocity.
WARNING: Reservoir calculated a storage above the maximum storage.
WARNING: Reservoir calculated an outlet velocity over max velocity, and therefore set the outlet velocity to max velocity.
WARNING: Reservoir calculated a storage above the maximum storage.
WARNING: Reservoir calculated an outlet velocity over max velocity, and therefore set the outlet velocity to max velocity.
WARNING: Reservoir calculated a storage above the maximum storage.
WARNING: Reservoir calculated an outlet velocity over max velocity, and therefore set the outlet velocity to max velocity.
WARNING: Reservoir calculated a storage above the maximum storage.
WARNING: Reservoir calculated an outlet velocity over max velocity, and therefore set the outlet velocity to max velocity.
WARNING: Reservoir calculated a storage above the maximum storage.
WARNING: Reservoir calculated an outlet velocity over max velocity, and therefore set the outlet velocity to max velocity.
WARNING: Reservoir calculated a storage above the maximum storage.
WARNING: Reservoir calculated an outlet velocity over max velocity, and therefore set the outlet velocity to max velocity.
WARNING: Reservoir calculated a storage above the maximum storage.
WARNING: Reservoir calculated an outlet velocity over max velocity, and therefore set the outlet velocity to max velocity.
WARNING: Reservoir calculated a storage above the maximum storage.
WARNING: Reservoir calculated an outlet velocity over max velocity, and therefore set the outlet velocity to max velocity.
WARNING: Reservoir calculated a storage above the maximum storage.
WARNING: Reservoir calculated an outlet velocity over max velocity, and therefore set the outlet velocity to max velocity.
WARNING: Reservoir calculated a storage above the maximum storage.
WARNING: Reservoir calculated an outlet velocity over max velocity, and therefore set the outlet velocity to max velocity.
WARNING: Reservoir calculated a storage above the maximum storage.
WARNING: Reservoir calculated an outlet velocity over max velocity, and therefore set the outlet velocity to max velocity.
WARNING: Reservoir calculated a storage above the maximum storage.
WARNING: Reservoir calculated an outlet velocity over max velocity, and therefore set the outlet velocity to max velocity.
WARNING: Reservoir calculated a storage above the maximum storage.
WARNING: Reservoir calculated an outlet velocity over max velocity, and therefore set the outlet velocity to max velocity.
WARNING: Reservoir calculated a storage above the maximum storage.
WARNING: Reservoir calculated an outlet velocity over max velocity, and therefore set the outlet velocity to max velocity.
WARNING: Reservoir calculated a storage above the maximum storage.
WARNING: Reservoir calculated an outlet velocity over max velocity, and therefore set the outlet velocity to max velocity.
WARNING: Reservoir calculated a storage above the maximum storage.
WARNING: Reservoir calculated an outlet velocity over max velocity, and therefore set the outlet velocity to max velocity.
WARNING: Reservoir calculated a storage above the maximum storage.
WARNING: Reservoir calculated an outlet velocity over max velocity, and therefore set the outlet velocity to max velocity.
WARNING: Reservoir calculated a storage above the maximum storage.
WARNING: Reservoir calculated an outlet velocity over max velocity, and therefore set the outlet velocity to max velocity.
WARNING: Reservoir calculated a storage above the maximum storage.
WARNING: Reservoir calculated an outlet velocity over max velocity, and therefore set the outlet velocity to max velocity.
WARNING: Reservoir calculated a storage above the maximum storage.
WARNING: Reservoir calculated an outlet velocity over max velocity, and therefore set the outlet velocity to max velocity.
WARNING: Reservoir calculated a storage above the maximum storage.
WARNING: Reservoir calculated an outlet velocity over max velocity, and therefore set the outlet velocity to max velocity.
WARNING: Reservoir calculated a storage above the maximum storage.
WARNING: Reservoir calculated an outlet velocity over max velocity, and therefore set the outlet velocity to max velocity.
WARNING: Reservoir calculated a storage above the maximum storage.
WARNING: Reservoir calculated an outlet velocity over max velocity, and therefore set the outlet velocity to max velocity.
WARNING: Reservoir calculated a storage above the maximum storage.
WARNING: Reservoir calculated an outlet velocity over max velocity, and therefore set the outlet velocity to max velocity.
WARNING: Reservoir calculated a storage above the maximum storage.
WARNING: Reservoir calculated an outlet velocity over max velocity, and therefore set the outlet velocity to max velocity.
WARNING: Reservoir calculated a storage above the maximum storage.
WARNING: Reservoir calculated an outlet velocity over max velocity, and therefore set the outlet velocity to max velocity.
WARNING: Reservoir calculated a storage above the maximum storage.
WARNING: Reservoir calculated an outlet velocity over max velocity, and therefore set the outlet velocity to max velocity.
WARNING: Reservoir calculated a storage above the maximum storage.
WARNING: Reservoir calculated an outlet velocity over max velocity, and therefore set the outlet velocity to max velocity.
WARNING: Reservoir calculated a storage above the maximum storage.
WARNING: Reservoir calculated an outlet velocity over max velocity, and therefore set the outlet velocity to max velocity.
WARNING: Reservoir calculated a storage above the maximum storage.
WARNING: Reservoir calculated an outlet velocity over max velocity, and therefore set the outlet velocity to max velocity.
WARNING: Reservoir calculated a storage above the maximum storage.
WARNING: Reservoir calculated an outlet velocity over max velocity, and therefore set the outlet velocity to max velocity.
WARNING: Reservoir calculated a storage above the maximum storage.
WARNING: Reservoir calculated an outlet velocity over max velocity, and therefore set the outlet velocity to max velocity.
WARNING: Reservoir calculated a storage above the maximum storage.
WARNING: Reservoir calculated an outlet velocity over max velocity, and therefore set the outlet velocity to max velocity.
WARNING: Reservoir calculated a storage above the maximum storage.
WARNING: Reservoir calculated an outlet velocity over max velocity, and therefore set the outlet velocity to max velocity.
WARNING: Reservoir calculated a storage above the maximum storage.
WARNING: Reservoir calculated an outlet velocity over max velocity, and therefore set the outlet velocity to max velocity.
WARNING: Reservoir calculated a storage above the maximum storage.
WARNING: Reservoir calculated an outlet velocity over max velocity, and therefore set the outlet velocity to max velocity.
WARNING: Reservoir calculated a storage above the maximum storage.
WARNING: Reservoir calculated an outlet velocity over max velocity, and therefore set the outlet velocity to max velocity.
WARNING: Reservoir calculated a storage above the maximum storage.
WARNING: Reservoir calculated an outlet velocity over max velocity, and therefore set the outlet velocity to max velocity.
WARNING: Reservoir calculated a storage above the maximum storage.
WARNING: Reservoir calculated an outlet velocity over max velocity, and therefore set the outlet velocity to max velocity.
WARNING: Reservoir calculated a storage above the maximum storage.
WARNING: Reservoir calculated an outlet velocity over max velocity, and therefore set the outlet velocity to max velocity.
WARNING: Reservoir calculated a storage above the maximum storage.
WARNING: Reservoir calculated an outlet velocity over max velocity, and therefore set the outlet velocity to max velocity.
WARNING: Reservoir calculated a storage above the maximum storage.
WARNING: Reservoir calculated an outlet velocity over max velocity, and therefore set the outlet velocity to max velocity.
WARNING: Reservoir calculated a storage above the maximum storage.
WARNING: Reservoir calculated an outlet velocity over max velocity, and therefore set the outlet velocity to max velocity.
WARNING: Reservoir calculated a storage above the maximum storage.
WARNING: Reservoir calculated an outlet velocity over max velocity, and therefore set the outlet velocity to max velocity.
WARNING: Reservoir calculated a storage above the maximum storage.
WARNING: Reservoir calculated an outlet velocity over max velocity, and therefore set the outlet velocity to max velocity.
WARNING: Reservoir calculated a storage above the maximum storage.
WARNING: Reservoir calculated an outlet velocity over max velocity, and therefore set the outlet velocity to max velocity.
WARNING: Reservoir calculated a storage above the maximum storage.
WARNING: Reservoir calculated an outlet velocity over max velocity, and therefore set the outlet velocity to max velocity.
WARNING: Reservoir calculated a storage above the maximum storage.
WARNING: Reservoir calculated an outlet velocity over max velocity, and therefore set the outlet velocity to max velocity.
WARNING: Reservoir calculated a storage above the maximum storage.
WARNING: Reservoir calculated an outlet velocity over max velocity, and therefore set the outlet velocity to max velocity.
WARNING: Reservoir calculated a storage above the maximum storage.
WARNING: Reservoir calculated an outlet velocity over max velocity, and therefore set the outlet velocity to max velocity.
WARNING: Reservoir calculated a storage above the maximum storage.
WARNING: Reservoir calculated an outlet velocity over max velocity, and therefore set the outlet velocity to max velocity.
WARNING: Reservoir calculated a storage above the maximum storage.
WARNING: Reservoir calculated an outlet velocity over max velocity, and therefore set the outlet velocity to max velocity.
WARNING: Reservoir calculated a storage above the maximum storage.
WARNING: Reservoir calculated an outlet velocity over max velocity, and therefore set the outlet velocity to max velocity.
WARNING: Reservoir calculated a storage above the maximum storage.
WARNING: Reservoir calculated an outlet velocity over max velocity, and therefore set the outlet velocity to max velocity.
WARNING: Reservoir calculated a storage above the maximum storage.
WARNING: Reservoir calculated an outlet velocity over max velocity, and therefore set the outlet velocity to max velocity.
WARNING: Reservoir calculated a storage above the maximum storage.
WARNING: Reservoir calculated an outlet velocity over max velocity, and therefore set the outlet velocity to max velocity.
WARNING: Reservoir calculated a storage above the maximum storage.
WARNING: Reservoir calculated an outlet velocity over max velocity, and therefore set the outlet velocity to max velocity.
WARNING: Reservoir calculated a storage above the maximum storage.
WARNING: Reservoir calculated an outlet velocity over max velocity, and therefore set the outlet velocity to max velocity.
WARNING: Reservoir calculated a storage above the maximum storage.
WARNING: Reservoir calculated an outlet velocity over max velocity, and therefore set the outlet velocity to max velocity.
WARNING: Reservoir calculated a storage above the maximum storage.
WARNING: Reservoir calculated an outlet velocity over max velocity, and therefore set the outlet velocity to max velocity.
WARNING: Reservoir calculated a storage above the maximum storage.
WARNING: Reservoir calculated an outlet velocity over max velocity, and therefore set the outlet velocity to max velocity.
WARNING: Reservoir calculated a storage above the maximum storage.
WARNING: Reservoir calculated an outlet velocity over max velocity, and therefore set the outlet velocity to max velocity.
WARNING: Reservoir calculated a storage above the maximum storage.
WARNING: Reservoir calculated an outlet velocity over max velocity, and therefore set the outlet velocity to max velocity.
WARNING: Reservoir calculated a storage above the maximum storage.
WARNING: Reservoir calculated an outlet velocity over max velocity, and therefore set the outlet velocity to max velocity.
WARNING: Reservoir calculated a storage above the maximum storage.
WARNING: Reservoir calculated an outlet velocity over max velocity, and therefore set the outlet velocity to max velocity.
WARNING: Reservoir calculated a storage above the maximum storage.
WARNING: Reservoir calculated an outlet velocity over max velocity, and therefore set the outlet velocity to max velocity.
WARNING: Reservoir calculated a storage above the maximum storage.
WARNING: Reservoir calculated an outlet velocity over max velocity, and therefore set the outlet velocity to max velocity.
WARNING: Reservoir calculated a storage above the maximum storage.
WARNING: Reservoir calculated an outlet velocity over max velocity, and therefore set the outlet velocity to max velocity.
WARNING: Reservoir calculated a storage above the maximum storage.
WARNING: Reservoir calculated an outlet velocity over max velocity, and therefore set the outlet velocity to max velocity.
WARNING: Reservoir calculated a storage above the maximum storage.
WARNING: Reservoir calculated an outlet velocity over max velocity, and therefore set the outlet velocity to max velocity.
WARNING: Reservoir calculated a storage above the maximum storage.
WARNING: Reservoir calculated an outlet velocity over max velocity, and therefore set the outlet velocity to max velocity.
WARNING: Reservoir calculated a storage above the maximum storage.
WARNING: Reservoir calculated an outlet velocity over max velocity, and therefore set the outlet velocity to max velocity.
WARNING: Reservoir calculated a storage above the maximum storage.
WARNING: Reservoir calculated an outlet velocity over max velocity, and therefore set the outlet velocity to max velocity.
WARNING: Reservoir calculated a storage above the maximum storage.
WARNING: Reservoir calculated an outlet velocity over max velocity, and therefore set the outlet velocity to max velocity.
WARNING: Reservoir calculated a storage above the maximum storage.
WARNING: Reservoir calculated an outlet velocity over max velocity, and therefore set the outlet velocity to max velocity.
WARNING: Reservoir calculated a storage above the maximum storage.
WARNING: Reservoir calculated an outlet velocity over max velocity, and therefore set the outlet velocity to max velocity.
WARNING: Reservoir calculated a storage above the maximum storage.
WARNING: Reservoir calculated an outlet velocity over max velocity, and therefore set the outlet velocity to max velocity.
WARNING: Reservoir calculated a storage above the maximum storage.
WARNING: Reservoir calculated an outlet velocity over max velocity, and therefore set the outlet velocity to max velocity.
WARNING: Reservoir calculated a storage above the maximum storage.
WARNING: Reservoir calculated an outlet velocity over max velocity, and therefore set the outlet velocity to max velocity.
WARNING: Reservoir calculated a storage above the maximum storage.
WARNING: Reservoir calculated an outlet velocity over max velocity, and therefore set the outlet velocity to max velocity.
WARNING: Reservoir calculated a storage above the maximum storage.
WARNING: Reservoir calculated an outlet velocity over max velocity, and therefore set the outlet velocity to max velocity.
WARNING: Reservoir calculated a storage above the maximum storage.
WARNING: Reservoir calculated an outlet velocity over max velocity, and therefore set the outlet velocity to max velocity.
WARNING: Reservoir calculated a storage above the maximum storage.
WARNING: Reservoir calculated an outlet velocity over max velocity, and therefore set the outlet velocity to max velocity.
WARNING: Reservoir calculated a storage above the maximum storage.
WARNING: Reservoir calculated an outlet velocity over max velocity, and therefore set the outlet velocity to max velocity.
WARNING: Reservoir calculated a storage above the maximum storage.
WARNING: Reservoir calculated an outlet velocity over max velocity, and therefore set the outlet velocity to max velocity.
WARNING: Reservoir calculated a storage above the maximum storage.
WARNING: Reservoir calculated an outlet velocity over max velocity, and therefore set the outlet velocity to max velocity.
WARNING: Reservoir calculated a storage above the maximum storage.
WARNING: Reservoir calculated an outlet velocity over max velocity, and therefore set the outlet velocity to max velocity.
WARNING: Reservoir calculated a storage above the maximum storage.
WARNING: Reservoir calculated an outlet velocity over max velocity, and therefore set the outlet velocity to max velocity.
WARNING: Reservoir calculated a storage above the maximum storage.
WARNING: Reservoir calculated an outlet velocity over max velocity, and therefore set the outlet velocity to max velocity.
WARNING: Reservoir calculated a storage above the maximum storage.
WARNING: Reservoir calculated an outlet velocity over max velocity, and therefore set the outlet velocity to max velocity.
WARNING: Reservoir calculated a storage above the maximum storage.
WARNING: Reservoir calculated an outlet velocity over max velocity, and therefore set the outlet velocity to max velocity.
WARNING: Reservoir calculated a storage above the maximum storage.
WARNING: Reservoir calculated an outlet velocity over max velocity, and therefore set the outlet velocity to max velocity.
WARNING: Reservoir calculated a storage above the maximum storage.
WARNING: Reservoir calculated an outlet velocity over max velocity, and therefore set the outlet velocity to max velocity.
WARNING: Reservoir calculated a storage above the maximum storage.
WARNING: Reservoir calculated an outlet velocity over max velocity, and therefore set the outlet velocity to max velocity.
WARNING: Reservoir calculated a storage above the maximum storage.
WARNING: Reservoir calculated an outlet velocity over max velocity, and therefore set the outlet velocity to max velocity.
WARNING: Reservoir calculated a storage above the maximum storage.
WARNING: Reservoir calculated an outlet velocity over max velocity, and therefore set the outlet velocity to max velocity.
WARNING: Reservoir calculated a storage above the maximum storage.
WARNING: Reservoir calculated an outlet velocity over max velocity, and therefore set the outlet velocity to max velocity.
WARNING: Reservoir calculated a storage above the maximum storage.
WARNING: Reservoir calculated an outlet velocity over max velocity, and therefore set the outlet velocity to max velocity.
WARNING: Reservoir calculated a storage above the maximum storage.
WARNING: Reservoir calculated an outlet velocity over max velocity, and therefore set the outlet velocity to max velocity.
WARNING: Reservoir calculated a storage above the maximum storage.
WARNING: Reservoir calculated an outlet velocity over max velocity, and therefore set the outlet velocity to max velocity.
WARNING: Reservoir calculated a storage above the maximum storage.
WARNING: Reservoir calculated an outlet velocity over max velocity, and therefore set the outlet velocity to max velocity.
WARNING: Reservoir calculated a storage above the maximum storage.
WARNING: Reservoir calculated an outlet velocity over max velocity, and therefore set the outlet velocity to max velocity.
WARNING: Reservoir calculated a storage above the maximum storage.
WARNING: Reservoir calculated an outlet velocity over max velocity, and therefore set the outlet velocity to max velocity.
WARNING: Reservoir calculated a storage above the maximum storage.
WARNING: Reservoir calculated an outlet velocity over max velocity, and therefore set the outlet velocity to max velocity.
WARNING: Reservoir calculated a storage above the maximum storage.
WARNING: Reservoir calculated an outlet velocity over max velocity, and therefore set the outlet velocity to max velocity.
WARNING: Reservoir calculated a storage above the maximum storage.
WARNING: Reservoir calculated an outlet velocity over max velocity, and therefore set the outlet velocity to max velocity.
WARNING: Reservoir calculated a storage above the maximum storage.
WARNING: Reservoir calculated an outlet velocity over max velocity, and therefore set the outlet velocity to max velocity.
WARNING: Reservoir calculated a storage above the maximum storage.
WARNING: Reservoir calculated an outlet velocity over max velocity, and therefore set the outlet velocity to max velocity.
WARNING: Reservoir calculated a storage above the maximum storage.
WARNING: Reservoir calculated an outlet velocity over max velocity, and therefore set the outlet velocity to max velocity.
WARNING: Reservoir calculated a storage above the maximum storage.
WARNING: Reservoir calculated an outlet velocity over max velocity, and therefore set the outlet velocity to max velocity.
WARNING: Reservoir calculated a storage above the maximum storage.
WARNING: Reservoir calculated an outlet velocity over max velocity, and therefore set the outlet velocity to max velocity.
WARNING: Reservoir calculated a storage above the maximum storage.
WARNING: Reservoir calculated an outlet velocity over max velocity, and therefore set the outlet velocity to max velocity.
WARNING: Reservoir calculated a storage above the maximum storage.
WARNING: Reservoir calculated an outlet velocity over max velocity, and therefore set the outlet velocity to max velocity.
WARNING: Reservoir calculated a storage above the maximum storage.
WARNING: Reservoir calculated an outlet velocity over max velocity, and therefore set the outlet velocity to max velocity.
WARNING: Reservoir calculated a storage above the maximum storage.
WARNING: Reservoir calculated an outlet velocity over max velocity, and therefore set the outlet velocity to max velocity.
WARNING: Reservoir calculated a storage above the maximum storage.
WARNING: Reservoir calculated an outlet velocity over max velocity, and therefore set the outlet velocity to max velocity.
WARNING: Reservoir calculated a storage above the maximum storage.
WARNING: Reservoir calculated an outlet velocity over max velocity, and therefore set the outlet velocity to max velocity.
WARNING: Reservoir calculated a storage above the maximum storage.
WARNING: Reservoir calculated an outlet velocity over max velocity, and therefore set the outlet velocity to max velocity.
WARNING: Reservoir calculated a storage above the maximum storage.
WARNING: Reservoir calculated an outlet velocity over max velocity, and therefore set the outlet velocity to max velocity.
WARNING: Reservoir calculated a storage above the maximum storage.
WARNING: Reservoir calculated an outlet velocity over max velocity, and therefore set the outlet velocity to max velocity.
WARNING: Reservoir calculated a storage above the maximum storage.
WARNING: Reservoir calculated an outlet velocity over max velocity, and therefore set the outlet velocity to max velocity.
WARNING: Reservoir calculated a storage above the maximum storage.
WARNING: Reservoir calculated an outlet velocity over max velocity, and therefore set the outlet velocity to max velocity.
WARNING: Reservoir calculated a storage above the maximum storage.
WARNING: Reservoir calculated an outlet velocity over max velocity, and therefore set the outlet velocity to max velocity.
WARNING: Reservoir calculated a storage above the maximum storage.
WARNING: Reservoir calculated an outlet velocity over max velocity, and therefore set the outlet velocity to max velocity.
WARNING: Reservoir calculated a storage above the maximum storage.
WARNING: Reservoir calculated an outlet velocity over max velocity, and therefore set the outlet velocity to max velocity.
WARNING: Reservoir calculated a storage above the maximum storage.
WARNING: Reservoir calculated an outlet velocity over max velocity, and therefore set the outlet velocity to max velocity.
WARNING: Reservoir calculated a storage above the maximum storage.
WARNING: Reservoir calculated an outlet velocity over max velocity, and therefore set the outlet velocity to max velocity.
WARNING: Reservoir calculated a storage above the maximum storage.
WARNING: Reservoir calculated an outlet velocity over max velocity, and therefore set the outlet velocity to max velocity.
WARNING: Reservoir calculated a storage above the maximum storage.
WARNING: Reservoir calculated an outlet velocity over max velocity, and therefore set the outlet velocity to max velocity.
WARNING: Reservoir calculated a storage above the maximum storage.
WARNING: Reservoir calculated an outlet velocity over max velocity, and therefore set the outlet velocity to max velocity.
WARNING: Reservoir calculated a storage above the maximum storage.
WARNING: Reservoir calculated an outlet velocity over max velocity, and therefore set the outlet velocity to max velocity.
WARNING: Reservoir calculated a storage above the maximum storage.
WARNING: Reservoir calculated an outlet velocity over max velocity, and therefore set the outlet velocity to max velocity.
WARNING: Reservoir calculated a storage above the maximum storage.
WARNING: Reservoir calculated an outlet velocity over max velocity, and therefore set the outlet velocity to max velocity.
WARNING: Reservoir calculated a storage above the maximum storage.
WARNING: Reservoir calculated an outlet velocity over max velocity, and therefore set the outlet velocity to max velocity.
WARNING: Reservoir calculated a storage above the maximum storage.
WARNING: Reservoir calculated an outlet velocity over max velocity, and therefore set the outlet velocity to max velocity.
WARNING: Reservoir calculated a storage above the maximum storage.
WARNING: Reservoir calculated an outlet velocity over max velocity, and therefore set the outlet velocity to max velocity.
WARNING: Reservoir calculated a storage above the maximum storage.
WARNING: Reservoir calculated an outlet velocity over max velocity, and therefore set the outlet velocity to max velocity.
WARNING: Reservoir calculated a storage above the maximum storage.
WARNING: Reservoir calculated an outlet velocity over max velocity, and therefore set the outlet velocity to max velocity.
WARNING: Reservoir calculated a storage above the maximum storage.
WARNING: Reservoir calculated an outlet velocity over max velocity, and therefore set the outlet velocity to max velocity.
WARNING: Reservoir calculated a storage above the maximum storage.
WARNING: Reservoir calculated an outlet velocity over max velocity, and therefore set the outlet velocity to max velocity.
WARNING: Reservoir calculated a storage above the maximum storage.
WARNING: Reservoir calculated an outlet velocity over max velocity, and therefore set the outlet velocity to max velocity.
WARNING: Reservoir calculated a storage above the maximum storage.
WARNING: Reservoir calculated an outlet velocity over max velocity, and therefore set the outlet velocity to max velocity.
WARNING: Reservoir calculated a storage above the maximum storage.
WARNING: Reservoir calculated an outlet velocity over max velocity, and therefore set the outlet velocity to max velocity.
WARNING: Reservoir calculated a storage above the maximum storage.
WARNING: Reservoir calculated an outlet velocity over max velocity, and therefore set the outlet velocity to max velocity.
WARNING: Reservoir calculated a storage above the maximum storage.
WARNING: Reservoir calculated an outlet velocity over max velocity, and therefore set the outlet velocity to max velocity.
WARNING: Reservoir calculated a storage above the maximum storage.
WARNING: Reservoir calculated an outlet velocity over max velocity, and therefore set the outlet velocity to max velocity.
WARNING: Reservoir calculated a storage above the maximum storage.
WARNING: Reservoir calculated an outlet velocity over max velocity, and therefore set the outlet velocity to max velocity.
WARNING: Reservoir calculated a storage above the maximum storage.
WARNING: Reservoir calculated an outlet velocity over max velocity, and therefore set the outlet velocity to max velocity.
WARNING: Reservoir calculated a storage above the maximum storage.
WARNING: Reservoir calculated an outlet velocity over max velocity, and therefore set the outlet velocity to max velocity.
WARNING: Reservoir calculated a storage above the maximum storage.
WARNING: Reservoir calculated an outlet velocity over max velocity, and therefore set the outlet velocity to max velocity.
WARNING: Reservoir calculated a storage above the maximum storage.
WARNING: Reservoir calculated an outlet velocity over max velocity, and therefore set the outlet velocity to max velocity.
WARNING: Reservoir calculated a storage above the maximum storage.
WARNING: Reservoir calculated an outlet velocity over max velocity, and therefore set the outlet velocity to max velocity.
WARNING: Reservoir calculated a storage above the maximum storage.
WARNING: Reservoir calculated an outlet velocity over max velocity, and therefore set the outlet velocity to max velocity.
WARNING: Reservoir calculated a storage above the maximum storage.
WARNING: Reservoir calculated an outlet velocity over max velocity, and therefore set the outlet velocity to max velocity.
WARNING: Reservoir calculated a storage above the maximum storage.
WARNING: Reservoir calculated an outlet velocity over max velocity, and therefore set the outlet velocity to max velocity.
WARNING: Reservoir calculated a storage above the maximum storage.
WARNING: Reservoir calculated an outlet velocity over max velocity, and therefore set the outlet velocity to max velocity.
WARNING: Reservoir calculated a storage above the maximum storage.
WARNING: Reservoir calculated an outlet velocity over max velocity, and therefore set the outlet velocity to max velocity.
WARNING: Reservoir calculated a storage above the maximum storage.
WARNING: Reservoir calculated an outlet velocity over max velocity, and therefore set the outlet velocity to max velocity.
WARNING: Reservoir calculated a storage above the maximum storage.
WARNING: Reservoir calculated an outlet velocity over max velocity, and therefore set the outlet velocity to max velocity.
WARNING: Reservoir calculated a storage above the maximum storage.
WARNING: Reservoir calculated an outlet velocity over max velocity, and therefore set the outlet velocity to max velocity.
WARNING: Reservoir calculated a storage above the maximum storage.
WARNING: Reservoir calculated an outlet velocity over max velocity, and therefore set the outlet velocity to max velocity.
WARNING: Reservoir calculated a storage above the maximum storage.
WARNING: Reservoir calculated an outlet velocity over max velocity, and therefore set the outlet velocity to max velocity.
WARNING: Reservoir calculated a storage above the maximum storage.
WARNING: Reservoir calculated an outlet velocity over max velocity, and therefore set the outlet velocity to max velocity.
WARNING: Reservoir calculated a storage above the maximum storage.
WARNING: Reservoir calculated an outlet velocity over max velocity, and therefore set the outlet velocity to max velocity.
WARNING: Reservoir calculated a storage above the maximum storage.
WARNING: Reservoir calculated an outlet velocity over max velocity, and therefore set the outlet velocity to max velocity.
WARNING: Reservoir calculated a storage above the maximum storage.
WARNING: Reservoir calculated an outlet velocity over max velocity, and therefore set the outlet velocity to max velocity.
WARNING: Reservoir calculated a storage above the maximum storage.
WARNING: Reservoir calculated an outlet velocity over max velocity, and therefore set the outlet velocity to max velocity.
WARNING: Reservoir calculated a storage above the maximum storage.
WARNING: Reservoir calculated an outlet velocity over max velocity, and therefore set the outlet velocity to max velocity.
WARNING: Reservoir calculated a storage above the maximum storage.
WARNING: Reservoir calculated an outlet velocity over max velocity, and therefore set the outlet velocity to max velocity.
WARNING: Reservoir calculated a storage above the maximum storage.
WARNING: Reservoir calculated an outlet velocity over max velocity, and therefore set the outlet velocity to max velocity.
WARNING: Reservoir calculated a storage above the maximum storage.
WARNING: Reservoir calculated an outlet velocity over max velocity, and therefore set the outlet velocity to max velocity.
WARNING: Reservoir calculated a storage above the maximum storage.
WARNING: Reservoir calculated an outlet velocity over max velocity, and therefore set the outlet velocity to max velocity.
WARNING: Reservoir calculated a storage above the maximum storage.
WARNING: Reservoir calculated an outlet velocity over max velocity, and therefore set the outlet velocity to max velocity.
WARNING: Reservoir calculated a storage above the maximum storage.
WARNING: Reservoir calculated an outlet velocity over max velocity, and therefore set the outlet velocity to max velocity.
WARNING: Reservoir calculated a storage above the maximum storage.
WARNING: Reservoir calculated an outlet velocity over max velocity, and therefore set the outlet velocity to max velocity.
WARNING: Reservoir calculated a storage above the maximum storage.
WARNING: Reservoir calculated an outlet velocity over max velocity, and therefore set the outlet velocity to max velocity.
WARNING: Reservoir calculated a storage above the maximum storage.
WARNING: Reservoir calculated an outlet velocity over max velocity, and therefore set the outlet velocity to max velocity.
WARNING: Reservoir calculated a storage above the maximum storage.
WARNING: Reservoir calculated an outlet velocity over max velocity, and therefore set the outlet velocity to max velocity.
WARNING: Reservoir calculated a storage above the maximum storage.
WARNING: Reservoir calculated an outlet velocity over max velocity, and therefore set the outlet velocity to max velocity.
WARNING: Reservoir calculated a storage above the maximum storage.
WARNING: Reservoir calculated an outlet velocity over max velocity, and therefore set the outlet velocity to max velocity.
WARNING: Reservoir calculated a storage above the maximum storage.
WARNING: Reservoir calculated an outlet velocity over max velocity, and therefore set the outlet velocity to max velocity.
WARNING: Reservoir calculated a storage above the maximum storage.
WARNING: Reservoir calculated an outlet velocity over max velocity, and therefore set the outlet velocity to max velocity.
WARNING: Reservoir calculated a storage above the maximum storage.
WARNING: Reservoir calculated an outlet velocity over max velocity, and therefore set the outlet velocity to max velocity.
WARNING: Reservoir calculated a storage above the maximum storage.
WARNING: Reservoir calculated an outlet velocity over max velocity, and therefore set the outlet velocity to max velocity.
WARNING: Reservoir calculated a storage above the maximum storage.
WARNING: Reservoir calculated an outlet velocity over max velocity, and therefore set the outlet velocity to max velocity.
WARNING: Reservoir calculated a storage above the maximum storage.
WARNING: Reservoir calculated an outlet velocity over max velocity, and therefore set the outlet velocity to max velocity.
WARNING: Reservoir calculated a storage above the maximum storage.
WARNING: Reservoir calculated an outlet velocity over max velocity, and therefore set the outlet velocity to max velocity.
WARNING: Reservoir calculated a storage above the maximum storage.
WARNING: Reservoir calculated an outlet velocity over max velocity, and therefore set the outlet velocity to max velocity.
WARNING: Reservoir calculated a storage above the maximum storage.
WARNING: Reservoir calculated an outlet velocity over max velocity, and therefore set the outlet velocity to max velocity.
WARNING: Reservoir calculated a storage above the maximum storage.
WARNING: Reservoir calculated an outlet velocity over max velocity, and therefore set the outlet velocity to max velocity.
WARNING: Reservoir calculated a storage above the maximum storage.
WARNING: Reservoir calculated an outlet velocity over max velocity, and therefore set the outlet velocity to max velocity.
WARNING: Reservoir calculated a storage above the maximum storage.
WARNING: Reservoir calculated an outlet velocity over max velocity, and therefore set the outlet velocity to max velocity.
WARNING: Reservoir calculated a storage above the maximum storage.
WARNING: Reservoir calculated an outlet velocity over max velocity, and therefore set the outlet velocity to max velocity.
WARNING: Reservoir calculated a storage above the maximum storage.
WARNING: Reservoir calculated an outlet velocity over max velocity, and therefore set the outlet velocity to max velocity.
WARNING: Reservoir calculated a storage above the maximum storage.
WARNING: Reservoir calculated an outlet velocity over max velocity, and therefore set the outlet velocity to max velocity.
WARNING: Reservoir calculated a storage above the maximum storage.
WARNING: Reservoir calculated an outlet velocity over max velocity, and therefore set the outlet velocity to max velocity.
WARNING: Reservoir calculated a storage above the maximum storage.
WARNING: Reservoir calculated an outlet velocity over max velocity, and therefore set the outlet velocity to max velocity.
WARNING: Reservoir calculated a storage above the maximum storage.
WARNING: Reservoir calculated an outlet velocity over max velocity, and therefore set the outlet velocity to max velocity.
WARNING: Reservoir calculated a storage above the maximum storage.
WARNING: Reservoir calculated an outlet velocity over max velocity, and therefore set the outlet velocity to max velocity.
WARNING: Reservoir calculated a storage above the maximum storage.
WARNING: Reservoir calculated an outlet velocity over max velocity, and therefore set the outlet velocity to max velocity.
WARNING: Reservoir calculated a storage above the maximum storage.
WARNING: Reservoir calculated an outlet velocity over max velocity, and therefore set the outlet velocity to max velocity.
WARNING: Reservoir calculated a storage above the maximum storage.
WARNING: Reservoir calculated an outlet velocity over max velocity, and therefore set the outlet velocity to max velocity.
WARNING: Reservoir calculated a storage above the maximum storage.
WARNING: Reservoir calculated an outlet velocity over max velocity, and therefore set the outlet velocity to max velocity.
WARNING: Reservoir calculated a storage above the maximum storage.
WARNING: Reservoir calculated an outlet velocity over max velocity, and therefore set the outlet velocity to max velocity.
WARNING: Reservoir calculated a storage above the maximum storage.
WARNING: Reservoir calculated an outlet velocity over max velocity, and therefore set the outlet velocity to max velocity.
WARNING: Reservoir calculated a storage above the maximum storage.
WARNING: Reservoir calculated an outlet velocity over max velocity, and therefore set the outlet velocity to max velocity.
WARNING: Reservoir calculated a storage above the maximum storage.
WARNING: Reservoir calculated an outlet velocity over max velocity, and therefore set the outlet velocity to max velocity.
WARNING: Reservoir calculated a storage above the maximum storage.
WARNING: Reservoir calculated an outlet velocity over max velocity, and therefore set the outlet velocity to max velocity.
WARNING: Reservoir calculated a storage above the maximum storage.
WARNING: Reservoir calculated an outlet velocity over max velocity, and therefore set the outlet velocity to max velocity.
WARNING: Reservoir calculated a storage above the maximum storage.
WARNING: Reservoir calculated an outlet velocity over max velocity, and therefore set the outlet velocity to max velocity.
WARNING: Reservoir calculated a storage above the maximum storage.
WARNING: Reservoir calculated an outlet velocity over max velocity, and therefore set the outlet velocity to max velocity.
WARNING: Reservoir calculated a storage above the maximum storage.
WARNING: Reservoir calculated an outlet velocity over max velocity, and therefore set the outlet velocity to max velocity.
WARNING: Reservoir calculated a storage above the maximum storage.
WARNING: Reservoir calculated an outlet velocity over max velocity, and therefore set the outlet velocity to max velocity.
WARNING: Reservoir calculated a storage above the maximum storage.
WARNING: Reservoir calculated an outlet velocity over max velocity, and therefore set the outlet velocity to max velocity.
WARNING: Reservoir calculated a storage above the maximum storage.
WARNING: Reservoir calculated an outlet velocity over max velocity, and therefore set the outlet velocity to max velocity.
WARNING: Reservoir calculated a storage above the maximum storage.
WARNING: Reservoir calculated an outlet velocity over max velocity, and therefore set the outlet velocity to max velocity.
WARNING: Reservoir calculated a storage above the maximum storage.
WARNING: Reservoir calculated an outlet velocity over max velocity, and therefore set the outlet velocity to max velocity.
WARNING: Reservoir calculated a storage above the maximum storage.
WARNING: Reservoir calculated an outlet velocity over max velocity, and therefore set the outlet velocity to max velocity.
WARNING: Reservoir calculated a storage above the maximum storage.
WARNING: Reservoir calculated an outlet velocity over max velocity, and therefore set the outlet velocity to max velocity.
WARNING: Reservoir calculated a storage above the maximum storage.
WARNING: Reservoir calculated an outlet velocity over max velocity, and therefore set the outlet velocity to max velocity.
WARNING: Reservoir calculated a storage above the maximum storage.
WARNING: Reservoir calculated an outlet velocity over max velocity, and therefore set the outlet velocity to max velocity.
WARNING: Reservoir calculated a storage above the maximum storage.
WARNING: Reservoir calculated an outlet velocity over max velocity, and therefore set the outlet velocity to max velocity.
WARNING: Reservoir calculated a storage above the maximum storage.
WARNING: Reservoir calculated an outlet velocity over max velocity, and therefore set the outlet velocity to max velocity.
WARNING: Reservoir calculated a storage above the maximum storage.
WARNING: Reservoir calculated an outlet velocity over max velocity, and therefore set the outlet velocity to max velocity.
WARNING: Reservoir calculated a storage above the maximum storage.
WARNING: Reservoir calculated an outlet velocity over max velocity, and therefore set the outlet velocity to max velocity.
WARNING: Reservoir calculated a storage above the maximum storage.
WARNING: Reservoir calculated an outlet velocity over max velocity, and therefore set the outlet velocity to max velocity.
WARNING: Reservoir calculated a storage above the maximum storage.
WARNING: Reservoir calculated an outlet velocity over max velocity, and therefore set the outlet velocity to max velocity.
WARNING: Reservoir calculated a storage above the maximum storage.
WARNING: Reservoir calculated an outlet velocity over max velocity, and therefore set the outlet velocity to max velocity.
WARNING: Reservoir calculated a storage above the maximum storage.
WARNING: Reservoir calculated an outlet velocity over max velocity, and therefore set the outlet velocity to max velocity.
WARNING: Reservoir calculated a storage above the maximum storage.
WARNING: Reservoir calculated an outlet velocity over max velocity, and therefore set the outlet velocity to max velocity.
WARNING: Reservoir calculated a storage above the maximum storage.
WARNING: Reservoir calculated an outlet velocity over max velocity, and therefore set the outlet velocity to max velocity.
WARNING: Reservoir calculated a storage above the maximum storage.
WARNING: Reservoir calculated an outlet velocity over max velocity, and therefore set the outlet velocity to max velocity.
WARNING: Reservoir calculated a storage above the maximum storage.
WARNING: Reservoir calculated an outlet velocity over max velocity, and therefore set the outlet velocity to max velocity.
WARNING: Reservoir calculated a storage above the maximum storage.
WARNING: Reservoir calculated an outlet velocity over max velocity, and therefore set the outlet velocity to max velocity.
WARNING: Reservoir calculated a storage above the maximum storage.
WARNING: Reservoir calculated an outlet velocity over max velocity, and therefore set the outlet velocity to max velocity.
WARNING: Reservoir calculated a storage above the maximum storage.
WARNING: Reservoir calculated an outlet velocity over max velocity, and therefore set the outlet velocity to max velocity.
WARNING: Reservoir calculated a storage above the maximum storage.
WARNING: Reservoir calculated an outlet velocity over max velocity, and therefore set the outlet velocity to max velocity.
WARNING: Reservoir calculated a storage above the maximum storage.
WARNING: Reservoir calculated an outlet velocity over max velocity, and therefore set the outlet velocity to max velocity.
WARNING: Reservoir calculated a storage above the maximum storage.
WARNING: Reservoir calculated an outlet velocity over max velocity, and therefore set the outlet velocity to max velocity.
WARNING: Reservoir calculated a storage above the maximum storage.
WARNING: Reservoir calculated an outlet velocity over max velocity, and therefore set the outlet velocity to max velocity.
WARNING: Reservoir calculated a storage above the maximum storage.
WARNING: Reservoir calculated an outlet velocity over max velocity, and therefore set the outlet velocity to max velocity.
WARNING: Reservoir calculated a storage above the maximum storage.
WARNING: Reservoir calculated an outlet velocity over max velocity, and therefore set the outlet velocity to max velocity.
WARNING: Reservoir calculated a storage above the maximum storage.
WARNING: Reservoir calculated an outlet velocity over max velocity, and therefore set the outlet velocity to max velocity.
WARNING: Reservoir calculated a storage above the maximum storage.
WARNING: Reservoir calculated an outlet velocity over max velocity, and therefore set the outlet velocity to max velocity.
WARNING: Reservoir calculated a storage above the maximum storage.
WARNING: Reservoir calculated an outlet velocity over max velocity, and therefore set the outlet velocity to max velocity.
WARNING: Reservoir calculated a storage above the maximum storage.
WARNING: Reservoir calculated an outlet velocity over max velocity, and therefore set the outlet velocity to max velocity.
WARNING: Reservoir calculated a storage above the maximum storage.
WARNING: Reservoir calculated an outlet velocity over max velocity, and therefore set the outlet velocity to max velocity.
WARNING: Reservoir calculated a storage above the maximum storage.
WARNING: Reservoir calculated an outlet velocity over max velocity, and therefore set the outlet velocity to max velocity.
WARNING: Reservoir calculated a storage above the maximum storage.
WARNING: Reservoir calculated an outlet velocity over max velocity, and therefore set the outlet velocity to max velocity.
WARNING: Reservoir calculated a storage above the maximum storage.
WARNING: Reservoir calculated an outlet velocity over max velocity, and therefore set the outlet velocity to max velocity.
WARNING: Reservoir calculated a storage above the maximum storage.
WARNING: Reservoir calculated an outlet velocity over max velocity, and therefore set the outlet velocity to max velocity.
WARNING: Reservoir calculated a storage above the maximum storage.
WARNING: Reservoir calculated an outlet velocity over max velocity, and therefore set the outlet velocity to max velocity.
WARNING: Reservoir calculated a storage above the maximum storage.
WARNING: Reservoir calculated an outlet velocity over max velocity, and therefore set the outlet velocity to max velocity.
WARNING: Reservoir calculated a storage above the maximum storage.
WARNING: Reservoir calculated an outlet velocity over max velocity, and therefore set the outlet velocity to max velocity.
WARNING: Reservoir calculated a storage above the maximum storage.
WARNING: Reservoir calculated an outlet velocity over max velocity, and therefore set the outlet velocity to max velocity.
WARNING: Reservoir calculated a storage above the maximum storage.
WARNING: Reservoir calculated an outlet velocity over max velocity, and therefore set the outlet velocity to max velocity.
WARNING: Reservoir calculated a storage above the maximum storage.
WARNING: Reservoir calculated an outlet velocity over max velocity, and therefore set the outlet velocity to max velocity.
WARNING: Reservoir calculated a storage above the maximum storage.
WARNING: Reservoir calculated an outlet velocity over max velocity, and therefore set the outlet velocity to max velocity.
WARNING: Reservoir calculated a storage above the maximum storage.
WARNING: Reservoir calculated an outlet velocity over max velocity, and therefore set the outlet velocity to max velocity.
WARNING: Reservoir calculated a storage above the maximum storage.
WARNING: Reservoir calculated an outlet velocity over max velocity, and therefore set the outlet velocity to max velocity.
WARNING: Reservoir calculated a storage above the maximum storage.
WARNING: Reservoir calculated an outlet velocity over max velocity, and therefore set the outlet velocity to max velocity.
WARNING: Reservoir calculated a storage above the maximum storage.
WARNING: Reservoir calculated an outlet velocity over max velocity, and therefore set the outlet velocity to max velocity.
WARNING: Reservoir calculated a storage above the maximum storage.
WARNING: Reservoir calculated an outlet velocity over max velocity, and therefore set the outlet velocity to max velocity.
WARNING: Reservoir calculated a storage above the maximum storage.
WARNING: Reservoir calculated an outlet velocity over max velocity, and therefore set the outlet velocity to max velocity.
WARNING: Reservoir calculated a storage above the maximum storage.
WARNING: Reservoir calculated an outlet velocity over max velocity, and therefore set the outlet velocity to max velocity.
WARNING: Reservoir calculated a storage above the maximum storage.
WARNING: Reservoir calculated an outlet velocity over max velocity, and therefore set the outlet velocity to max velocity.
WARNING: Reservoir calculated a storage above the maximum storage.
WARNING: Reservoir calculated an outlet velocity over max velocity, and therefore set the outlet velocity to max velocity.
WARNING: Reservoir calculated a storage above the maximum storage.
WARNING: Reservoir calculated an outlet velocity over max velocity, and therefore set the outlet velocity to max velocity.
WARNING: Reservoir calculated a storage above the maximum storage.
WARNING: Reservoir calculated an outlet velocity over max velocity, and therefore set the outlet velocity to max velocity.
WARNING: Reservoir calculated a storage above the maximum storage.
WARNING: Reservoir calculated an outlet velocity over max velocity, and therefore set the outlet velocity to max velocity.
WARNING: Reservoir calculated a storage above the maximum storage.
WARNING: Reservoir calculated an outlet velocity over max velocity, and therefore set the outlet velocity to max velocity.
WARNING: Reservoir calculated a storage above the maximum storage.
WARNING: Reservoir calculated an outlet velocity over max velocity, and therefore set the outlet velocity to max velocity.
WARNING: Reservoir calculated a storage above the maximum storage.
WARNING: Reservoir calculated an outlet velocity over max velocity, and therefore set the outlet velocity to max velocity.
WARNING: Reservoir calculated a storage above the maximum storage.
WARNING: Reservoir calculated an outlet velocity over max velocity, and therefore set the outlet velocity to max velocity.
WARNING: Reservoir calculated a storage above the maximum storage.
WARNING: Reservoir calculated an outlet velocity over max velocity, and therefore set the outlet velocity to max velocity.
WARNING: Reservoir calculated a storage above the maximum storage.
WARNING: Reservoir calculated an outlet velocity over max velocity, and therefore set the outlet velocity to max velocity.
WARNING: Reservoir calculated a storage above the maximum storage.
WARNING: Reservoir calculated an outlet velocity over max velocity, and therefore set the outlet velocity to max velocity.
WARNING: Reservoir calculated a storage above the maximum storage.
WARNING: Reservoir calculated an outlet velocity over max velocity, and therefore set the outlet velocity to max velocity.
WARNING: Reservoir calculated a storage above the maximum storage.
WARNING: Reservoir calculated an outlet velocity over max velocity, and therefore set the outlet velocity to max velocity.
WARNING: Reservoir calculated a storage above the maximum storage.
WARNING: Reservoir calculated an outlet velocity over max velocity, and therefore set the outlet velocity to max velocity.
WARNING: Reservoir calculated a storage above the maximum storage.
WARNING: Reservoir calculated an outlet velocity over max velocity, and therefore set the outlet velocity to max velocity.
WARNING: Reservoir calculated a storage above the maximum storage.
WARNING: Reservoir calculated an outlet velocity over max velocity, and therefore set the outlet velocity to max velocity.
WARNING: Reservoir calculated a storage above the maximum storage.
WARNING: Reservoir calculated an outlet velocity over max velocity, and therefore set the outlet velocity to max velocity.
WARNING: Reservoir calculated a storage above the maximum storage.
WARNING: Reservoir calculated an outlet velocity over max velocity, and therefore set the outlet velocity to max velocity.
WARNING: Reservoir calculated a storage above the maximum storage.
WARNING: Reservoir calculated an outlet velocity over max velocity, and therefore set the outlet velocity to max velocity.
WARNING: Reservoir calculated a storage above the maximum storage.
WARNING: Reservoir calculated an outlet velocity over max velocity, and therefore set the outlet velocity to max velocity.
WARNING: Reservoir calculated a storage above the maximum storage.
WARNING: Reservoir calculated an outlet velocity over max velocity, and therefore set the outlet velocity to max velocity.
WARNING: Reservoir calculated a storage above the maximum storage.
WARNING: Reservoir calculated an outlet velocity over max velocity, and therefore set the outlet velocity to max velocity.
WARNING: Reservoir calculated a storage above the maximum storage.
WARNING: Reservoir calculated an outlet velocity over max velocity, and therefore set the outlet velocity to max velocity.
WARNING: Reservoir calculated a storage above the maximum storage.
WARNING: Reservoir calculated an outlet velocity over max velocity, and therefore set the outlet velocity to max velocity.
WARNING: Reservoir calculated a storage above the maximum storage.
WARNING: Reservoir calculated an outlet velocity over max velocity, and therefore set the outlet velocity to max velocity.
WARNING: Reservoir calculated a storage above the maximum storage.
WARNING: Reservoir calculated an outlet velocity over max velocity, and therefore set the outlet velocity to max velocity.
WARNING: Reservoir calculated a storage above the maximum storage.
WARNING: Reservoir calculated an outlet velocity over max velocity, and therefore set the outlet velocity to max velocity.
WARNING: Reservoir calculated a storage above the maximum storage.
WARNING: Reservoir calculated an outlet velocity over max velocity, and therefore set the outlet velocity to max velocity.
WARNING: Reservoir calculated a storage above the maximum storage.
WARNING: Reservoir calculated an outlet velocity over max velocity, and therefore set the outlet velocity to max velocity.
WARNING: Reservoir calculated a storage above the maximum storage.
WARNING: Reservoir calculated an outlet velocity over max velocity, and therefore set the outlet velocity to max velocity.
WARNING: Reservoir calculated a storage above the maximum storage.
WARNING: Reservoir calculated an outlet velocity over max velocity, and therefore set the outlet velocity to max velocity.
WARNING: Reservoir calculated a storage above the maximum storage.
WARNING: Reservoir calculated an outlet velocity over max velocity, and therefore set the outlet velocity to max velocity.
WARNING: Reservoir calculated a storage above the maximum storage.
WARNING: Reservoir calculated an outlet velocity over max velocity, and therefore set the outlet velocity to max velocity.
WARNING: Reservoir calculated a storage above the maximum storage.
WARNING: Reservoir calculated an outlet velocity over max velocity, and therefore set the outlet velocity to max velocity.
WARNING: Reservoir calculated a storage above the maximum storage.
WARNING: Reservoir calculated an outlet velocity over max velocity, and therefore set the outlet velocity to max velocity.
WARNING: Reservoir calculated a storage above the maximum storage.
WARNING: Reservoir calculated an outlet velocity over max velocity, and therefore set the outlet velocity to max velocity.
WARNING: Reservoir calculated a storage above the maximum storage.
WARNING: Reservoir calculated an outlet velocity over max velocity, and therefore set the outlet velocity to max velocity.
WARNING: Reservoir calculated a storage above the maximum storage.
WARNING: Reservoir calculated an outlet velocity over max velocity, and therefore set the outlet velocity to max velocity.
WARNING: Reservoir calculated a storage above the maximum storage.
WARNING: Reservoir calculated an outlet velocity over max velocity, and therefore set the outlet velocity to max velocity.
WARNING: Reservoir calculated a storage above the maximum storage.
WARNING: Reservoir calculated an outlet velocity over max velocity, and therefore set the outlet velocity to max velocity.
WARNING: Reservoir calculated a storage above the maximum storage.
WARNING: Reservoir calculated an outlet velocity over max velocity, and therefore set the outlet velocity to max velocity.
WARNING: Reservoir calculated a storage above the maximum storage.
WARNING: Reservoir calculated an outlet velocity over max velocity, and therefore set the outlet velocity to max velocity.
WARNING: Reservoir calculated a storage above the maximum storage.
WARNING: Reservoir calculated an outlet velocity over max velocity, and therefore set the outlet velocity to max velocity.
WARNING: Reservoir calculated a storage above the maximum storage.
WARNING: Reservoir calculated an outlet velocity over max velocity, and therefore set the outlet velocity to max velocity.
WARNING: Reservoir calculated a storage above the maximum storage.
WARNING: Reservoir calculated an outlet velocity over max velocity, and therefore set the outlet velocity to max velocity.
WARNING: Reservoir calculated a storage above the maximum storage.
WARNING: Reservoir calculated an outlet velocity over max velocity, and therefore set the outlet velocity to max velocity.
WARNING: Reservoir calculated a storage above the maximum storage.
WARNING: Reservoir calculated an outlet velocity over max velocity, and therefore set the outlet velocity to max velocity.
WARNING: Reservoir calculated a storage above the maximum storage.
WARNING: Reservoir calculated an outlet velocity over max velocity, and therefore set the outlet velocity to max velocity.
WARNING: Reservoir calculated a storage above the maximum storage.
WARNING: Reservoir calculated an outlet velocity over max velocity, and therefore set the outlet velocity to max velocity.
WARNING: Reservoir calculated a storage above the maximum storage.
WARNING: Reservoir calculated an outlet velocity over max velocity, and therefore set the outlet velocity to max velocity.
WARNING: Reservoir calculated a storage above the maximum storage.
WARNING: Reservoir calculated an outlet velocity over max velocity, and therefore set the outlet velocity to max velocity.
WARNING: Reservoir calculated a storage above the maximum storage.
WARNING: Reservoir calculated an outlet velocity over max velocity, and therefore set the outlet velocity to max velocity.
WARNING: Reservoir calculated a storage above the maximum storage.
WARNING: Reservoir calculated an outlet velocity over max velocity, and therefore set the outlet velocity to max velocity.
WARNING: Reservoir calculated a storage above the maximum storage.
WARNING: Reservoir calculated an outlet velocity over max velocity, and therefore set the outlet velocity to max velocity.
WARNING: Reservoir calculated a storage above the maximum storage.
WARNING: Reservoir calculated an outlet velocity over max velocity, and therefore set the outlet velocity to max velocity.
WARNING: Reservoir calculated a storage above the maximum storage.
WARNING: Reservoir calculated an outlet velocity over max velocity, and therefore set the outlet velocity to max velocity.
WARNING: Reservoir calculated a storage above the maximum storage.
WARNING: Reservoir calculated an outlet velocity over max velocity, and therefore set the outlet velocity to max velocity.
WARNING: Reservoir calculated a storage above the maximum storage.
WARNING: Reservoir calculated an outlet velocity over max velocity, and therefore set the outlet velocity to max velocity.
WARNING: Reservoir calculated a storage above the maximum storage.
WARNING: Reservoir calculated an outlet velocity over max velocity, and therefore set the outlet velocity to max velocity.
WARNING: Reservoir calculated a storage above the maximum storage.
WARNING: Reservoir calculated an outlet velocity over max velocity, and therefore set the outlet velocity to max velocity.
WARNING: Reservoir calculated a storage above the maximum storage.
WARNING: Reservoir calculated an outlet velocity over max velocity, and therefore set the outlet velocity to max velocity.
WARNING: Reservoir calculated a storage above the maximum storage.
WARNING: Reservoir calculated an outlet velocity over max velocity, and therefore set the outlet velocity to max velocity.
WARNING: Reservoir calculated a storage above the maximum storage.
WARNING: Reservoir calculated an outlet velocity over max velocity, and therefore set the outlet velocity to max velocity.
WARNING: Reservoir calculated a storage above the maximum storage.
WARNING: Reservoir calculated an outlet velocity over max velocity, and therefore set the outlet velocity to max velocity.
WARNING: Reservoir calculated a storage above the maximum storage.
WARNING: Reservoir calculated an outlet velocity over max velocity, and therefore set the outlet velocity to max velocity.
WARNING: Reservoir calculated a storage above the maximum storage.
WARNING: Reservoir calculated an outlet velocity over max velocity, and therefore set the outlet velocity to max velocity.
WARNING: Reservoir calculated a storage above the maximum storage.
WARNING: Reservoir calculated an outlet velocity over max velocity, and therefore set the outlet velocity to max velocity.
WARNING: Reservoir calculated a storage above the maximum storage.
WARNING: Reservoir calculated an outlet velocity over max velocity, and therefore set the outlet velocity to max velocity.
WARNING: Reservoir calculated a storage above the maximum storage.
WARNING: Reservoir calculated an outlet velocity over max velocity, and therefore set the outlet velocity to max velocity.
WARNING: Reservoir calculated a storage above the maximum storage.
WARNING: Reservoir calculated an outlet velocity over max velocity, and therefore set the outlet velocity to max velocity.
WARNING: Reservoir calculated a storage above the maximum storage.
WARNING: Reservoir calculated an outlet velocity over max velocity, and therefore set the outlet velocity to max velocity.
WARNING: Reservoir calculated a storage above the maximum storage.
WARNING: Reservoir calculated an outlet velocity over max velocity, and therefore set the outlet velocity to max velocity.
WARNING: Reservoir calculated a storage above the maximum storage.
WARNING: Reservoir calculated an outlet velocity over max velocity, and therefore set the outlet velocity to max velocity.
WARNING: Reservoir calculated a storage above the maximum storage.
WARNING: Reservoir calculated an outlet velocity over max velocity, and therefore set the outlet velocity to max velocity.
WARNING: Reservoir calculated a storage above the maximum storage.
WARNING: Reservoir calculated an outlet velocity over max velocity, and therefore set the outlet velocity to max velocity.
WARNING: Reservoir calculated a storage above the maximum storage.
WARNING: Reservoir calculated an outlet velocity over max velocity, and therefore set the outlet velocity to max velocity.
WARNING: Reservoir calculated a storage above the maximum storage.
WARNING: Reservoir calculated an outlet velocity over max velocity, and therefore set the outlet velocity to max velocity.
WARNING: Reservoir calculated a storage above the maximum storage.
WARNING: Reservoir calculated an outlet velocity over max velocity, and therefore set the outlet velocity to max velocity.
WARNING: Reservoir calculated a storage above the maximum storage.
WARNING: Reservoir calculated an outlet velocity over max velocity, and therefore set the outlet velocity to max velocity.
WARNING: Reservoir calculated a storage above the maximum storage.
WARNING: Reservoir calculated an outlet velocity over max velocity, and therefore set the outlet velocity to max velocity.
WARNING: Reservoir calculated a storage above the maximum storage.
WARNING: Reservoir calculated an outlet velocity over max velocity, and therefore set the outlet velocity to max velocity.
WARNING: Reservoir calculated a storage above the maximum storage.
WARNING: Reservoir calculated an outlet velocity over max velocity, and therefore set the outlet velocity to max velocity.
WARNING: Reservoir calculated a storage above the maximum storage.
WARNING: Reservoir calculated an outlet velocity over max velocity, and therefore set the outlet velocity to max velocity.
WARNING: Reservoir calculated a storage above the maximum storage.
WARNING: Reservoir calculated an outlet velocity over max velocity, and therefore set the outlet velocity to max velocity.
WARNING: Reservoir calculated a storage above the maximum storage.
WARNING: Reservoir calculated an outlet velocity over max velocity, and therefore set the outlet velocity to max velocity.
WARNING: Reservoir calculated a storage above the maximum storage.
WARNING: Reservoir calculated an outlet velocity over max velocity, and therefore set the outlet velocity to max velocity.
WARNING: Reservoir calculated a storage above the maximum storage.
WARNING: Reservoir calculated an outlet velocity over max velocity, and therefore set the outlet velocity to max velocity.
WARNING: Reservoir calculated a storage above the maximum storage.
WARNING: Reservoir calculated an outlet velocity over max velocity, and therefore set the outlet velocity to max velocity.
WARNING: Reservoir calculated a storage above the maximum storage.
WARNING: Reservoir calculated an outlet velocity over max velocity, and therefore set the outlet velocity to max velocity.
WARNING: Reservoir calculated a storage above the maximum storage.
WARNING: Reservoir calculated an outlet velocity over max velocity, and therefore set the outlet velocity to max velocity.
WARNING: Reservoir calculated a storage above the maximum storage.
WARNING: Reservoir calculated an outlet velocity over max velocity, and therefore set the outlet velocity to max velocity.
WARNING: Reservoir calculated a storage above the maximum storage.
WARNING: Reservoir calculated an outlet velocity over max velocity, and therefore set the outlet velocity to max velocity.
WARNING: Reservoir calculated a storage above the maximum storage.
WARNING: Reservoir calculated an outlet velocity over max velocity, and therefore set the outlet velocity to max velocity.
WARNING: Reservoir calculated a storage above the maximum storage.
WARNING: Reservoir calculated an outlet velocity over max velocity, and therefore set the outlet velocity to max velocity.
WARNING: Reservoir calculated a storage above the maximum storage.
WARNING: Reservoir calculated an outlet velocity over max velocity, and therefore set the outlet velocity to max velocity.
WARNING: Reservoir calculated a storage above the maximum storage.
WARNING: Reservoir calculated an outlet velocity over max velocity, and therefore set the outlet velocity to max velocity.
WARNING: Reservoir calculated a storage above the maximum storage.
WARNING: Reservoir calculated an outlet velocity over max velocity, and therefore set the outlet velocity to max velocity.
WARNING: Reservoir calculated a storage above the maximum storage.
WARNING: Reservoir calculated an outlet velocity over max velocity, and therefore set the outlet velocity to max velocity.
WARNING: Reservoir calculated a storage above the maximum storage.
WARNING: Reservoir calculated an outlet velocity over max velocity, and therefore set the outlet velocity to max velocity.
WARNING: Reservoir calculated a storage above the maximum storage.
WARNING: Reservoir calculated an outlet velocity over max velocity, and therefore set the outlet velocity to max velocity.
WARNING: Reservoir calculated a storage above the maximum storage.
WARNING: Reservoir calculated an outlet velocity over max velocity, and therefore set the outlet velocity to max velocity.
WARNING: Reservoir calculated a storage above the maximum storage.
WARNING: Reservoir calculated an outlet velocity over max velocity, and therefore set the outlet velocity to max velocity.
WARNING: Reservoir calculated a storage above the maximum storage.
WARNING: Reservoir calculated an outlet velocity over max velocity, and therefore set the outlet velocity to max velocity.
WARNING: Reservoir calculated a storage above the maximum storage.
WARNING: Reservoir calculated an outlet velocity over max velocity, and therefore set the outlet velocity to max velocity.
WARNING: Reservoir calculated a storage above the maximum storage.
WARNING: Reservoir calculated an outlet velocity over max velocity, and therefore set the outlet velocity to max velocity.
WARNING: Reservoir calculated a storage above the maximum storage.
WARNING: Reservoir calculated an outlet velocity over max velocity, and therefore set the outlet velocity to max velocity.
WARNING: Reservoir calculated a storage above the maximum storage.
WARNING: Reservoir calculated an outlet velocity over max velocity, and therefore set the outlet velocity to max velocity.
WARNING: Reservoir calculated a storage above the maximum storage.
WARNING: Reservoir calculated an outlet velocity over max velocity, and therefore set the outlet velocity to max velocity.
WARNING: Reservoir calculated a storage above the maximum storage.
WARNING: Reservoir calculated an outlet velocity over max velocity, and therefore set the outlet velocity to max velocity.
WARNING: Reservoir calculated a storage above the maximum storage.
WARNING: Reservoir calculated an outlet velocity over max velocity, and therefore set the outlet velocity to max velocity.
WARNING: Reservoir calculated a storage above the maximum storage.
WARNING: Reservoir calculated an outlet velocity over max velocity, and therefore set the outlet velocity to max velocity.
WARNING: Reservoir calculated a storage above the maximum storage.
WARNING: Reservoir calculated an outlet velocity over max velocity, and therefore set the outlet velocity to max velocity.
WARNING: Reservoir calculated a storage above the maximum storage.
WARNING: Reservoir calculated an outlet velocity over max velocity, and therefore set the outlet velocity to max velocity.
WARNING: Reservoir calculated a storage above the maximum storage.
WARNING: Reservoir calculated an outlet velocity over max velocity, and therefore set the outlet velocity to max velocity.
WARNING: Reservoir calculated a storage above the maximum storage.
WARNING: Reservoir calculated an outlet velocity over max velocity, and therefore set the outlet velocity to max velocity.
WARNING: Reservoir calculated a storage above the maximum storage.
WARNING: Reservoir calculated an outlet velocity over max velocity, and therefore set the outlet velocity to max velocity.
WARNING: Reservoir calculated a storage above the maximum storage.
WARNING: Reservoir calculated an outlet velocity over max velocity, and therefore set the outlet velocity to max velocity.
WARNING: Reservoir calculated a storage above the maximum storage.
WARNING: Reservoir calculated an outlet velocity over max velocity, and therefore set the outlet velocity to max velocity.
WARNING: Reservoir calculated a storage above the maximum storage.
WARNING: Reservoir calculated an outlet velocity over max velocity, and therefore set the outlet velocity to max velocity.
WARNING: Reservoir calculated a storage above the maximum storage.
WARNING: Reservoir calculated an outlet velocity over max velocity, and therefore set the outlet velocity to max velocity.
WARNING: Reservoir calculated a storage above the maximum storage.
WARNING: Reservoir calculated an outlet velocity over max velocity, and therefore set the outlet velocity to max velocity.
WARNING: Reservoir calculated a storage above the maximum storage.
WARNING: Reservoir calculated an outlet velocity over max velocity, and therefore set the outlet velocity to max velocity.
WARNING: Reservoir calculated a storage above the maximum storage.
WARNING: Reservoir calculated an outlet velocity over max velocity, and therefore set the outlet velocity to max velocity.
WARNING: Reservoir calculated a storage above the maximum storage.
WARNING: Reservoir calculated an outlet velocity over max velocity, and therefore set the outlet velocity to max velocity.
WARNING: Reservoir calculated a storage above the maximum storage.
WARNING: Reservoir calculated an outlet velocity over max velocity, and therefore set the outlet velocity to max velocity.
WARNING: Reservoir calculated a storage above the maximum storage.
WARNING: Reservoir calculated an outlet velocity over max velocity, and therefore set the outlet velocity to max velocity.
WARNING: Reservoir calculated a storage above the maximum storage.
WARNING: Reservoir calculated an outlet velocity over max velocity, and therefore set the outlet velocity to max velocity.
WARNING: Reservoir calculated a storage above the maximum storage.
WARNING: Reservoir calculated an outlet velocity over max velocity, and therefore set the outlet velocity to max velocity.
WARNING: Reservoir calculated a storage above the maximum storage.
WARNING: Reservoir calculated an outlet velocity over max velocity, and therefore set the outlet velocity to max velocity.
WARNING: Reservoir calculated a storage above the maximum storage.
WARNING: Reservoir calculated an outlet velocity over max velocity, and therefore set the outlet velocity to max velocity.
WARNING: Reservoir calculated a storage above the maximum storage.
WARNING: Reservoir calculated an outlet velocity over max velocity, and therefore set the outlet velocity to max velocity.
WARNING: Reservoir calculated a storage above the maximum storage.
WARNING: Reservoir calculated an outlet velocity over max velocity, and therefore set the outlet velocity to max velocity.
WARNING: Reservoir calculated a storage above the maximum storage.
WARNING: Reservoir calculated an outlet velocity over max velocity, and therefore set the outlet velocity to max velocity.
WARNING: Reservoir calculated a storage above the maximum storage.
WARNING: Reservoir calculated an outlet velocity over max velocity, and therefore set the outlet velocity to max velocity.
WARNING: Reservoir calculated a storage above the maximum storage.
WARNING: Reservoir calculated an outlet velocity over max velocity, and therefore set the outlet velocity to max velocity.
WARNING: Reservoir calculated a storage above the maximum storage.
WARNING: Reservoir calculated an outlet velocity over max velocity, and therefore set the outlet velocity to max velocity.
WARNING: Reservoir calculated a storage above the maximum storage.
WARNING: Reservoir calculated an outlet velocity over max velocity, and therefore set the outlet velocity to max velocity.
WARNING: Reservoir calculated a storage above the maximum storage.
WARNING: Reservoir calculated an outlet velocity over max velocity, and therefore set the outlet velocity to max velocity.
WARNING: Reservoir calculated a storage above the maximum storage.
WARNING: Reservoir calculated an outlet velocity over max velocity, and therefore set the outlet velocity to max velocity.
WARNING: Reservoir calculated a storage above the maximum storage.
WARNING: Reservoir calculated an outlet velocity over max velocity, and therefore set the outlet velocity to max velocity.
WARNING: Reservoir calculated a storage above the maximum storage.
WARNING: Reservoir calculated an outlet velocity over max velocity, and therefore set the outlet velocity to max velocity.
WARNING: Reservoir calculated a storage above the maximum storage.
WARNING: Reservoir calculated an outlet velocity over max velocity, and therefore set the outlet velocity to max velocity.
WARNING: Reservoir calculated a storage above the maximum storage.
WARNING: Reservoir calculated an outlet velocity over max velocity, and therefore set the outlet velocity to max velocity.
WARNING: Reservoir calculated a storage above the maximum storage.
WARNING: Reservoir calculated an outlet velocity over max velocity, and therefore set the outlet velocity to max velocity.
WARNING: Reservoir calculated a storage above the maximum storage.
WARNING: Reservoir calculated an outlet velocity over max velocity, and therefore set the outlet velocity to max velocity.
WARNING: Reservoir calculated a storage above the maximum storage.
WARNING: Reservoir calculated an outlet velocity over max velocity, and therefore set the outlet velocity to max velocity.
WARNING: Reservoir calculated a storage above the maximum storage.
WARNING: Reservoir calculated an outlet velocity over max velocity, and therefore set the outlet velocity to max velocity.
WARNING: Reservoir calculated a storage above the maximum storage.
WARNING: Reservoir calculated an outlet velocity over max velocity, and therefore set the outlet velocity to max velocity.
WARNING: Reservoir calculated a storage above the maximum storage.
WARNING: Reservoir calculated an outlet velocity over max velocity, and therefore set the outlet velocity to max velocity.
WARNING: Reservoir calculated a storage above the maximum storage.
WARNING: Reservoir calculated an outlet velocity over max velocity, and therefore set the outlet velocity to max velocity.
WARNING: Reservoir calculated a storage above the maximum storage.
WARNING: Reservoir calculated an outlet velocity over max velocity, and therefore set the outlet velocity to max velocity.
WARNING: Reservoir calculated a storage above the maximum storage.
WARNING: Reservoir calculated an outlet velocity over max velocity, and therefore set the outlet velocity to max velocity.
WARNING: Reservoir calculated a storage above the maximum storage.
WARNING: Reservoir calculated an outlet velocity over max velocity, and therefore set the outlet velocity to max velocity.
WARNING: Reservoir calculated a storage above the maximum storage.
WARNING: Reservoir calculated an outlet velocity over max velocity, and therefore set the outlet velocity to max velocity.
WARNING: Reservoir calculated a storage above the maximum storage.
WARNING: Reservoir calculated an outlet velocity over max velocity, and therefore set the outlet velocity to max velocity.
WARNING: Reservoir calculated a storage above the maximum storage.
WARNING: Reservoir calculated an outlet velocity over max velocity, and therefore set the outlet velocity to max velocity.
WARNING: Reservoir calculated a storage above the maximum storage.
WARNING: Reservoir calculated an outlet velocity over max velocity, and therefore set the outlet velocity to max velocity.
WARNING: Reservoir calculated a storage above the maximum storage.
WARNING: Reservoir calculated an outlet velocity over max velocity, and therefore set the outlet velocity to max velocity.
WARNING: Reservoir calculated a storage above the maximum storage.
WARNING: Reservoir calculated an outlet velocity over max velocity, and therefore set the outlet velocity to max velocity.
WARNING: Reservoir calculated a storage above the maximum storage.
WARNING: Reservoir calculated an outlet velocity over max velocity, and therefore set the outlet velocity to max velocity.
WARNING: Reservoir calculated a storage above the maximum storage.
WARNING: Reservoir calculated an outlet velocity over max velocity, and therefore set the outlet velocity to max velocity.
WARNING: Reservoir calculated a storage above the maximum storage.
WARNING: Reservoir calculated an outlet velocity over max velocity, and therefore set the outlet velocity to max velocity.
WARNING: Reservoir calculated a storage above the maximum storage.
WARNING: Reservoir calculated an outlet velocity over max velocity, and therefore set the outlet velocity to max velocity.
WARNING: Reservoir calculated a storage above the maximum storage.
WARNING: Reservoir calculated an outlet velocity over max velocity, and therefore set the outlet velocity to max velocity.
WARNING: Reservoir calculated a storage above the maximum storage.
WARNING: Reservoir calculated an outlet velocity over max velocity, and therefore set the outlet velocity to max velocity.
WARNING: Reservoir calculated a storage above the maximum storage.
WARNING: Reservoir calculated an outlet velocity over max velocity, and therefore set the outlet velocity to max velocity.
WARNING: Reservoir calculated a storage above the maximum storage.
WARNING: Reservoir calculated an outlet velocity over max velocity, and therefore set the outlet velocity to max velocity.
WARNING: Reservoir calculated a storage above the maximum storage.
WARNING: Reservoir calculated an outlet velocity over max velocity, and therefore set the outlet velocity to max velocity.
WARNING: Reservoir calculated a storage above the maximum storage.
WARNING: Reservoir calculated an outlet velocity over max velocity, and therefore set the outlet velocity to max velocity.
WARNING: Reservoir calculated a storage above the maximum storage.
WARNING: Reservoir calculated an outlet velocity over max velocity, and therefore set the outlet velocity to max velocity.
WARNING: Reservoir calculated a storage above the maximum storage.
WARNING: Reservoir calculated an outlet velocity over max velocity, and therefore set the outlet velocity to max velocity.
WARNING: Reservoir calculated a storage above the maximum storage.
WARNING: Reservoir calculated an outlet velocity over max velocity, and therefore set the outlet velocity to max velocity.
WARNING: Reservoir calculated a storage above the maximum storage.
WARNING: Reservoir calculated an outlet velocity over max velocity, and therefore set the outlet velocity to max velocity.
WARNING: Reservoir calculated a storage above the maximum storage.
WARNING: Reservoir calculated an outlet velocity over max velocity, and therefore set the outlet velocity to max velocity.
WARNING: Reservoir calculated a storage above the maximum storage.
WARNING: Reservoir calculated an outlet velocity over max velocity, and therefore set the outlet velocity to max velocity.
WARNING: Reservoir calculated a storage above the maximum storage.
WARNING: Reservoir calculated an outlet velocity over max velocity, and therefore set the outlet velocity to max velocity.
WARNING: Reservoir calculated a storage above the maximum storage.
WARNING: Reservoir calculated an outlet velocity over max velocity, and therefore set the outlet velocity to max velocity.
WARNING: Reservoir calculated a storage above the maximum storage.
WARNING: Reservoir calculated an outlet velocity over max velocity, and therefore set the outlet velocity to max velocity.
WARNING: Reservoir calculated a storage above the maximum storage.
WARNING: Reservoir calculated an outlet velocity over max velocity, and therefore set the outlet velocity to max velocity.
WARNING: Reservoir calculated a storage above the maximum storage.
WARNING: Reservoir calculated an outlet velocity over max velocity, and therefore set the outlet velocity to max velocity.
WARNING: Reservoir calculated a storage above the maximum storage.
WARNING: Reservoir calculated an outlet velocity over max velocity, and therefore set the outlet velocity to max velocity.
WARNING: Reservoir calculated a storage above the maximum storage.
WARNING: Reservoir calculated an outlet velocity over max velocity, and therefore set the outlet velocity to max velocity.
WARNING: Reservoir calculated a storage above the maximum storage.
WARNING: Reservoir calculated an outlet velocity over max velocity, and therefore set the outlet velocity to max velocity.
WARNING: Reservoir calculated a storage above the maximum storage.
WARNING: Reservoir calculated an outlet velocity over max velocity, and therefore set the outlet velocity to max velocity.
WARNING: Reservoir calculated a storage above the maximum storage.
WARNING: Reservoir calculated an outlet velocity over max velocity, and therefore set the outlet velocity to max velocity.
WARNING: Reservoir calculated a storage above the maximum storage.
WARNING: Reservoir calculated an outlet velocity over max velocity, and therefore set the outlet velocity to max velocity.
WARNING: Reservoir calculated a storage above the maximum storage.
WARNING: Reservoir calculated an outlet velocity over max velocity, and therefore set the outlet velocity to max velocity.
WARNING: Reservoir calculated a storage above the maximum storage.
WARNING: Reservoir calculated an outlet velocity over max velocity, and therefore set the outlet velocity to max velocity.
WARNING: Reservoir calculated a storage above the maximum storage.
WARNING: Reservoir calculated an outlet velocity over max velocity, and therefore set the outlet velocity to max velocity.
WARNING: Reservoir calculated a storage above the maximum storage.
WARNING: Reservoir calculated an outlet velocity over max velocity, and therefore set the outlet velocity to max velocity.
WARNING: Reservoir calculated a storage above the maximum storage.
WARNING: Reservoir calculated an outlet velocity over max velocity, and therefore set the outlet velocity to max velocity.
WARNING: Reservoir calculated a storage above the maximum storage.
WARNING: Reservoir calculated an outlet velocity over max velocity, and therefore set the outlet velocity to max velocity.
WARNING: Reservoir calculated a storage above the maximum storage.
WARNING: Reservoir calculated an outlet velocity over max velocity, and therefore set the outlet velocity to max velocity.
WARNING: Reservoir calculated a storage above the maximum storage.
WARNING: Reservoir calculated an outlet velocity over max velocity, and therefore set the outlet velocity to max velocity.
WARNING: Reservoir calculated a storage above the maximum storage.
WARNING: Reservoir calculated an outlet velocity over max velocity, and therefore set the outlet velocity to max velocity.
WARNING: Reservoir calculated a storage above the maximum storage.
WARNING: Reservoir calculated an outlet velocity over max velocity, and therefore set the outlet velocity to max velocity.
WARNING: Reservoir calculated a storage above the maximum storage.
WARNING: Reservoir calculated an outlet velocity over max velocity, and therefore set the outlet velocity to max velocity.
WARNING: Reservoir calculated a storage above the maximum storage.
WARNING: Reservoir calculated an outlet velocity over max velocity, and therefore set the outlet velocity to max velocity.
WARNING: Reservoir calculated a storage above the maximum storage.
WARNING: Reservoir calculated an outlet velocity over max velocity, and therefore set the outlet velocity to max velocity.
WARNING: Reservoir calculated a storage above the maximum storage.
WARNING: Reservoir calculated an outlet velocity over max velocity, and therefore set the outlet velocity to max velocity.
WARNING: Reservoir calculated a storage above the maximum storage.
WARNING: Reservoir calculated an outlet velocity over max velocity, and therefore set the outlet velocity to max velocity.
WARNING: Reservoir calculated a storage above the maximum storage.
WARNING: Reservoir calculated an outlet velocity over max velocity, and therefore set the outlet velocity to max velocity.
WARNING: Reservoir calculated a storage above the maximum storage.
WARNING: Reservoir calculated an outlet velocity over max velocity, and therefore set the outlet velocity to max velocity.
WARNING: Reservoir calculated a storage above the maximum storage.
WARNING: Reservoir calculated an outlet velocity over max velocity, and therefore set the outlet velocity to max velocity.
WARNING: Reservoir calculated a storage above the maximum storage.
WARNING: Reservoir calculated an outlet velocity over max velocity, and therefore set the outlet velocity to max velocity.
WARNING: Reservoir calculated a storage above the maximum storage.
WARNING: Reservoir calculated an outlet velocity over max velocity, and therefore set the outlet velocity to max velocity.
WARNING: Reservoir calculated a storage above the maximum storage.
WARNING: Reservoir calculated an outlet velocity over max velocity, and therefore set the outlet velocity to max velocity.
WARNING: Reservoir calculated a storage above the maximum storage.
WARNING: Reservoir calculated an outlet velocity over max velocity, and therefore set the outlet velocity to max velocity.
WARNING: Reservoir calculated a storage above the maximum storage.
WARNING: Reservoir calculated an outlet velocity over max velocity, and therefore set the outlet velocity to max velocity.
WARNING: Reservoir calculated a storage above the maximum storage.
WARNING: Reservoir calculated an outlet velocity over max velocity, and therefore set the outlet velocity to max velocity.
WARNING: Reservoir calculated a storage above the maximum storage.
WARNING: Reservoir calculated an outlet velocity over max velocity, and therefore set the outlet velocity to max velocity.
WARNING: Reservoir calculated a storage above the maximum storage.
WARNING: Reservoir calculated an outlet velocity over max velocity, and therefore set the outlet velocity to max velocity.
WARNING: Reservoir calculated a storage above the maximum storage.
WARNING: Reservoir calculated an outlet velocity over max velocity, and therefore set the outlet velocity to max velocity.
WARNING: Reservoir calculated a storage above the maximum storage.
WARNING: Reservoir calculated an outlet velocity over max velocity, and therefore set the outlet velocity to max velocity.
WARNING: Reservoir calculated a storage above the maximum storage.
WARNING: Reservoir calculated an outlet velocity over max velocity, and therefore set the outlet velocity to max velocity.
WARNING: Reservoir calculated a storage above the maximum storage.
WARNING: Reservoir calculated an outlet velocity over max velocity, and therefore set the outlet velocity to max velocity.
WARNING: Reservoir calculated a storage above the maximum storage.
WARNING: Reservoir calculated an outlet velocity over max velocity, and therefore set the outlet velocity to max velocity.
WARNING: Reservoir calculated a storage above the maximum storage.
WARNING: Reservoir calculated an outlet velocity over max velocity, and therefore set the outlet velocity to max velocity.
WARNING: Reservoir calculated a storage above the maximum storage.
WARNING: Reservoir calculated an outlet velocity over max velocity, and therefore set the outlet velocity to max velocity.
WARNING: Reservoir calculated a storage above the maximum storage.
WARNING: Reservoir calculated an outlet velocity over max velocity, and therefore set the outlet velocity to max velocity.
WARNING: Reservoir calculated a storage above the maximum storage.
WARNING: Reservoir calculated an outlet velocity over max velocity, and therefore set the outlet velocity to max velocity.
WARNING: Reservoir calculated a storage above the maximum storage.
WARNING: Reservoir calculated an outlet velocity over max velocity, and therefore set the outlet velocity to max velocity.
WARNING: Reservoir calculated a storage above the maximum storage.
WARNING: Reservoir calculated an outlet velocity over max velocity, and therefore set the outlet velocity to max velocity.
WARNING: Reservoir calculated a storage above the maximum storage.
WARNING: Reservoir calculated an outlet velocity over max velocity, and therefore set the outlet velocity to max velocity.
WARNING: Reservoir calculated a storage above the maximum storage.
WARNING: Reservoir calculated an outlet velocity over max velocity, and therefore set the outlet velocity to max velocity.
WARNING: Reservoir calculated a storage above the maximum storage.
WARNING: Reservoir calculated an outlet velocity over max velocity, and therefore set the outlet velocity to max velocity.
WARNING: Reservoir calculated a storage above the maximum storage.
WARNING: Reservoir calculated an outlet velocity over max velocity, and therefore set the outlet velocity to max velocity.
WARNING: Reservoir calculated a storage above the maximum storage.
WARNING: Reservoir calculated an outlet velocity over max velocity, and therefore set the outlet velocity to max velocity.
WARNING: Reservoir calculated a storage above the maximum storage.
WARNING: Reservoir calculated an outlet velocity over max velocity, and therefore set the outlet velocity to max velocity.
WARNING: Reservoir calculated a storage above the maximum storage.
WARNING: Reservoir calculated an outlet velocity over max velocity, and therefore set the outlet velocity to max velocity.
WARNING: Reservoir calculated a storage above the maximum storage.
WARNING: Reservoir calculated an outlet velocity over max velocity, and therefore set the outlet velocity to max velocity.
WARNING: Reservoir calculated a storage above the maximum storage.
WARNING: Reservoir calculated an outlet velocity over max velocity, and therefore set the outlet velocity to max velocity.
WARNING: Reservoir calculated a storage above the maximum storage.
WARNING: Reservoir calculated an outlet velocity over max velocity, and therefore set the outlet velocity to max velocity.
WARNING: Reservoir calculated a storage above the maximum storage.
WARNING: Reservoir calculated an outlet velocity over max velocity, and therefore set the outlet velocity to max velocity.
WARNING: Reservoir calculated a storage above the maximum storage.
WARNING: Reservoir calculated an outlet velocity over max velocity, and therefore set the outlet velocity to max velocity.
WARNING: Reservoir calculated a storage above the maximum storage.
WARNING: Reservoir calculated an outlet velocity over max velocity, and therefore set the outlet velocity to max velocity.
WARNING: Reservoir calculated a storage above the maximum storage.
WARNING: Reservoir calculated an outlet velocity over max velocity, and therefore set the outlet velocity to max velocity.
WARNING: Reservoir calculated a storage above the maximum storage.
WARNING: Reservoir calculated an outlet velocity over max velocity, and therefore set the outlet velocity to max velocity.
WARNING: Reservoir calculated a storage above the maximum storage.
WARNING: Reservoir calculated an outlet velocity over max velocity, and therefore set the outlet velocity to max velocity.
WARNING: Reservoir calculated a storage above the maximum storage.
WARNING: Reservoir calculated an outlet velocity over max velocity, and therefore set the outlet velocity to max velocity.
WARNING: Reservoir calculated a storage above the maximum storage.
WARNING: Reservoir calculated an outlet velocity over max velocity, and therefore set the outlet velocity to max velocity.
WARNING: Reservoir calculated a storage above the maximum storage.
WARNING: Reservoir calculated an outlet velocity over max velocity, and therefore set the outlet velocity to max velocity.
WARNING: Reservoir calculated a storage above the maximum storage.
WARNING: Reservoir calculated an outlet velocity over max velocity, and therefore set the outlet velocity to max velocity.
WARNING: Reservoir calculated a storage above the maximum storage.
WARNING: Reservoir calculated an outlet velocity over max velocity, and therefore set the outlet velocity to max velocity.
WARNING: Reservoir calculated a storage above the maximum storage.
WARNING: Reservoir calculated an outlet velocity over max velocity, and therefore set the outlet velocity to max velocity.
WARNING: Reservoir calculated a storage above the maximum storage.
WARNING: Reservoir calculated an outlet velocity over max velocity, and therefore set the outlet velocity to max velocity.
WARNING: Reservoir calculated a storage above the maximum storage.
WARNING: Reservoir calculated an outlet velocity over max velocity, and therefore set the outlet velocity to max velocity.
WARNING: Reservoir calculated a storage above the maximum storage.
WARNING: Reservoir calculated an outlet velocity over max velocity, and therefore set the outlet velocity to max velocity.
WARNING: Reservoir calculated a storage above the maximum storage.
WARNING: Reservoir calculated an outlet velocity over max velocity, and therefore set the outlet velocity to max velocity.
WARNING: Reservoir calculated a storage above the maximum storage.
WARNING: Reservoir calculated an outlet velocity over max velocity, and therefore set the outlet velocity to max velocity.
WARNING: Reservoir calculated a storage above the maximum storage.
WARNING: Reservoir calculated an outlet velocity over max velocity, and therefore set the outlet velocity to max velocity.
WARNING: Reservoir calculated a storage above the maximum storage.
WARNING: Reservoir calculated an outlet velocity over max velocity, and therefore set the outlet velocity to max velocity.
WARNING: Reservoir calculated a storage above the maximum storage.
WARNING: Reservoir calculated an outlet velocity over max velocity, and therefore set the outlet velocity to max velocity.
WARNING: Reservoir calculated a storage above the maximum storage.
WARNING: Reservoir calculated an outlet velocity over max velocity, and therefore set the outlet velocity to max velocity.
WARNING: Reservoir calculated a storage above the maximum storage.
WARNING: Reservoir calculated an outlet velocity over max velocity, and therefore set the outlet velocity to max velocity.
WARNING: Reservoir calculated a storage above the maximum storage.
WARNING: Reservoir calculated an outlet velocity over max velocity, and therefore set the outlet velocity to max velocity.
WARNING: Reservoir calculated a storage above the maximum storage.
WARNING: Reservoir calculated an outlet velocity over max velocity, and therefore set the outlet velocity to max velocity.
WARNING: Reservoir calculated a storage above the maximum storage.
WARNING: Reservoir calculated an outlet velocity over max velocity, and therefore set the outlet velocity to max velocity.
WARNING: Reservoir calculated a storage above the maximum storage.
WARNING: Reservoir calculated an outlet velocity over max velocity, and therefore set the outlet velocity to max velocity.
WARNING: Reservoir calculated a storage above the maximum storage.
WARNING: Reservoir calculated an outlet velocity over max velocity, and therefore set the outlet velocity to max velocity.
WARNING: Reservoir calculated a storage above the maximum storage.
WARNING: Reservoir calculated an outlet velocity over max velocity, and therefore set the outlet velocity to max velocity.
WARNING: Reservoir calculated a storage above the maximum storage.
WARNING: Reservoir calculated an outlet velocity over max velocity, and therefore set the outlet velocity to max velocity.
WARNING: Reservoir calculated a storage above the maximum storage.
WARNING: Reservoir calculated an outlet velocity over max velocity, and therefore set the outlet velocity to max velocity.
WARNING: Reservoir calculated a storage above the maximum storage.
WARNING: Reservoir calculated an outlet velocity over max velocity, and therefore set the outlet velocity to max velocity.
WARNING: Reservoir calculated a storage above the maximum storage.
WARNING: Reservoir calculated an outlet velocity over max velocity, and therefore set the outlet velocity to max velocity.
WARNING: Reservoir calculated a storage above the maximum storage.
WARNING: Reservoir calculated an outlet velocity over max velocity, and therefore set the outlet velocity to max velocity.
WARNING: Reservoir calculated a storage above the maximum storage.
WARNING: Reservoir calculated an outlet velocity over max velocity, and therefore set the outlet velocity to max velocity.
WARNING: Reservoir calculated a storage above the maximum storage.
WARNING: Reservoir calculated an outlet velocity over max velocity, and therefore set the outlet velocity to max velocity.
WARNING: Reservoir calculated a storage above the maximum storage.
WARNING: Reservoir calculated an outlet velocity over max velocity, and therefore set the outlet velocity to max velocity.
WARNING: Reservoir calculated a storage above the maximum storage.
WARNING: Reservoir calculated an outlet velocity over max velocity, and therefore set the outlet velocity to max velocity.
WARNING: Reservoir calculated a storage above the maximum storage.
WARNING: Reservoir calculated an outlet velocity over max velocity, and therefore set the outlet velocity to max velocity.
WARNING: Reservoir calculated a storage above the maximum storage.
WARNING: Reservoir calculated an outlet velocity over max velocity, and therefore set the outlet velocity to max velocity.
WARNING: Reservoir calculated a storage above the maximum storage.
WARNING: Reservoir calculated an outlet velocity over max velocity, and therefore set the outlet velocity to max velocity.
WARNING: Reservoir calculated a storage above the maximum storage.
WARNING: Reservoir calculated an outlet velocity over max velocity, and therefore set the outlet velocity to max velocity.
WARNING: Reservoir calculated a storage above the maximum storage.
WARNING: Reservoir calculated an outlet velocity over max velocity, and therefore set the outlet velocity to max velocity.
WARNING: Reservoir calculated a storage above the maximum storage.
WARNING: Reservoir calculated an outlet velocity over max velocity, and therefore set the outlet velocity to max velocity.
WARNING: Reservoir calculated a storage above the maximum storage.
WARNING: Reservoir calculated an outlet velocity over max velocity, and therefore set the outlet velocity to max velocity.
WARNING: Reservoir calculated a storage above the maximum storage.
WARNING: Reservoir calculated an outlet velocity over max velocity, and therefore set the outlet velocity to max velocity.
WARNING: Reservoir calculated a storage above the maximum storage.
WARNING: Reservoir calculated an outlet velocity over max velocity, and therefore set the outlet velocity to max velocity.
WARNING: Reservoir calculated a storage above the maximum storage.
WARNING: Reservoir calculated an outlet velocity over max velocity, and therefore set the outlet velocity to max velocity.
WARNING: Reservoir calculated a storage above the maximum storage.
WARNING: Reservoir calculated an outlet velocity over max velocity, and therefore set the outlet velocity to max velocity.
WARNING: Reservoir calculated a storage above the maximum storage.
WARNING: Reservoir calculated an outlet velocity over max velocity, and therefore set the outlet velocity to max velocity.
WARNING: Reservoir calculated a storage above the maximum storage.
WARNING: Reservoir calculated an outlet velocity over max velocity, and therefore set the outlet velocity to max velocity.
WARNING: Reservoir calculated a storage above the maximum storage.
WARNING: Reservoir calculated an outlet velocity over max velocity, and therefore set the outlet velocity to max velocity.
WARNING: Reservoir calculated a storage above the maximum storage.
WARNING: Reservoir calculated an outlet velocity over max velocity, and therefore set the outlet velocity to max velocity.
WARNING: Reservoir calculated a storage above the maximum storage.
WARNING: Reservoir calculated an outlet velocity over max velocity, and therefore set the outlet velocity to max velocity.
WARNING: Reservoir calculated a storage above the maximum storage.
WARNING: Reservoir calculated an outlet velocity over max velocity, and therefore set the outlet velocity to max velocity.
WARNING: Reservoir calculated a storage above the maximum storage.
WARNING: Reservoir calculated an outlet velocity over max velocity, and therefore set the outlet velocity to max velocity.
WARNING: Reservoir calculated a storage above the maximum storage.
WARNING: Reservoir calculated an outlet velocity over max velocity, and therefore set the outlet velocity to max velocity.
WARNING: Reservoir calculated a storage above the maximum storage.
WARNING: Reservoir calculated an outlet velocity over max velocity, and therefore set the outlet velocity to max velocity.
WARNING: Reservoir calculated a storage above the maximum storage.
WARNING: Reservoir calculated an outlet velocity over max velocity, and therefore set the outlet velocity to max velocity.
WARNING: Reservoir calculated a storage above the maximum storage.
WARNING: Reservoir calculated an outlet velocity over max velocity, and therefore set the outlet velocity to max velocity.
WARNING: Reservoir calculated a storage above the maximum storage.
WARNING: Reservoir calculated an outlet velocity over max velocity, and therefore set the outlet velocity to max velocity.
WARNING: Reservoir calculated a storage above the maximum storage.
WARNING: Reservoir calculated an outlet velocity over max velocity, and therefore set the outlet velocity to max velocity.
WARNING: Reservoir calculated a storage above the maximum storage.
WARNING: Reservoir calculated an outlet velocity over max velocity, and therefore set the outlet velocity to max velocity.
WARNING: Reservoir calculated a storage above the maximum storage.
WARNING: Reservoir calculated an outlet velocity over max velocity, and therefore set the outlet velocity to max velocity.
WARNING: Reservoir calculated a storage above the maximum storage.
WARNING: Reservoir calculated an outlet velocity over max velocity, and therefore set the outlet velocity to max velocity.
WARNING: Reservoir calculated a storage above the maximum storage.
WARNING: Reservoir calculated an outlet velocity over max velocity, and therefore set the outlet velocity to max velocity.
WARNING: Reservoir calculated a storage above the maximum storage.
WARNING: Reservoir calculated an outlet velocity over max velocity, and therefore set the outlet velocity to max velocity.
WARNING: Reservoir calculated a storage above the maximum storage.
WARNING: Reservoir calculated an outlet velocity over max velocity, and therefore set the outlet velocity to max velocity.
WARNING: Reservoir calculated a storage above the maximum storage.
WARNING: Reservoir calculated an outlet velocity over max velocity, and therefore set the outlet velocity to max velocity.
WARNING: Reservoir calculated a storage above the maximum storage.
WARNING: Reservoir calculated an outlet velocity over max velocity, and therefore set the outlet velocity to max velocity.
WARNING: Reservoir calculated a storage above the maximum storage.
WARNING: Reservoir calculated an outlet velocity over max velocity, and therefore set the outlet velocity to max velocity.
WARNING: Reservoir calculated a storage above the maximum storage.
WARNING: Reservoir calculated an outlet velocity over max velocity, and therefore set the outlet velocity to max velocity.
WARNING: Reservoir calculated a storage above the maximum storage.
WARNING: Reservoir calculated an outlet velocity over max velocity, and therefore set the outlet velocity to max velocity.
WARNING: Reservoir calculated a storage above the maximum storage.
WARNING: Reservoir calculated an outlet velocity over max velocity, and therefore set the outlet velocity to max velocity.
WARNING: Reservoir calculated a storage above the maximum storage.
WARNING: Reservoir calculated an outlet velocity over max velocity, and therefore set the outlet velocity to max velocity.
WARNING: Reservoir calculated a storage above the maximum storage.
WARNING: Reservoir calculated an outlet velocity over max velocity, and therefore set the outlet velocity to max velocity.
WARNING: Reservoir calculated a storage above the maximum storage.
WARNING: Reservoir calculated an outlet velocity over max velocity, and therefore set the outlet velocity to max velocity.
WARNING: Reservoir calculated a storage above the maximum storage.
WARNING: Reservoir calculated an outlet velocity over max velocity, and therefore set the outlet velocity to max velocity.
WARNING: Reservoir calculated a storage above the maximum storage.
WARNING: Reservoir calculated an outlet velocity over max velocity, and therefore set the outlet velocity to max velocity.
WARNING: Reservoir calculated a storage above the maximum storage.
WARNING: Reservoir calculated an outlet velocity over max velocity, and therefore set the outlet velocity to max velocity.
WARNING: Reservoir calculated a storage above the maximum storage.
WARNING: Reservoir calculated an outlet velocity over max velocity, and therefore set the outlet velocity to max velocity.
WARNING: Reservoir calculated a storage above the maximum storage.
WARNING: Reservoir calculated an outlet velocity over max velocity, and therefore set the outlet velocity to max velocity.
WARNING: Reservoir calculated a storage above the maximum storage.
WARNING: Reservoir calculated an outlet velocity over max velocity, and therefore set the outlet velocity to max velocity.
WARNING: Reservoir calculated a storage above the maximum storage.
WARNING: Reservoir calculated an outlet velocity over max velocity, and therefore set the outlet velocity to max velocity.
WARNING: Reservoir calculated a storage above the maximum storage.
WARNING: Reservoir calculated an outlet velocity over max velocity, and therefore set the outlet velocity to max velocity.
WARNING: Reservoir calculated a storage above the maximum storage.
WARNING: Reservoir calculated an outlet velocity over max velocity, and therefore set the outlet velocity to max velocity.
WARNING: Reservoir calculated a storage above the maximum storage.
WARNING: Reservoir calculated an outlet velocity over max velocity, and therefore set the outlet velocity to max velocity.
WARNING: Reservoir calculated a storage above the maximum storage.
WARNING: Reservoir calculated an outlet velocity over max velocity, and therefore set the outlet velocity to max velocity.
WARNING: Reservoir calculated a storage above the maximum storage.
WARNING: Reservoir calculated an outlet velocity over max velocity, and therefore set the outlet velocity to max velocity.
WARNING: Reservoir calculated a storage above the maximum storage.
WARNING: Reservoir calculated an outlet velocity over max velocity, and therefore set the outlet velocity to max velocity.
WARNING: Reservoir calculated a storage above the maximum storage.
WARNING: Reservoir calculated an outlet velocity over max velocity, and therefore set the outlet velocity to max velocity.
WARNING: Reservoir calculated a storage above the maximum storage.
WARNING: Reservoir calculated an outlet velocity over max velocity, and therefore set the outlet velocity to max velocity.
WARNING: Reservoir calculated a storage above the maximum storage.
WARNING: Reservoir calculated an outlet velocity over max velocity, and therefore set the outlet velocity to max velocity.
WARNING: Reservoir calculated a storage above the maximum storage.
WARNING: Reservoir calculated an outlet velocity over max velocity, and therefore set the outlet velocity to max velocity.
WARNING: Reservoir calculated a storage above the maximum storage.
WARNING: Reservoir calculated an outlet velocity over max velocity, and therefore set the outlet velocity to max velocity.
WARNING: Reservoir calculated a storage above the maximum storage.
WARNING: Reservoir calculated an outlet velocity over max velocity, and therefore set the outlet velocity to max velocity.
WARNING: Reservoir calculated a storage above the maximum storage.
WARNING: Reservoir calculated an outlet velocity over max velocity, and therefore set the outlet velocity to max velocity.
WARNING: Reservoir calculated a storage above the maximum storage.
WARNING: Reservoir calculated an outlet velocity over max velocity, and therefore set the outlet velocity to max velocity.
WARNING: Reservoir calculated a storage above the maximum storage.
WARNING: Reservoir calculated an outlet velocity over max velocity, and therefore set the outlet velocity to max velocity.
WARNING: Reservoir calculated a storage above the maximum storage.
WARNING: Reservoir calculated an outlet velocity over max velocity, and therefore set the outlet velocity to max velocity.
WARNING: Reservoir calculated a storage above the maximum storage.
WARNING: Reservoir calculated an outlet velocity over max velocity, and therefore set the outlet velocity to max velocity.
WARNING: Reservoir calculated a storage above the maximum storage.
WARNING: Reservoir calculated an outlet velocity over max velocity, and therefore set the outlet velocity to max velocity.
WARNING: Reservoir calculated a storage above the maximum storage.
WARNING: Reservoir calculated an outlet velocity over max velocity, and therefore set the outlet velocity to max velocity.
WARNING: Reservoir calculated a storage above the maximum storage.
WARNING: Reservoir calculated an outlet velocity over max velocity, and therefore set the outlet velocity to max velocity.
WARNING: Reservoir calculated a storage above the maximum storage.
WARNING: Reservoir calculated an outlet velocity over max velocity, and therefore set the outlet velocity to max velocity.
WARNING: Reservoir calculated a storage above the maximum storage.
WARNING: Reservoir calculated an outlet velocity over max velocity, and therefore set the outlet velocity to max velocity.
WARNING: Reservoir calculated a storage above the maximum storage.
WARNING: Reservoir calculated an outlet velocity over max velocity, and therefore set the outlet velocity to max velocity.
WARNING: Reservoir calculated a storage above the maximum storage.
WARNING: Reservoir calculated an outlet velocity over max velocity, and therefore set the outlet velocity to max velocity.
WARNING: Reservoir calculated a storage above the maximum storage.
WARNING: Reservoir calculated an outlet velocity over max velocity, and therefore set the outlet velocity to max velocity.
WARNING: Reservoir calculated a storage above the maximum storage.
WARNING: Reservoir calculated an outlet velocity over max velocity, and therefore set the outlet velocity to max velocity.
WARNING: Reservoir calculated a storage above the maximum storage.
WARNING: Reservoir calculated an outlet velocity over max velocity, and therefore set the outlet velocity to max velocity.
WARNING: Reservoir calculated a storage above the maximum storage.
WARNING: Reservoir calculated an outlet velocity over max velocity, and therefore set the outlet velocity to max velocity.
WARNING: Reservoir calculated a storage above the maximum storage.
WARNING: Reservoir calculated an outlet velocity over max velocity, and therefore set the outlet velocity to max velocity.
WARNING: Reservoir calculated a storage above the maximum storage.
WARNING: Reservoir calculated an outlet velocity over max velocity, and therefore set the outlet velocity to max velocity.
WARNING: Reservoir calculated a storage above the maximum storage.
WARNING: Reservoir calculated an outlet velocity over max velocity, and therefore set the outlet velocity to max velocity.
WARNING: Reservoir calculated a storage above the maximum storage.
WARNING: Reservoir calculated an outlet velocity over max velocity, and therefore set the outlet velocity to max velocity.
WARNING: Reservoir calculated a storage above the maximum storage.
WARNING: Reservoir calculated an outlet velocity over max velocity, and therefore set the outlet velocity to max velocity.
WARNING: Reservoir calculated a storage above the maximum storage.
WARNING: Reservoir calculated an outlet velocity over max velocity, and therefore set the outlet velocity to max velocity.
WARNING: Reservoir calculated a storage above the maximum storage.
WARNING: Reservoir calculated an outlet velocity over max velocity, and therefore set the outlet velocity to max velocity.
WARNING: Reservoir calculated a storage above the maximum storage.
WARNING: Reservoir calculated an outlet velocity over max velocity, and therefore set the outlet velocity to max velocity.
WARNING: Reservoir calculated a storage above the maximum storage.
WARNING: Reservoir calculated an outlet velocity over max velocity, and therefore set the outlet velocity to max velocity.
WARNING: Reservoir calculated a storage above the maximum storage.
WARNING: Reservoir calculated an outlet velocity over max velocity, and therefore set the outlet velocity to max velocity.
WARNING: Reservoir calculated a storage above the maximum storage.
WARNING: Reservoir calculated an outlet velocity over max velocity, and therefore set the outlet velocity to max velocity.
WARNING: Reservoir calculated a storage above the maximum storage.
WARNING: Reservoir calculated an outlet velocity over max velocity, and therefore set the outlet velocity to max velocity.
WARNING: Reservoir calculated a storage above the maximum storage.
WARNING: Reservoir calculated an outlet velocity over max velocity, and therefore set the outlet velocity to max velocity.
WARNING: Reservoir calculated a storage above the maximum storage.
WARNING: Reservoir calculated an outlet velocity over max velocity, and therefore set the outlet velocity to max velocity.
WARNING: Reservoir calculated a storage above the maximum storage.
WARNING: Reservoir calculated an outlet velocity over max velocity, and therefore set the outlet velocity to max velocity.
WARNING: Reservoir calculated a storage above the maximum storage.
WARNING: Reservoir calculated an outlet velocity over max velocity, and therefore set the outlet velocity to max velocity.
WARNING: Reservoir calculated a storage above the maximum storage.
WARNING: Reservoir calculated an outlet velocity over max velocity, and therefore set the outlet velocity to max velocity.
WARNING: Reservoir calculated a storage above the maximum storage.
WARNING: Reservoir calculated an outlet velocity over max velocity, and therefore set the outlet velocity to max velocity.
WARNING: Reservoir calculated a storage above the maximum storage.
WARNING: Reservoir calculated an outlet velocity over max velocity, and therefore set the outlet velocity to max velocity.
WARNING: Reservoir calculated a storage above the maximum storage.
WARNING: Reservoir calculated an outlet velocity over max velocity, and therefore set the outlet velocity to max velocity.
WARNING: Reservoir calculated a storage above the maximum storage.
WARNING: Reservoir calculated an outlet velocity over max velocity, and therefore set the outlet velocity to max velocity.
WARNING: Reservoir calculated a storage above the maximum storage.
WARNING: Reservoir calculated an outlet velocity over max velocity, and therefore set the outlet velocity to max velocity.
WARNING: Reservoir calculated a storage above the maximum storage.
WARNING: Reservoir calculated an outlet velocity over max velocity, and therefore set the outlet velocity to max velocity.
WARNING: Reservoir calculated a storage above the maximum storage.
WARNING: Reservoir calculated an outlet velocity over max velocity, and therefore set the outlet velocity to max velocity.
WARNING: Reservoir calculated a storage above the maximum storage.
WARNING: Reservoir calculated an outlet velocity over max velocity, and therefore set the outlet velocity to max velocity.
WARNING: Reservoir calculated a storage above the maximum storage.
WARNING: Reservoir calculated an outlet velocity over max velocity, and therefore set the outlet velocity to max velocity.
WARNING: Reservoir calculated a storage above the maximum storage.
WARNING: Reservoir calculated an outlet velocity over max velocity, and therefore set the outlet velocity to max velocity.
WARNING: Reservoir calculated a storage above the maximum storage.
WARNING: Reservoir calculated an outlet velocity over max velocity, and therefore set the outlet velocity to max velocity.
WARNING: Reservoir calculated a storage above the maximum storage.
WARNING: Reservoir calculated an outlet velocity over max velocity, and therefore set the outlet velocity to max velocity.
WARNING: Reservoir calculated a storage above the maximum storage.
WARNING: Reservoir calculated an outlet velocity over max velocity, and therefore set the outlet velocity to max velocity.
WARNING: Reservoir calculated a storage above the maximum storage.
WARNING: Reservoir calculated an outlet velocity over max velocity, and therefore set the outlet velocity to max velocity.
WARNING: Reservoir calculated a storage above the maximum storage.
WARNING: Reservoir calculated an outlet velocity over max velocity, and therefore set the outlet velocity to max velocity.
WARNING: Reservoir calculated a storage above the maximum storage.
WARNING: Reservoir calculated an outlet velocity over max velocity, and therefore set the outlet velocity to max velocity.
WARNING: Reservoir calculated a storage above the maximum storage.
WARNING: Reservoir calculated an outlet velocity over max velocity, and therefore set the outlet velocity to max velocity.
WARNING: Reservoir calculated a storage above the maximum storage.
WARNING: Reservoir calculated an outlet velocity over max velocity, and therefore set the outlet velocity to max velocity.
WARNING: Reservoir calculated a storage above the maximum storage.
WARNING: Reservoir calculated an outlet velocity over max velocity, and therefore set the outlet velocity to max velocity.
WARNING: Reservoir calculated a storage above the maximum storage.
WARNING: Reservoir calculated an outlet velocity over max velocity, and therefore set the outlet velocity to max velocity.
WARNING: Reservoir calculated a storage above the maximum storage.
WARNING: Reservoir calculated an outlet velocity over max velocity, and therefore set the outlet velocity to max velocity.
WARNING: Reservoir calculated a storage above the maximum storage.
WARNING: Reservoir calculated an outlet velocity over max velocity, and therefore set the outlet velocity to max velocity.
WARNING: Reservoir calculated a storage above the maximum storage.
WARNING: Reservoir calculated an outlet velocity over max velocity, and therefore set the outlet velocity to max velocity.
WARNING: Reservoir calculated a storage above the maximum storage.
WARNING: Reservoir calculated an outlet velocity over max velocity, and therefore set the outlet velocity to max velocity.
WARNING: Reservoir calculated a storage above the maximum storage.
WARNING: Reservoir calculated an outlet velocity over max velocity, and therefore set the outlet velocity to max velocity.
WARNING: Reservoir calculated a storage above the maximum storage.
WARNING: Reservoir calculated an outlet velocity over max velocity, and therefore set the outlet velocity to max velocity.
WARNING: Reservoir calculated a storage above the maximum storage.
WARNING: Reservoir calculated an outlet velocity over max velocity, and therefore set the outlet velocity to max velocity.
WARNING: Reservoir calculated a storage above the maximum storage.
WARNING: Reservoir calculated an outlet velocity over max velocity, and therefore set the outlet velocity to max velocity.
WARNING: Reservoir calculated a storage above the maximum storage.
WARNING: Reservoir calculated an outlet velocity over max velocity, and therefore set the outlet velocity to max velocity.
WARNING: Reservoir calculated a storage above the maximum storage.
WARNING: Reservoir calculated an outlet velocity over max velocity, and therefore set the outlet velocity to max velocity.
WARNING: Reservoir calculated a storage above the maximum storage.
WARNING: Reservoir calculated an outlet velocity over max velocity, and therefore set the outlet velocity to max velocity.
WARNING: Reservoir calculated a storage above the maximum storage.
WARNING: Reservoir calculated an outlet velocity over max velocity, and therefore set the outlet velocity to max velocity.
WARNING: Reservoir calculated a storage above the maximum storage.
WARNING: Reservoir calculated an outlet velocity over max velocity, and therefore set the outlet velocity to max velocity.
WARNING: Reservoir calculated a storage above the maximum storage.
WARNING: Reservoir calculated an outlet velocity over max velocity, and therefore set the outlet velocity to max velocity.
WARNING: Reservoir calculated a storage above the maximum storage.
WARNING: Reservoir calculated an outlet velocity over max velocity, and therefore set the outlet velocity to max velocity.
WARNING: Reservoir calculated a storage above the maximum storage.
WARNING: Reservoir calculated an outlet velocity over max velocity, and therefore set the outlet velocity to max velocity.
WARNING: Reservoir calculated a storage above the maximum storage.
WARNING: Reservoir calculated an outlet velocity over max velocity, and therefore set the outlet velocity to max velocity.
WARNING: Reservoir calculated a storage above the maximum storage.
WARNING: Reservoir calculated an outlet velocity over max velocity, and therefore set the outlet velocity to max velocity.
WARNING: Reservoir calculated a storage above the maximum storage.
WARNING: Reservoir calculated an outlet velocity over max velocity, and therefore set the outlet velocity to max velocity.
WARNING: Reservoir calculated a storage above the maximum storage.
WARNING: Reservoir calculated an outlet velocity over max velocity, and therefore set the outlet velocity to max velocity.
WARNING: Reservoir calculated a storage above the maximum storage.
WARNING: Reservoir calculated an outlet velocity over max velocity, and therefore set the outlet velocity to max velocity.
WARNING: Reservoir calculated a storage above the maximum storage.
WARNING: Reservoir calculated an outlet velocity over max velocity, and therefore set the outlet velocity to max velocity.
WARNING: Reservoir calculated a storage above the maximum storage.
WARNING: Reservoir calculated an outlet velocity over max velocity, and therefore set the outlet velocity to max velocity.
WARNING: Reservoir calculated a storage above the maximum storage.
WARNING: Reservoir calculated an outlet velocity over max velocity, and therefore set the outlet velocity to max velocity.
WARNING: Reservoir calculated a storage above the maximum storage.
WARNING: Reservoir calculated an outlet velocity over max velocity, and therefore set the outlet velocity to max velocity.
WARNING: Reservoir calculated a storage above the maximum storage.
WARNING: Reservoir calculated an outlet velocity over max velocity, and therefore set the outlet velocity to max velocity.
WARNING: Reservoir calculated a storage above the maximum storage.
WARNING: Reservoir calculated an outlet velocity over max velocity, and therefore set the outlet velocity to max velocity.
WARNING: Reservoir calculated a storage above the maximum storage.
WARNING: Reservoir calculated an outlet velocity over max velocity, and therefore set the outlet velocity to max velocity.
WARNING: Reservoir calculated a storage above the maximum storage.
WARNING: Reservoir calculated an outlet velocity over max velocity, and therefore set the outlet velocity to max velocity.
WARNING: Reservoir calculated a storage above the maximum storage.
WARNING: Reservoir calculated an outlet velocity over max velocity, and therefore set the outlet velocity to max velocity.
WARNING: Reservoir calculated a storage above the maximum storage.
WARNING: Reservoir calculated an outlet velocity over max velocity, and therefore set the outlet velocity to max velocity.
WARNING: Reservoir calculated a storage above the maximum storage.
WARNING: Reservoir calculated an outlet velocity over max velocity, and therefore set the outlet velocity to max velocity.
WARNING: Reservoir calculated a storage above the maximum storage.
WARNING: Reservoir calculated an outlet velocity over max velocity, and therefore set the outlet velocity to max velocity.
WARNING: Reservoir calculated a storage above the maximum storage.
WARNING: Reservoir calculated an outlet velocity over max velocity, and therefore set the outlet velocity to max velocity.
WARNING: Reservoir calculated a storage above the maximum storage.
WARNING: Reservoir calculated an outlet velocity over max velocity, and therefore set the outlet velocity to max velocity.
WARNING: Reservoir calculated a storage above the maximum storage.
WARNING: Reservoir calculated an outlet velocity over max velocity, and therefore set the outlet velocity to max velocity.
WARNING: Reservoir calculated a storage above the maximum storage.
WARNING: Reservoir calculated an outlet velocity over max velocity, and therefore set the outlet velocity to max velocity.
WARNING: Reservoir calculated a storage above the maximum storage.
WARNING: Reservoir calculated an outlet velocity over max velocity, and therefore set the outlet velocity to max velocity.
WARNING: Reservoir calculated a storage above the maximum storage.
WARNING: Reservoir calculated an outlet velocity over max velocity, and therefore set the outlet velocity to max velocity.
WARNING: Reservoir calculated a storage above the maximum storage.
WARNING: Reservoir calculated an outlet velocity over max velocity, and therefore set the outlet velocity to max velocity.
WARNING: Reservoir calculated a storage above the maximum storage.
WARNING: Reservoir calculated an outlet velocity over max velocity, and therefore set the outlet velocity to max velocity.
WARNING: Reservoir calculated a storage above the maximum storage.
WARNING: Reservoir calculated an outlet velocity over max velocity, and therefore set the outlet velocity to max velocity.
WARNING: Reservoir calculated a storage above the maximum storage.
WARNING: Reservoir calculated an outlet velocity over max velocity, and therefore set the outlet velocity to max velocity.
WARNING: Reservoir calculated a storage above the maximum storage.
WARNING: Reservoir calculated an outlet velocity over max velocity, and therefore set the outlet velocity to max velocity.
WARNING: Reservoir calculated a storage above the maximum storage.
WARNING: Reservoir calculated an outlet velocity over max velocity, and therefore set the outlet velocity to max velocity.
WARNING: Reservoir calculated a storage above the maximum storage.
WARNING: Reservoir calculated an outlet velocity over max velocity, and therefore set the outlet velocity to max velocity.
WARNING: Reservoir calculated a storage above the maximum storage.
WARNING: Reservoir calculated an outlet velocity over max velocity, and therefore set the outlet velocity to max velocity.
WARNING: Reservoir calculated a storage above the maximum storage.
WARNING: Reservoir calculated an outlet velocity over max velocity, and therefore set the outlet velocity to max velocity.
WARNING: Reservoir calculated a storage above the maximum storage.
WARNING: Reservoir calculated an outlet velocity over max velocity, and therefore set the outlet velocity to max velocity.
WARNING: Reservoir calculated a storage above the maximum storage.
WARNING: Reservoir calculated an outlet velocity over max velocity, and therefore set the outlet velocity to max velocity.
WARNING: Reservoir calculated a storage above the maximum storage.
WARNING: Reservoir calculated an outlet velocity over max velocity, and therefore set the outlet velocity to max velocity.
WARNING: Reservoir calculated a storage above the maximum storage.
WARNING: Reservoir calculated an outlet velocity over max velocity, and therefore set the outlet velocity to max velocity.
WARNING: Reservoir calculated a storage above the maximum storage.
WARNING: Reservoir calculated an outlet velocity over max velocity, and therefore set the outlet velocity to max velocity.
WARNING: Reservoir calculated a storage above the maximum storage.
WARNING: Reservoir calculated an outlet velocity over max velocity, and therefore set the outlet velocity to max velocity.
WARNING: Reservoir calculated a storage above the maximum storage.
WARNING: Reservoir calculated an outlet velocity over max velocity, and therefore set the outlet velocity to max velocity.
WARNING: Reservoir calculated a storage above the maximum storage.
WARNING: Reservoir calculated an outlet velocity over max velocity, and therefore set the outlet velocity to max velocity.
WARNING: Reservoir calculated a storage above the maximum storage.
WARNING: Reservoir calculated an outlet velocity over max velocity, and therefore set the outlet velocity to max velocity.
WARNING: Reservoir calculated a storage above the maximum storage.
WARNING: Reservoir calculated an outlet velocity over max velocity, and therefore set the outlet velocity to max velocity.
WARNING: Reservoir calculated a storage above the maximum storage.
WARNING: Reservoir calculated an outlet velocity over max velocity, and therefore set the outlet velocity to max velocity.
WARNING: Reservoir calculated a storage above the maximum storage.
WARNING: Reservoir calculated an outlet velocity over max velocity, and therefore set the outlet velocity to max velocity.
WARNING: Reservoir calculated a storage above the maximum storage.
WARNING: Reservoir calculated an outlet velocity over max velocity, and therefore set the outlet velocity to max velocity.
WARNING: Reservoir calculated a storage above the maximum storage.
WARNING: Reservoir calculated an outlet velocity over max velocity, and therefore set the outlet velocity to max velocity.
WARNING: Reservoir calculated a storage above the maximum storage.
WARNING: Reservoir calculated an outlet velocity over max velocity, and therefore set the outlet velocity to max velocity.
WARNING: Reservoir calculated a storage above the maximum storage.
WARNING: Reservoir calculated an outlet velocity over max velocity, and therefore set the outlet velocity to max velocity.
WARNING: Reservoir calculated a storage above the maximum storage.
WARNING: Reservoir calculated an outlet velocity over max velocity, and therefore set the outlet velocity to max velocity.
WARNING: Reservoir calculated a storage above the maximum storage.
WARNING: Reservoir calculated an outlet velocity over max velocity, and therefore set the outlet velocity to max velocity.
WARNING: Reservoir calculated a storage above the maximum storage.
WARNING: Reservoir calculated an outlet velocity over max velocity, and therefore set the outlet velocity to max velocity.
WARNING: Reservoir calculated a storage above the maximum storage.
WARNING: Reservoir calculated an outlet velocity over max velocity, and therefore set the outlet velocity to max velocity.
WARNING: Reservoir calculated a storage above the maximum storage.
WARNING: Reservoir calculated an outlet velocity over max velocity, and therefore set the outlet velocity to max velocity.
WARNING: Reservoir calculated a storage above the maximum storage.
WARNING: Reservoir calculated an outlet velocity over max velocity, and therefore set the outlet velocity to max velocity.
WARNING: Reservoir calculated a storage above the maximum storage.
WARNING: Reservoir calculated an outlet velocity over max velocity, and therefore set the outlet velocity to max velocity.
WARNING: Reservoir calculated a storage above the maximum storage.
WARNING: Reservoir calculated an outlet velocity over max velocity, and therefore set the outlet velocity to max velocity.
WARNING: Reservoir calculated a storage above the maximum storage.
WARNING: Reservoir calculated an outlet velocity over max velocity, and therefore set the outlet velocity to max velocity.
WARNING: Reservoir calculated a storage above the maximum storage.
WARNING: Reservoir calculated an outlet velocity over max velocity, and therefore set the outlet velocity to max velocity.
WARNING: Reservoir calculated a storage above the maximum storage.
WARNING: Reservoir calculated an outlet velocity over max velocity, and therefore set the outlet velocity to max velocity.
WARNING: Reservoir calculated a storage above the maximum storage.
WARNING: Reservoir calculated an outlet velocity over max velocity, and therefore set the outlet velocity to max velocity.
WARNING: Reservoir calculated a storage above the maximum storage.
WARNING: Reservoir calculated an outlet velocity over max velocity, and therefore set the outlet velocity to max velocity.
WARNING: Reservoir calculated a storage above the maximum storage.
WARNING: Reservoir calculated an outlet velocity over max velocity, and therefore set the outlet velocity to max velocity.
WARNING: Reservoir calculated a storage above the maximum storage.
WARNING: Reservoir calculated an outlet velocity over max velocity, and therefore set the outlet velocity to max velocity.
WARNING: Reservoir calculated a storage above the maximum storage.
WARNING: Reservoir calculated an outlet velocity over max velocity, and therefore set the outlet velocity to max velocity.
WARNING: Reservoir calculated a storage above the maximum storage.
WARNING: Reservoir calculated an outlet velocity over max velocity, and therefore set the outlet velocity to max velocity.
WARNING: Reservoir calculated a storage above the maximum storage.
WARNING: Reservoir calculated an outlet velocity over max velocity, and therefore set the outlet velocity to max velocity.
WARNING: Reservoir calculated a storage above the maximum storage.
WARNING: Reservoir calculated an outlet velocity over max velocity, and therefore set the outlet velocity to max velocity.
WARNING: Reservoir calculated a storage above the maximum storage.
WARNING: Reservoir calculated an outlet velocity over max velocity, and therefore set the outlet velocity to max velocity.
WARNING: Reservoir calculated a storage above the maximum storage.
WARNING: Reservoir calculated an outlet velocity over max velocity, and therefore set the outlet velocity to max velocity.
WARNING: Reservoir calculated a storage above the maximum storage.
WARNING: Reservoir calculated an outlet velocity over max velocity, and therefore set the outlet velocity to max velocity.
WARNING: Reservoir calculated a storage above the maximum storage.
WARNING: Reservoir calculated an outlet velocity over max velocity, and therefore set the outlet velocity to max velocity.
WARNING: Reservoir calculated a storage above the maximum storage.
WARNING: Reservoir calculated an outlet velocity over max velocity, and therefore set the outlet velocity to max velocity.
WARNING: Reservoir calculated a storage above the maximum storage.
WARNING: Reservoir calculated an outlet velocity over max velocity, and therefore set the outlet velocity to max velocity.
WARNING: Reservoir calculated a storage above the maximum storage.
WARNING: Reservoir calculated an outlet velocity over max velocity, and therefore set the outlet velocity to max velocity.
WARNING: Reservoir calculated a storage above the maximum storage.
WARNING: Reservoir calculated an outlet velocity over max velocity, and therefore set the outlet velocity to max velocity.
WARNING: Reservoir calculated a storage above the maximum storage.
WARNING: Reservoir calculated an outlet velocity over max velocity, and therefore set the outlet velocity to max velocity.
WARNING: Reservoir calculated a storage above the maximum storage.
WARNING: Reservoir calculated an outlet velocity over max velocity, and therefore set the outlet velocity to max velocity.
WARNING: Reservoir calculated a storage above the maximum storage.
WARNING: Reservoir calculated an outlet velocity over max velocity, and therefore set the outlet velocity to max velocity.
WARNING: Reservoir calculated a storage above the maximum storage.
WARNING: Reservoir calculated an outlet velocity over max velocity, and therefore set the outlet velocity to max velocity.
WARNING: Reservoir calculated a storage above the maximum storage.
WARNING: Reservoir calculated an outlet velocity over max velocity, and therefore set the outlet velocity to max velocity.
WARNING: Reservoir calculated a storage above the maximum storage.
WARNING: Reservoir calculated an outlet velocity over max velocity, and therefore set the outlet velocity to max velocity.
WARNING: Reservoir calculated a storage above the maximum storage.
WARNING: Reservoir calculated an outlet velocity over max velocity, and therefore set the outlet velocity to max velocity.
WARNING: Reservoir calculated a storage above the maximum storage.
WARNING: Reservoir calculated an outlet velocity over max velocity, and therefore set the outlet velocity to max velocity.
WARNING: Reservoir calculated a storage above the maximum storage.
WARNING: Reservoir calculated an outlet velocity over max velocity, and therefore set the outlet velocity to max velocity.
WARNING: Reservoir calculated a storage above the maximum storage.
WARNING: Reservoir calculated an outlet velocity over max velocity, and therefore set the outlet velocity to max velocity.
WARNING: Reservoir calculated a storage above the maximum storage.
WARNING: Reservoir calculated an outlet velocity over max velocity, and therefore set the outlet velocity to max velocity.
WARNING: Reservoir calculated a storage above the maximum storage.
WARNING: Reservoir calculated an outlet velocity over max velocity, and therefore set the outlet velocity to max velocity.
WARNING: Reservoir calculated a storage above the maximum storage.
WARNING: Reservoir calculated an outlet velocity over max velocity, and therefore set the outlet velocity to max velocity.
WARNING: Reservoir calculated a storage above the maximum storage.
WARNING: Reservoir calculated an outlet velocity over max velocity, and therefore set the outlet velocity to max velocity.
WARNING: Reservoir calculated a storage above the maximum storage.
WARNING: Reservoir calculated an outlet velocity over max velocity, and therefore set the outlet velocity to max velocity.
WARNING: Reservoir calculated a storage above the maximum storage.
WARNING: Reservoir calculated an outlet velocity over max velocity, and therefore set the outlet velocity to max velocity.
WARNING: Reservoir calculated a storage above the maximum storage.
WARNING: Reservoir calculated an outlet velocity over max velocity, and therefore set the outlet velocity to max velocity.
WARNING: Reservoir calculated a storage above the maximum storage.
WARNING: Reservoir calculated an outlet velocity over max velocity, and therefore set the outlet velocity to max velocity.
WARNING: Reservoir calculated a storage above the maximum storage.
WARNING: Reservoir calculated an outlet velocity over max velocity, and therefore set the outlet velocity to max velocity.
WARNING: Reservoir calculated a storage above the maximum storage.
WARNING: Reservoir calculated an outlet velocity over max velocity, and therefore set the outlet velocity to max velocity.
WARNING: Reservoir calculated a storage above the maximum storage.
WARNING: Reservoir calculated an outlet velocity over max velocity, and therefore set the outlet velocity to max velocity.
WARNING: Reservoir calculated a storage above the maximum storage.
WARNING: Reservoir calculated an outlet velocity over max velocity, and therefore set the outlet velocity to max velocity.
WARNING: Reservoir calculated a storage above the maximum storage.
WARNING: Reservoir calculated an outlet velocity over max velocity, and therefore set the outlet velocity to max velocity.
WARNING: Reservoir calculated a storage above the maximum storage.
WARNING: Reservoir calculated an outlet velocity over max velocity, and therefore set the outlet velocity to max velocity.
WARNING: Reservoir calculated a storage above the maximum storage.
WARNING: Reservoir calculated an outlet velocity over max velocity, and therefore set the outlet velocity to max velocity.
WARNING: Reservoir calculated a storage above the maximum storage.
WARNING: Reservoir calculated an outlet velocity over max velocity, and therefore set the outlet velocity to max velocity.
WARNING: Reservoir calculated a storage above the maximum storage.
WARNING: Reservoir calculated an outlet velocity over max velocity, and therefore set the outlet velocity to max velocity.
WARNING: Reservoir calculated a storage above the maximum storage.
WARNING: Reservoir calculated an outlet velocity over max velocity, and therefore set the outlet velocity to max velocity.
WARNING: Reservoir calculated a storage above the maximum storage.
WARNING: Reservoir calculated an outlet velocity over max velocity, and therefore set the outlet velocity to max velocity.
WARNING: Reservoir calculated a storage above the maximum storage.
WARNING: Reservoir calculated an outlet velocity over max velocity, and therefore set the outlet velocity to max velocity.
WARNING: Reservoir calculated a storage above the maximum storage.
WARNING: Reservoir calculated an outlet velocity over max velocity, and therefore set the outlet velocity to max velocity.
WARNING: Reservoir calculated a storage above the maximum storage.
WARNING: Reservoir calculated an outlet velocity over max velocity, and therefore set the outlet velocity to max velocity.
WARNING: Reservoir calculated a storage above the maximum storage.
WARNING: Reservoir calculated an outlet velocity over max velocity, and therefore set the outlet velocity to max velocity.
WARNING: Reservoir calculated a storage above the maximum storage.
WARNING: Reservoir calculated an outlet velocity over max velocity, and therefore set the outlet velocity to max velocity.
WARNING: Reservoir calculated a storage above the maximum storage.
WARNING: Reservoir calculated an outlet velocity over max velocity, and therefore set the outlet velocity to max velocity.
WARNING: Reservoir calculated a storage above the maximum storage.
WARNING: Reservoir calculated an outlet velocity over max velocity, and therefore set the outlet velocity to max velocity.
WARNING: Reservoir calculated a storage above the maximum storage.
WARNING: Reservoir calculated an outlet velocity over max velocity, and therefore set the outlet velocity to max velocity.
WARNING: Reservoir calculated a storage above the maximum storage.
WARNING: Reservoir calculated an outlet velocity over max velocity, and therefore set the outlet velocity to max velocity.
WARNING: Reservoir calculated a storage above the maximum storage.
WARNING: Reservoir calculated an outlet velocity over max velocity, and therefore set the outlet velocity to max velocity.
WARNING: Reservoir calculated a storage above the maximum storage.
WARNING: Reservoir calculated an outlet velocity over max velocity, and therefore set the outlet velocity to max velocity.
WARNING: Reservoir calculated a storage above the maximum storage.
WARNING: Reservoir calculated an outlet velocity over max velocity, and therefore set the outlet velocity to max velocity.
WARNING: Reservoir calculated a storage above the maximum storage.
WARNING: Reservoir calculated an outlet velocity over max velocity, and therefore set the outlet velocity to max velocity.
WARNING: Reservoir calculated a storage above the maximum storage.
WARNING: Reservoir calculated an outlet velocity over max velocity, and therefore set the outlet velocity to max velocity.
WARNING: Reservoir calculated a storage above the maximum storage.
WARNING: Reservoir calculated an outlet velocity over max velocity, and therefore set the outlet velocity to max velocity.
WARNING: Reservoir calculated a storage above the maximum storage.
WARNING: Reservoir calculated an outlet velocity over max velocity, and therefore set the outlet velocity to max velocity.
WARNING: Reservoir calculated a storage above the maximum storage.
WARNING: Reservoir calculated an outlet velocity over max velocity, and therefore set the outlet velocity to max velocity.
WARNING: Reservoir calculated a storage above the maximum storage.
WARNING: Reservoir calculated an outlet velocity over max velocity, and therefore set the outlet velocity to max velocity.
WARNING: Reservoir calculated a storage above the maximum storage.
WARNING: Reservoir calculated an outlet velocity over max velocity, and therefore set the outlet velocity to max velocity.
WARNING: Reservoir calculated a storage above the maximum storage.
WARNING: Reservoir calculated an outlet velocity over max velocity, and therefore set the outlet velocity to max velocity.
WARNING: Reservoir calculated a storage above the maximum storage.
WARNING: Reservoir calculated an outlet velocity over max velocity, and therefore set the outlet velocity to max velocity.
WARNING: Reservoir calculated a storage above the maximum storage.
WARNING: Reservoir calculated an outlet velocity over max velocity, and therefore set the outlet velocity to max velocity.
WARNING: Reservoir calculated a storage above the maximum storage.
WARNING: Reservoir calculated an outlet velocity over max velocity, and therefore set the outlet velocity to max velocity.
WARNING: Reservoir calculated a storage above the maximum storage.
WARNING: Reservoir calculated an outlet velocity over max velocity, and therefore set the outlet velocity to max velocity.
WARNING: Reservoir calculated a storage above the maximum storage.
WARNING: Reservoir calculated an outlet velocity over max velocity, and therefore set the outlet velocity to max velocity.
WARNING: Reservoir calculated a storage above the maximum storage.
WARNING: Reservoir calculated an outlet velocity over max velocity, and therefore set the outlet velocity to max velocity.
WARNING: Reservoir calculated a storage above the maximum storage.
WARNING: Reservoir calculated an outlet velocity over max velocity, and therefore set the outlet velocity to max velocity.
WARNING: Reservoir calculated a storage above the maximum storage.
WARNING: Reservoir calculated an outlet velocity over max velocity, and therefore set the outlet velocity to max velocity.
WARNING: Reservoir calculated a storage above the maximum storage.
WARNING: Reservoir calculated an outlet velocity over max velocity, and therefore set the outlet velocity to max velocity.
WARNING: Reservoir calculated a storage above the maximum storage.
WARNING: Reservoir calculated an outlet velocity over max velocity, and therefore set the outlet velocity to max velocity.
WARNING: Reservoir calculated a storage above the maximum storage.
WARNING: Reservoir calculated an outlet velocity over max velocity, and therefore set the outlet velocity to max velocity.
WARNING: Reservoir calculated a storage above the maximum storage.
WARNING: Reservoir calculated an outlet velocity over max velocity, and therefore set the outlet velocity to max velocity.
WARNING: Reservoir calculated a storage above the maximum storage.
WARNING: Reservoir calculated an outlet velocity over max velocity, and therefore set the outlet velocity to max velocity.
WARNING: Reservoir calculated a storage above the maximum storage.
WARNING: Reservoir calculated an outlet velocity over max velocity, and therefore set the outlet velocity to max velocity.
WARNING: Reservoir calculated a storage above the maximum storage.
WARNING: Reservoir calculated an outlet velocity over max velocity, and therefore set the outlet velocity to max velocity.
WARNING: Reservoir calculated a storage above the maximum storage.
WARNING: Reservoir calculated an outlet velocity over max velocity, and therefore set the outlet velocity to max velocity.
WARNING: Reservoir calculated a storage above the maximum storage.
WARNING: Reservoir calculated an outlet velocity over max velocity, and therefore set the outlet velocity to max velocity.
WARNING: Reservoir calculated a storage above the maximum storage.
WARNING: Reservoir calculated an outlet velocity over max velocity, and therefore set the outlet velocity to max velocity.
WARNING: Reservoir calculated a storage above the maximum storage.
WARNING: Reservoir calculated an outlet velocity over max velocity, and therefore set the outlet velocity to max velocity.
WARNING: Reservoir calculated a storage above the maximum storage.
WARNING: Reservoir calculated an outlet velocity over max velocity, and therefore set the outlet velocity to max velocity.
WARNING: Reservoir calculated a storage above the maximum storage.
WARNING: Reservoir calculated an outlet velocity over max velocity, and therefore set the outlet velocity to max velocity.
WARNING: Reservoir calculated a storage above the maximum storage.
WARNING: Reservoir calculated an outlet velocity over max velocity, and therefore set the outlet velocity to max velocity.
WARNING: Reservoir calculated a storage above the maximum storage.
WARNING: Reservoir calculated an outlet velocity over max velocity, and therefore set the outlet velocity to max velocity.
WARNING: Reservoir calculated a storage above the maximum storage.
WARNING: Reservoir calculated an outlet velocity over max velocity, and therefore set the outlet velocity to max velocity.
WARNING: Reservoir calculated a storage above the maximum storage.
WARNING: Reservoir calculated an outlet velocity over max velocity, and therefore set the outlet velocity to max velocity.
WARNING: Reservoir calculated a storage above the maximum storage.
WARNING: Reservoir calculated an outlet velocity over max velocity, and therefore set the outlet velocity to max velocity.
WARNING: Reservoir calculated a storage above the maximum storage.
WARNING: Reservoir calculated an outlet velocity over max velocity, and therefore set the outlet velocity to max velocity.
WARNING: Reservoir calculated a storage above the maximum storage.
WARNING: Reservoir calculated an outlet velocity over max velocity, and therefore set the outlet velocity to max velocity.
WARNING: Reservoir calculated a storage above the maximum storage.
WARNING: Reservoir calculated an outlet velocity over max velocity, and therefore set the outlet velocity to max velocity.
WARNING: Reservoir calculated a storage above the maximum storage.
WARNING: Reservoir calculated an outlet velocity over max velocity, and therefore set the outlet velocity to max velocity.
WARNING: Reservoir calculated a storage above the maximum storage.
WARNING: Reservoir calculated an outlet velocity over max velocity, and therefore set the outlet velocity to max velocity.
WARNING: Reservoir calculated a storage above the maximum storage.
WARNING: Reservoir calculated an outlet velocity over max velocity, and therefore set the outlet velocity to max velocity.
WARNING: Reservoir calculated a storage above the maximum storage.
WARNING: Reservoir calculated an outlet velocity over max velocity, and therefore set the outlet velocity to max velocity.
WARNING: Reservoir calculated a storage above the maximum storage.
WARNING: Reservoir calculated an outlet velocity over max velocity, and therefore set the outlet velocity to max velocity.
WARNING: Reservoir calculated a storage above the maximum storage.
WARNING: Reservoir calculated an outlet velocity over max velocity, and therefore set the outlet velocity to max velocity.
WARNING: Reservoir calculated a storage above the maximum storage.
WARNING: Reservoir calculated an outlet velocity over max velocity, and therefore set the outlet velocity to max velocity.
WARNING: Reservoir calculated a storage above the maximum storage.
WARNING: Reservoir calculated an outlet velocity over max velocity, and therefore set the outlet velocity to max velocity.
WARNING: Reservoir calculated a storage above the maximum storage.
WARNING: Reservoir calculated an outlet velocity over max velocity, and therefore set the outlet velocity to max velocity.
WARNING: Reservoir calculated a storage above the maximum storage.
WARNING: Reservoir calculated an outlet velocity over max velocity, and therefore set the outlet velocity to max velocity.
WARNING: Reservoir calculated a storage above the maximum storage.
WARNING: Reservoir calculated an outlet velocity over max velocity, and therefore set the outlet velocity to max velocity.
WARNING: Reservoir calculated a storage above the maximum storage.
WARNING: Reservoir calculated an outlet velocity over max velocity, and therefore set the outlet velocity to max velocity.
WARNING: Reservoir calculated a storage above the maximum storage.
WARNING: Reservoir calculated an outlet velocity over max velocity, and therefore set the outlet velocity to max velocity.
WARNING: Reservoir calculated a storage above the maximum storage.
WARNING: Reservoir calculated an outlet velocity over max velocity, and therefore set the outlet velocity to max velocity.
WARNING: Reservoir calculated a storage above the maximum storage.
WARNING: Reservoir calculated an outlet velocity over max velocity, and therefore set the outlet velocity to max velocity.
WARNING: Reservoir calculated a storage above the maximum storage.
WARNING: Reservoir calculated an outlet velocity over max velocity, and therefore set the outlet velocity to max velocity.
WARNING: Reservoir calculated a storage above the maximum storage.
WARNING: Reservoir calculated an outlet velocity over max velocity, and therefore set the outlet velocity to max velocity.
WARNING: Reservoir calculated a storage above the maximum storage.
WARNING: Reservoir calculated an outlet velocity over max velocity, and therefore set the outlet velocity to max velocity.
WARNING: Reservoir calculated a storage above the maximum storage.
WARNING: Reservoir calculated an outlet velocity over max velocity, and therefore set the outlet velocity to max velocity.
WARNING: Reservoir calculated a storage above the maximum storage.
WARNING: Reservoir calculated an outlet velocity over max velocity, and therefore set the outlet velocity to max velocity.
WARNING: Reservoir calculated a storage above the maximum storage.
WARNING: Reservoir calculated an outlet velocity over max velocity, and therefore set the outlet velocity to max velocity.
WARNING: Reservoir calculated a storage above the maximum storage.
WARNING: Reservoir calculated an outlet velocity over max velocity, and therefore set the outlet velocity to max velocity.
WARNING: Reservoir calculated a storage above the maximum storage.
WARNING: Reservoir calculated an outlet velocity over max velocity, and therefore set the outlet velocity to max velocity.
WARNING: Reservoir calculated a storage above the maximum storage.
WARNING: Reservoir calculated an outlet velocity over max velocity, and therefore set the outlet velocity to max velocity.
WARNING: Reservoir calculated a storage above the maximum storage.
WARNING: Reservoir calculated an outlet velocity over max velocity, and therefore set the outlet velocity to max velocity.
WARNING: Reservoir calculated a storage above the maximum storage.
WARNING: Reservoir calculated an outlet velocity over max velocity, and therefore set the outlet velocity to max velocity.
WARNING: Reservoir calculated a storage above the maximum storage.
WARNING: Reservoir calculated an outlet velocity over max velocity, and therefore set the outlet velocity to max velocity.
WARNING: Reservoir calculated a storage above the maximum storage.
WARNING: Reservoir calculated an outlet velocity over max velocity, and therefore set the outlet velocity to max velocity.
WARNING: Reservoir calculated a storage above the maximum storage.
WARNING: Reservoir calculated an outlet velocity over max velocity, and therefore set the outlet velocity to max velocity.
WARNING: Reservoir calculated a storage above the maximum storage.
WARNING: Reservoir calculated an outlet velocity over max velocity, and therefore set the outlet velocity to max velocity.
WARNING: Reservoir calculated a storage above the maximum storage.
WARNING: Reservoir calculated an outlet velocity over max velocity, and therefore set the outlet velocity to max velocity.
WARNING: Reservoir calculated a storage above the maximum storage.
WARNING: Reservoir calculated an outlet velocity over max velocity, and therefore set the outlet velocity to max velocity.
WARNING: Reservoir calculated a storage above the maximum storage.
WARNING: Reservoir calculated an outlet velocity over max velocity, and therefore set the outlet velocity to max velocity.
WARNING: Reservoir calculated a storage above the maximum storage.
WARNING: Reservoir calculated an outlet velocity over max velocity, and therefore set the outlet velocity to max velocity.
WARNING: Reservoir calculated a storage above the maximum storage.
WARNING: Reservoir calculated an outlet velocity over max velocity, and therefore set the outlet velocity to max velocity.
WARNING: Reservoir calculated a storage above the maximum storage.
WARNING: Reservoir calculated an outlet velocity over max velocity, and therefore set the outlet velocity to max velocity.
WARNING: Reservoir calculated a storage above the maximum storage.
WARNING: Reservoir calculated an outlet velocity over max velocity, and therefore set the outlet velocity to max velocity.
WARNING: Reservoir calculated a storage above the maximum storage.
WARNING: Reservoir calculated an outlet velocity over max velocity, and therefore set the outlet velocity to max velocity.
WARNING: Reservoir calculated a storage above the maximum storage.
WARNING: Reservoir calculated an outlet velocity over max velocity, and therefore set the outlet velocity to max velocity.
WARNING: Reservoir calculated a storage above the maximum storage.
WARNING: Reservoir calculated an outlet velocity over max velocity, and therefore set the outlet velocity to max velocity.
WARNING: Reservoir calculated a storage above the maximum storage.
WARNING: Reservoir calculated an outlet velocity over max velocity, and therefore set the outlet velocity to max velocity.
WARNING: Reservoir calculated a storage above the maximum storage.
WARNING: Reservoir calculated an outlet velocity over max velocity, and therefore set the outlet velocity to max velocity.
WARNING: Reservoir calculated a storage above the maximum storage.
WARNING: Reservoir calculated an outlet velocity over max velocity, and therefore set the outlet velocity to max velocity.
WARNING: Reservoir calculated a storage above the maximum storage.
WARNING: Reservoir calculated an outlet velocity over max velocity, and therefore set the outlet velocity to max velocity.
WARNING: Reservoir calculated a storage above the maximum storage.
WARNING: Reservoir calculated an outlet velocity over max velocity, and therefore set the outlet velocity to max velocity.
WARNING: Reservoir calculated a storage above the maximum storage.
WARNING: Reservoir calculated an outlet velocity over max velocity, and therefore set the outlet velocity to max velocity.
WARNING: Reservoir calculated a storage above the maximum storage.
WARNING: Reservoir calculated an outlet velocity over max velocity, and therefore set the outlet velocity to max velocity.
WARNING: Reservoir calculated a storage above the maximum storage.
WARNING: Reservoir calculated an outlet velocity over max velocity, and therefore set the outlet velocity to max velocity.
WARNING: Reservoir calculated a storage above the maximum storage.
WARNING: Reservoir calculated an outlet velocity over max velocity, and therefore set the outlet velocity to max velocity.
WARNING: Reservoir calculated a storage above the maximum storage.
WARNING: Reservoir calculated an outlet velocity over max velocity, and therefore set the outlet velocity to max velocity.
WARNING: Reservoir calculated a storage above the maximum storage.
WARNING: Reservoir calculated an outlet velocity over max velocity, and therefore set the outlet velocity to max velocity.
WARNING: Reservoir calculated a storage above the maximum storage.
WARNING: Reservoir calculated an outlet velocity over max velocity, and therefore set the outlet velocity to max velocity.
WARNING: Reservoir calculated a storage above the maximum storage.
WARNING: Reservoir calculated an outlet velocity over max velocity, and therefore set the outlet velocity to max velocity.
WARNING: Reservoir calculated a storage above the maximum storage.
WARNING: Reservoir calculated an outlet velocity over max velocity, and therefore set the outlet velocity to max velocity.
WARNING: Reservoir calculated a storage above the maximum storage.
WARNING: Reservoir calculated an outlet velocity over max velocity, and therefore set the outlet velocity to max velocity.
WARNING: Reservoir calculated a storage above the maximum storage.
WARNING: Reservoir calculated an outlet velocity over max velocity, and therefore set the outlet velocity to max velocity.
WARNING: Reservoir calculated a storage above the maximum storage.
WARNING: Reservoir calculated an outlet velocity over max velocity, and therefore set the outlet velocity to max velocity.
WARNING: Reservoir calculated a storage above the maximum storage.
WARNING: Reservoir calculated an outlet velocity over max velocity, and therefore set the outlet velocity to max velocity.
WARNING: Reservoir calculated a storage above the maximum storage.
WARNING: Reservoir calculated an outlet velocity over max velocity, and therefore set the outlet velocity to max velocity.
WARNING: Reservoir calculated a storage above the maximum storage.
WARNING: Reservoir calculated an outlet velocity over max velocity, and therefore set the outlet velocity to max velocity.
WARNING: Reservoir calculated a storage above the maximum storage.
WARNING: Reservoir calculated an outlet velocity over max velocity, and therefore set the outlet velocity to max velocity.
WARNING: Reservoir calculated a storage above the maximum storage.
WARNING: Reservoir calculated an outlet velocity over max velocity, and therefore set the outlet velocity to max velocity.
WARNING: Reservoir calculated a storage above the maximum storage.
WARNING: Reservoir calculated an outlet velocity over max velocity, and therefore set the outlet velocity to max velocity.
WARNING: Reservoir calculated a storage above the maximum storage.
WARNING: Reservoir calculated an outlet velocity over max velocity, and therefore set the outlet velocity to max velocity.
WARNING: Reservoir calculated a storage above the maximum storage.
WARNING: Reservoir calculated an outlet velocity over max velocity, and therefore set the outlet velocity to max velocity.
WARNING: Reservoir calculated a storage above the maximum storage.
WARNING: Reservoir calculated an outlet velocity over max velocity, and therefore set the outlet velocity to max velocity.
WARNING: Reservoir calculated a storage above the maximum storage.
WARNING: Reservoir calculated an outlet velocity over max velocity, and therefore set the outlet velocity to max velocity.
WARNING: Reservoir calculated a storage above the maximum storage.
WARNING: Reservoir calculated an outlet velocity over max velocity, and therefore set the outlet velocity to max velocity.
WARNING: Reservoir calculated a storage above the maximum storage.
WARNING: Reservoir calculated an outlet velocity over max velocity, and therefore set the outlet velocity to max velocity.
WARNING: Reservoir calculated a storage above the maximum storage.
WARNING: Reservoir calculated an outlet velocity over max velocity, and therefore set the outlet velocity to max velocity.
WARNING: Reservoir calculated a storage above the maximum storage.
WARNING: Reservoir calculated an outlet velocity over max velocity, and therefore set the outlet velocity to max velocity.
WARNING: Reservoir calculated a storage above the maximum storage.
WARNING: Reservoir calculated an outlet velocity over max velocity, and therefore set the outlet velocity to max velocity.
WARNING: Reservoir calculated a storage above the maximum storage.
WARNING: Reservoir calculated an outlet velocity over max velocity, and therefore set the outlet velocity to max velocity.
WARNING: Reservoir calculated a storage above the maximum storage.
WARNING: Reservoir calculated an outlet velocity over max velocity, and therefore set the outlet velocity to max velocity.
WARNING: Reservoir calculated a storage above the maximum storage.
WARNING: Reservoir calculated an outlet velocity over max velocity, and therefore set the outlet velocity to max velocity.
WARNING: Reservoir calculated a storage above the maximum storage.
WARNING: Reservoir calculated an outlet velocity over max velocity, and therefore set the outlet velocity to max velocity.
WARNING: Reservoir calculated a storage above the maximum storage.
WARNING: Reservoir calculated an outlet velocity over max velocity, and therefore set the outlet velocity to max velocity.
WARNING: Reservoir calculated a storage above the maximum storage.
WARNING: Reservoir calculated an outlet velocity over max velocity, and therefore set the outlet velocity to max velocity.
WARNING: Reservoir calculated a storage above the maximum storage.
WARNING: Reservoir calculated an outlet velocity over max velocity, and therefore set the outlet velocity to max velocity.
WARNING: Reservoir calculated a storage above the maximum storage.
WARNING: Reservoir calculated an outlet velocity over max velocity, and therefore set the outlet velocity to max velocity.
WARNING: Reservoir calculated a storage above the maximum storage.
WARNING: Reservoir calculated an outlet velocity over max velocity, and therefore set the outlet velocity to max velocity.
WARNING: Reservoir calculated a storage above the maximum storage.
WARNING: Reservoir calculated an outlet velocity over max velocity, and therefore set the outlet velocity to max velocity.
WARNING: Reservoir calculated a storage above the maximum storage.
WARNING: Reservoir calculated an outlet velocity over max velocity, and therefore set the outlet velocity to max velocity.
WARNING: Reservoir calculated a storage above the maximum storage.
WARNING: Reservoir calculated an outlet velocity over max velocity, and therefore set the outlet velocity to max velocity.
WARNING: Reservoir calculated a storage above the maximum storage.
WARNING: Reservoir calculated an outlet velocity over max velocity, and therefore set the outlet velocity to max velocity.
WARNING: Reservoir calculated a storage above the maximum storage.
WARNING: Reservoir calculated an outlet velocity over max velocity, and therefore set the outlet velocity to max velocity.
WARNING: Reservoir calculated a storage above the maximum storage.
WARNING: Reservoir calculated an outlet velocity over max velocity, and therefore set the outlet velocity to max velocity.
WARNING: Reservoir calculated a storage above the maximum storage.
WARNING: Reservoir calculated an outlet velocity over max velocity, and therefore set the outlet velocity to max velocity.
WARNING: Reservoir calculated a storage above the maximum storage.
WARNING: Reservoir calculated an outlet velocity over max velocity, and therefore set the outlet velocity to max velocity.
WARNING: Reservoir calculated a storage above the maximum storage.
WARNING: Reservoir calculated an outlet velocity over max velocity, and therefore set the outlet velocity to max velocity.
WARNING: Reservoir calculated a storage above the maximum storage.
WARNING: Reservoir calculated an outlet velocity over max velocity, and therefore set the outlet velocity to max velocity.
WARNING: Reservoir calculated a storage above the maximum storage.
WARNING: Reservoir calculated an outlet velocity over max velocity, and therefore set the outlet velocity to max velocity.
WARNING: Reservoir calculated a storage above the maximum storage.
WARNING: Reservoir calculated an outlet velocity over max velocity, and therefore set the outlet velocity to max velocity.
WARNING: Reservoir calculated a storage above the maximum storage.
WARNING: Reservoir calculated an outlet velocity over max velocity, and therefore set the outlet velocity to max velocity.
WARNING: Reservoir calculated a storage above the maximum storage.
WARNING: Reservoir calculated an outlet velocity over max velocity, and therefore set the outlet velocity to max velocity.
WARNING: Reservoir calculated a storage above the maximum storage.
WARNING: Reservoir calculated an outlet velocity over max velocity, and therefore set the outlet velocity to max velocity.
WARNING: Reservoir calculated a storage above the maximum storage.
WARNING: Reservoir calculated an outlet velocity over max velocity, and therefore set the outlet velocity to max velocity.
WARNING: Reservoir calculated a storage above the maximum storage.
WARNING: Reservoir calculated an outlet velocity over max velocity, and therefore set the outlet velocity to max velocity.
WARNING: Reservoir calculated a storage above the maximum storage.
WARNING: Reservoir calculated an outlet velocity over max velocity, and therefore set the outlet velocity to max velocity.
WARNING: Reservoir calculated a storage above the maximum storage.
WARNING: Reservoir calculated an outlet velocity over max velocity, and therefore set the outlet velocity to max velocity.
WARNING: Reservoir calculated a storage above the maximum storage.
WARNING: Reservoir calculated an outlet velocity over max velocity, and therefore set the outlet velocity to max velocity.
WARNING: Reservoir calculated a storage above the maximum storage.
WARNING: Reservoir calculated an outlet velocity over max velocity, and therefore set the outlet velocity to max velocity.
WARNING: Reservoir calculated a storage above the maximum storage.
WARNING: Reservoir calculated an outlet velocity over max velocity, and therefore set the outlet velocity to max velocity.
WARNING: Reservoir calculated a storage above the maximum storage.
WARNING: Reservoir calculated an outlet velocity over max velocity, and therefore set the outlet velocity to max velocity.
WARNING: Reservoir calculated a storage above the maximum storage.
WARNING: Reservoir calculated an outlet velocity over max velocity, and therefore set the outlet velocity to max velocity.
WARNING: Reservoir calculated a storage above the maximum storage.
WARNING: Reservoir calculated an outlet velocity over max velocity, and therefore set the outlet velocity to max velocity.
WARNING: Reservoir calculated a storage above the maximum storage.
WARNING: Reservoir calculated an outlet velocity over max velocity, and therefore set the outlet velocity to max velocity.
WARNING: Reservoir calculated a storage above the maximum storage.
WARNING: Reservoir calculated an outlet velocity over max velocity, and therefore set the outlet velocity to max velocity.
WARNING: Reservoir calculated a storage above the maximum storage.
WARNING: Reservoir calculated an outlet velocity over max velocity, and therefore set the outlet velocity to max velocity.
WARNING: Reservoir calculated a storage above the maximum storage.
WARNING: Reservoir calculated an outlet velocity over max velocity, and therefore set the outlet velocity to max velocity.
WARNING: Reservoir calculated a storage above the maximum storage.
WARNING: Reservoir calculated an outlet velocity over max velocity, and therefore set the outlet velocity to max velocity.
WARNING: Reservoir calculated a storage above the maximum storage.
WARNING: Reservoir calculated an outlet velocity over max velocity, and therefore set the outlet velocity to max velocity.
WARNING: Reservoir calculated a storage above the maximum storage.
WARNING: Reservoir calculated an outlet velocity over max velocity, and therefore set the outlet velocity to max velocity.
WARNING: Reservoir calculated a storage above the maximum storage.
WARNING: Reservoir calculated an outlet velocity over max velocity, and therefore set the outlet velocity to max velocity.
WARNING: Reservoir calculated a storage above the maximum storage.
WARNING: Reservoir calculated an outlet velocity over max velocity, and therefore set the outlet velocity to max velocity.
WARNING: Reservoir calculated a storage above the maximum storage.
WARNING: Reservoir calculated an outlet velocity over max velocity, and therefore set the outlet velocity to max velocity.
WARNING: Reservoir calculated a storage above the maximum storage.
WARNING: Reservoir calculated an outlet velocity over max velocity, and therefore set the outlet velocity to max velocity.
WARNING: Reservoir calculated a storage above the maximum storage.
WARNING: Reservoir calculated an outlet velocity over max velocity, and therefore set the outlet velocity to max velocity.
WARNING: Reservoir calculated a storage above the maximum storage.
WARNING: Reservoir calculated an outlet velocity over max velocity, and therefore set the outlet velocity to max velocity.
WARNING: Reservoir calculated a storage above the maximum storage.
WARNING: Reservoir calculated an outlet velocity over max velocity, and therefore set the outlet velocity to max velocity.
WARNING: Reservoir calculated a storage above the maximum storage.
WARNING: Reservoir calculated an outlet velocity over max velocity, and therefore set the outlet velocity to max velocity.
WARNING: Reservoir calculated a storage above the maximum storage.
WARNING: Reservoir calculated an outlet velocity over max velocity, and therefore set the outlet velocity to max velocity.
WARNING: Reservoir calculated a storage above the maximum storage.
WARNING: Reservoir calculated an outlet velocity over max velocity, and therefore set the outlet velocity to max velocity.
WARNING: Reservoir calculated a storage above the maximum storage.
WARNING: Reservoir calculated an outlet velocity over max velocity, and therefore set the outlet velocity to max velocity.
WARNING: Reservoir calculated a storage above the maximum storage.
WARNING: Reservoir calculated an outlet velocity over max velocity, and therefore set the outlet velocity to max velocity.
WARNING: Reservoir calculated a storage above the maximum storage.
WARNING: Reservoir calculated an outlet velocity over max velocity, and therefore set the outlet velocity to max velocity.
WARNING: Reservoir calculated a storage above the maximum storage.
WARNING: Reservoir calculated an outlet velocity over max velocity, and therefore set the outlet velocity to max velocity.
WARNING: Reservoir calculated a storage above the maximum storage.
WARNING: Reservoir calculated an outlet velocity over max velocity, and therefore set the outlet velocity to max velocity.
WARNING: Reservoir calculated a storage above the maximum storage.
WARNING: Reservoir calculated an outlet velocity over max velocity, and therefore set the outlet velocity to max velocity.
WARNING: Reservoir calculated a storage above the maximum storage.
WARNING: Reservoir calculated an outlet velocity over max velocity, and therefore set the outlet velocity to max velocity.
WARNING: Reservoir calculated a storage above the maximum storage.
WARNING: Reservoir calculated an outlet velocity over max velocity, and therefore set the outlet velocity to max velocity.
WARNING: Reservoir calculated a storage above the maximum storage.
WARNING: Reservoir calculated an outlet velocity over max velocity, and therefore set the outlet velocity to max velocity.
WARNING: Reservoir calculated a storage above the maximum storage.
WARNING: Reservoir calculated an outlet velocity over max velocity, and therefore set the outlet velocity to max velocity.
WARNING: Reservoir calculated a storage above the maximum storage.
WARNING: Reservoir calculated an outlet velocity over max velocity, and therefore set the outlet velocity to max velocity.
WARNING: Reservoir calculated a storage above the maximum storage.
WARNING: Reservoir calculated an outlet velocity over max velocity, and therefore set the outlet velocity to max velocity.
WARNING: Reservoir calculated a storage above the maximum storage.
WARNING: Reservoir calculated an outlet velocity over max velocity, and therefore set the outlet velocity to max velocity.
WARNING: Reservoir calculated a storage above the maximum storage.
WARNING: Reservoir calculated an outlet velocity over max velocity, and therefore set the outlet velocity to max velocity.
WARNING: Reservoir calculated a storage above the maximum storage.
WARNING: Reservoir calculated an outlet velocity over max velocity, and therefore set the outlet velocity to max velocity.
WARNING: Reservoir calculated a storage above the maximum storage.
WARNING: Reservoir calculated an outlet velocity over max velocity, and therefore set the outlet velocity to max velocity.
WARNING: Reservoir calculated a storage above the maximum storage.
WARNING: Reservoir calculated an outlet velocity over max velocity, and therefore set the outlet velocity to max velocity.
WARNING: Reservoir calculated a storage above the maximum storage.
WARNING: Reservoir calculated an outlet velocity over max velocity, and therefore set the outlet velocity to max velocity.
WARNING: Reservoir calculated a storage above the maximum storage.
WARNING: Reservoir calculated an outlet velocity over max velocity, and therefore set the outlet velocity to max velocity.
WARNING: Reservoir calculated a storage above the maximum storage.
WARNING: Reservoir calculated an outlet velocity over max velocity, and therefore set the outlet velocity to max velocity.
WARNING: Reservoir calculated a storage above the maximum storage.
WARNING: Reservoir calculated an outlet velocity over max velocity, and therefore set the outlet velocity to max velocity.
WARNING: Reservoir calculated a storage above the maximum storage.
WARNING: Reservoir calculated an outlet velocity over max velocity, and therefore set the outlet velocity to max velocity.
WARNING: Reservoir calculated a storage above the maximum storage.
WARNING: Reservoir calculated an outlet velocity over max velocity, and therefore set the outlet velocity to max velocity.
WARNING: Reservoir calculated a storage above the maximum storage.
WARNING: Reservoir calculated an outlet velocity over max velocity, and therefore set the outlet velocity to max velocity.
WARNING: Reservoir calculated a storage above the maximum storage.
WARNING: Reservoir calculated an outlet velocity over max velocity, and therefore set the outlet velocity to max velocity.
WARNING: Reservoir calculated a storage above the maximum storage.
WARNING: Reservoir calculated an outlet velocity over max velocity, and therefore set the outlet velocity to max velocity.
WARNING: Reservoir calculated a storage above the maximum storage.
WARNING: Reservoir calculated an outlet velocity over max velocity, and therefore set the outlet velocity to max velocity.
WARNING: Reservoir calculated a storage above the maximum storage.
WARNING: Reservoir calculated an outlet velocity over max velocity, and therefore set the outlet velocity to max velocity.
WARNING: Reservoir calculated a storage above the maximum storage.
WARNING: Reservoir calculated an outlet velocity over max velocity, and therefore set the outlet velocity to max velocity.
WARNING: Reservoir calculated a storage above the maximum storage.
WARNING: Reservoir calculated an outlet velocity over max velocity, and therefore set the outlet velocity to max velocity.
WARNING: Reservoir calculated a storage above the maximum storage.
WARNING: Reservoir calculated an outlet velocity over max velocity, and therefore set the outlet velocity to max velocity.
WARNING: Reservoir calculated a storage above the maximum storage.
WARNING: Reservoir calculated an outlet velocity over max velocity, and therefore set the outlet velocity to max velocity.
WARNING: Reservoir calculated a storage above the maximum storage.
WARNING: Reservoir calculated an outlet velocity over max velocity, and therefore set the outlet velocity to max velocity.
WARNING: Reservoir calculated a storage above the maximum storage.
WARNING: Reservoir calculated an outlet velocity over max velocity, and therefore set the outlet velocity to max velocity.
WARNING: Reservoir calculated a storage above the maximum storage.
WARNING: Reservoir calculated an outlet velocity over max velocity, and therefore set the outlet velocity to max velocity.
WARNING: Reservoir calculated a storage above the maximum storage.
WARNING: Reservoir calculated an outlet velocity over max velocity, and therefore set the outlet velocity to max velocity.
WARNING: Reservoir calculated a storage above the maximum storage.
WARNING: Reservoir calculated an outlet velocity over max velocity, and therefore set the outlet velocity to max velocity.
WARNING: Reservoir calculated a storage above the maximum storage.
WARNING: Reservoir calculated an outlet velocity over max velocity, and therefore set the outlet velocity to max velocity.
WARNING: Reservoir calculated a storage above the maximum storage.
WARNING: Reservoir calculated an outlet velocity over max velocity, and therefore set the outlet velocity to max velocity.
WARNING: Reservoir calculated a storage above the maximum storage.
WARNING: Reservoir calculated an outlet velocity over max velocity, and therefore set the outlet velocity to max velocity.
WARNING: Reservoir calculated a storage above the maximum storage.
WARNING: Reservoir calculated an outlet velocity over max velocity, and therefore set the outlet velocity to max velocity.
WARNING: Reservoir calculated a storage above the maximum storage.
WARNING: Reservoir calculated an outlet velocity over max velocity, and therefore set the outlet velocity to max velocity.
WARNING: Reservoir calculated a storage above the maximum storage.
WARNING: Reservoir calculated an outlet velocity over max velocity, and therefore set the outlet velocity to max velocity.
WARNING: Reservoir calculated a storage above the maximum storage.
WARNING: Reservoir calculated an outlet velocity over max velocity, and therefore set the outlet velocity to max velocity.
WARNING: Reservoir calculated a storage above the maximum storage.
WARNING: Reservoir calculated an outlet velocity over max velocity, and therefore set the outlet velocity to max velocity.
WARNING: Reservoir calculated a storage above the maximum storage.
WARNING: Reservoir calculated an outlet velocity over max velocity, and therefore set the outlet velocity to max velocity.
WARNING: Reservoir calculated a storage above the maximum storage.
WARNING: Reservoir calculated an outlet velocity over max velocity, and therefore set the outlet velocity to max velocity.
WARNING: Reservoir calculated a storage above the maximum storage.
WARNING: Reservoir calculated an outlet velocity over max velocity, and therefore set the outlet velocity to max velocity.
WARNING: Reservoir calculated a storage above the maximum storage.
WARNING: Reservoir calculated an outlet velocity over max velocity, and therefore set the outlet velocity to max velocity.
WARNING: Reservoir calculated a storage above the maximum storage.
WARNING: Reservoir calculated an outlet velocity over max velocity, and therefore set the outlet velocity to max velocity.
WARNING: Reservoir calculated a storage above the maximum storage.
WARNING: Reservoir calculated an outlet velocity over max velocity, and therefore set the outlet velocity to max velocity.
WARNING: Reservoir calculated a storage above the maximum storage.
WARNING: Reservoir calculated an outlet velocity over max velocity, and therefore set the outlet velocity to max velocity.
WARNING: Reservoir calculated a storage above the maximum storage.
WARNING: Reservoir calculated an outlet velocity over max velocity, and therefore set the outlet velocity to max velocity.
WARNING: Reservoir calculated a storage above the maximum storage.
WARNING: Reservoir calculated an outlet velocity over max velocity, and therefore set the outlet velocity to max velocity.
WARNING: Reservoir calculated a storage above the maximum storage.
WARNING: Reservoir calculated an outlet velocity over max velocity, and therefore set the outlet velocity to max velocity.
WARNING: Reservoir calculated a storage above the maximum storage.
WARNING: Reservoir calculated an outlet velocity over max velocity, and therefore set the outlet velocity to max velocity.
WARNING: Reservoir calculated a storage above the maximum storage.
WARNING: Reservoir calculated an outlet velocity over max velocity, and therefore set the outlet velocity to max velocity.
WARNING: Reservoir calculated a storage above the maximum storage.
WARNING: Reservoir calculated an outlet velocity over max velocity, and therefore set the outlet velocity to max velocity.
WARNING: Reservoir calculated a storage above the maximum storage.
WARNING: Reservoir calculated an outlet velocity over max velocity, and therefore set the outlet velocity to max velocity.
WARNING: Reservoir calculated a storage above the maximum storage.
WARNING: Reservoir calculated an outlet velocity over max velocity, and therefore set the outlet velocity to max velocity.
WARNING: Reservoir calculated a storage above the maximum storage.
WARNING: Reservoir calculated an outlet velocity over max velocity, and therefore set the outlet velocity to max velocity.
WARNING: Reservoir calculated a storage above the maximum storage.
WARNING: Reservoir calculated an outlet velocity over max velocity, and therefore set the outlet velocity to max velocity.
WARNING: Reservoir calculated a storage above the maximum storage.
WARNING: Reservoir calculated an outlet velocity over max velocity, and therefore set the outlet velocity to max velocity.
WARNING: Reservoir calculated a storage above the maximum storage.
WARNING: Reservoir calculated an outlet velocity over max velocity, and therefore set the outlet velocity to max velocity.
WARNING: Reservoir calculated a storage above the maximum storage.
WARNING: Reservoir calculated an outlet velocity over max velocity, and therefore set the outlet velocity to max velocity.
WARNING: Reservoir calculated a storage above the maximum storage.
WARNING: Reservoir calculated an outlet velocity over max velocity, and therefore set the outlet velocity to max velocity.
WARNING: Reservoir calculated a storage above the maximum storage.
WARNING: Reservoir calculated an outlet velocity over max velocity, and therefore set the outlet velocity to max velocity.
WARNING: Reservoir calculated a storage above the maximum storage.
WARNING: Reservoir calculated an outlet velocity over max velocity, and therefore set the outlet velocity to max velocity.
WARNING: Reservoir calculated a storage above the maximum storage.
WARNING: Reservoir calculated an outlet velocity over max velocity, and therefore set the outlet velocity to max velocity.
WARNING: Reservoir calculated a storage above the maximum storage.
WARNING: Reservoir calculated an outlet velocity over max velocity, and therefore set the outlet velocity to max velocity.
WARNING: Reservoir calculated a storage above the maximum storage.
WARNING: Reservoir calculated an outlet velocity over max velocity, and therefore set the outlet velocity to max velocity.
WARNING: Reservoir calculated a storage above the maximum storage.
WARNING: Reservoir calculated an outlet velocity over max velocity, and therefore set the outlet velocity to max velocity.
WARNING: Reservoir calculated a storage above the maximum storage.
WARNING: Reservoir calculated an outlet velocity over max velocity, and therefore set the outlet velocity to max velocity.
WARNING: Reservoir calculated a storage above the maximum storage.
WARNING: Reservoir calculated an outlet velocity over max velocity, and therefore set the outlet velocity to max velocity.
WARNING: Reservoir calculated a storage above the maximum storage.
WARNING: Reservoir calculated an outlet velocity over max velocity, and therefore set the outlet velocity to max velocity.
WARNING: Reservoir calculated a storage above the maximum storage.
WARNING: Reservoir calculated an outlet velocity over max velocity, and therefore set the outlet velocity to max velocity.
WARNING: Reservoir calculated a storage above the maximum storage.
WARNING: Reservoir calculated an outlet velocity over max velocity, and therefore set the outlet velocity to max velocity.
WARNING: Reservoir calculated a storage above the maximum storage.
WARNING: Reservoir calculated an outlet velocity over max velocity, and therefore set the outlet velocity to max velocity.
WARNING: Reservoir calculated a storage above the maximum storage.
WARNING: Reservoir calculated an outlet velocity over max velocity, and therefore set the outlet velocity to max velocity.
WARNING: Reservoir calculated a storage above the maximum storage.
WARNING: Reservoir calculated an outlet velocity over max velocity, and therefore set the outlet velocity to max velocity.
WARNING: Reservoir calculated a storage above the maximum storage.
WARNING: Reservoir calculated an outlet velocity over max velocity, and therefore set the outlet velocity to max velocity.
WARNING: Reservoir calculated a storage above the maximum storage.
WARNING: Reservoir calculated an outlet velocity over max velocity, and therefore set the outlet velocity to max velocity.
WARNING: Reservoir calculated a storage above the maximum storage.
WARNING: Reservoir calculated an outlet velocity over max velocity, and therefore set the outlet velocity to max velocity.
WARNING: Reservoir calculated a storage above the maximum storage.
WARNING: Reservoir calculated an outlet velocity over max velocity, and therefore set the outlet velocity to max velocity.
WARNING: Reservoir calculated a storage above the maximum storage.
WARNING: Reservoir calculated an outlet velocity over max velocity, and therefore set the outlet velocity to max velocity.
WARNING: Reservoir calculated a storage above the maximum storage.
WARNING: Reservoir calculated an outlet velocity over max velocity, and therefore set the outlet velocity to max velocity.
WARNING: Reservoir calculated a storage above the maximum storage.
WARNING: Reservoir calculated an outlet velocity over max velocity, and therefore set the outlet velocity to max velocity.
WARNING: Reservoir calculated a storage above the maximum storage.
WARNING: Reservoir calculated an outlet velocity over max velocity, and therefore set the outlet velocity to max velocity.
WARNING: Reservoir calculated a storage above the maximum storage.
WARNING: Reservoir calculated an outlet velocity over max velocity, and therefore set the outlet velocity to max velocity.
WARNING: Reservoir calculated a storage above the maximum storage.
WARNING: Reservoir calculated an outlet velocity over max velocity, and therefore set the outlet velocity to max velocity.
WARNING: Reservoir calculated a storage above the maximum storage.
WARNING: Reservoir calculated an outlet velocity over max velocity, and therefore set the outlet velocity to max velocity.
WARNING: Reservoir calculated a storage above the maximum storage.
WARNING: Reservoir calculated an outlet velocity over max velocity, and therefore set the outlet velocity to max velocity.
WARNING: Reservoir calculated a storage above the maximum storage.
WARNING: Reservoir calculated an outlet velocity over max velocity, and therefore set the outlet velocity to max velocity.
WARNING: Reservoir calculated a storage above the maximum storage.
WARNING: Reservoir calculated an outlet velocity over max velocity, and therefore set the outlet velocity to max velocity.
WARNING: Reservoir calculated a storage above the maximum storage.
WARNING: Reservoir calculated an outlet velocity over max velocity, and therefore set the outlet velocity to max velocity.
WARNING: Reservoir calculated a storage above the maximum storage.
WARNING: Reservoir calculated an outlet velocity over max velocity, and therefore set the outlet velocity to max velocity.
WARNING: Reservoir calculated a storage above the maximum storage.
WARNING: Reservoir calculated an outlet velocity over max velocity, and therefore set the outlet velocity to max velocity.
WARNING: Reservoir calculated a storage above the maximum storage.
WARNING: Reservoir calculated an outlet velocity over max velocity, and therefore set the outlet velocity to max velocity.
WARNING: Reservoir calculated a storage above the maximum storage.
WARNING: Reservoir calculated an outlet velocity over max velocity, and therefore set the outlet velocity to max velocity.
WARNING: Reservoir calculated a storage above the maximum storage.
WARNING: Reservoir calculated an outlet velocity over max velocity, and therefore set the outlet velocity to max velocity.
WARNING: Reservoir calculated a storage above the maximum storage.
WARNING: Reservoir calculated an outlet velocity over max velocity, and therefore set the outlet velocity to max velocity.
WARNING: Reservoir calculated a storage above the maximum storage.
WARNING: Reservoir calculated an outlet velocity over max velocity, and therefore set the outlet velocity to max velocity.
WARNING: Reservoir calculated a storage above the maximum storage.
WARNING: Reservoir calculated an outlet velocity over max velocity, and therefore set the outlet velocity to max velocity.
WARNING: Reservoir calculated a storage above the maximum storage.
WARNING: Reservoir calculated an outlet velocity over max velocity, and therefore set the outlet velocity to max velocity.
WARNING: Reservoir calculated a storage above the maximum storage.
WARNING: Reservoir calculated an outlet velocity over max velocity, and therefore set the outlet velocity to max velocity.
WARNING: Reservoir calculated a storage above the maximum storage.
WARNING: Reservoir calculated an outlet velocity over max velocity, and therefore set the outlet velocity to max velocity.
WARNING: Reservoir calculated a storage above the maximum storage.
WARNING: Reservoir calculated an outlet velocity over max velocity, and therefore set the outlet velocity to max velocity.
WARNING: Reservoir calculated a storage above the maximum storage.
WARNING: Reservoir calculated an outlet velocity over max velocity, and therefore set the outlet velocity to max velocity.
WARNING: Reservoir calculated a storage above the maximum storage.
WARNING: Reservoir calculated an outlet velocity over max velocity, and therefore set the outlet velocity to max velocity.
WARNING: Reservoir calculated a storage above the maximum storage.
WARNING: Reservoir calculated an outlet velocity over max velocity, and therefore set the outlet velocity to max velocity.
WARNING: Reservoir calculated a storage above the maximum storage.
WARNING: Reservoir calculated an outlet velocity over max velocity, and therefore set the outlet velocity to max velocity.
WARNING: Reservoir calculated a storage above the maximum storage.
WARNING: Reservoir calculated an outlet velocity over max velocity, and therefore set the outlet velocity to max velocity.
WARNING: Reservoir calculated a storage above the maximum storage.
WARNING: Reservoir calculated an outlet velocity over max velocity, and therefore set the outlet velocity to max velocity.
WARNING: Reservoir calculated a storage above the maximum storage.
WARNING: Reservoir calculated an outlet velocity over max velocity, and therefore set the outlet velocity to max velocity.
WARNING: Reservoir calculated a storage above the maximum storage.
WARNING: Reservoir calculated an outlet velocity over max velocity, and therefore set the outlet velocity to max velocity.
WARNING: Reservoir calculated a storage above the maximum storage.
WARNING: Reservoir calculated an outlet velocity over max velocity, and therefore set the outlet velocity to max velocity.
WARNING: Reservoir calculated a storage above the maximum storage.
WARNING: Reservoir calculated an outlet velocity over max velocity, and therefore set the outlet velocity to max velocity.
WARNING: Reservoir calculated a storage above the maximum storage.
WARNING: Reservoir calculated an outlet velocity over max velocity, and therefore set the outlet velocity to max velocity.
WARNING: Reservoir calculated a storage above the maximum storage.
WARNING: Reservoir calculated an outlet velocity over max velocity, and therefore set the outlet velocity to max velocity.
WARNING: Reservoir calculated a storage above the maximum storage.
WARNING: Reservoir calculated an outlet velocity over max velocity, and therefore set the outlet velocity to max velocity.
WARNING: Reservoir calculated a storage above the maximum storage.
WARNING: Reservoir calculated an outlet velocity over max velocity, and therefore set the outlet velocity to max velocity.
WARNING: Reservoir calculated a storage above the maximum storage.
WARNING: Reservoir calculated an outlet velocity over max velocity, and therefore set the outlet velocity to max velocity.
WARNING: Reservoir calculated a storage above the maximum storage.
WARNING: Reservoir calculated an outlet velocity over max velocity, and therefore set the outlet velocity to max velocity.
WARNING: Reservoir calculated a storage above the maximum storage.
WARNING: Reservoir calculated an outlet velocity over max velocity, and therefore set the outlet velocity to max velocity.
WARNING: Reservoir calculated a storage above the maximum storage.
WARNING: Reservoir calculated an outlet velocity over max velocity, and therefore set the outlet velocity to max velocity.
WARNING: Reservoir calculated a storage above the maximum storage.
WARNING: Reservoir calculated an outlet velocity over max velocity, and therefore set the outlet velocity to max velocity.
WARNING: Reservoir calculated a storage above the maximum storage.
WARNING: Reservoir calculated an outlet velocity over max velocity, and therefore set the outlet velocity to max velocity.
WARNING: Reservoir calculated a storage above the maximum storage.
WARNING: Reservoir calculated an outlet velocity over max velocity, and therefore set the outlet velocity to max velocity.
WARNING: Reservoir calculated a storage above the maximum storage.
WARNING: Reservoir calculated an outlet velocity over max velocity, and therefore set the outlet velocity to max velocity.
WARNING: Reservoir calculated a storage above the maximum storage.
WARNING: Reservoir calculated an outlet velocity over max velocity, and therefore set the outlet velocity to max velocity.
WARNING: Reservoir calculated a storage above the maximum storage.
WARNING: Reservoir calculated an outlet velocity over max velocity, and therefore set the outlet velocity to max velocity.
WARNING: Reservoir calculated a storage above the maximum storage.
WARNING: Reservoir calculated an outlet velocity over max velocity, and therefore set the outlet velocity to max velocity.
WARNING: Reservoir calculated a storage above the maximum storage.
WARNING: Reservoir calculated an outlet velocity over max velocity, and therefore set the outlet velocity to max velocity.
WARNING: Reservoir calculated a storage above the maximum storage.
WARNING: Reservoir calculated an outlet velocity over max velocity, and therefore set the outlet velocity to max velocity.
WARNING: Reservoir calculated a storage above the maximum storage.
WARNING: Reservoir calculated an outlet velocity over max velocity, and therefore set the outlet velocity to max velocity.
WARNING: Reservoir calculated a storage above the maximum storage.
WARNING: Reservoir calculated an outlet velocity over max velocity, and therefore set the outlet velocity to max velocity.
WARNING: Reservoir calculated a storage above the maximum storage.
WARNING: Reservoir calculated an outlet velocity over max velocity, and therefore set the outlet velocity to max velocity.
WARNING: Reservoir calculated a storage above the maximum storage.
WARNING: Reservoir calculated an outlet velocity over max velocity, and therefore set the outlet velocity to max velocity.
WARNING: Reservoir calculated a storage above the maximum storage.
WARNING: Reservoir calculated an outlet velocity over max velocity, and therefore set the outlet velocity to max velocity.
WARNING: Reservoir calculated a storage above the maximum storage.
WARNING: Reservoir calculated an outlet velocity over max velocity, and therefore set the outlet velocity to max velocity.
WARNING: Reservoir calculated a storage above the maximum storage.
WARNING: Reservoir calculated an outlet velocity over max velocity, and therefore set the outlet velocity to max velocity.
WARNING: Reservoir calculated a storage above the maximum storage.
WARNING: Reservoir calculated an outlet velocity over max velocity, and therefore set the outlet velocity to max velocity.
WARNING: Reservoir calculated a storage above the maximum storage.
WARNING: Reservoir calculated an outlet velocity over max velocity, and therefore set the outlet velocity to max velocity.
WARNING: Reservoir calculated a storage above the maximum storage.
WARNING: Reservoir calculated an outlet velocity over max velocity, and therefore set the outlet velocity to max velocity.
WARNING: Reservoir calculated a storage above the maximum storage.
WARNING: Reservoir calculated an outlet velocity over max velocity, and therefore set the outlet velocity to max velocity.
WARNING: Reservoir calculated a storage above the maximum storage.
WARNING: Reservoir calculated an outlet velocity over max velocity, and therefore set the outlet velocity to max velocity.
WARNING: Reservoir calculated a storage above the maximum storage.
WARNING: Reservoir calculated an outlet velocity over max velocity, and therefore set the outlet velocity to max velocity.
WARNING: Reservoir calculated a storage above the maximum storage.
WARNING: Reservoir calculated an outlet velocity over max velocity, and therefore set the outlet velocity to max velocity.
WARNING: Reservoir calculated a storage above the maximum storage.
WARNING: Reservoir calculated an outlet velocity over max velocity, and therefore set the outlet velocity to max velocity.
WARNING: Reservoir calculated a storage above the maximum storage.
WARNING: Reservoir calculated an outlet velocity over max velocity, and therefore set the outlet velocity to max velocity.
WARNING: Reservoir calculated a storage above the maximum storage.
WARNING: Reservoir calculated an outlet velocity over max velocity, and therefore set the outlet velocity to max velocity.
WARNING: Reservoir calculated a storage above the maximum storage.
WARNING: Reservoir calculated an outlet velocity over max velocity, and therefore set the outlet velocity to max velocity.
WARNING: Reservoir calculated a storage above the maximum storage.
WARNING: Reservoir calculated an outlet velocity over max velocity, and therefore set the outlet velocity to max velocity.
WARNING: Reservoir calculated a storage above the maximum storage.
WARNING: Reservoir calculated an outlet velocity over max velocity, and therefore set the outlet velocity to max velocity.
WARNING: Reservoir calculated a storage above the maximum storage.
WARNING: Reservoir calculated an outlet velocity over max velocity, and therefore set the outlet velocity to max velocity.
WARNING: Reservoir calculated a storage above the maximum storage.
WARNING: Reservoir calculated an outlet velocity over max velocity, and therefore set the outlet velocity to max velocity.
WARNING: Reservoir calculated a storage above the maximum storage.
WARNING: Reservoir calculated an outlet velocity over max velocity, and therefore set the outlet velocity to max velocity.
WARNING: Reservoir calculated a storage above the maximum storage.
WARNING: Reservoir calculated an outlet velocity over max velocity, and therefore set the outlet velocity to max velocity.
WARNING: Reservoir calculated a storage above the maximum storage.
WARNING: Reservoir calculated an outlet velocity over max velocity, and therefore set the outlet velocity to max velocity.
WARNING: Reservoir calculated a storage above the maximum storage.
WARNING: Reservoir calculated an outlet velocity over max velocity, and therefore set the outlet velocity to max velocity.
WARNING: Reservoir calculated a storage above the maximum storage.
WARNING: Reservoir calculated an outlet velocity over max velocity, and therefore set the outlet velocity to max velocity.
WARNING: Reservoir calculated a storage above the maximum storage.
WARNING: Reservoir calculated an outlet velocity over max velocity, and therefore set the outlet velocity to max velocity.
WARNING: Reservoir calculated a storage above the maximum storage.
WARNING: Reservoir calculated an outlet velocity over max velocity, and therefore set the outlet velocity to max velocity.
WARNING: Reservoir calculated a storage above the maximum storage.
WARNING: Reservoir calculated an outlet velocity over max velocity, and therefore set the outlet velocity to max velocity.
WARNING: Reservoir calculated a storage above the maximum storage.
WARNING: Reservoir calculated an outlet velocity over max velocity, and therefore set the outlet velocity to max velocity.
WARNING: Reservoir calculated a storage above the maximum storage.
WARNING: Reservoir calculated an outlet velocity over max velocity, and therefore set the outlet velocity to max velocity.
WARNING: Reservoir calculated a storage above the maximum storage.
WARNING: Reservoir calculated an outlet velocity over max velocity, and therefore set the outlet velocity to max velocity.
WARNING: Reservoir calculated a storage above the maximum storage.
WARNING: Reservoir calculated an outlet velocity over max velocity, and therefore set the outlet velocity to max velocity.
WARNING: Reservoir calculated a storage above the maximum storage.
WARNING: Reservoir calculated an outlet velocity over max velocity, and therefore set the outlet velocity to max velocity.
WARNING: Reservoir calculated a storage above the maximum storage.
WARNING: Reservoir calculated an outlet velocity over max velocity, and therefore set the outlet velocity to max velocity.
WARNING: Reservoir calculated a storage above the maximum storage.
WARNING: Reservoir calculated an outlet velocity over max velocity, and therefore set the outlet velocity to max velocity.
WARNING: Reservoir calculated a storage above the maximum storage.
WARNING: Reservoir calculated an outlet velocity over max velocity, and therefore set the outlet velocity to max velocity.
WARNING: Reservoir calculated a storage above the maximum storage.
WARNING: Reservoir calculated an outlet velocity over max velocity, and therefore set the outlet velocity to max velocity.
WARNING: Reservoir calculated a storage above the maximum storage.
WARNING: Reservoir calculated an outlet velocity over max velocity, and therefore set the outlet velocity to max velocity.
WARNING: Reservoir calculated a storage above the maximum storage.
WARNING: Reservoir calculated an outlet velocity over max velocity, and therefore set the outlet velocity to max velocity.
WARNING: Reservoir calculated a storage above the maximum storage.
WARNING: Reservoir calculated an outlet velocity over max velocity, and therefore set the outlet velocity to max velocity.
WARNING: Reservoir calculated a storage above the maximum storage.
WARNING: Reservoir calculated an outlet velocity over max velocity, and therefore set the outlet velocity to max velocity.
WARNING: Reservoir calculated a storage above the maximum storage.
WARNING: Reservoir calculated an outlet velocity over max velocity, and therefore set the outlet velocity to max velocity.
WARNING: Reservoir calculated a storage above the maximum storage.
WARNING: Reservoir calculated an outlet velocity over max velocity, and therefore set the outlet velocity to max velocity.
WARNING: Reservoir calculated a storage above the maximum storage.
WARNING: Reservoir calculated an outlet velocity over max velocity, and therefore set the outlet velocity to max velocity.
WARNING: Reservoir calculated a storage above the maximum storage.
WARNING: Reservoir calculated an outlet velocity over max velocity, and therefore set the outlet velocity to max velocity.
WARNING: Reservoir calculated a storage above the maximum storage.
WARNING: Reservoir calculated an outlet velocity over max velocity, and therefore set the outlet velocity to max velocity.
WARNING: Reservoir calculated a storage above the maximum storage.
WARNING: Reservoir calculated an outlet velocity over max velocity, and therefore set the outlet velocity to max velocity.
WARNING: Reservoir calculated a storage above the maximum storage.
WARNING: Reservoir calculated an outlet velocity over max velocity, and therefore set the outlet velocity to max velocity.
WARNING: Reservoir calculated a storage above the maximum storage.
WARNING: Reservoir calculated an outlet velocity over max velocity, and therefore set the outlet velocity to max velocity.
WARNING: Reservoir calculated a storage above the maximum storage.
WARNING: Reservoir calculated an outlet velocity over max velocity, and therefore set the outlet velocity to max velocity.
WARNING: Reservoir calculated a storage above the maximum storage.
WARNING: Reservoir calculated an outlet velocity over max velocity, and therefore set the outlet velocity to max velocity.
WARNING: Reservoir calculated a storage above the maximum storage.
WARNING: Reservoir calculated an outlet velocity over max velocity, and therefore set the outlet velocity to max velocity.
WARNING: Reservoir calculated a storage above the maximum storage.
WARNING: Reservoir calculated an outlet velocity over max velocity, and therefore set the outlet velocity to max velocity.
WARNING: Reservoir calculated a storage above the maximum storage.
WARNING: Reservoir calculated an outlet velocity over max velocity, and therefore set the outlet velocity to max velocity.
WARNING: Reservoir calculated a storage above the maximum storage.
WARNING: Reservoir calculated an outlet velocity over max velocity, and therefore set the outlet velocity to max velocity.
WARNING: Reservoir calculated a storage above the maximum storage.
WARNING: Reservoir calculated an outlet velocity over max velocity, and therefore set the outlet velocity to max velocity.
WARNING: Reservoir calculated a storage above the maximum storage.
WARNING: Reservoir calculated an outlet velocity over max velocity, and therefore set the outlet velocity to max velocity.
WARNING: Reservoir calculated a storage above the maximum storage.
WARNING: Reservoir calculated an outlet velocity over max velocity, and therefore set the outlet velocity to max velocity.
WARNING: Reservoir calculated a storage above the maximum storage.
WARNING: Reservoir calculated an outlet velocity over max velocity, and therefore set the outlet velocity to max velocity.
WARNING: Reservoir calculated a storage above the maximum storage.
WARNING: Reservoir calculated an outlet velocity over max velocity, and therefore set the outlet velocity to max velocity.
WARNING: Reservoir calculated a storage above the maximum storage.
WARNING: Reservoir calculated an outlet velocity over max velocity, and therefore set the outlet velocity to max velocity.
WARNING: Reservoir calculated a storage above the maximum storage.
WARNING: Reservoir calculated an outlet velocity over max velocity, and therefore set the outlet velocity to max velocity.
WARNING: Reservoir calculated a storage above the maximum storage.
WARNING: Reservoir calculated an outlet velocity over max velocity, and therefore set the outlet velocity to max velocity.
WARNING: Reservoir calculated a storage above the maximum storage.
WARNING: Reservoir calculated an outlet velocity over max velocity, and therefore set the outlet velocity to max velocity.
WARNING: Reservoir calculated a storage above the maximum storage.
WARNING: Reservoir calculated an outlet velocity over max velocity, and therefore set the outlet velocity to max velocity.
WARNING: Reservoir calculated a storage above the maximum storage.
WARNING: Reservoir calculated an outlet velocity over max velocity, and therefore set the outlet velocity to max velocity.
WARNING: Reservoir calculated a storage above the maximum storage.
WARNING: Reservoir calculated an outlet velocity over max velocity, and therefore set the outlet velocity to max velocity.
WARNING: Reservoir calculated a storage above the maximum storage.
WARNING: Reservoir calculated an outlet velocity over max velocity, and therefore set the outlet velocity to max velocity.
WARNING: Reservoir calculated a storage above the maximum storage.
WARNING: Reservoir calculated an outlet velocity over max velocity, and therefore set the outlet velocity to max velocity.
WARNING: Reservoir calculated a storage above the maximum storage.
WARNING: Reservoir calculated an outlet velocity over max velocity, and therefore set the outlet velocity to max velocity.
WARNING: Reservoir calculated a storage above the maximum storage.
WARNING: Reservoir calculated an outlet velocity over max velocity, and therefore set the outlet velocity to max velocity.
WARNING: Reservoir calculated a storage above the maximum storage.
WARNING: Reservoir calculated an outlet velocity over max velocity, and therefore set the outlet velocity to max velocity.
WARNING: Reservoir calculated a storage above the maximum storage.
WARNING: Reservoir calculated an outlet velocity over max velocity, and therefore set the outlet velocity to max velocity.
WARNING: Reservoir calculated a storage above the maximum storage.
WARNING: Reservoir calculated an outlet velocity over max velocity, and therefore set the outlet velocity to max velocity.
WARNING: Reservoir calculated a storage above the maximum storage.
WARNING: Reservoir calculated an outlet velocity over max velocity, and therefore set the outlet velocity to max velocity.
WARNING: Reservoir calculated a storage above the maximum storage.
WARNING: Reservoir calculated an outlet velocity over max velocity, and therefore set the outlet velocity to max velocity.
WARNING: Reservoir calculated a storage above the maximum storage.
WARNING: Reservoir calculated an outlet velocity over max velocity, and therefore set the outlet velocity to max velocity.
WARNING: Reservoir calculated a storage above the maximum storage.
WARNING: Reservoir calculated an outlet velocity over max velocity, and therefore set the outlet velocity to max velocity.
WARNING: Reservoir calculated a storage above the maximum storage.
WARNING: Reservoir calculated an outlet velocity over max velocity, and therefore set the outlet velocity to max velocity.
WARNING: Reservoir calculated a storage above the maximum storage.
WARNING: Reservoir calculated an outlet velocity over max velocity, and therefore set the outlet velocity to max velocity.
WARNING: Reservoir calculated a storage above the maximum storage.
WARNING: Reservoir calculated an outlet velocity over max velocity, and therefore set the outlet velocity to max velocity.
WARNING: Reservoir calculated a storage above the maximum storage.
WARNING: Reservoir calculated an outlet velocity over max velocity, and therefore set the outlet velocity to max velocity.
WARNING: Reservoir calculated a storage above the maximum storage.
WARNING: Reservoir calculated an outlet velocity over max velocity, and therefore set the outlet velocity to max velocity.
WARNING: Reservoir calculated a storage above the maximum storage.
WARNING: Reservoir calculated an outlet velocity over max velocity, and therefore set the outlet velocity to max velocity.
WARNING: Reservoir calculated a storage above the maximum storage.
WARNING: Reservoir calculated an outlet velocity over max velocity, and therefore set the outlet velocity to max velocity.
WARNING: Reservoir calculated a storage above the maximum storage.
WARNING: Reservoir calculated an outlet velocity over max velocity, and therefore set the outlet velocity to max velocity.
WARNING: Reservoir calculated a storage above the maximum storage.
WARNING: Reservoir calculated an outlet velocity over max velocity, and therefore set the outlet velocity to max velocity.
WARNING: Reservoir calculated a storage above the maximum storage.
WARNING: Reservoir calculated an outlet velocity over max velocity, and therefore set the outlet velocity to max velocity.
WARNING: Reservoir calculated a storage above the maximum storage.
WARNING: Reservoir calculated an outlet velocity over max velocity, and therefore set the outlet velocity to max velocity.
WARNING: Reservoir calculated a storage above the maximum storage.
WARNING: Reservoir calculated an outlet velocity over max velocity, and therefore set the outlet velocity to max velocity.
WARNING: Reservoir calculated a storage above the maximum storage.
WARNING: Reservoir calculated an outlet velocity over max velocity, and therefore set the outlet velocity to max velocity.
WARNING: Reservoir calculated a storage above the maximum storage.
WARNING: Reservoir calculated an outlet velocity over max velocity, and therefore set the outlet velocity to max velocity.
WARNING: Reservoir calculated a storage above the maximum storage.
WARNING: Reservoir calculated an outlet velocity over max velocity, and therefore set the outlet velocity to max velocity.
WARNING: Reservoir calculated a storage above the maximum storage.
WARNING: Reservoir calculated an outlet velocity over max velocity, and therefore set the outlet velocity to max velocity.
WARNING: Reservoir calculated a storage above the maximum storage.
WARNING: Reservoir calculated an outlet velocity over max velocity, and therefore set the outlet velocity to max velocity.
WARNING: Reservoir calculated a storage above the maximum storage.
WARNING: Reservoir calculated an outlet velocity over max velocity, and therefore set the outlet velocity to max velocity.
WARNING: Reservoir calculated a storage above the maximum storage.
WARNING: Reservoir calculated an outlet velocity over max velocity, and therefore set the outlet velocity to max velocity.
WARNING: Reservoir calculated a storage above the maximum storage.
WARNING: Reservoir calculated an outlet velocity over max velocity, and therefore set the outlet velocity to max velocity.
WARNING: Reservoir calculated a storage above the maximum storage.
WARNING: Reservoir calculated an outlet velocity over max velocity, and therefore set the outlet velocity to max velocity.
WARNING: Reservoir calculated a storage above the maximum storage.
WARNING: Reservoir calculated an outlet velocity over max velocity, and therefore set the outlet velocity to max velocity.
WARNING: Reservoir calculated a storage above the maximum storage.
WARNING: Reservoir calculated an outlet velocity over max velocity, and therefore set the outlet velocity to max velocity.
WARNING: Reservoir calculated a storage above the maximum storage.
WARNING: Reservoir calculated an outlet velocity over max velocity, and therefore set the outlet velocity to max velocity.
WARNING: Reservoir calculated a storage above the maximum storage.
WARNING: Reservoir calculated an outlet velocity over max velocity, and therefore set the outlet velocity to max velocity.
WARNING: Reservoir calculated a storage above the maximum storage.
WARNING: Reservoir calculated an outlet velocity over max velocity, and therefore set the outlet velocity to max velocity.
WARNING: Reservoir calculated a storage above the maximum storage.
WARNING: Reservoir calculated an outlet velocity over max velocity, and therefore set the outlet velocity to max velocity.
WARNING: Reservoir calculated a storage above the maximum storage.
WARNING: Reservoir calculated an outlet velocity over max velocity, and therefore set the outlet velocity to max velocity.
WARNING: Reservoir calculated a storage above the maximum storage.
WARNING: Reservoir calculated an outlet velocity over max velocity, and therefore set the outlet velocity to max velocity.
WARNING: Reservoir calculated a storage above the maximum storage.
WARNING: Reservoir calculated an outlet velocity over max velocity, and therefore set the outlet velocity to max velocity.
WARNING: Reservoir calculated a storage above the maximum storage.
WARNING: Reservoir calculated an outlet velocity over max velocity, and therefore set the outlet velocity to max velocity.
WARNING: Reservoir calculated a storage above the maximum storage.
WARNING: Reservoir calculated an outlet velocity over max velocity, and therefore set the outlet velocity to max velocity.
WARNING: Reservoir calculated a storage above the maximum storage.
WARNING: Reservoir calculated an outlet velocity over max velocity, and therefore set the outlet velocity to max velocity.
WARNING: Reservoir calculated a storage above the maximum storage.
WARNING: Reservoir calculated an outlet velocity over max velocity, and therefore set the outlet velocity to max velocity.
WARNING: Reservoir calculated a storage above the maximum storage.
WARNING: Reservoir calculated an outlet velocity over max velocity, and therefore set the outlet velocity to max velocity.
WARNING: Reservoir calculated a storage above the maximum storage.
WARNING: Reservoir calculated an outlet velocity over max velocity, and therefore set the outlet velocity to max velocity.
WARNING: Reservoir calculated a storage above the maximum storage.
WARNING: Reservoir calculated an outlet velocity over max velocity, and therefore set the outlet velocity to max velocity.
WARNING: Reservoir calculated a storage above the maximum storage.
WARNING: Reservoir calculated an outlet velocity over max velocity, and therefore set the outlet velocity to max velocity.
WARNING: Reservoir calculated a storage above the maximum storage.
WARNING: Reservoir calculated an outlet velocity over max velocity, and therefore set the outlet velocity to max velocity.
WARNING: Reservoir calculated a storage above the maximum storage.
WARNING: Reservoir calculated an outlet velocity over max velocity, and therefore set the outlet velocity to max velocity.
WARNING: Reservoir calculated a storage above the maximum storage.
WARNING: Reservoir calculated an outlet velocity over max velocity, and therefore set the outlet velocity to max velocity.
WARNING: Reservoir calculated a storage above the maximum storage.
WARNING: Reservoir calculated an outlet velocity over max velocity, and therefore set the outlet velocity to max velocity.
WARNING: Reservoir calculated a storage above the maximum storage.
WARNING: Reservoir calculated an outlet velocity over max velocity, and therefore set the outlet velocity to max velocity.
WARNING: Reservoir calculated a storage above the maximum storage.
WARNING: Reservoir calculated an outlet velocity over max velocity, and therefore set the outlet velocity to max velocity.
WARNING: Reservoir calculated a storage above the maximum storage.
WARNING: Reservoir calculated an outlet velocity over max velocity, and therefore set the outlet velocity to max velocity.
WARNING: Reservoir calculated a storage above the maximum storage.
WARNING: Reservoir calculated an outlet velocity over max velocity, and therefore set the outlet velocity to max velocity.
WARNING: Reservoir calculated a storage above the maximum storage.
WARNING: Reservoir calculated an outlet velocity over max velocity, and therefore set the outlet velocity to max velocity.
WARNING: Reservoir calculated a storage above the maximum storage.
WARNING: Reservoir calculated an outlet velocity over max velocity, and therefore set the outlet velocity to max velocity.
WARNING: Reservoir calculated a storage above the maximum storage.
WARNING: Reservoir calculated an outlet velocity over max velocity, and therefore set the outlet velocity to max velocity.
WARNING: Reservoir calculated a storage above the maximum storage.
WARNING: Reservoir calculated an outlet velocity over max velocity, and therefore set the outlet velocity to max velocity.
WARNING: Reservoir calculated a storage above the maximum storage.
WARNING: Reservoir calculated an outlet velocity over max velocity, and therefore set the outlet velocity to max velocity.
WARNING: Reservoir calculated a storage above the maximum storage.
WARNING: Reservoir calculated an outlet velocity over max velocity, and therefore set the outlet velocity to max velocity.
WARNING: Reservoir calculated a storage above the maximum storage.
WARNING: Reservoir calculated an outlet velocity over max velocity, and therefore set the outlet velocity to max velocity.
WARNING: Reservoir calculated a storage above the maximum storage.
WARNING: Reservoir calculated an outlet velocity over max velocity, and therefore set the outlet velocity to max velocity.
WARNING: Reservoir calculated a storage above the maximum storage.
WARNING: Reservoir calculated an outlet velocity over max velocity, and therefore set the outlet velocity to max velocity.
WARNING: Reservoir calculated a storage above the maximum storage.
WARNING: Reservoir calculated an outlet velocity over max velocity, and therefore set the outlet velocity to max velocity.
WARNING: Reservoir calculated a storage above the maximum storage.
WARNING: Reservoir calculated an outlet velocity over max velocity, and therefore set the outlet velocity to max velocity.
WARNING: Reservoir calculated a storage above the maximum storage.
WARNING: Reservoir calculated an outlet velocity over max velocity, and therefore set the outlet velocity to max velocity.
WARNING: Reservoir calculated a storage above the maximum storage.
WARNING: Reservoir calculated an outlet velocity over max velocity, and therefore set the outlet velocity to max velocity.
WARNING: Reservoir calculated a storage above the maximum storage.
WARNING: Reservoir calculated an outlet velocity over max velocity, and therefore set the outlet velocity to max velocity.
WARNING: Reservoir calculated a storage above the maximum storage.
WARNING: Reservoir calculated an outlet velocity over max velocity, and therefore set the outlet velocity to max velocity.
WARNING: Reservoir calculated a storage above the maximum storage.
WARNING: Reservoir calculated an outlet velocity over max velocity, and therefore set the outlet velocity to max velocity.
WARNING: Reservoir calculated a storage above the maximum storage.
WARNING: Reservoir calculated an outlet velocity over max velocity, and therefore set the outlet velocity to max velocity.
WARNING: Reservoir calculated a storage above the maximum storage.
WARNING: Reservoir calculated an outlet velocity over max velocity, and therefore set the outlet velocity to max velocity.
WARNING: Reservoir calculated a storage above the maximum storage.
WARNING: Reservoir calculated an outlet velocity over max velocity, and therefore set the outlet velocity to max velocity.
WARNING: Reservoir calculated a storage above the maximum storage.
WARNING: Reservoir calculated an outlet velocity over max velocity, and therefore set the outlet velocity to max velocity.
WARNING: Reservoir calculated a storage above the maximum storage.
WARNING: Reservoir calculated an outlet velocity over max velocity, and therefore set the outlet velocity to max velocity.
WARNING: Reservoir calculated a storage above the maximum storage.
WARNING: Reservoir calculated an outlet velocity over max velocity, and therefore set the outlet velocity to max velocity.
WARNING: Reservoir calculated a storage above the maximum storage.
WARNING: Reservoir calculated an outlet velocity over max velocity, and therefore set the outlet velocity to max velocity.
WARNING: Reservoir calculated a storage above the maximum storage.
WARNING: Reservoir calculated an outlet velocity over max velocity, and therefore set the outlet velocity to max velocity.
WARNING: Reservoir calculated a storage above the maximum storage.
WARNING: Reservoir calculated an outlet velocity over max velocity, and therefore set the outlet velocity to max velocity.
WARNING: Reservoir calculated a storage above the maximum storage.
WARNING: Reservoir calculated an outlet velocity over max velocity, and therefore set the outlet velocity to max velocity.
WARNING: Reservoir calculated a storage above the maximum storage.
WARNING: Reservoir calculated an outlet velocity over max velocity, and therefore set the outlet velocity to max velocity.
WARNING: Reservoir calculated a storage above the maximum storage.
WARNING: Reservoir calculated an outlet velocity over max velocity, and therefore set the outlet velocity to max velocity.
WARNING: Reservoir calculated a storage above the maximum storage.
WARNING: Reservoir calculated an outlet velocity over max velocity, and therefore set the outlet velocity to max velocity.
WARNING: Reservoir calculated a storage above the maximum storage.
WARNING: Reservoir calculated an outlet velocity over max velocity, and therefore set the outlet velocity to max velocity.
WARNING: Reservoir calculated a storage above the maximum storage.
WARNING: Reservoir calculated an outlet velocity over max velocity, and therefore set the outlet velocity to max velocity.
WARNING: Reservoir calculated a storage above the maximum storage.
WARNING: Reservoir calculated an outlet velocity over max velocity, and therefore set the outlet velocity to max velocity.
WARNING: Reservoir calculated a storage above the maximum storage.
WARNING: Reservoir calculated an outlet velocity over max velocity, and therefore set the outlet velocity to max velocity.
WARNING: Reservoir calculated a storage above the maximum storage.
WARNING: Reservoir calculated an outlet velocity over max velocity, and therefore set the outlet velocity to max velocity.
WARNING: Reservoir calculated a storage above the maximum storage.
WARNING: Reservoir calculated an outlet velocity over max velocity, and therefore set the outlet velocity to max velocity.
WARNING: Reservoir calculated a storage above the maximum storage.
WARNING: Reservoir calculated an outlet velocity over max velocity, and therefore set the outlet velocity to max velocity.
WARNING: Reservoir calculated a storage above the maximum storage.
WARNING: Reservoir calculated an outlet velocity over max velocity, and therefore set the outlet velocity to max velocity.
WARNING: Reservoir calculated a storage above the maximum storage.
WARNING: Reservoir calculated an outlet velocity over max velocity, and therefore set the outlet velocity to max velocity.
WARNING: Reservoir calculated a storage above the maximum storage.
WARNING: Reservoir calculated an outlet velocity over max velocity, and therefore set the outlet velocity to max velocity.
WARNING: Reservoir calculated a storage above the maximum storage.
WARNING: Reservoir calculated an outlet velocity over max velocity, and therefore set the outlet velocity to max velocity.
WARNING: Reservoir calculated a storage above the maximum storage.
WARNING: Reservoir calculated an outlet velocity over max velocity, and therefore set the outlet velocity to max velocity.
WARNING: Reservoir calculated a storage above the maximum storage.
WARNING: Reservoir calculated an outlet velocity over max velocity, and therefore set the outlet velocity to max velocity.
WARNING: Reservoir calculated a storage above the maximum storage.
WARNING: Reservoir calculated an outlet velocity over max velocity, and therefore set the outlet velocity to max velocity.
WARNING: Reservoir calculated a storage above the maximum storage.
WARNING: Reservoir calculated an outlet velocity over max velocity, and therefore set the outlet velocity to max velocity.
WARNING: Reservoir calculated a storage above the maximum storage.
WARNING: Reservoir calculated an outlet velocity over max velocity, and therefore set the outlet velocity to max velocity.
WARNING: Reservoir calculated a storage above the maximum storage.
WARNING: Reservoir calculated an outlet velocity over max velocity, and therefore set the outlet velocity to max velocity.
WARNING: Reservoir calculated a storage above the maximum storage.
WARNING: Reservoir calculated an outlet velocity over max velocity, and therefore set the outlet velocity to max velocity.
WARNING: Reservoir calculated a storage above the maximum storage.
WARNING: Reservoir calculated an outlet velocity over max velocity, and therefore set the outlet velocity to max velocity.
WARNING: Reservoir calculated a storage above the maximum storage.
WARNING: Reservoir calculated an outlet velocity over max velocity, and therefore set the outlet velocity to max velocity.
WARNING: Reservoir calculated a storage above the maximum storage.
WARNING: Reservoir calculated an outlet velocity over max velocity, and therefore set the outlet velocity to max velocity.
WARNING: Reservoir calculated a storage above the maximum storage.
WARNING: Reservoir calculated an outlet velocity over max velocity, and therefore set the outlet velocity to max velocity.
WARNING: Reservoir calculated a storage above the maximum storage.
WARNING: Reservoir calculated an outlet velocity over max velocity, and therefore set the outlet velocity to max velocity.
WARNING: Reservoir calculated a storage above the maximum storage.
WARNING: Reservoir calculated an outlet velocity over max velocity, and therefore set the outlet velocity to max velocity.
WARNING: Reservoir calculated a storage above the maximum storage.
WARNING: Reservoir calculated an outlet velocity over max velocity, and therefore set the outlet velocity to max velocity.
WARNING: Reservoir calculated a storage above the maximum storage.
WARNING: Reservoir calculated an outlet velocity over max velocity, and therefore set the outlet velocity to max velocity.
WARNING: Reservoir calculated a storage above the maximum storage.
WARNING: Reservoir calculated an outlet velocity over max velocity, and therefore set the outlet velocity to max velocity.
WARNING: Reservoir calculated a storage above the maximum storage.
WARNING: Reservoir calculated an outlet velocity over max velocity, and therefore set the outlet velocity to max velocity.
WARNING: Reservoir calculated a storage above the maximum storage.
WARNING: Reservoir calculated an outlet velocity over max velocity, and therefore set the outlet velocity to max velocity.
WARNING: Reservoir calculated a storage above the maximum storage.
WARNING: Reservoir calculated an outlet velocity over max velocity, and therefore set the outlet velocity to max velocity.
WARNING: Reservoir calculated a storage above the maximum storage.
WARNING: Reservoir calculated an outlet velocity over max velocity, and therefore set the outlet velocity to max velocity.
WARNING: Reservoir calculated a storage above the maximum storage.
WARNING: Reservoir calculated an outlet velocity over max velocity, and therefore set the outlet velocity to max velocity.
WARNING: Reservoir calculated a storage above the maximum storage.
WARNING: Reservoir calculated an outlet velocity over max velocity, and therefore set the outlet velocity to max velocity.
WARNING: Reservoir calculated a storage above the maximum storage.
WARNING: Reservoir calculated an outlet velocity over max velocity, and therefore set the outlet velocity to max velocity.
WARNING: Reservoir calculated a storage above the maximum storage.
WARNING: Reservoir calculated an outlet velocity over max velocity, and therefore set the outlet velocity to max velocity.
WARNING: Reservoir calculated a storage above the maximum storage.
WARNING: Reservoir calculated an outlet velocity over max velocity, and therefore set the outlet velocity to max velocity.
WARNING: Reservoir calculated a storage above the maximum storage.
WARNING: Reservoir calculated an outlet velocity over max velocity, and therefore set the outlet velocity to max velocity.
WARNING: Reservoir calculated a storage above the maximum storage.
WARNING: Reservoir calculated an outlet velocity over max velocity, and therefore set the outlet velocity to max velocity.
WARNING: Reservoir calculated a storage above the maximum storage.
WARNING: Reservoir calculated an outlet velocity over max velocity, and therefore set the outlet velocity to max velocity.
WARNING: Reservoir calculated a storage above the maximum storage.
WARNING: Reservoir calculated an outlet velocity over max velocity, and therefore set the outlet velocity to max velocity.
WARNING: Reservoir calculated a storage above the maximum storage.
WARNING: Reservoir calculated an outlet velocity over max velocity, and therefore set the outlet velocity to max velocity.
WARNING: Reservoir calculated a storage above the maximum storage.
WARNING: Reservoir calculated an outlet velocity over max velocity, and therefore set the outlet velocity to max velocity.
WARNING: Reservoir calculated a storage above the maximum storage.
WARNING: Reservoir calculated an outlet velocity over max velocity, and therefore set the outlet velocity to max velocity.
WARNING: Reservoir calculated a storage above the maximum storage.
WARNING: Reservoir calculated an outlet velocity over max velocity, and therefore set the outlet velocity to max velocity.
WARNING: Reservoir calculated a storage above the maximum storage.
WARNING: Reservoir calculated an outlet velocity over max velocity, and therefore set the outlet velocity to max velocity.
WARNING: Reservoir calculated a storage above the maximum storage.
WARNING: Reservoir calculated an outlet velocity over max velocity, and therefore set the outlet velocity to max velocity.
WARNING: Reservoir calculated a storage above the maximum storage.
WARNING: Reservoir calculated an outlet velocity over max velocity, and therefore set the outlet velocity to max velocity.
WARNING: Reservoir calculated a storage above the maximum storage.
WARNING: Reservoir calculated an outlet velocity over max velocity, and therefore set the outlet velocity to max velocity.
WARNING: Reservoir calculated a storage above the maximum storage.
WARNING: Reservoir calculated an outlet velocity over max velocity, and therefore set the outlet velocity to max velocity.
WARNING: Reservoir calculated a storage above the maximum storage.
WARNING: Reservoir calculated an outlet velocity over max velocity, and therefore set the outlet velocity to max velocity.
WARNING: Reservoir calculated a storage above the maximum storage.
WARNING: Reservoir calculated an outlet velocity over max velocity, and therefore set the outlet velocity to max velocity.
WARNING: Reservoir calculated a storage above the maximum storage.
WARNING: Reservoir calculated an outlet velocity over max velocity, and therefore set the outlet velocity to max velocity.
WARNING: Reservoir calculated a storage above the maximum storage.
WARNING: Reservoir calculated an outlet velocity over max velocity, and therefore set the outlet velocity to max velocity.
WARNING: Reservoir calculated a storage above the maximum storage.
WARNING: Reservoir calculated an outlet velocity over max velocity, and therefore set the outlet velocity to max velocity.
WARNING: Reservoir calculated a storage above the maximum storage.
WARNING: Reservoir calculated an outlet velocity over max velocity, and therefore set the outlet velocity to max velocity.
WARNING: Reservoir calculated a storage above the maximum storage.
WARNING: Reservoir calculated an outlet velocity over max velocity, and therefore set the outlet velocity to max velocity.
WARNING: Reservoir calculated a storage above the maximum storage.
WARNING: Reservoir calculated an outlet velocity over max velocity, and therefore set the outlet velocity to max velocity.
WARNING: Reservoir calculated a storage above the maximum storage.
WARNING: Reservoir calculated an outlet velocity over max velocity, and therefore set the outlet velocity to max velocity.
WARNING: Reservoir calculated a storage above the maximum storage.
WARNING: Reservoir calculated an outlet velocity over max velocity, and therefore set the outlet velocity to max velocity.
WARNING: Reservoir calculated a storage above the maximum storage.
WARNING: Reservoir calculated an outlet velocity over max velocity, and therefore set the outlet velocity to max velocity.
WARNING: Reservoir calculated a storage above the maximum storage.
WARNING: Reservoir calculated an outlet velocity over max velocity, and therefore set the outlet velocity to max velocity.
WARNING: Reservoir calculated a storage above the maximum storage.
WARNING: Reservoir calculated an outlet velocity over max velocity, and therefore set the outlet velocity to max velocity.
WARNING: Reservoir calculated a storage above the maximum storage.
WARNING: Reservoir calculated an outlet velocity over max velocity, and therefore set the outlet velocity to max velocity.
WARNING: Reservoir calculated a storage above the maximum storage.
WARNING: Reservoir calculated an outlet velocity over max velocity, and therefore set the outlet velocity to max velocity.
WARNING: Reservoir calculated a storage above the maximum storage.
WARNING: Reservoir calculated an outlet velocity over max velocity, and therefore set the outlet velocity to max velocity.
WARNING: Reservoir calculated a storage above the maximum storage.
WARNING: Reservoir calculated an outlet velocity over max velocity, and therefore set the outlet velocity to max velocity.
WARNING: Reservoir calculated a storage above the maximum storage.
WARNING: Reservoir calculated an outlet velocity over max velocity, and therefore set the outlet velocity to max velocity.
WARNING: Reservoir calculated a storage above the maximum storage.
WARNING: Reservoir calculated an outlet velocity over max velocity, and therefore set the outlet velocity to max velocity.
WARNING: Reservoir calculated a storage above the maximum storage.
WARNING: Reservoir calculated an outlet velocity over max velocity, and therefore set the outlet velocity to max velocity.
WARNING: Reservoir calculated a storage above the maximum storage.
WARNING: Reservoir calculated an outlet velocity over max velocity, and therefore set the outlet velocity to max velocity.
WARNING: Reservoir calculated a storage above the maximum storage.
WARNING: Reservoir calculated an outlet velocity over max velocity, and therefore set the outlet velocity to max velocity.
WARNING: Reservoir calculated a storage above the maximum storage.
WARNING: Reservoir calculated an outlet velocity over max velocity, and therefore set the outlet velocity to max velocity.
WARNING: Reservoir calculated a storage above the maximum storage.
WARNING: Reservoir calculated an outlet velocity over max velocity, and therefore set the outlet velocity to max velocity.
WARNING: Reservoir calculated a storage above the maximum storage.
WARNING: Reservoir calculated an outlet velocity over max velocity, and therefore set the outlet velocity to max velocity.
WARNING: Reservoir calculated a storage above the maximum storage.
WARNING: Reservoir calculated an outlet velocity over max velocity, and therefore set the outlet velocity to max velocity.
WARNING: Reservoir calculated a storage above the maximum storage.
WARNING: Reservoir calculated an outlet velocity over max velocity, and therefore set the outlet velocity to max velocity.
WARNING: Reservoir calculated a storage above the maximum storage.
WARNING: Reservoir calculated an outlet velocity over max velocity, and therefore set the outlet velocity to max velocity.
WARNING: Reservoir calculated a storage above the maximum storage.
WARNING: Reservoir calculated an outlet velocity over max velocity, and therefore set the outlet velocity to max velocity.
WARNING: Reservoir calculated a storage above the maximum storage.
WARNING: Reservoir calculated an outlet velocity over max velocity, and therefore set the outlet velocity to max velocity.
WARNING: Reservoir calculated a storage above the maximum storage.
WARNING: Reservoir calculated an outlet velocity over max velocity, and therefore set the outlet velocity to max velocity.
WARNING: Reservoir calculated a storage above the maximum storage.
WARNING: Reservoir calculated an outlet velocity over max velocity, and therefore set the outlet velocity to max velocity.
WARNING: Reservoir calculated a storage above the maximum storage.
WARNING: Reservoir calculated an outlet velocity over max velocity, and therefore set the outlet velocity to max velocity.
WARNING: Reservoir calculated a storage above the maximum storage.
WARNING: Reservoir calculated an outlet velocity over max velocity, and therefore set the outlet velocity to max velocity.
WARNING: Reservoir calculated a storage above the maximum storage.
WARNING: Reservoir calculated an outlet velocity over max velocity, and therefore set the outlet velocity to max velocity.
WARNING: Reservoir calculated a storage above the maximum storage.
WARNING: Reservoir calculated an outlet velocity over max velocity, and therefore set the outlet velocity to max velocity.
WARNING: Reservoir calculated a storage above the maximum storage.
WARNING: Reservoir calculated an outlet velocity over max velocity, and therefore set the outlet velocity to max velocity.
WARNING: Reservoir calculated a storage above the maximum storage.
WARNING: Reservoir calculated an outlet velocity over max velocity, and therefore set the outlet velocity to max velocity.
WARNING: Reservoir calculated a storage above the maximum storage.
WARNING: Reservoir calculated an outlet velocity over max velocity, and therefore set the outlet velocity to max velocity.
WARNING: Reservoir calculated a storage above the maximum storage.
WARNING: Reservoir calculated an outlet velocity over max velocity, and therefore set the outlet velocity to max velocity.
WARNING: Reservoir calculated a storage above the maximum storage.
WARNING: Reservoir calculated an outlet velocity over max velocity, and therefore set the outlet velocity to max velocity.
WARNING: Reservoir calculated a storage above the maximum storage.
WARNING: Reservoir calculated an outlet velocity over max velocity, and therefore set the outlet velocity to max velocity.
WARNING: Reservoir calculated a storage above the maximum storage.
WARNING: Reservoir calculated an outlet velocity over max velocity, and therefore set the outlet velocity to max velocity.
WARNING: Reservoir calculated a storage above the maximum storage.
WARNING: Reservoir calculated an outlet velocity over max velocity, and therefore set the outlet velocity to max velocity.
WARNING: Reservoir calculated a storage above the maximum storage.
WARNING: Reservoir calculated an outlet velocity over max velocity, and therefore set the outlet velocity to max velocity.
WARNING: Reservoir calculated a storage above the maximum storage.
WARNING: Reservoir calculated an outlet velocity over max velocity, and therefore set the outlet velocity to max velocity.
WARNING: Reservoir calculated a storage above the maximum storage.
WARNING: Reservoir calculated an outlet velocity over max velocity, and therefore set the outlet velocity to max velocity.
WARNING: Reservoir calculated a storage above the maximum storage.
WARNING: Reservoir calculated an outlet velocity over max velocity, and therefore set the outlet velocity to max velocity.
WARNING: Reservoir calculated a storage above the maximum storage.
WARNING: Reservoir calculated an outlet velocity over max velocity, and therefore set the outlet velocity to max velocity.
WARNING: Reservoir calculated a storage above the maximum storage.
WARNING: Reservoir calculated an outlet velocity over max velocity, and therefore set the outlet velocity to max velocity.
WARNING: Reservoir calculated a storage above the maximum storage.
WARNING: Reservoir calculated an outlet velocity over max velocity, and therefore set the outlet velocity to max velocity.
WARNING: Reservoir calculated a storage above the maximum storage.
WARNING: Reservoir calculated an outlet velocity over max velocity, and therefore set the outlet velocity to max velocity.
WARNING: Reservoir calculated a storage above the maximum storage.
WARNING: Reservoir calculated an outlet velocity over max velocity, and therefore set the outlet velocity to max velocity.
WARNING: Reservoir calculated a storage above the maximum storage.
WARNING: Reservoir calculated an outlet velocity over max velocity, and therefore set the outlet velocity to max velocity.
WARNING: Reservoir calculated a storage above the maximum storage.
WARNING: Reservoir calculated an outlet velocity over max velocity, and therefore set the outlet velocity to max velocity.
WARNING: Reservoir calculated a storage above the maximum storage.
WARNING: Reservoir calculated an outlet velocity over max velocity, and therefore set the outlet velocity to max velocity.
WARNING: Reservoir calculated a storage above the maximum storage.
WARNING: Reservoir calculated an outlet velocity over max velocity, and therefore set the outlet velocity to max velocity.
WARNING: Reservoir calculated a storage above the maximum storage.
WARNING: Reservoir calculated an outlet velocity over max velocity, and therefore set the outlet velocity to max velocity.
WARNING: Reservoir calculated a storage above the maximum storage.
WARNING: Reservoir calculated an outlet velocity over max velocity, and therefore set the outlet velocity to max velocity.
WARNING: Reservoir calculated a storage above the maximum storage.
WARNING: Reservoir calculated an outlet velocity over max velocity, and therefore set the outlet velocity to max velocity.
WARNING: Reservoir calculated a storage above the maximum storage.
WARNING: Reservoir calculated an outlet velocity over max velocity, and therefore set the outlet velocity to max velocity.
WARNING: Reservoir calculated a storage above the maximum storage.
WARNING: Reservoir calculated an outlet velocity over max velocity, and therefore set the outlet velocity to max velocity.
WARNING: Reservoir calculated a storage above the maximum storage.
WARNING: Reservoir calculated an outlet velocity over max velocity, and therefore set the outlet velocity to max velocity.
WARNING: Reservoir calculated a storage above the maximum storage.
WARNING: Reservoir calculated an outlet velocity over max velocity, and therefore set the outlet velocity to max velocity.
WARNING: Reservoir calculated a storage above the maximum storage.
WARNING: Reservoir calculated an outlet velocity over max velocity, and therefore set the outlet velocity to max velocity.
WARNING: Reservoir calculated a storage above the maximum storage.
WARNING: Reservoir calculated an outlet velocity over max velocity, and therefore set the outlet velocity to max velocity.
WARNING: Reservoir calculated a storage above the maximum storage.
WARNING: Reservoir calculated an outlet velocity over max velocity, and therefore set the outlet velocity to max velocity.
WARNING: Reservoir calculated a storage above the maximum storage.
WARNING: Reservoir calculated an outlet velocity over max velocity, and therefore set the outlet velocity to max velocity.
WARNING: Reservoir calculated a storage above the maximum storage.
WARNING: Reservoir calculated an outlet velocity over max velocity, and therefore set the outlet velocity to max velocity.
WARNING: Reservoir calculated a storage above the maximum storage.
WARNING: Reservoir calculated an outlet velocity over max velocity, and therefore set the outlet velocity to max velocity.
WARNING: Reservoir calculated a storage above the maximum storage.
WARNING: Reservoir calculated an outlet velocity over max velocity, and therefore set the outlet velocity to max velocity.
WARNING: Reservoir calculated a storage above the maximum storage.
WARNING: Reservoir calculated an outlet velocity over max velocity, and therefore set the outlet velocity to max velocity.
WARNING: Reservoir calculated a storage above the maximum storage.
WARNING: Reservoir calculated an outlet velocity over max velocity, and therefore set the outlet velocity to max velocity.
WARNING: Reservoir calculated a storage above the maximum storage.
WARNING: Reservoir calculated an outlet velocity over max velocity, and therefore set the outlet velocity to max velocity.
WARNING: Reservoir calculated a storage above the maximum storage.
WARNING: Reservoir calculated an outlet velocity over max velocity, and therefore set the outlet velocity to max velocity.
WARNING: Reservoir calculated a storage above the maximum storage.
WARNING: Reservoir calculated an outlet velocity over max velocity, and therefore set the outlet velocity to max velocity.
WARNING: Reservoir calculated a storage above the maximum storage.
WARNING: Reservoir calculated an outlet velocity over max velocity, and therefore set the outlet velocity to max velocity.
WARNING: Reservoir calculated a storage above the maximum storage.
WARNING: Reservoir calculated an outlet velocity over max velocity, and therefore set the outlet velocity to max velocity.
WARNING: Reservoir calculated a storage above the maximum storage.
WARNING: Reservoir calculated an outlet velocity over max velocity, and therefore set the outlet velocity to max velocity.
WARNING: Reservoir calculated a storage above the maximum storage.
WARNING: Reservoir calculated an outlet velocity over max velocity, and therefore set the outlet velocity to max velocity.
WARNING: Reservoir calculated a storage above the maximum storage.
WARNING: Reservoir calculated an outlet velocity over max velocity, and therefore set the outlet velocity to max velocity.
WARNING: Reservoir calculated a storage above the maximum storage.
WARNING: Reservoir calculated an outlet velocity over max velocity, and therefore set the outlet velocity to max velocity.
WARNING: Reservoir calculated a storage above the maximum storage.
WARNING: Reservoir calculated an outlet velocity over max velocity, and therefore set the outlet velocity to max velocity.
WARNING: Reservoir calculated a storage above the maximum storage.
WARNING: Reservoir calculated an outlet velocity over max velocity, and therefore set the outlet velocity to max velocity.
WARNING: Reservoir calculated a storage above the maximum storage.
WARNING: Reservoir calculated an outlet velocity over max velocity, and therefore set the outlet velocity to max velocity.
WARNING: Reservoir calculated a storage above the maximum storage.
WARNING: Reservoir calculated an outlet velocity over max velocity, and therefore set the outlet velocity to max velocity.
WARNING: Reservoir calculated a storage above the maximum storage.
WARNING: Reservoir calculated an outlet velocity over max velocity, and therefore set the outlet velocity to max velocity.
WARNING: Reservoir calculated a storage above the maximum storage.
WARNING: Reservoir calculated an outlet velocity over max velocity, and therefore set the outlet velocity to max velocity.
WARNING: Reservoir calculated a storage above the maximum storage.
WARNING: Reservoir calculated an outlet velocity over max velocity, and therefore set the outlet velocity to max velocity.
WARNING: Reservoir calculated a storage above the maximum storage.
WARNING: Reservoir calculated an outlet velocity over max velocity, and therefore set the outlet velocity to max velocity.
WARNING: Reservoir calculated a storage above the maximum storage.
WARNING: Reservoir calculated an outlet velocity over max velocity, and therefore set the outlet velocity to max velocity.
WARNING: Reservoir calculated a storage above the maximum storage.
WARNING: Reservoir calculated an outlet velocity over max velocity, and therefore set the outlet velocity to max velocity.
WARNING: Reservoir calculated a storage above the maximum storage.
WARNING: Reservoir calculated an outlet velocity over max velocity, and therefore set the outlet velocity to max velocity.
WARNING: Reservoir calculated a storage above the maximum storage.
WARNING: Reservoir calculated an outlet velocity over max velocity, and therefore set the outlet velocity to max velocity.
WARNING: Reservoir calculated a storage above the maximum storage.
WARNING: Reservoir calculated an outlet velocity over max velocity, and therefore set the outlet velocity to max velocity.
WARNING: Reservoir calculated a storage above the maximum storage.
WARNING: Reservoir calculated an outlet velocity over max velocity, and therefore set the outlet velocity to max velocity.
WARNING: Reservoir calculated a storage above the maximum storage.
WARNING: Reservoir calculated an outlet velocity over max velocity, and therefore set the outlet velocity to max velocity.
WARNING: Reservoir calculated a storage above the maximum storage.
WARNING: Reservoir calculated an outlet velocity over max velocity, and therefore set the outlet velocity to max velocity.
WARNING: Reservoir calculated a storage above the maximum storage.
WARNING: Reservoir calculated an outlet velocity over max velocity, and therefore set the outlet velocity to max velocity.
WARNING: Reservoir calculated a storage above the maximum storage.
WARNING: Reservoir calculated an outlet velocity over max velocity, and therefore set the outlet velocity to max velocity.
WARNING: Reservoir calculated a storage above the maximum storage.
WARNING: Reservoir calculated an outlet velocity over max velocity, and therefore set the outlet velocity to max velocity.
WARNING: Reservoir calculated a storage above the maximum storage.
WARNING: Reservoir calculated an outlet velocity over max velocity, and therefore set the outlet velocity to max velocity.
WARNING: Reservoir calculated a storage above the maximum storage.
WARNING: Reservoir calculated an outlet velocity over max velocity, and therefore set the outlet velocity to max velocity.
WARNING: Reservoir calculated a storage above the maximum storage.
WARNING: Reservoir calculated an outlet velocity over max velocity, and therefore set the outlet velocity to max velocity.
WARNING: Reservoir calculated a storage above the maximum storage.
WARNING: Reservoir calculated an outlet velocity over max velocity, and therefore set the outlet velocity to max velocity.
WARNING: Reservoir calculated a storage above the maximum storage.
WARNING: Reservoir calculated an outlet velocity over max velocity, and therefore set the outlet velocity to max velocity.
WARNING: Reservoir calculated a storage above the maximum storage.
WARNING: Reservoir calculated an outlet velocity over max velocity, and therefore set the outlet velocity to max velocity.
WARNING: Reservoir calculated a storage above the maximum storage.
WARNING: Reservoir calculated an outlet velocity over max velocity, and therefore set the outlet velocity to max velocity.
WARNING: Reservoir calculated a storage above the maximum storage.
WARNING: Reservoir calculated an outlet velocity over max velocity, and therefore set the outlet velocity to max velocity.
WARNING: Reservoir calculated a storage above the maximum storage.
WARNING: Reservoir calculated an outlet velocity over max velocity, and therefore set the outlet velocity to max velocity.
WARNING: Reservoir calculated a storage above the maximum storage.
WARNING: Reservoir calculated an outlet velocity over max velocity, and therefore set the outlet velocity to max velocity.
WARNING: Reservoir calculated a storage above the maximum storage.
WARNING: Reservoir calculated an outlet velocity over max velocity, and therefore set the outlet velocity to max velocity.
WARNING: Reservoir calculated a storage above the maximum storage.
WARNING: Reservoir calculated an outlet velocity over max velocity, and therefore set the outlet velocity to max velocity.
WARNING: Reservoir calculated a storage above the maximum storage.
WARNING: Reservoir calculated an outlet velocity over max velocity, and therefore set the outlet velocity to max velocity.
WARNING: Reservoir calculated a storage above the maximum storage.
WARNING: Reservoir calculated an outlet velocity over max velocity, and therefore set the outlet velocity to max velocity.
WARNING: Reservoir calculated a storage above the maximum storage.
WARNING: Reservoir calculated an outlet velocity over max velocity, and therefore set the outlet velocity to max velocity.
WARNING: Reservoir calculated a storage above the maximum storage.
WARNING: Reservoir calculated an outlet velocity over max velocity, and therefore set the outlet velocity to max velocity.
WARNING: Reservoir calculated a storage above the maximum storage.
WARNING: Reservoir calculated an outlet velocity over max velocity, and therefore set the outlet velocity to max velocity.
WARNING: Reservoir calculated a storage above the maximum storage.
WARNING: Reservoir calculated an outlet velocity over max velocity, and therefore set the outlet velocity to max velocity.
WARNING: Reservoir calculated a storage above the maximum storage.
WARNING: Reservoir calculated an outlet velocity over max velocity, and therefore set the outlet velocity to max velocity.
WARNING: Reservoir calculated a storage above the maximum storage.
WARNING: Reservoir calculated an outlet velocity over max velocity, and therefore set the outlet velocity to max velocity.
WARNING: Reservoir calculated a storage above the maximum storage.
WARNING: Reservoir calculated an outlet velocity over max velocity, and therefore set the outlet velocity to max velocity.
WARNING: Reservoir calculated a storage above the maximum storage.
WARNING: Reservoir calculated an outlet velocity over max velocity, and therefore set the outlet velocity to max velocity.
WARNING: Reservoir calculated a storage above the maximum storage.
WARNING: Reservoir calculated an outlet velocity over max velocity, and therefore set the outlet velocity to max velocity.
WARNING: Reservoir calculated a storage above the maximum storage.
WARNING: Reservoir calculated an outlet velocity over max velocity, and therefore set the outlet velocity to max velocity.
WARNING: Reservoir calculated a storage above the maximum storage.
WARNING: Reservoir calculated an outlet velocity over max velocity, and therefore set the outlet velocity to max velocity.
WARNING: Reservoir calculated a storage above the maximum storage.
WARNING: Reservoir calculated an outlet velocity over max velocity, and therefore set the outlet velocity to max velocity.
WARNING: Reservoir calculated a storage above the maximum storage.
WARNING: Reservoir calculated an outlet velocity over max velocity, and therefore set the outlet velocity to max velocity.
WARNING: Reservoir calculated a storage above the maximum storage.
WARNING: Reservoir calculated an outlet velocity over max velocity, and therefore set the outlet velocity to max velocity.
WARNING: Reservoir calculated a storage above the maximum storage.
WARNING: Reservoir calculated an outlet velocity over max velocity, and therefore set the outlet velocity to max velocity.
WARNING: Reservoir calculated a storage above the maximum storage.
WARNING: Reservoir calculated an outlet velocity over max velocity, and therefore set the outlet velocity to max velocity.
WARNING: Reservoir calculated a storage above the maximum storage.
WARNING: Reservoir calculated an outlet velocity over max velocity, and therefore set the outlet velocity to max velocity.
WARNING: Reservoir calculated a storage above the maximum storage.
WARNING: Reservoir calculated an outlet velocity over max velocity, and therefore set the outlet velocity to max velocity.
WARNING: Reservoir calculated a storage above the maximum storage.
WARNING: Reservoir calculated an outlet velocity over max velocity, and therefore set the outlet velocity to max velocity.
WARNING: Reservoir calculated a storage above the maximum storage.
WARNING: Reservoir calculated an outlet velocity over max velocity, and therefore set the outlet velocity to max velocity.
WARNING: Reservoir calculated a storage above the maximum storage.
WARNING: Reservoir calculated an outlet velocity over max velocity, and therefore set the outlet velocity to max velocity.
WARNING: Reservoir calculated a storage above the maximum storage.
WARNING: Reservoir calculated an outlet velocity over max velocity, and therefore set the outlet velocity to max velocity.
WARNING: Reservoir calculated a storage above the maximum storage.
WARNING: Reservoir calculated an outlet velocity over max velocity, and therefore set the outlet velocity to max velocity.
WARNING: Reservoir calculated a storage above the maximum storage.
WARNING: Reservoir calculated an outlet velocity over max velocity, and therefore set the outlet velocity to max velocity.
WARNING: Reservoir calculated a storage above the maximum storage.
WARNING: Reservoir calculated an outlet velocity over max velocity, and therefore set the outlet velocity to max velocity.
WARNING: Reservoir calculated a storage above the maximum storage.
WARNING: Reservoir calculated an outlet velocity over max velocity, and therefore set the outlet velocity to max velocity.
WARNING: Reservoir calculated a storage above the maximum storage.
WARNING: Reservoir calculated an outlet velocity over max velocity, and therefore set the outlet velocity to max velocity.
WARNING: Reservoir calculated a storage above the maximum storage.
WARNING: Reservoir calculated an outlet velocity over max velocity, and therefore set the outlet velocity to max velocity.
WARNING: Reservoir calculated a storage above the maximum storage.
WARNING: Reservoir calculated an outlet velocity over max velocity, and therefore set the outlet velocity to max velocity.
WARNING: Reservoir calculated a storage above the maximum storage.
WARNING: Reservoir calculated an outlet velocity over max velocity, and therefore set the outlet velocity to max velocity.
WARNING: Reservoir calculated a storage above the maximum storage.
WARNING: Reservoir calculated an outlet velocity over max velocity, and therefore set the outlet velocity to max velocity.
WARNING: Reservoir calculated a storage above the maximum storage.
WARNING: Reservoir calculated an outlet velocity over max velocity, and therefore set the outlet velocity to max velocity.
WARNING: Reservoir calculated a storage above the maximum storage.
WARNING: Reservoir calculated an outlet velocity over max velocity, and therefore set the outlet velocity to max velocity.
WARNING: Reservoir calculated a storage above the maximum storage.
WARNING: Reservoir calculated an outlet velocity over max velocity, and therefore set the outlet velocity to max velocity.
WARNING: Reservoir calculated a storage above the maximum storage.
WARNING: Reservoir calculated an outlet velocity over max velocity, and therefore set the outlet velocity to max velocity.
WARNING: Reservoir calculated a storage above the maximum storage.
WARNING: Reservoir calculated an outlet velocity over max velocity, and therefore set the outlet velocity to max velocity.
WARNING: Reservoir calculated a storage above the maximum storage.
WARNING: Reservoir calculated an outlet velocity over max velocity, and therefore set the outlet velocity to max velocity.
WARNING: Reservoir calculated a storage above the maximum storage.
WARNING: Reservoir calculated an outlet velocity over max velocity, and therefore set the outlet velocity to max velocity.
WARNING: Reservoir calculated a storage above the maximum storage.
WARNING: Reservoir calculated an outlet velocity over max velocity, and therefore set the outlet velocity to max velocity.
WARNING: Reservoir calculated a storage above the maximum storage.
WARNING: Reservoir calculated an outlet velocity over max velocity, and therefore set the outlet velocity to max velocity.
WARNING: Reservoir calculated a storage above the maximum storage.
WARNING: Reservoir calculated an outlet velocity over max velocity, and therefore set the outlet velocity to max velocity.
WARNING: Reservoir calculated a storage above the maximum storage.
WARNING: Reservoir calculated an outlet velocity over max velocity, and therefore set the outlet velocity to max velocity.
WARNING: Reservoir calculated a storage above the maximum storage.
WARNING: Reservoir calculated an outlet velocity over max velocity, and therefore set the outlet velocity to max velocity.
WARNING: Reservoir calculated a storage above the maximum storage.
WARNING: Reservoir calculated an outlet velocity over max velocity, and therefore set the outlet velocity to max velocity.
WARNING: Reservoir calculated a storage above the maximum storage.
WARNING: Reservoir calculated an outlet velocity over max velocity, and therefore set the outlet velocity to max velocity.
WARNING: Reservoir calculated a storage above the maximum storage.
WARNING: Reservoir calculated an outlet velocity over max velocity, and therefore set the outlet velocity to max velocity.
WARNING: Reservoir calculated a storage above the maximum storage.
WARNING: Reservoir calculated an outlet velocity over max velocity, and therefore set the outlet velocity to max velocity.
WARNING: Reservoir calculated a storage above the maximum storage.
WARNING: Reservoir calculated an outlet velocity over max velocity, and therefore set the outlet velocity to max velocity.
WARNING: Reservoir calculated a storage above the maximum storage.
WARNING: Reservoir calculated an outlet velocity over max velocity, and therefore set the outlet velocity to max velocity.
WARNING: Reservoir calculated a storage above the maximum storage.
WARNING: Reservoir calculated an outlet velocity over max velocity, and therefore set the outlet velocity to max velocity.
WARNING: Reservoir calculated a storage above the maximum storage.
WARNING: Reservoir calculated an outlet velocity over max velocity, and therefore set the outlet velocity to max velocity.
WARNING: Reservoir calculated a storage above the maximum storage.
WARNING: Reservoir calculated an outlet velocity over max velocity, and therefore set the outlet velocity to max velocity.
WARNING: Reservoir calculated a storage above the maximum storage.
WARNING: Reservoir calculated an outlet velocity over max velocity, and therefore set the outlet velocity to max velocity.
WARNING: Reservoir calculated a storage above the maximum storage.
WARNING: Reservoir calculated an outlet velocity over max velocity, and therefore set the outlet velocity to max velocity.
WARNING: Reservoir calculated a storage above the maximum storage.
WARNING: Reservoir calculated an outlet velocity over max velocity, and therefore set the outlet velocity to max velocity.
WARNING: Reservoir calculated a storage above the maximum storage.
WARNING: Reservoir calculated an outlet velocity over max velocity, and therefore set the outlet velocity to max velocity.
WARNING: Reservoir calculated a storage above the maximum storage.
WARNING: Reservoir calculated an outlet velocity over max velocity, and therefore set the outlet velocity to max velocity.
WARNING: Reservoir calculated a storage above the maximum storage.
WARNING: Reservoir calculated an outlet velocity over max velocity, and therefore set the outlet velocity to max velocity.
WARNING: Reservoir calculated a storage above the maximum storage.
WARNING: Reservoir calculated an outlet velocity over max velocity, and therefore set the outlet velocity to max velocity.
WARNING: Reservoir calculated a storage above the maximum storage.
WARNING: Reservoir calculated an outlet velocity over max velocity, and therefore set the outlet velocity to max velocity.
WARNING: Reservoir calculated a storage above the maximum storage.
WARNING: Reservoir calculated an outlet velocity over max velocity, and therefore set the outlet velocity to max velocity.
WARNING: Reservoir calculated a storage above the maximum storage.
WARNING: Reservoir calculated an outlet velocity over max velocity, and therefore set the outlet velocity to max velocity.
WARNING: Reservoir calculated a storage above the maximum storage.
WARNING: Reservoir calculated an outlet velocity over max velocity, and therefore set the outlet velocity to max velocity.
WARNING: Reservoir calculated a storage above the maximum storage.
WARNING: Reservoir calculated an outlet velocity over max velocity, and therefore set the outlet velocity to max velocity.
WARNING: Reservoir calculated a storage above the maximum storage.
WARNING: Reservoir calculated an outlet velocity over max velocity, and therefore set the outlet velocity to max velocity.
WARNING: Reservoir calculated a storage above the maximum storage.
WARNING: Reservoir calculated an outlet velocity over max velocity, and therefore set the outlet velocity to max velocity.
WARNING: Reservoir calculated a storage above the maximum storage.
WARNING: Reservoir calculated an outlet velocity over max velocity, and therefore set the outlet velocity to max velocity.
WARNING: Reservoir calculated a storage above the maximum storage.
WARNING: Reservoir calculated an outlet velocity over max velocity, and therefore set the outlet velocity to max velocity.
WARNING: Reservoir calculated a storage above the maximum storage.
WARNING: Reservoir calculated an outlet velocity over max velocity, and therefore set the outlet velocity to max velocity.
WARNING: Reservoir calculated a storage above the maximum storage.
WARNING: Reservoir calculated an outlet velocity over max velocity, and therefore set the outlet velocity to max velocity.
WARNING: Reservoir calculated a storage above the maximum storage.
WARNING: Reservoir calculated an outlet velocity over max velocity, and therefore set the outlet velocity to max velocity.
WARNING: Reservoir calculated a storage above the maximum storage.
WARNING: Reservoir calculated an outlet velocity over max velocity, and therefore set the outlet velocity to max velocity.
WARNING: Reservoir calculated a storage above the maximum storage.
WARNING: Reservoir calculated an outlet velocity over max velocity, and therefore set the outlet velocity to max velocity.
WARNING: Reservoir calculated a storage above the maximum storage.
WARNING: Reservoir calculated an outlet velocity over max velocity, and therefore set the outlet velocity to max velocity.
WARNING: Reservoir calculated a storage above the maximum storage.
WARNING: Reservoir calculated an outlet velocity over max velocity, and therefore set the outlet velocity to max velocity.
WARNING: Reservoir calculated a storage above the maximum storage.
WARNING: Reservoir calculated an outlet velocity over max velocity, and therefore set the outlet velocity to max velocity.
WARNING: Reservoir calculated a storage above the maximum storage.
WARNING: Reservoir calculated an outlet velocity over max velocity, and therefore set the outlet velocity to max velocity.
WARNING: Reservoir calculated a storage above the maximum storage.
WARNING: Reservoir calculated an outlet velocity over max velocity, and therefore set the outlet velocity to max velocity.
WARNING: Reservoir calculated a storage above the maximum storage.
WARNING: Reservoir calculated an outlet velocity over max velocity, and therefore set the outlet velocity to max velocity.
WARNING: Reservoir calculated a storage above the maximum storage.
WARNING: Reservoir calculated an outlet velocity over max velocity, and therefore set the outlet velocity to max velocity.
WARNING: Reservoir calculated a storage above the maximum storage.
WARNING: Reservoir calculated an outlet velocity over max velocity, and therefore set the outlet velocity to max velocity.
WARNING: Reservoir calculated a storage above the maximum storage.
WARNING: Reservoir calculated an outlet velocity over max velocity, and therefore set the outlet velocity to max velocity.
WARNING: Reservoir calculated a storage above the maximum storage.
WARNING: Reservoir calculated an outlet velocity over max velocity, and therefore set the outlet velocity to max velocity.
WARNING: Reservoir calculated a storage above the maximum storage.
WARNING: Reservoir calculated an outlet velocity over max velocity, and therefore set the outlet velocity to max velocity.
WARNING: Reservoir calculated a storage above the maximum storage.
WARNING: Reservoir calculated an outlet velocity over max velocity, and therefore set the outlet velocity to max velocity.
WARNING: Reservoir calculated a storage above the maximum storage.
WARNING: Reservoir calculated an outlet velocity over max velocity, and therefore set the outlet velocity to max velocity.
WARNING: Reservoir calculated a storage above the maximum storage.
WARNING: Reservoir calculated an outlet velocity over max velocity, and therefore set the outlet velocity to max velocity.
WARNING: Reservoir calculated a storage above the maximum storage.
WARNING: Reservoir calculated an outlet velocity over max velocity, and therefore set the outlet velocity to max velocity.
WARNING: Reservoir calculated a storage above the maximum storage.
WARNING: Reservoir calculated an outlet velocity over max velocity, and therefore set the outlet velocity to max velocity.
WARNING: Reservoir calculated a storage above the maximum storage.
WARNING: Reservoir calculated an outlet velocity over max velocity, and therefore set the outlet velocity to max velocity.
WARNING: Reservoir calculated a storage above the maximum storage.
WARNING: Reservoir calculated an outlet velocity over max velocity, and therefore set the outlet velocity to max velocity.
WARNING: Reservoir calculated a storage above the maximum storage.
WARNING: Reservoir calculated an outlet velocity over max velocity, and therefore set the outlet velocity to max velocity.
WARNING: Reservoir calculated a storage above the maximum storage.
WARNING: Reservoir calculated an outlet velocity over max velocity, and therefore set the outlet velocity to max velocity.
WARNING: Reservoir calculated a storage above the maximum storage.
WARNING: Reservoir calculated an outlet velocity over max velocity, and therefore set the outlet velocity to max velocity.
WARNING: Reservoir calculated a storage above the maximum storage.
WARNING: Reservoir calculated an outlet velocity over max velocity, and therefore set the outlet velocity to max velocity.
WARNING: Reservoir calculated a storage above the maximum storage.
WARNING: Reservoir calculated an outlet velocity over max velocity, and therefore set the outlet velocity to max velocity.
WARNING: Reservoir calculated a storage above the maximum storage.
WARNING: Reservoir calculated an outlet velocity over max velocity, and therefore set the outlet velocity to max velocity.
WARNING: Reservoir calculated a storage above the maximum storage.
WARNING: Reservoir calculated an outlet velocity over max velocity, and therefore set the outlet velocity to max velocity.
WARNING: Reservoir calculated a storage above the maximum storage.
WARNING: Reservoir calculated an outlet velocity over max velocity, and therefore set the outlet velocity to max velocity.
WARNING: Reservoir calculated a storage above the maximum storage.
WARNING: Reservoir calculated an outlet velocity over max velocity, and therefore set the outlet velocity to max velocity.
WARNING: Reservoir calculated a storage above the maximum storage.
WARNING: Reservoir calculated an outlet velocity over max velocity, and therefore set the outlet velocity to max velocity.
WARNING: Reservoir calculated a storage above the maximum storage.
WARNING: Reservoir calculated an outlet velocity over max velocity, and therefore set the outlet velocity to max velocity.
WARNING: Reservoir calculated a storage above the maximum storage.
WARNING: Reservoir calculated an outlet velocity over max velocity, and therefore set the outlet velocity to max velocity.
WARNING: Reservoir calculated a storage above the maximum storage.
WARNING: Reservoir calculated an outlet velocity over max velocity, and therefore set the outlet velocity to max velocity.
WARNING: Reservoir calculated a storage above the maximum storage.
WARNING: Reservoir calculated an outlet velocity over max velocity, and therefore set the outlet velocity to max velocity.
WARNING: Reservoir calculated a storage above the maximum storage.
WARNING: Reservoir calculated an outlet velocity over max velocity, and therefore set the outlet velocity to max velocity.
WARNING: Reservoir calculated a storage above the maximum storage.
WARNING: Reservoir calculated an outlet velocity over max velocity, and therefore set the outlet velocity to max velocity.
WARNING: Reservoir calculated a storage above the maximum storage.
WARNING: Reservoir calculated an outlet velocity over max velocity, and therefore set the outlet velocity to max velocity.
WARNING: Reservoir calculated a storage above the maximum storage.
WARNING: Reservoir calculated an outlet velocity over max velocity, and therefore set the outlet velocity to max velocity.
WARNING: Reservoir calculated a storage above the maximum storage.
WARNING: Reservoir calculated an outlet velocity over max velocity, and therefore set the outlet velocity to max velocity.
WARNING: Reservoir calculated a storage above the maximum storage.
WARNING: Reservoir calculated an outlet velocity over max velocity, and therefore set the outlet velocity to max velocity.
WARNING: Reservoir calculated a storage above the maximum storage.
WARNING: Reservoir calculated an outlet velocity over max velocity, and therefore set the outlet velocity to max velocity.
WARNING: Reservoir calculated a storage above the maximum storage.
WARNING: Reservoir calculated an outlet velocity over max velocity, and therefore set the outlet velocity to max velocity.
WARNING: Reservoir calculated a storage above the maximum storage.
WARNING: Reservoir calculated an outlet velocity over max velocity, and therefore set the outlet velocity to max velocity.
WARNING: Reservoir calculated a storage above the maximum storage.
WARNING: Reservoir calculated an outlet velocity over max velocity, and therefore set the outlet velocity to max velocity.
WARNING: Reservoir calculated a storage above the maximum storage.
WARNING: Reservoir calculated an outlet velocity over max velocity, and therefore set the outlet velocity to max velocity.
WARNING: Reservoir calculated a storage above the maximum storage.
WARNING: Reservoir calculated an outlet velocity over max velocity, and therefore set the outlet velocity to max velocity.
WARNING: Reservoir calculated a storage above the maximum storage.
WARNING: Reservoir calculated an outlet velocity over max velocity, and therefore set the outlet velocity to max velocity.
WARNING: Reservoir calculated a storage above the maximum storage.
WARNING: Reservoir calculated an outlet velocity over max velocity, and therefore set the outlet velocity to max velocity.
WARNING: Reservoir calculated a storage above the maximum storage.
WARNING: Reservoir calculated an outlet velocity over max velocity, and therefore set the outlet velocity to max velocity.
WARNING: Reservoir calculated a storage above the maximum storage.
WARNING: Reservoir calculated an outlet velocity over max velocity, and therefore set the outlet velocity to max velocity.
WARNING: Reservoir calculated a storage above the maximum storage.
WARNING: Reservoir calculated an outlet velocity over max velocity, and therefore set the outlet velocity to max velocity.
WARNING: Reservoir calculated a storage above the maximum storage.
WARNING: Reservoir calculated an outlet velocity over max velocity, and therefore set the outlet velocity to max velocity.
WARNING: Reservoir calculated a storage above the maximum storage.
WARNING: Reservoir calculated an outlet velocity over max velocity, and therefore set the outlet velocity to max velocity.
WARNING: Reservoir calculated a storage above the maximum storage.
WARNING: Reservoir calculated an outlet velocity over max velocity, and therefore set the outlet velocity to max velocity.
WARNING: Reservoir calculated a storage above the maximum storage.
WARNING: Reservoir calculated an outlet velocity over max velocity, and therefore set the outlet velocity to max velocity.
WARNING: Reservoir calculated a storage above the maximum storage.
WARNING: Reservoir calculated an outlet velocity over max velocity, and therefore set the outlet velocity to max velocity.
WARNING: Reservoir calculated a storage above the maximum storage.
WARNING: Reservoir calculated an outlet velocity over max velocity, and therefore set the outlet velocity to max velocity.
WARNING: Reservoir calculated a storage above the maximum storage.
WARNING: Reservoir calculated an outlet velocity over max velocity, and therefore set the outlet velocity to max velocity.
WARNING: Reservoir calculated a storage above the maximum storage.
WARNING: Reservoir calculated an outlet velocity over max velocity, and therefore set the outlet velocity to max velocity.
WARNING: Reservoir calculated a storage above the maximum storage.
WARNING: Reservoir calculated an outlet velocity over max velocity, and therefore set the outlet velocity to max velocity.
WARNING: Reservoir calculated a storage above the maximum storage.
WARNING: Reservoir calculated an outlet velocity over max velocity, and therefore set the outlet velocity to max velocity.
WARNING: Reservoir calculated a storage above the maximum storage.
WARNING: Reservoir calculated an outlet velocity over max velocity, and therefore set the outlet velocity to max velocity.
WARNING: Reservoir calculated a storage above the maximum storage.
WARNING: Reservoir calculated an outlet velocity over max velocity, and therefore set the outlet velocity to max velocity.
WARNING: Reservoir calculated a storage above the maximum storage.
WARNING: Reservoir calculated an outlet velocity over max velocity, and therefore set the outlet velocity to max velocity.
WARNING: Reservoir calculated a storage above the maximum storage.
WARNING: Reservoir calculated an outlet velocity over max velocity, and therefore set the outlet velocity to max velocity.
WARNING: Reservoir calculated a storage above the maximum storage.
WARNING: Reservoir calculated an outlet velocity over max velocity, and therefore set the outlet velocity to max velocity.
WARNING: Reservoir calculated a storage above the maximum storage.
WARNING: Reservoir calculated an outlet velocity over max velocity, and therefore set the outlet velocity to max velocity.
WARNING: Reservoir calculated a storage above the maximum storage.
WARNING: Reservoir calculated an outlet velocity over max velocity, and therefore set the outlet velocity to max velocity.
WARNING: Reservoir calculated a storage above the maximum storage.
WARNING: Reservoir calculated an outlet velocity over max velocity, and therefore set the outlet velocity to max velocity.
WARNING: Reservoir calculated a storage above the maximum storage.
WARNING: Reservoir calculated an outlet velocity over max velocity, and therefore set the outlet velocity to max velocity.
WARNING: Reservoir calculated a storage above the maximum storage.
WARNING: Reservoir calculated an outlet velocity over max velocity, and therefore set the outlet velocity to max velocity.
WARNING: Reservoir calculated a storage above the maximum storage.
WARNING: Reservoir calculated an outlet velocity over max velocity, and therefore set the outlet velocity to max velocity.
WARNING: Reservoir calculated a storage above the maximum storage.
WARNING: Reservoir calculated an outlet velocity over max velocity, and therefore set the outlet velocity to max velocity.
WARNING: Reservoir calculated a storage above the maximum storage.
WARNING: Reservoir calculated an outlet velocity over max velocity, and therefore set the outlet velocity to max velocity.
WARNING: Reservoir calculated a storage above the maximum storage.
WARNING: Reservoir calculated an outlet velocity over max velocity, and therefore set the outlet velocity to max velocity.
WARNING: Reservoir calculated a storage above the maximum storage.
WARNING: Reservoir calculated an outlet velocity over max velocity, and therefore set the outlet velocity to max velocity.
WARNING: Reservoir calculated a storage above the maximum storage.
WARNING: Reservoir calculated an outlet velocity over max velocity, and therefore set the outlet velocity to max velocity.
WARNING: Reservoir calculated a storage above the maximum storage.
WARNING: Reservoir calculated an outlet velocity over max velocity, and therefore set the outlet velocity to max velocity.
WARNING: Reservoir calculated a storage above the maximum storage.
WARNING: Reservoir calculated an outlet velocity over max velocity, and therefore set the outlet velocity to max velocity.
WARNING: Reservoir calculated a storage above the maximum storage.
WARNING: Reservoir calculated an outlet velocity over max velocity, and therefore set the outlet velocity to max velocity.
WARNING: Reservoir calculated a storage above the maximum storage.
WARNING: Reservoir calculated an outlet velocity over max velocity, and therefore set the outlet velocity to max velocity.
WARNING: Reservoir calculated a storage above the maximum storage.
WARNING: Reservoir calculated an outlet velocity over max velocity, and therefore set the outlet velocity to max velocity.
WARNING: Reservoir calculated a storage above the maximum storage.
WARNING: Reservoir calculated an outlet velocity over max velocity, and therefore set the outlet velocity to max velocity.
WARNING: Reservoir calculated a storage above the maximum storage.
WARNING: Reservoir calculated an outlet velocity over max velocity, and therefore set the outlet velocity to max velocity.
WARNING: Reservoir calculated a storage above the maximum storage.
WARNING: Reservoir calculated an outlet velocity over max velocity, and therefore set the outlet velocity to max velocity.
WARNING: Reservoir calculated a storage above the maximum storage.
WARNING: Reservoir calculated an outlet velocity over max velocity, and therefore set the outlet velocity to max velocity.
WARNING: Reservoir calculated a storage above the maximum storage.
WARNING: Reservoir calculated an outlet velocity over max velocity, and therefore set the outlet velocity to max velocity.
WARNING: Reservoir calculated a storage above the maximum storage.
WARNING: Reservoir calculated an outlet velocity over max velocity, and therefore set the outlet velocity to max velocity.
WARNING: Reservoir calculated a storage above the maximum storage.
WARNING: Reservoir calculated an outlet velocity over max velocity, and therefore set the outlet velocity to max velocity.
WARNING: Reservoir calculated a storage above the maximum storage.
WARNING: Reservoir calculated an outlet velocity over max velocity, and therefore set the outlet velocity to max velocity.
WARNING: Reservoir calculated a storage above the maximum storage.
WARNING: Reservoir calculated an outlet velocity over max velocity, and therefore set the outlet velocity to max velocity.
WARNING: Reservoir calculated a storage above the maximum storage.
WARNING: Reservoir calculated an outlet velocity over max velocity, and therefore set the outlet velocity to max velocity.
WARNING: Reservoir calculated a storage above the maximum storage.
WARNING: Reservoir calculated an outlet velocity over max velocity, and therefore set the outlet velocity to max velocity.
WARNING: Reservoir calculated a storage above the maximum storage.
WARNING: Reservoir calculated an outlet velocity over max velocity, and therefore set the outlet velocity to max velocity.
WARNING: Reservoir calculated a storage above the maximum storage.
WARNING: Reservoir calculated an outlet velocity over max velocity, and therefore set the outlet velocity to max velocity.
WARNING: Reservoir calculated a storage above the maximum storage.
WARNING: Reservoir calculated an outlet velocity over max velocity, and therefore set the outlet velocity to max velocity.
WARNING: Reservoir calculated a storage above the maximum storage.
WARNING: Reservoir calculated an outlet velocity over max velocity, and therefore set the outlet velocity to max velocity.
WARNING: Reservoir calculated a storage above the maximum storage.
WARNING: Reservoir calculated an outlet velocity over max velocity, and therefore set the outlet velocity to max velocity.
WARNING: Reservoir calculated a storage above the maximum storage.
WARNING: Reservoir calculated an outlet velocity over max velocity, and therefore set the outlet velocity to max velocity.
WARNING: Reservoir calculated a storage above the maximum storage.
WARNING: Reservoir calculated an outlet velocity over max velocity, and therefore set the outlet velocity to max velocity.
WARNING: Reservoir calculated a storage above the maximum storage.
WARNING: Reservoir calculated an outlet velocity over max velocity, and therefore set the outlet velocity to max velocity.
WARNING: Reservoir calculated a storage above the maximum storage.
WARNING: Reservoir calculated an outlet velocity over max velocity, and therefore set the outlet velocity to max velocity.
WARNING: Reservoir calculated a storage above the maximum storage.
WARNING: Reservoir calculated an outlet velocity over max velocity, and therefore set the outlet velocity to max velocity.
WARNING: Reservoir calculated a storage above the maximum storage.
WARNING: Reservoir calculated an outlet velocity over max velocity, and therefore set the outlet velocity to max velocity.
WARNING: Reservoir calculated a storage above the maximum storage.
WARNING: Reservoir calculated an outlet velocity over max velocity, and therefore set the outlet velocity to max velocity.
WARNING: Reservoir calculated a storage above the maximum storage.
WARNING: Reservoir calculated an outlet velocity over max velocity, and therefore set the outlet velocity to max velocity.
WARNING: Reservoir calculated a storage above the maximum storage.
WARNING: Reservoir calculated an outlet velocity over max velocity, and therefore set the outlet velocity to max velocity.
WARNING: Reservoir calculated a storage above the maximum storage.
WARNING: Reservoir calculated an outlet velocity over max velocity, and therefore set the outlet velocity to max velocity.
WARNING: Reservoir calculated a storage above the maximum storage.
WARNING: Reservoir calculated an outlet velocity over max velocity, and therefore set the outlet velocity to max velocity.
WARNING: Reservoir calculated a storage above the maximum storage.
WARNING: Reservoir calculated an outlet velocity over max velocity, and therefore set the outlet velocity to max velocity.
WARNING: Reservoir calculated a storage above the maximum storage.
WARNING: Reservoir calculated an outlet velocity over max velocity, and therefore set the outlet velocity to max velocity.
WARNING: Reservoir calculated a storage above the maximum storage.
WARNING: Reservoir calculated an outlet velocity over max velocity, and therefore set the outlet velocity to max velocity.
WARNING: Reservoir calculated a storage above the maximum storage.
WARNING: Reservoir calculated an outlet velocity over max velocity, and therefore set the outlet velocity to max velocity.
WARNING: Reservoir calculated a storage above the maximum storage.
WARNING: Reservoir calculated an outlet velocity over max velocity, and therefore set the outlet velocity to max velocity.
WARNING: Reservoir calculated a storage above the maximum storage.
WARNING: Reservoir calculated an outlet velocity over max velocity, and therefore set the outlet velocity to max velocity.
WARNING: Reservoir calculated a storage above the maximum storage.
WARNING: Reservoir calculated an outlet velocity over max velocity, and therefore set the outlet velocity to max velocity.
WARNING: Reservoir calculated a storage above the maximum storage.
WARNING: Reservoir calculated an outlet velocity over max velocity, and therefore set the outlet velocity to max velocity.
WARNING: Reservoir calculated a storage above the maximum storage.
WARNING: Reservoir calculated an outlet velocity over max velocity, and therefore set the outlet velocity to max velocity.
WARNING: Reservoir calculated a storage above the maximum storage.
WARNING: Reservoir calculated an outlet velocity over max velocity, and therefore set the outlet velocity to max velocity.
WARNING: Reservoir calculated a storage above the maximum storage.
WARNING: Reservoir calculated an outlet velocity over max velocity, and therefore set the outlet velocity to max velocity.
WARNING: Reservoir calculated a storage above the maximum storage.
WARNING: Reservoir calculated an outlet velocity over max velocity, and therefore set the outlet velocity to max velocity.
WARNING: Reservoir calculated a storage above the maximum storage.
WARNING: Reservoir calculated an outlet velocity over max velocity, and therefore set the outlet velocity to max velocity.
WARNING: Reservoir calculated a storage above the maximum storage.
WARNING: Reservoir calculated an outlet velocity over max velocity, and therefore set the outlet velocity to max velocity.
WARNING: Reservoir calculated a storage above the maximum storage.
WARNING: Reservoir calculated an outlet velocity over max velocity, and therefore set the outlet velocity to max velocity.
WARNING: Reservoir calculated a storage above the maximum storage.
WARNING: Reservoir calculated an outlet velocity over max velocity, and therefore set the outlet velocity to max velocity.
WARNING: Reservoir calculated a storage above the maximum storage.
WARNING: Reservoir calculated an outlet velocity over max velocity, and therefore set the outlet velocity to max velocity.
WARNING: Reservoir calculated a storage above the maximum storage.
WARNING: Reservoir calculated an outlet velocity over max velocity, and therefore set the outlet velocity to max velocity.
WARNING: Reservoir calculated a storage above the maximum storage.
WARNING: Reservoir calculated an outlet velocity over max velocity, and therefore set the outlet velocity to max velocity.
WARNING: Reservoir calculated a storage above the maximum storage.
WARNING: Reservoir calculated an outlet velocity over max velocity, and therefore set the outlet velocity to max velocity.
WARNING: Reservoir calculated a storage above the maximum storage.
WARNING: Reservoir calculated an outlet velocity over max velocity, and therefore set the outlet velocity to max velocity.
WARNING: Reservoir calculated a storage above the maximum storage.
WARNING: Reservoir calculated an outlet velocity over max velocity, and therefore set the outlet velocity to max velocity.
WARNING: Reservoir calculated a storage above the maximum storage.
WARNING: Reservoir calculated an outlet velocity over max velocity, and therefore set the outlet velocity to max velocity.
WARNING: Reservoir calculated a storage above the maximum storage.
WARNING: Reservoir calculated an outlet velocity over max velocity, and therefore set the outlet velocity to max velocity.
WARNING: Reservoir calculated a storage above the maximum storage.
WARNING: Reservoir calculated an outlet velocity over max velocity, and therefore set the outlet velocity to max velocity.
WARNING: Reservoir calculated a storage above the maximum storage.
WARNING: Reservoir calculated an outlet velocity over max velocity, and therefore set the outlet velocity to max velocity.
WARNING: Reservoir calculated a storage above the maximum storage.
WARNING: Reservoir calculated an outlet velocity over max velocity, and therefore set the outlet velocity to max velocity.
WARNING: Reservoir calculated a storage above the maximum storage.
WARNING: Reservoir calculated an outlet velocity over max velocity, and therefore set the outlet velocity to max velocity.
WARNING: Reservoir calculated a storage above the maximum storage.
WARNING: Reservoir calculated an outlet velocity over max velocity, and therefore set the outlet velocity to max velocity.
WARNING: Reservoir calculated a storage above the maximum storage.
WARNING: Reservoir calculated an outlet velocity over max velocity, and therefore set the outlet velocity to max velocity.
WARNING: Reservoir calculated a storage above the maximum storage.
WARNING: Reservoir calculated an outlet velocity over max velocity, and therefore set the outlet velocity to max velocity.
WARNING: Reservoir calculated a storage above the maximum storage.
WARNING: Reservoir calculated an outlet velocity over max velocity, and therefore set the outlet velocity to max velocity.
WARNING: Reservoir calculated a storage above the maximum storage.
WARNING: Reservoir calculated an outlet velocity over max velocity, and therefore set the outlet velocity to max velocity.
WARNING: Reservoir calculated a storage above the maximum storage.
WARNING: Reservoir calculated an outlet velocity over max velocity, and therefore set the outlet velocity to max velocity.
WARNING: Reservoir calculated a storage above the maximum storage.
WARNING: Reservoir calculated an outlet velocity over max velocity, and therefore set the outlet velocity to max velocity.
WARNING: Reservoir calculated a storage above the maximum storage.
WARNING: Reservoir calculated an outlet velocity over max velocity, and therefore set the outlet velocity to max velocity.
WARNING: Reservoir calculated a storage above the maximum storage.
WARNING: Reservoir calculated an outlet velocity over max velocity, and therefore set the outlet velocity to max velocity.
WARNING: Reservoir calculated a storage above the maximum storage.
WARNING: Reservoir calculated an outlet velocity over max velocity, and therefore set the outlet velocity to max velocity.
WARNING: Reservoir calculated a storage above the maximum storage.
WARNING: Reservoir calculated an outlet velocity over max velocity, and therefore set the outlet velocity to max velocity.
WARNING: Reservoir calculated a storage above the maximum storage.
WARNING: Reservoir calculated an outlet velocity over max velocity, and therefore set the outlet velocity to max velocity.
WARNING: Reservoir calculated a storage above the maximum storage.
WARNING: Reservoir calculated an outlet velocity over max velocity, and therefore set the outlet velocity to max velocity.
WARNING: Reservoir calculated a storage above the maximum storage.
WARNING: Reservoir calculated an outlet velocity over max velocity, and therefore set the outlet velocity to max velocity.
WARNING: Reservoir calculated a storage above the maximum storage.
WARNING: Reservoir calculated an outlet velocity over max velocity, and therefore set the outlet velocity to max velocity.
WARNING: Reservoir calculated a storage above the maximum storage.
WARNING: Reservoir calculated an outlet velocity over max velocity, and therefore set the outlet velocity to max velocity.
WARNING: Reservoir calculated a storage above the maximum storage.
WARNING: Reservoir calculated an outlet velocity over max velocity, and therefore set the outlet velocity to max velocity.
WARNING: Reservoir calculated a storage above the maximum storage.
WARNING: Reservoir calculated an outlet velocity over max velocity, and therefore set the outlet velocity to max velocity.
WARNING: Reservoir calculated a storage above the maximum storage.
WARNING: Reservoir calculated an outlet velocity over max velocity, and therefore set the outlet velocity to max velocity.
WARNING: Reservoir calculated a storage above the maximum storage.
WARNING: Reservoir calculated an outlet velocity over max velocity, and therefore set the outlet velocity to max velocity.
WARNING: Reservoir calculated a storage above the maximum storage.
WARNING: Reservoir calculated an outlet velocity over max velocity, and therefore set the outlet velocity to max velocity.
WARNING: Reservoir calculated a storage above the maximum storage.
WARNING: Reservoir calculated an outlet velocity over max velocity, and therefore set the outlet velocity to max velocity.
WARNING: Reservoir calculated a storage above the maximum storage.
WARNING: Reservoir calculated an outlet velocity over max velocity, and therefore set the outlet velocity to max velocity.
WARNING: Reservoir calculated a storage above the maximum storage.
WARNING: Reservoir calculated an outlet velocity over max velocity, and therefore set the outlet velocity to max velocity.
WARNING: Reservoir calculated a storage above the maximum storage.
WARNING: Reservoir calculated an outlet velocity over max velocity, and therefore set the outlet velocity to max velocity.
WARNING: Reservoir calculated a storage above the maximum storage.
WARNING: Reservoir calculated an outlet velocity over max velocity, and therefore set the outlet velocity to max velocity.
WARNING: Reservoir calculated a storage above the maximum storage.
WARNING: Reservoir calculated an outlet velocity over max velocity, and therefore set the outlet velocity to max velocity.
WARNING: Reservoir calculated a storage above the maximum storage.
WARNING: Reservoir calculated an outlet velocity over max velocity, and therefore set the outlet velocity to max velocity.
WARNING: Reservoir calculated a storage above the maximum storage.
WARNING: Reservoir calculated an outlet velocity over max velocity, and therefore set the outlet velocity to max velocity.
WARNING: Reservoir calculated a storage above the maximum storage.
WARNING: Reservoir calculated an outlet velocity over max velocity, and therefore set the outlet velocity to max velocity.
WARNING: Reservoir calculated a storage above the maximum storage.
WARNING: Reservoir calculated an outlet velocity over max velocity, and therefore set the outlet velocity to max velocity.
WARNING: Reservoir calculated a storage above the maximum storage.
WARNING: Reservoir calculated an outlet velocity over max velocity, and therefore set the outlet velocity to max velocity.
WARNING: Reservoir calculated a storage above the maximum storage.
WARNING: Reservoir calculated an outlet velocity over max velocity, and therefore set the outlet velocity to max velocity.
WARNING: Reservoir calculated a storage above the maximum storage.
WARNING: Reservoir calculated an outlet velocity over max velocity, and therefore set the outlet velocity to max velocity.
WARNING: Reservoir calculated a storage above the maximum storage.
WARNING: Reservoir calculated an outlet velocity over max velocity, and therefore set the outlet velocity to max velocity.
WARNING: Reservoir calculated a storage above the maximum storage.
WARNING: Reservoir calculated an outlet velocity over max velocity, and therefore set the outlet velocity to max velocity.
WARNING: Reservoir calculated a storage above the maximum storage.
WARNING: Reservoir calculated an outlet velocity over max velocity, and therefore set the outlet velocity to max velocity.
WARNING: Reservoir calculated a storage above the maximum storage.
WARNING: Reservoir calculated an outlet velocity over max velocity, and therefore set the outlet velocity to max velocity.
WARNING: Reservoir calculated a storage above the maximum storage.
WARNING: Reservoir calculated an outlet velocity over max velocity, and therefore set the outlet velocity to max velocity.
WARNING: Reservoir calculated a storage above the maximum storage.
WARNING: Reservoir calculated an outlet velocity over max velocity, and therefore set the outlet velocity to max velocity.
WARNING: Reservoir calculated a storage above the maximum storage.
WARNING: Reservoir calculated an outlet velocity over max velocity, and therefore set the outlet velocity to max velocity.
WARNING: Reservoir calculated a storage above the maximum storage.
WARNING: Reservoir calculated an outlet velocity over max velocity, and therefore set the outlet velocity to max velocity.
WARNING: Reservoir calculated a storage above the maximum storage.
WARNING: Reservoir calculated an outlet velocity over max velocity, and therefore set the outlet velocity to max velocity.
WARNING: Reservoir calculated a storage above the maximum storage.
WARNING: Reservoir calculated an outlet velocity over max velocity, and therefore set the outlet velocity to max velocity.
WARNING: Reservoir calculated a storage above the maximum storage.
WARNING: Reservoir calculated an outlet velocity over max velocity, and therefore set the outlet velocity to max velocity.
WARNING: Reservoir calculated a storage above the maximum storage.
WARNING: Reservoir calculated an outlet velocity over max velocity, and therefore set the outlet velocity to max velocity.
WARNING: Reservoir calculated a storage above the maximum storage.
WARNING: Reservoir calculated an outlet velocity over max velocity, and therefore set the outlet velocity to max velocity.
WARNING: Reservoir calculated a storage above the maximum storage.
WARNING: Reservoir calculated an outlet velocity over max velocity, and therefore set the outlet velocity to max velocity.
WARNING: Reservoir calculated a storage above the maximum storage.
WARNING: Reservoir calculated an outlet velocity over max velocity, and therefore set the outlet velocity to max velocity.
WARNING: Reservoir calculated a storage above the maximum storage.
WARNING: Reservoir calculated an outlet velocity over max velocity, and therefore set the outlet velocity to max velocity.
WARNING: Reservoir calculated a storage above the maximum storage.
WARNING: Reservoir calculated an outlet velocity over max velocity, and therefore set the outlet velocity to max velocity.
WARNING: Reservoir calculated a storage above the maximum storage.
WARNING: Reservoir calculated an outlet velocity over max velocity, and therefore set the outlet velocity to max velocity.
WARNING: Reservoir calculated a storage above the maximum storage.
WARNING: Reservoir calculated an outlet velocity over max velocity, and therefore set the outlet velocity to max velocity.
WARNING: Reservoir calculated a storage above the maximum storage.
WARNING: Reservoir calculated an outlet velocity over max velocity, and therefore set the outlet velocity to max velocity.
WARNING: Reservoir calculated a storage above the maximum storage.
WARNING: Reservoir calculated an outlet velocity over max velocity, and therefore set the outlet velocity to max velocity.
WARNING: Reservoir calculated a storage above the maximum storage.
WARNING: Reservoir calculated an outlet velocity over max velocity, and therefore set the outlet velocity to max velocity.
WARNING: Reservoir calculated a storage above the maximum storage.
WARNING: Reservoir calculated an outlet velocity over max velocity, and therefore set the outlet velocity to max velocity.
WARNING: Reservoir calculated a storage above the maximum storage.
WARNING: Reservoir calculated an outlet velocity over max velocity, and therefore set the outlet velocity to max velocity.
WARNING: Reservoir calculated a storage above the maximum storage.
WARNING: Reservoir calculated an outlet velocity over max velocity, and therefore set the outlet velocity to max velocity.
WARNING: Reservoir calculated a storage above the maximum storage.
WARNING: Reservoir calculated an outlet velocity over max velocity, and therefore set the outlet velocity to max velocity.
WARNING: Reservoir calculated a storage above the maximum storage.
WARNING: Reservoir calculated an outlet velocity over max velocity, and therefore set the outlet velocity to max velocity.
WARNING: Reservoir calculated a storage above the maximum storage.
WARNING: Reservoir calculated an outlet velocity over max velocity, and therefore set the outlet velocity to max velocity.
WARNING: Reservoir calculated a storage above the maximum storage.
WARNING: Reservoir calculated an outlet velocity over max velocity, and therefore set the outlet velocity to max velocity.
WARNING: Reservoir calculated a storage above the maximum storage.
WARNING: Reservoir calculated an outlet velocity over max velocity, and therefore set the outlet velocity to max velocity.
WARNING: Reservoir calculated a storage above the maximum storage.
WARNING: Reservoir calculated an outlet velocity over max velocity, and therefore set the outlet velocity to max velocity.
WARNING: Reservoir calculated a storage above the maximum storage.
WARNING: Reservoir calculated an outlet velocity over max velocity, and therefore set the outlet velocity to max velocity.
WARNING: Reservoir calculated a storage above the maximum storage.
WARNING: Reservoir calculated an outlet velocity over max velocity, and therefore set the outlet velocity to max velocity.
WARNING: Reservoir calculated a storage above the maximum storage.
WARNING: Reservoir calculated an outlet velocity over max velocity, and therefore set the outlet velocity to max velocity.
WARNING: Reservoir calculated a storage above the maximum storage.
WARNING: Reservoir calculated an outlet velocity over max velocity, and therefore set the outlet velocity to max velocity.
WARNING: Reservoir calculated a storage above the maximum storage.
WARNING: Reservoir calculated an outlet velocity over max velocity, and therefore set the outlet velocity to max velocity.
WARNING: Reservoir calculated a storage above the maximum storage.
WARNING: Reservoir calculated an outlet velocity over max velocity, and therefore set the outlet velocity to max velocity.
WARNING: Reservoir calculated a storage above the maximum storage.
WARNING: Reservoir calculated an outlet velocity over max velocity, and therefore set the outlet velocity to max velocity.
WARNING: Reservoir calculated a storage above the maximum storage.
WARNING: Reservoir calculated an outlet velocity over max velocity, and therefore set the outlet velocity to max velocity.
WARNING: Reservoir calculated a storage above the maximum storage.
WARNING: Reservoir calculated an outlet velocity over max velocity, and therefore set the outlet velocity to max velocity.
WARNING: Reservoir calculated a storage above the maximum storage.
WARNING: Reservoir calculated an outlet velocity over max velocity, and therefore set the outlet velocity to max velocity.
WARNING: Reservoir calculated a storage above the maximum storage.
WARNING: Reservoir calculated an outlet velocity over max velocity, and therefore set the outlet velocity to max velocity.
WARNING: Reservoir calculated a storage above the maximum storage.
WARNING: Reservoir calculated an outlet velocity over max velocity, and therefore set the outlet velocity to max velocity.
WARNING: Reservoir calculated a storage above the maximum storage.
WARNING: Reservoir calculated an outlet velocity over max velocity, and therefore set the outlet velocity to max velocity.
WARNING: Reservoir calculated a storage above the maximum storage.
WARNING: Reservoir calculated an outlet velocity over max velocity, and therefore set the outlet velocity to max velocity.
WARNING: Reservoir calculated a storage above the maximum storage.
WARNING: Reservoir calculated an outlet velocity over max velocity, and therefore set the outlet velocity to max velocity.
WARNING: Reservoir calculated a storage above the maximum storage.
WARNING: Reservoir calculated an outlet velocity over max velocity, and therefore set the outlet velocity to max velocity.
WARNING: Reservoir calculated a storage above the maximum storage.
WARNING: Reservoir calculated an outlet velocity over max velocity, and therefore set the outlet velocity to max velocity.
WARNING: Reservoir calculated a storage above the maximum storage.
WARNING: Reservoir calculated an outlet velocity over max velocity, and therefore set the outlet velocity to max velocity.
WARNING: Reservoir calculated a storage above the maximum storage.
WARNING: Reservoir calculated an outlet velocity over max velocity, and therefore set the outlet velocity to max velocity.
WARNING: Reservoir calculated a storage above the maximum storage.
WARNING: Reservoir calculated an outlet velocity over max velocity, and therefore set the outlet velocity to max velocity.
WARNING: Reservoir calculated a storage above the maximum storage.
WARNING: Reservoir calculated an outlet velocity over max velocity, and therefore set the outlet velocity to max velocity.
WARNING: Reservoir calculated a storage above the maximum storage.
WARNING: Reservoir calculated an outlet velocity over max velocity, and therefore set the outlet velocity to max velocity.
WARNING: Reservoir calculated a storage above the maximum storage.
WARNING: Reservoir calculated an outlet velocity over max velocity, and therefore set the outlet velocity to max velocity.
WARNING: Reservoir calculated a storage above the maximum storage.
WARNING: Reservoir calculated an outlet velocity over max velocity, and therefore set the outlet velocity to max velocity.
WARNING: Reservoir calculated a storage above the maximum storage.
WARNING: Reservoir calculated an outlet velocity over max velocity, and therefore set the outlet velocity to max velocity.
WARNING: Reservoir calculated a storage above the maximum storage.
WARNING: Reservoir calculated an outlet velocity over max velocity, and therefore set the outlet velocity to max velocity.
WARNING: Reservoir calculated a storage above the maximum storage.
WARNING: Reservoir calculated an outlet velocity over max velocity, and therefore set the outlet velocity to max velocity.
WARNING: Reservoir calculated a storage above the maximum storage.
WARNING: Reservoir calculated an outlet velocity over max velocity, and therefore set the outlet velocity to max velocity.
WARNING: Reservoir calculated a storage above the maximum storage.
WARNING: Reservoir calculated an outlet velocity over max velocity, and therefore set the outlet velocity to max velocity.
WARNING: Reservoir calculated a storage above the maximum storage.
WARNING: Reservoir calculated an outlet velocity over max velocity, and therefore set the outlet velocity to max velocity.
WARNING: Reservoir calculated a storage above the maximum storage.
WARNING: Reservoir calculated an outlet velocity over max velocity, and therefore set the outlet velocity to max velocity.
WARNING: Reservoir calculated a storage above the maximum storage.
WARNING: Reservoir calculated an outlet velocity over max velocity, and therefore set the outlet velocity to max velocity.
WARNING: Reservoir calculated a storage above the maximum storage.
WARNING: Reservoir calculated an outlet velocity over max velocity, and therefore set the outlet velocity to max velocity.
WARNING: Reservoir calculated a storage above the maximum storage.
WARNING: Reservoir calculated an outlet velocity over max velocity, and therefore set the outlet velocity to max velocity.
WARNING: Reservoir calculated a storage above the maximum storage.
WARNING: Reservoir calculated an outlet velocity over max velocity, and therefore set the outlet velocity to max velocity.
WARNING: Reservoir calculated a storage above the maximum storage.
WARNING: Reservoir calculated an outlet velocity over max velocity, and therefore set the outlet velocity to max velocity.
WARNING: Reservoir calculated a storage above the maximum storage.
WARNING: Reservoir calculated an outlet velocity over max velocity, and therefore set the outlet velocity to max velocity.
WARNING: Reservoir calculated a storage above the maximum storage.
WARNING: Reservoir calculated an outlet velocity over max velocity, and therefore set the outlet velocity to max velocity.
WARNING: Reservoir calculated a storage above the maximum storage.
WARNING: Reservoir calculated an outlet velocity over max velocity, and therefore set the outlet velocity to max velocity.
WARNING: Reservoir calculated a storage above the maximum storage.
WARNING: Reservoir calculated an outlet velocity over max velocity, and therefore set the outlet velocity to max velocity.
WARNING: Reservoir calculated a storage above the maximum storage.
WARNING: Reservoir calculated an outlet velocity over max velocity, and therefore set the outlet velocity to max velocity.
WARNING: Reservoir calculated a storage above the maximum storage.
WARNING: Reservoir calculated an outlet velocity over max velocity, and therefore set the outlet velocity to max velocity.
WARNING: Reservoir calculated a storage above the maximum storage.
WARNING: Reservoir calculated an outlet velocity over max velocity, and therefore set the outlet velocity to max velocity.
WARNING: Reservoir calculated a storage above the maximum storage.
WARNING: Reservoir calculated an outlet velocity over max velocity, and therefore set the outlet velocity to max velocity.
WARNING: Reservoir calculated a storage above the maximum storage.
WARNING: Reservoir calculated an outlet velocity over max velocity, and therefore set the outlet velocity to max velocity.
WARNING: Reservoir calculated a storage above the maximum storage.
WARNING: Reservoir calculated an outlet velocity over max velocity, and therefore set the outlet velocity to max velocity.
WARNING: Reservoir calculated a storage above the maximum storage.
WARNING: Reservoir calculated an outlet velocity over max velocity, and therefore set the outlet velocity to max velocity.
WARNING: Reservoir calculated a storage above the maximum storage.
WARNING: Reservoir calculated an outlet velocity over max velocity, and therefore set the outlet velocity to max velocity.
WARNING: Reservoir calculated a storage above the maximum storage.
WARNING: Reservoir calculated an outlet velocity over max velocity, and therefore set the outlet velocity to max velocity.
WARNING: Reservoir calculated a storage above the maximum storage.
WARNING: Reservoir calculated an outlet velocity over max velocity, and therefore set the outlet velocity to max velocity.
WARNING: Reservoir calculated a storage above the maximum storage.
WARNING: Reservoir calculated an outlet velocity over max velocity, and therefore set the outlet velocity to max velocity.
WARNING: Reservoir calculated a storage above the maximum storage.
WARNING: Reservoir calculated an outlet velocity over max velocity, and therefore set the outlet velocity to max velocity.
WARNING: Reservoir calculated a storage above the maximum storage.
WARNING: Reservoir calculated an outlet velocity over max velocity, and therefore set the outlet velocity to max velocity.
WARNING: Reservoir calculated a storage above the maximum storage.
WARNING: Reservoir calculated an outlet velocity over max velocity, and therefore set the outlet velocity to max velocity.
WARNING: Reservoir calculated a storage above the maximum storage.
WARNING: Reservoir calculated an outlet velocity over max velocity, and therefore set the outlet velocity to max velocity.
WARNING: Reservoir calculated a storage above the maximum storage.
WARNING: Reservoir calculated an outlet velocity over max velocity, and therefore set the outlet velocity to max velocity.
WARNING: Reservoir calculated a storage above the maximum storage.
WARNING: Reservoir calculated an outlet velocity over max velocity, and therefore set the outlet velocity to max velocity.
WARNING: Reservoir calculated a storage above the maximum storage.
WARNING: Reservoir calculated an outlet velocity over max velocity, and therefore set the outlet velocity to max velocity.
WARNING: Reservoir calculated a storage above the maximum storage.
WARNING: Reservoir calculated an outlet velocity over max velocity, and therefore set the outlet velocity to max velocity.
WARNING: Reservoir calculated a storage above the maximum storage.
WARNING: Reservoir calculated an outlet velocity over max velocity, and therefore set the outlet velocity to max velocity.
WARNING: Reservoir calculated a storage above the maximum storage.
WARNING: Reservoir calculated an outlet velocity over max velocity, and therefore set the outlet velocity to max velocity.
WARNING: Reservoir calculated a storage above the maximum storage.
WARNING: Reservoir calculated an outlet velocity over max velocity, and therefore set the outlet velocity to max velocity.
WARNING: Reservoir calculated a storage above the maximum storage.
WARNING: Reservoir calculated an outlet velocity over max velocity, and therefore set the outlet velocity to max velocity.
WARNING: Reservoir calculated a storage above the maximum storage.
WARNING: Reservoir calculated an outlet velocity over max velocity, and therefore set the outlet velocity to max velocity.
WARNING: Reservoir calculated a storage above the maximum storage.
WARNING: Reservoir calculated an outlet velocity over max velocity, and therefore set the outlet velocity to max velocity.
WARNING: Reservoir calculated a storage above the maximum storage.
WARNING: Reservoir calculated an outlet velocity over max velocity, and therefore set the outlet velocity to max velocity.
WARNING: Reservoir calculated a storage above the maximum storage.
WARNING: Reservoir calculated an outlet velocity over max velocity, and therefore set the outlet velocity to max velocity.
WARNING: Reservoir calculated a storage above the maximum storage.
WARNING: Reservoir calculated an outlet velocity over max velocity, and therefore set the outlet velocity to max velocity.
WARNING: Reservoir calculated a storage above the maximum storage.
WARNING: Reservoir calculated an outlet velocity over max velocity, and therefore set the outlet velocity to max velocity.
WARNING: Reservoir calculated a storage above the maximum storage.
WARNING: Reservoir calculated an outlet velocity over max velocity, and therefore set the outlet velocity to max velocity.
WARNING: Reservoir calculated a storage above the maximum storage.
WARNING: Reservoir calculated an outlet velocity over max velocity, and therefore set the outlet velocity to max velocity.
WARNING: Reservoir calculated a storage above the maximum storage.
WARNING: Reservoir calculated an outlet velocity over max velocity, and therefore set the outlet velocity to max velocity.
WARNING: Reservoir calculated a storage above the maximum storage.
WARNING: Reservoir calculated an outlet velocity over max velocity, and therefore set the outlet velocity to max velocity.
WARNING: Reservoir calculated a storage above the maximum storage.
WARNING: Reservoir calculated an outlet velocity over max velocity, and therefore set the outlet velocity to max velocity.
WARNING: Reservoir calculated a storage above the maximum storage.
WARNING: Reservoir calculated an outlet velocity over max velocity, and therefore set the outlet velocity to max velocity.
WARNING: Reservoir calculated a storage above the maximum storage.
WARNING: Reservoir calculated an outlet velocity over max velocity, and therefore set the outlet velocity to max velocity.
WARNING: Reservoir calculated a storage above the maximum storage.
WARNING: Reservoir calculated an outlet velocity over max velocity, and therefore set the outlet velocity to max velocity.
WARNING: Reservoir calculated a storage above the maximum storage.
WARNING: Reservoir calculated an outlet velocity over max velocity, and therefore set the outlet velocity to max velocity.
WARNING: Reservoir calculated a storage above the maximum storage.
WARNING: Reservoir calculated an outlet velocity over max velocity, and therefore set the outlet velocity to max velocity.
WARNING: Reservoir calculated a storage above the maximum storage.
WARNING: Reservoir calculated an outlet velocity over max velocity, and therefore set the outlet velocity to max velocity.
WARNING: Reservoir calculated a storage above the maximum storage.
WARNING: Reservoir calculated an outlet velocity over max velocity, and therefore set the outlet velocity to max velocity.
WARNING: Reservoir calculated a storage above the maximum storage.
WARNING: Reservoir calculated an outlet velocity over max velocity, and therefore set the outlet velocity to max velocity.
WARNING: Reservoir calculated a storage above the maximum storage.
WARNING: Reservoir calculated an outlet velocity over max velocity, and therefore set the outlet velocity to max velocity.
WARNING: Reservoir calculated a storage above the maximum storage.
WARNING: Reservoir calculated an outlet velocity over max velocity, and therefore set the outlet velocity to max velocity.
WARNING: Reservoir calculated a storage above the maximum storage.
WARNING: Reservoir calculated an outlet velocity over max velocity, and therefore set the outlet velocity to max velocity.
WARNING: Reservoir calculated a storage above the maximum storage.
WARNING: Reservoir calculated an outlet velocity over max velocity, and therefore set the outlet velocity to max velocity.
WARNING: Reservoir calculated a storage above the maximum storage.
WARNING: Reservoir calculated an outlet velocity over max velocity, and therefore set the outlet velocity to max velocity.
WARNING: Reservoir calculated a storage above the maximum storage.
WARNING: Reservoir calculated an outlet velocity over max velocity, and therefore set the outlet velocity to max velocity.
WARNING: Reservoir calculated a storage above the maximum storage.
WARNING: Reservoir calculated an outlet velocity over max velocity, and therefore set the outlet velocity to max velocity.
WARNING: Reservoir calculated a storage above the maximum storage.
WARNING: Reservoir calculated an outlet velocity over max velocity, and therefore set the outlet velocity to max velocity.
WARNING: Reservoir calculated a storage above the maximum storage.
WARNING: Reservoir calculated an outlet velocity over max velocity, and therefore set the outlet velocity to max velocity.
WARNING: Reservoir calculated a storage above the maximum storage.
WARNING: Reservoir calculated an outlet velocity over max velocity, and therefore set the outlet velocity to max velocity.
WARNING: Reservoir calculated a storage above the maximum storage.
WARNING: Reservoir calculated an outlet velocity over max velocity, and therefore set the outlet velocity to max velocity.
WARNING: Reservoir calculated a storage above the maximum storage.
WARNING: Reservoir calculated an outlet velocity over max velocity, and therefore set the outlet velocity to max velocity.
WARNING: Reservoir calculated a storage above the maximum storage.
WARNING: Reservoir calculated an outlet velocity over max velocity, and therefore set the outlet velocity to max velocity.
WARNING: Reservoir calculated a storage above the maximum storage.
WARNING: Reservoir calculated an outlet velocity over max velocity, and therefore set the outlet velocity to max velocity.
WARNING: Reservoir calculated a storage above the maximum storage.
WARNING: Reservoir calculated an outlet velocity over max velocity, and therefore set the outlet velocity to max velocity.
WARNING: Reservoir calculated a storage above the maximum storage.
WARNING: Reservoir calculated an outlet velocity over max velocity, and therefore set the outlet velocity to max velocity.
WARNING: Reservoir calculated a storage above the maximum storage.
WARNING: Reservoir calculated an outlet velocity over max velocity, and therefore set the outlet velocity to max velocity.
WARNING: Reservoir calculated a storage above the maximum storage.
WARNING: Reservoir calculated an outlet velocity over max velocity, and therefore set the outlet velocity to max velocity.
WARNING: Reservoir calculated a storage above the maximum storage.
WARNING: Reservoir calculated an outlet velocity over max velocity, and therefore set the outlet velocity to max velocity.
WARNING: Reservoir calculated a storage above the maximum storage.
WARNING: Reservoir calculated an outlet velocity over max velocity, and therefore set the outlet velocity to max velocity.
WARNING: Reservoir calculated a storage above the maximum storage.
WARNING: Reservoir calculated an outlet velocity over max velocity, and therefore set the outlet velocity to max velocity.
WARNING: Reservoir calculated a storage above the maximum storage.
WARNING: Reservoir calculated an outlet velocity over max velocity, and therefore set the outlet velocity to max velocity.
WARNING: Reservoir calculated a storage above the maximum storage.
WARNING: Reservoir calculated an outlet velocity over max velocity, and therefore set the outlet velocity to max velocity.
WARNING: Reservoir calculated a storage above the maximum storage.
WARNING: Reservoir calculated an outlet velocity over max velocity, and therefore set the outlet velocity to max velocity.
WARNING: Reservoir calculated a storage above the maximum storage.
WARNING: Reservoir calculated an outlet velocity over max velocity, and therefore set the outlet velocity to max velocity.
WARNING: Reservoir calculated a storage above the maximum storage.
WARNING: Reservoir calculated an outlet velocity over max velocity, and therefore set the outlet velocity to max velocity.
WARNING: Reservoir calculated a storage above the maximum storage.
WARNING: Reservoir calculated an outlet velocity over max velocity, and therefore set the outlet velocity to max velocity.
WARNING: Reservoir calculated a storage above the maximum storage.
WARNING: Reservoir calculated an outlet velocity over max velocity, and therefore set the outlet velocity to max velocity.
WARNING: Reservoir calculated a storage above the maximum storage.
WARNING: Reservoir calculated an outlet velocity over max velocity, and therefore set the outlet velocity to max velocity.
WARNING: Reservoir calculated a storage above the maximum storage.
WARNING: Reservoir calculated an outlet velocity over max velocity, and therefore set the outlet velocity to max velocity.
WARNING: Reservoir calculated a storage above the maximum storage.
WARNING: Reservoir calculated an outlet velocity over max velocity, and therefore set the outlet velocity to max velocity.
WARNING: Reservoir calculated a storage above the maximum storage.
WARNING: Reservoir calculated an outlet velocity over max velocity, and therefore set the outlet velocity to max velocity.
WARNING: Reservoir calculated a storage above the maximum storage.
WARNING: Reservoir calculated an outlet velocity over max velocity, and therefore set the outlet velocity to max velocity.
WARNING: Reservoir calculated a storage above the maximum storage.
WARNING: Reservoir calculated an outlet velocity over max velocity, and therefore set the outlet velocity to max velocity.
WARNING: Reservoir calculated a storage above the maximum storage.
WARNING: Reservoir calculated an outlet velocity over max velocity, and therefore set the outlet velocity to max velocity.
WARNING: Reservoir calculated a storage above the maximum storage.
WARNING: Reservoir calculated an outlet velocity over max velocity, and therefore set the outlet velocity to max velocity.
WARNING: Reservoir calculated a storage above the maximum storage.
WARNING: Reservoir calculated an outlet velocity over max velocity, and therefore set the outlet velocity to max velocity.
WARNING: Reservoir calculated a storage above the maximum storage.
WARNING: Reservoir calculated an outlet velocity over max velocity, and therefore set the outlet velocity to max velocity.
WARNING: Reservoir calculated a storage above the maximum storage.
WARNING: Reservoir calculated an outlet velocity over max velocity, and therefore set the outlet velocity to max velocity.
WARNING: Reservoir calculated a storage above the maximum storage.
WARNING: Reservoir calculated an outlet velocity over max velocity, and therefore set the outlet velocity to max velocity.
WARNING: Reservoir calculated a storage above the maximum storage.
WARNING: Reservoir calculated an outlet velocity over max velocity, and therefore set the outlet velocity to max velocity.
WARNING: Reservoir calculated a storage above the maximum storage.
WARNING: Reservoir calculated an outlet velocity over max velocity, and therefore set the outlet velocity to max velocity.
WARNING: Reservoir calculated a storage above the maximum storage.
WARNING: Reservoir calculated an outlet velocity over max velocity, and therefore set the outlet velocity to max velocity.
WARNING: Reservoir calculated a storage above the maximum storage.
WARNING: Reservoir calculated an outlet velocity over max velocity, and therefore set the outlet velocity to max velocity.
WARNING: Reservoir calculated a storage above the maximum storage.
WARNING: Reservoir calculated an outlet velocity over max velocity, and therefore set the outlet velocity to max velocity.
WARNING: Reservoir calculated a storage above the maximum storage.
WARNING: Reservoir calculated an outlet velocity over max velocity, and therefore set the outlet velocity to max velocity.
WARNING: Reservoir calculated a storage above the maximum storage.
WARNING: Reservoir calculated an outlet velocity over max velocity, and therefore set the outlet velocity to max velocity.
WARNING: Reservoir calculated a storage above the maximum storage.
WARNING: Reservoir calculated an outlet velocity over max velocity, and therefore set the outlet velocity to max velocity.
WARNING: Reservoir calculated a storage above the maximum storage.
WARNING: Reservoir calculated an outlet velocity over max velocity, and therefore set the outlet velocity to max velocity.
WARNING: Reservoir calculated a storage above the maximum storage.
WARNING: Reservoir calculated an outlet velocity over max velocity, and therefore set the outlet velocity to max velocity.
WARNING: Reservoir calculated a storage above the maximum storage.
WARNING: Reservoir calculated an outlet velocity over max velocity, and therefore set the outlet velocity to max velocity.
WARNING: Reservoir calculated a storage above the maximum storage.
WARNING: Reservoir calculated an outlet velocity over max velocity, and therefore set the outlet velocity to max velocity.
WARNING: Reservoir calculated a storage above the maximum storage.
WARNING: Reservoir calculated an outlet velocity over max velocity, and therefore set the outlet velocity to max velocity.
WARNING: Reservoir calculated a storage above the maximum storage.
WARNING: Reservoir calculated an outlet velocity over max velocity, and therefore set the outlet velocity to max velocity.
WARNING: Reservoir calculated a storage above the maximum storage.
WARNING: Reservoir calculated an outlet velocity over max velocity, and therefore set the outlet velocity to max velocity.
WARNING: Reservoir calculated a storage above the maximum storage.
WARNING: Reservoir calculated an outlet velocity over max velocity, and therefore set the outlet velocity to max velocity.
WARNING: Reservoir calculated a storage above the maximum storage.
WARNING: Reservoir calculated an outlet velocity over max velocity, and therefore set the outlet velocity to max velocity.
WARNING: Reservoir calculated a storage above the maximum storage.
WARNING: Reservoir calculated an outlet velocity over max velocity, and therefore set the outlet velocity to max velocity.
WARNING: Reservoir calculated a storage above the maximum storage.
WARNING: Reservoir calculated an outlet velocity over max velocity, and therefore set the outlet velocity to max velocity.
WARNING: Reservoir calculated a storage above the maximum storage.
WARNING: Reservoir calculated an outlet velocity over max velocity, and therefore set the outlet velocity to max velocity.
WARNING: Reservoir calculated a storage above the maximum storage.
WARNING: Reservoir calculated an outlet velocity over max velocity, and therefore set the outlet velocity to max velocity.
WARNING: Reservoir calculated a storage above the maximum storage.
WARNING: Reservoir calculated an outlet velocity over max velocity, and therefore set the outlet velocity to max velocity.
WARNING: Reservoir calculated a storage above the maximum storage.
WARNING: Reservoir calculated an outlet velocity over max velocity, and therefore set the outlet velocity to max velocity.
WARNING: Reservoir calculated a storage above the maximum storage.
WARNING: Reservoir calculated an outlet velocity over max velocity, and therefore set the outlet velocity to max velocity.
WARNING: Reservoir calculated a storage above the maximum storage.
WARNING: Reservoir calculated an outlet velocity over max velocity, and therefore set the outlet velocity to max velocity.
WARNING: Reservoir calculated a storage above the maximum storage.
WARNING: Reservoir calculated an outlet velocity over max velocity, and therefore set the outlet velocity to max velocity.
WARNING: Reservoir calculated a storage above the maximum storage.
WARNING: Reservoir calculated an outlet velocity over max velocity, and therefore set the outlet velocity to max velocity.
WARNING: Reservoir calculated a storage above the maximum storage.
WARNING: Reservoir calculated an outlet velocity over max velocity, and therefore set the outlet velocity to max velocity.
WARNING: Reservoir calculated a storage above the maximum storage.
WARNING: Reservoir calculated an outlet velocity over max velocity, and therefore set the outlet velocity to max velocity.
WARNING: Reservoir calculated a storage above the maximum storage.
WARNING: Reservoir calculated an outlet velocity over max velocity, and therefore set the outlet velocity to max velocity.
WARNING: Reservoir calculated a storage above the maximum storage.
WARNING: Reservoir calculated an outlet velocity over max velocity, and therefore set the outlet velocity to max velocity.
WARNING: Reservoir calculated a storage above the maximum storage.
WARNING: Reservoir calculated an outlet velocity over max velocity, and therefore set the outlet velocity to max velocity.
WARNING: Reservoir calculated a storage above the maximum storage.
WARNING: Reservoir calculated an outlet velocity over max velocity, and therefore set the outlet velocity to max velocity.
WARNING: Reservoir calculated a storage above the maximum storage.
WARNING: Reservoir calculated an outlet velocity over max velocity, and therefore set the outlet velocity to max velocity.
WARNING: Reservoir calculated a storage above the maximum storage.
WARNING: Reservoir calculated an outlet velocity over max velocity, and therefore set the outlet velocity to max velocity.
WARNING: Reservoir calculated a storage above the maximum storage.
WARNING: Reservoir calculated an outlet velocity over max velocity, and therefore set the outlet velocity to max velocity.
WARNING: Reservoir calculated a storage above the maximum storage.
WARNING: Reservoir calculated an outlet velocity over max velocity, and therefore set the outlet velocity to max velocity.
WARNING: Reservoir calculated a storage above the maximum storage.
WARNING: Reservoir calculated an outlet velocity over max velocity, and therefore set the outlet velocity to max velocity.
WARNING: Reservoir calculated a storage above the maximum storage.
WARNING: Reservoir calculated an outlet velocity over max velocity, and therefore set the outlet velocity to max velocity.
WARNING: Reservoir calculated a storage above the maximum storage.
WARNING: Reservoir calculated an outlet velocity over max velocity, and therefore set the outlet velocity to max velocity.
WARNING: Reservoir calculated a storage above the maximum storage.
WARNING: Reservoir calculated an outlet velocity over max velocity, and therefore set the outlet velocity to max velocity.
WARNING: Reservoir calculated a storage above the maximum storage.
WARNING: Reservoir calculated an outlet velocity over max velocity, and therefore set the outlet velocity to max velocity.
WARNING: Reservoir calculated a storage above the maximum storage.
WARNING: Reservoir calculated an outlet velocity over max velocity, and therefore set the outlet velocity to max velocity.
WARNING: Reservoir calculated a storage above the maximum storage.
WARNING: Reservoir calculated an outlet velocity over max velocity, and therefore set the outlet velocity to max velocity.
WARNING: Reservoir calculated a storage above the maximum storage.
WARNING: Reservoir calculated an outlet velocity over max velocity, and therefore set the outlet velocity to max velocity.
WARNING: Reservoir calculated a storage above the maximum storage.
WARNING: Reservoir calculated an outlet velocity over max velocity, and therefore set the outlet velocity to max velocity.
WARNING: Reservoir calculated a storage above the maximum storage.
WARNING: Reservoir calculated an outlet velocity over max velocity, and therefore set the outlet velocity to max velocity.
WARNING: Reservoir calculated a storage above the maximum storage.
WARNING: Reservoir calculated an outlet velocity over max velocity, and therefore set the outlet velocity to max velocity.
WARNING: Reservoir calculated a storage above the maximum storage.
WARNING: Reservoir calculated an outlet velocity over max velocity, and therefore set the outlet velocity to max velocity.
WARNING: Reservoir calculated a storage above the maximum storage.
WARNING: Reservoir calculated an outlet velocity over max velocity, and therefore set the outlet velocity to max velocity.
WARNING: Reservoir calculated a storage above the maximum storage.
WARNING: Reservoir calculated an outlet velocity over max velocity, and therefore set the outlet velocity to max velocity.
WARNING: Reservoir calculated a storage above the maximum storage.
WARNING: Reservoir calculated an outlet velocity over max velocity, and therefore set the outlet velocity to max velocity.
WARNING: Reservoir calculated a storage above the maximum storage.
WARNING: Reservoir calculated an outlet velocity over max velocity, and therefore set the outlet velocity to max velocity.
WARNING: Reservoir calculated a storage above the maximum storage.
WARNING: Reservoir calculated an outlet velocity over max velocity, and therefore set the outlet velocity to max velocity.
WARNING: Reservoir calculated a storage above the maximum storage.
WARNING: Reservoir calculated an outlet velocity over max velocity, and therefore set the outlet velocity to max velocity.
WARNING: Reservoir calculated a storage above the maximum storage.
WARNING: Reservoir calculated an outlet velocity over max velocity, and therefore set the outlet velocity to max velocity.
WARNING: Reservoir calculated a storage above the maximum storage.
WARNING: Reservoir calculated an outlet velocity over max velocity, and therefore set the outlet velocity to max velocity.
WARNING: Reservoir calculated a storage above the maximum storage.
WARNING: Reservoir calculated an outlet velocity over max velocity, and therefore set the outlet velocity to max velocity.
WARNING: Reservoir calculated a storage above the maximum storage.
WARNING: Reservoir calculated an outlet velocity over max velocity, and therefore set the outlet velocity to max velocity.
WARNING: Reservoir calculated a storage above the maximum storage.
WARNING: Reservoir calculated an outlet velocity over max velocity, and therefore set the outlet velocity to max velocity.
WARNING: Reservoir calculated a storage above the maximum storage.
WARNING: Reservoir calculated an outlet velocity over max velocity, and therefore set the outlet velocity to max velocity.
WARNING: Reservoir calculated a storage above the maximum storage.
WARNING: Reservoir calculated an outlet velocity over max velocity, and therefore set the outlet velocity to max velocity.
WARNING: Reservoir calculated a storage above the maximum storage.
WARNING: Reservoir calculated an outlet velocity over max velocity, and therefore set the outlet velocity to max velocity.
WARNING: Reservoir calculated a storage above the maximum storage.
WARNING: Reservoir calculated an outlet velocity over max velocity, and therefore set the outlet velocity to max velocity.
WARNING: Reservoir calculated a storage above the maximum storage.
WARNING: Reservoir calculated an outlet velocity over max velocity, and therefore set the outlet velocity to max velocity.
WARNING: Reservoir calculated a storage above the maximum storage.
WARNING: Reservoir calculated an outlet velocity over max velocity, and therefore set the outlet velocity to max velocity.
WARNING: Reservoir calculated a storage above the maximum storage.
WARNING: Reservoir calculated an outlet velocity over max velocity, and therefore set the outlet velocity to max velocity.
WARNING: Reservoir calculated a storage above the maximum storage.
WARNING: Reservoir calculated an outlet velocity over max velocity, and therefore set the outlet velocity to max velocity.
WARNING: Reservoir calculated a storage above the maximum storage.
WARNING: Reservoir calculated an outlet velocity over max velocity, and therefore set the outlet velocity to max velocity.
WARNING: Reservoir calculated a storage above the maximum storage.
WARNING: Reservoir calculated an outlet velocity over max velocity, and therefore set the outlet velocity to max velocity.
WARNING: Reservoir calculated a storage above the maximum storage.
WARNING: Reservoir calculated an outlet velocity over max velocity, and therefore set the outlet velocity to max velocity.
WARNING: Reservoir calculated a storage above the maximum storage.
WARNING: Reservoir calculated an outlet velocity over max velocity, and therefore set the outlet velocity to max velocity.
WARNING: Reservoir calculated a storage above the maximum storage.
WARNING: Reservoir calculated an outlet velocity over max velocity, and therefore set the outlet velocity to max velocity.
WARNING: Reservoir calculated a storage above the maximum storage.
WARNING: Reservoir calculated an outlet velocity over max velocity, and therefore set the outlet velocity to max velocity.
WARNING: Reservoir calculated a storage above the maximum storage.
WARNING: Reservoir calculated an outlet velocity over max velocity, and therefore set the outlet velocity to max velocity.
WARNING: Reservoir calculated a storage above the maximum storage.
WARNING: Reservoir calculated an outlet velocity over max velocity, and therefore set the outlet velocity to max velocity.
WARNING: Reservoir calculated a storage above the maximum storage.
WARNING: Reservoir calculated an outlet velocity over max velocity, and therefore set the outlet velocity to max velocity.
WARNING: Reservoir calculated a storage above the maximum storage.
WARNING: Reservoir calculated an outlet velocity over max velocity, and therefore set the outlet velocity to max velocity.
WARNING: Reservoir calculated a storage above the maximum storage.
WARNING: Reservoir calculated an outlet velocity over max velocity, and therefore set the outlet velocity to max velocity.
WARNING: Reservoir calculated a storage above the maximum storage.
WARNING: Reservoir calculated an outlet velocity over max velocity, and therefore set the outlet velocity to max velocity.
WARNING: Reservoir calculated a storage above the maximum storage.
WARNING: Reservoir calculated an outlet velocity over max velocity, and therefore set the outlet velocity to max velocity.
WARNING: Reservoir calculated a storage above the maximum storage.
WARNING: Reservoir calculated an outlet velocity over max velocity, and therefore set the outlet velocity to max velocity.
WARNING: Reservoir calculated a storage above the maximum storage.
WARNING: Reservoir calculated an outlet velocity over max velocity, and therefore set the outlet velocity to max velocity.
WARNING: Reservoir calculated a storage above the maximum storage.
WARNING: Reservoir calculated an outlet velocity over max velocity, and therefore set the outlet velocity to max velocity.
WARNING: Reservoir calculated a storage above the maximum storage.
WARNING: Reservoir calculated an outlet velocity over max velocity, and therefore set the outlet velocity to max velocity.
WARNING: Reservoir calculated a storage above the maximum storage.
WARNING: Reservoir calculated an outlet velocity over max velocity, and therefore set the outlet velocity to max velocity.
WARNING: Reservoir calculated a storage above the maximum storage.
WARNING: Reservoir calculated an outlet velocity over max velocity, and therefore set the outlet velocity to max velocity.
WARNING: Reservoir calculated a storage above the maximum storage.
WARNING: Reservoir calculated an outlet velocity over max velocity, and therefore set the outlet velocity to max velocity.
WARNING: Reservoir calculated a storage above the maximum storage.
WARNING: Reservoir calculated an outlet velocity over max velocity, and therefore set the outlet velocity to max velocity.
WARNING: Reservoir calculated a storage above the maximum storage.
WARNING: Reservoir calculated an outlet velocity over max velocity, and therefore set the outlet velocity to max velocity.
WARNING: Reservoir calculated a storage above the maximum storage.
WARNING: Reservoir calculated an outlet velocity over max velocity, and therefore set the outlet velocity to max velocity.
WARNING: Reservoir calculated a storage above the maximum storage.
WARNING: Reservoir calculated an outlet velocity over max velocity, and therefore set the outlet velocity to max velocity.
WARNING: Reservoir calculated a storage above the maximum storage.
WARNING: Reservoir calculated an outlet velocity over max velocity, and therefore set the outlet velocity to max velocity.
WARNING: Reservoir calculated a storage above the maximum storage.
WARNING: Reservoir calculated an outlet velocity over max velocity, and therefore set the outlet velocity to max velocity.
WARNING: Reservoir calculated a storage above the maximum storage.
WARNING: Reservoir calculated an outlet velocity over max velocity, and therefore set the outlet velocity to max velocity.
WARNING: Reservoir calculated a storage above the maximum storage.
WARNING: Reservoir calculated an outlet velocity over max velocity, and therefore set the outlet velocity to max velocity.
WARNING: Reservoir calculated a storage above the maximum storage.
WARNING: Reservoir calculated an outlet velocity over max velocity, and therefore set the outlet velocity to max velocity.
WARNING: Reservoir calculated a storage above the maximum storage.
WARNING: Reservoir calculated an outlet velocity over max velocity, and therefore set the outlet velocity to max velocity.
WARNING: Reservoir calculated a storage above the maximum storage.
WARNING: Reservoir calculated an outlet velocity over max velocity, and therefore set the outlet velocity to max velocity.
WARNING: Reservoir calculated a storage above the maximum storage.
WARNING: Reservoir calculated an outlet velocity over max velocity, and therefore set the outlet velocity to max velocity.
WARNING: Reservoir calculated a storage above the maximum storage.
WARNING: Reservoir calculated an outlet velocity over max velocity, and therefore set the outlet velocity to max velocity.
WARNING: Reservoir calculated a storage above the maximum storage.
WARNING: Reservoir calculated an outlet velocity over max velocity, and therefore set the outlet velocity to max velocity.
WARNING: Reservoir calculated a storage above the maximum storage.
WARNING: Reservoir calculated an outlet velocity over max velocity, and therefore set the outlet velocity to max velocity.
WARNING: Reservoir calculated a storage above the maximum storage.
WARNING: Reservoir calculated an outlet velocity over max velocity, and therefore set the outlet velocity to max velocity.
WARNING: Reservoir calculated a storage above the maximum storage.
WARNING: Reservoir calculated an outlet velocity over max velocity, and therefore set the outlet velocity to max velocity.
WARNING: Reservoir calculated a storage above the maximum storage.
WARNING: Reservoir calculated an outlet velocity over max velocity, and therefore set the outlet velocity to max velocity.
WARNING: Reservoir calculated a storage above the maximum storage.
WARNING: Reservoir calculated an outlet velocity over max velocity, and therefore set the outlet velocity to max velocity.
WARNING: Reservoir calculated a storage above the maximum storage.
WARNING: Reservoir calculated an outlet velocity over max velocity, and therefore set the outlet velocity to max velocity.
WARNING: Reservoir calculated a storage above the maximum storage.
WARNING: Reservoir calculated an outlet velocity over max velocity, and therefore set the outlet velocity to max velocity.
WARNING: Reservoir calculated a storage above the maximum storage.
WARNING: Reservoir calculated an outlet velocity over max velocity, and therefore set the outlet velocity to max velocity.
WARNING: Reservoir calculated a storage above the maximum storage.
WARNING: Reservoir calculated an outlet velocity over max velocity, and therefore set the outlet velocity to max velocity.
WARNING: Reservoir calculated a storage above the maximum storage.
WARNING: Reservoir calculated an outlet velocity over max velocity, and therefore set the outlet velocity to max velocity.
WARNING: Reservoir calculated a storage above the maximum storage.
WARNING: Reservoir calculated an outlet velocity over max velocity, and therefore set the outlet velocity to max velocity.
WARNING: Reservoir calculated a storage above the maximum storage.
WARNING: Reservoir calculated an outlet velocity over max velocity, and therefore set the outlet velocity to max velocity.
WARNING: Reservoir calculated a storage above the maximum storage.
WARNING: Reservoir calculated an outlet velocity over max velocity, and therefore set the outlet velocity to max velocity.
WARNING: Reservoir calculated a storage above the maximum storage.
WARNING: Reservoir calculated an outlet velocity over max velocity, and therefore set the outlet velocity to max velocity.
WARNING: Reservoir calculated a storage above the maximum storage.
WARNING: Reservoir calculated an outlet velocity over max velocity, and therefore set the outlet velocity to max velocity.
WARNING: Reservoir calculated a storage above the maximum storage.
WARNING: Reservoir calculated an outlet velocity over max velocity, and therefore set the outlet velocity to max velocity.
WARNING: Reservoir calculated a storage above the maximum storage.
WARNING: Reservoir calculated an outlet velocity over max velocity, and therefore set the outlet velocity to max velocity.
WARNING: Reservoir calculated a storage above the maximum storage.
WARNING: Reservoir calculated an outlet velocity over max velocity, and therefore set the outlet velocity to max velocity.
WARNING: Reservoir calculated a storage above the maximum storage.
WARNING: Reservoir calculated an outlet velocity over max velocity, and therefore set the outlet velocity to max velocity.
WARNING: Reservoir calculated a storage above the maximum storage.
WARNING: Reservoir calculated an outlet velocity over max velocity, and therefore set the outlet velocity to max velocity.
WARNING: Reservoir calculated a storage above the maximum storage.
WARNING: Reservoir calculated an outlet velocity over max velocity, and therefore set the outlet velocity to max velocity.
WARNING: Reservoir calculated a storage above the maximum storage.
WARNING: Reservoir calculated an outlet velocity over max velocity, and therefore set the outlet velocity to max velocity.
WARNING: Reservoir calculated a storage above the maximum storage.
WARNING: Reservoir calculated an outlet velocity over max velocity, and therefore set the outlet velocity to max velocity.
WARNING: Reservoir calculated a storage above the maximum storage.
WARNING: Reservoir calculated an outlet velocity over max velocity, and therefore set the outlet velocity to max velocity.
WARNING: Reservoir calculated a storage above the maximum storage.
WARNING: Reservoir calculated an outlet velocity over max velocity, and therefore set the outlet velocity to max velocity.
WARNING: Reservoir calculated a storage above the maximum storage.
WARNING: Reservoir calculated an outlet velocity over max velocity, and therefore set the outlet velocity to max velocity.
WARNING: Reservoir calculated a storage above the maximum storage.
WARNING: Reservoir calculated an outlet velocity over max velocity, and therefore set the outlet velocity to max velocity.
WARNING: Reservoir calculated a storage above the maximum storage.
WARNING: Reservoir calculated an outlet velocity over max velocity, and therefore set the outlet velocity to max velocity.
WARNING: Reservoir calculated a storage above the maximum storage.
WARNING: Reservoir calculated an outlet velocity over max velocity, and therefore set the outlet velocity to max velocity.
WARNING: Reservoir calculated a storage above the maximum storage.
WARNING: Reservoir calculated an outlet velocity over max velocity, and therefore set the outlet velocity to max velocity.
WARNING: Reservoir calculated a storage above the maximum storage.
WARNING: Reservoir calculated an outlet velocity over max velocity, and therefore set the outlet velocity to max velocity.
WARNING: Reservoir calculated a storage above the maximum storage.
WARNING: Reservoir calculated an outlet velocity over max velocity, and therefore set the outlet velocity to max velocity.
WARNING: Reservoir calculated a storage above the maximum storage.
WARNING: Reservoir calculated an outlet velocity over max velocity, and therefore set the outlet velocity to max velocity.
WARNING: Reservoir calculated a storage above the maximum storage.
WARNING: Reservoir calculated an outlet velocity over max velocity, and therefore set the outlet velocity to max velocity.
WARNING: Reservoir calculated a storage above the maximum storage.
WARNING: Reservoir calculated an outlet velocity over max velocity, and therefore set the outlet velocity to max velocity.
WARNING: Reservoir calculated a storage above the maximum storage.
WARNING: Reservoir calculated an outlet velocity over max velocity, and therefore set the outlet velocity to max velocity.
WARNING: Reservoir calculated a storage above the maximum storage.
WARNING: Reservoir calculated an outlet velocity over max velocity, and therefore set the outlet velocity to max velocity.
WARNING: Reservoir calculated a storage above the maximum storage.
WARNING: Reservoir calculated an outlet velocity over max velocity, and therefore set the outlet velocity to max velocity.
WARNING: Reservoir calculated a storage above the maximum storage.
WARNING: Reservoir calculated an outlet velocity over max velocity, and therefore set the outlet velocity to max velocity.
WARNING: Reservoir calculated a storage above the maximum storage.
WARNING: Reservoir calculated an outlet velocity over max velocity, and therefore set the outlet velocity to max velocity.
WARNING: Reservoir calculated a storage above the maximum storage.
WARNING: Reservoir calculated an outlet velocity over max velocity, and therefore set the outlet velocity to max velocity.
WARNING: Reservoir calculated a storage above the maximum storage.
WARNING: Reservoir calculated an outlet velocity over max velocity, and therefore set the outlet velocity to max velocity.
WARNING: Reservoir calculated a storage above the maximum storage.
WARNING: Reservoir calculated an outlet velocity over max velocity, and therefore set the outlet velocity to max velocity.
WARNING: Reservoir calculated a storage above the maximum storage.
WARNING: Reservoir calculated an outlet velocity over max velocity, and therefore set the outlet velocity to max velocity.
WARNING: Reservoir calculated a storage above the maximum storage.
WARNING: Reservoir calculated an outlet velocity over max velocity, and therefore set the outlet velocity to max velocity.
WARNING: Reservoir calculated a storage above the maximum storage.
WARNING: Reservoir calculated an outlet velocity over max velocity, and therefore set the outlet velocity to max velocity.
WARNING: Reservoir calculated a storage above the maximum storage.
WARNING: Reservoir calculated an outlet velocity over max velocity, and therefore set the outlet velocity to max velocity.
WARNING: Reservoir calculated a storage above the maximum storage.
WARNING: Reservoir calculated an outlet velocity over max velocity, and therefore set the outlet velocity to max velocity.
WARNING: Reservoir calculated a storage above the maximum storage.
WARNING: Reservoir calculated an outlet velocity over max velocity, and therefore set the outlet velocity to max velocity.
WARNING: Reservoir calculated a storage above the maximum storage.
WARNING: Reservoir calculated an outlet velocity over max velocity, and therefore set the outlet velocity to max velocity.
WARNING: Reservoir calculated a storage above the maximum storage.
WARNING: Reservoir calculated an outlet velocity over max velocity, and therefore set the outlet velocity to max velocity.
WARNING: Reservoir calculated a storage above the maximum storage.
WARNING: Reservoir calculated an outlet velocity over max velocity, and therefore set the outlet velocity to max velocity.
WARNING: Reservoir calculated a storage above the maximum storage.
WARNING: Reservoir calculated an outlet velocity over max velocity, and therefore set the outlet velocity to max velocity.
WARNING: Reservoir calculated a storage above the maximum storage.
WARNING: Reservoir calculated an outlet velocity over max velocity, and therefore set the outlet velocity to max velocity.
WARNING: Reservoir calculated a storage above the maximum storage.
WARNING: Reservoir calculated an outlet velocity over max velocity, and therefore set the outlet velocity to max velocity.
WARNING: Reservoir calculated a storage above the maximum storage.
WARNING: Reservoir calculated an outlet velocity over max velocity, and therefore set the outlet velocity to max velocity.
WARNING: Reservoir calculated a storage above the maximum storage.
WARNING: Reservoir calculated an outlet velocity over max velocity, and therefore set the outlet velocity to max velocity.
WARNING: Reservoir calculated a storage above the maximum storage.
WARNING: Reservoir calculated an outlet velocity over max velocity, and therefore set the outlet velocity to max velocity.
WARNING: Reservoir calculated a storage above the maximum storage.
WARNING: Reservoir calculated an outlet velocity over max velocity, and therefore set the outlet velocity to max velocity.
WARNING: Reservoir calculated a storage above the maximum storage.
WARNING: Reservoir calculated an outlet velocity over max velocity, and therefore set the outlet velocity to max velocity.
WARNING: Reservoir calculated a storage above the maximum storage.
WARNING: Reservoir calculated an outlet velocity over max velocity, and therefore set the outlet velocity to max velocity.
WARNING: Reservoir calculated a storage above the maximum storage.
WARNING: Reservoir calculated an outlet velocity over max velocity, and therefore set the outlet velocity to max velocity.
WARNING: Reservoir calculated a storage above the maximum storage.
WARNING: Reservoir calculated an outlet velocity over max velocity, and therefore set the outlet velocity to max velocity.
WARNING: Reservoir calculated a storage above the maximum storage.
WARNING: Reservoir calculated an outlet velocity over max velocity, and therefore set the outlet velocity to max velocity.
WARNING: Reservoir calculated a storage above the maximum storage.
WARNING: Reservoir calculated an outlet velocity over max velocity, and therefore set the outlet velocity to max velocity.
WARNING: Reservoir calculated a storage above the maximum storage.
WARNING: Reservoir calculated an outlet velocity over max velocity, and therefore set the outlet velocity to max velocity.
WARNING: Reservoir calculated a storage above the maximum storage.
WARNING: Reservoir calculated an outlet velocity over max velocity, and therefore set the outlet velocity to max velocity.
WARNING: Reservoir calculated a storage above the maximum storage.
WARNING: Reservoir calculated an outlet velocity over max velocity, and therefore set the outlet velocity to max velocity.
WARNING: Reservoir calculated a storage above the maximum storage.
WARNING: Reservoir calculated an outlet velocity over max velocity, and therefore set the outlet velocity to max velocity.
WARNING: Reservoir calculated a storage above the maximum storage.
WARNING: Reservoir calculated an outlet velocity over max velocity, and therefore set the outlet velocity to max velocity.
WARNING: Reservoir calculated a storage above the maximum storage.
WARNING: Reservoir calculated an outlet velocity over max velocity, and therefore set the outlet velocity to max velocity.
WARNING: Reservoir calculated a storage above the maximum storage.
WARNING: Reservoir calculated an outlet velocity over max velocity, and therefore set the outlet velocity to max velocity.
WARNING: Reservoir calculated a storage above the maximum storage.
WARNING: Reservoir calculated an outlet velocity over max velocity, and therefore set the outlet velocity to max velocity.
WARNING: Reservoir calculated a storage above the maximum storage.
WARNING: Reservoir calculated an outlet velocity over max velocity, and therefore set the outlet velocity to max velocity.
WARNING: Reservoir calculated a storage above the maximum storage.
WARNING: Reservoir calculated an outlet velocity over max velocity, and therefore set the outlet velocity to max velocity.
WARNING: Reservoir calculated a storage above the maximum storage.
WARNING: Reservoir calculated an outlet velocity over max velocity, and therefore set the outlet velocity to max velocity.
WARNING: Reservoir calculated a storage above the maximum storage.
WARNING: Reservoir calculated an outlet velocity over max velocity, and therefore set the outlet velocity to max velocity.
WARNING: Reservoir calculated a storage above the maximum storage.
WARNING: Reservoir calculated an outlet velocity over max velocity, and therefore set the outlet velocity to max velocity.
WARNING: Reservoir calculated a storage above the maximum storage.
WARNING: Reservoir calculated an outlet velocity over max velocity, and therefore set the outlet velocity to max velocity.
WARNING: Reservoir calculated a storage above the maximum storage.
WARNING: Reservoir calculated an outlet velocity over max velocity, and therefore set the outlet velocity to max velocity.
WARNING: Reservoir calculated a storage above the maximum storage.
WARNING: Reservoir calculated an outlet velocity over max velocity, and therefore set the outlet velocity to max velocity.
WARNING: Reservoir calculated a storage above the maximum storage.
WARNING: Reservoir calculated an outlet velocity over max velocity, and therefore set the outlet velocity to max velocity.
WARNING: Reservoir calculated a storage above the maximum storage.
WARNING: Reservoir calculated an outlet velocity over max velocity, and therefore set the outlet velocity to max velocity.
WARNING: Reservoir calculated a storage above the maximum storage.
WARNING: Reservoir calculated an outlet velocity over max velocity, and therefore set the outlet velocity to max velocity.
WARNING: Reservoir calculated a storage above the maximum storage.
WARNING: Reservoir calculated an outlet velocity over max velocity, and therefore set the outlet velocity to max velocity.
WARNING: Reservoir calculated a storage above the maximum storage.
WARNING: Reservoir calculated an outlet velocity over max velocity, and therefore set the outlet velocity to max velocity.
WARNING: Reservoir calculated a storage above the maximum storage.
WARNING: Reservoir calculated an outlet velocity over max velocity, and therefore set the outlet velocity to max velocity.
WARNING: Reservoir calculated a storage above the maximum storage.
WARNING: Reservoir calculated an outlet velocity over max velocity, and therefore set the outlet velocity to max velocity.
WARNING: Reservoir calculated a storage above the maximum storage.
WARNING: Reservoir calculated an outlet velocity over max velocity, and therefore set the outlet velocity to max velocity.
WARNING: Reservoir calculated a storage above the maximum storage.
WARNING: Reservoir calculated an outlet velocity over max velocity, and therefore set the outlet velocity to max velocity.
WARNING: Reservoir calculated a storage above the maximum storage.
WARNING: Reservoir calculated an outlet velocity over max velocity, and therefore set the outlet velocity to max velocity.
WARNING: Reservoir calculated a storage above the maximum storage.
WARNING: Reservoir calculated an outlet velocity over max velocity, and therefore set the outlet velocity to max velocity.
WARNING: Reservoir calculated a storage above the maximum storage.
WARNING: Reservoir calculated an outlet velocity over max velocity, and therefore set the outlet velocity to max velocity.
WARNING: Reservoir calculated a storage above the maximum storage.
WARNING: Reservoir calculated an outlet velocity over max velocity, and therefore set the outlet velocity to max velocity.
WARNING: Reservoir calculated a storage above the maximum storage.
WARNING: Reservoir calculated an outlet velocity over max velocity, and therefore set the outlet velocity to max velocity.
WARNING: Reservoir calculated a storage above the maximum storage.
WARNING: Reservoir calculated an outlet velocity over max velocity, and therefore set the outlet velocity to max velocity.
WARNING: Reservoir calculated a storage above the maximum storage.
WARNING: Reservoir calculated an outlet velocity over max velocity, and therefore set the outlet velocity to max velocity.
WARNING: Reservoir calculated a storage above the maximum storage.
WARNING: Reservoir calculated an outlet velocity over max velocity, and therefore set the outlet velocity to max velocity.
WARNING: Reservoir calculated a storage above the maximum storage.
WARNING: Reservoir calculated an outlet velocity over max velocity, and therefore set the outlet velocity to max velocity.
WARNING: Reservoir calculated a storage above the maximum storage.
WARNING: Reservoir calculated an outlet velocity over max velocity, and therefore set the outlet velocity to max velocity.
WARNING: Reservoir calculated a storage above the maximum storage.
WARNING: Reservoir calculated an outlet velocity over max velocity, and therefore set the outlet velocity to max velocity.
WARNING: Reservoir calculated a storage above the maximum storage.
WARNING: Reservoir calculated an outlet velocity over max velocity, and therefore set the outlet velocity to max velocity.
WARNING: Reservoir calculated a storage above the maximum storage.
WARNING: Reservoir calculated an outlet velocity over max velocity, and therefore set the outlet velocity to max velocity.
WARNING: Reservoir calculated a storage above the maximum storage.
WARNING: Reservoir calculated an outlet velocity over max velocity, and therefore set the outlet velocity to max velocity.
WARNING: Reservoir calculated a storage above the maximum storage.
WARNING: Reservoir calculated an outlet velocity over max velocity, and therefore set the outlet velocity to max velocity.
WARNING: Reservoir calculated a storage above the maximum storage.
WARNING: Reservoir calculated an outlet velocity over max velocity, and therefore set the outlet velocity to max velocity.
WARNING: Reservoir calculated a storage above the maximum storage.
WARNING: Reservoir calculated an outlet velocity over max velocity, and therefore set the outlet velocity to max velocity.
WARNING: Reservoir calculated a storage above the maximum storage.
WARNING: Reservoir calculated an outlet velocity over max velocity, and therefore set the outlet velocity to max velocity.
WARNING: Reservoir calculated a storage above the maximum storage.
WARNING: Reservoir calculated an outlet velocity over max velocity, and therefore set the outlet velocity to max velocity.
WARNING: Reservoir calculated a storage above the maximum storage.
WARNING: Reservoir calculated an outlet velocity over max velocity, and therefore set the outlet velocity to max velocity.
WARNING: Reservoir calculated a storage above the maximum storage.
WARNING: Reservoir calculated an outlet velocity over max velocity, and therefore set the outlet velocity to max velocity.
WARNING: Reservoir calculated a storage above the maximum storage.
WARNING: Reservoir calculated an outlet velocity over max velocity, and therefore set the outlet velocity to max velocity.
WARNING: Reservoir calculated a storage above the maximum storage.
WARNING: Reservoir calculated an outlet velocity over max velocity, and therefore set the outlet velocity to max velocity.
WARNING: Reservoir calculated a storage above the maximum storage.
WARNING: Reservoir calculated an outlet velocity over max velocity, and therefore set the outlet velocity to max velocity.
WARNING: Reservoir calculated a storage above the maximum storage.
WARNING: Reservoir calculated an outlet velocity over max velocity, and therefore set the outlet velocity to max velocity.
WARNING: Reservoir calculated a storage above the maximum storage.
WARNING: Reservoir calculated an outlet velocity over max velocity, and therefore set the outlet velocity to max velocity.
WARNING: Reservoir calculated a storage above the maximum storage.
WARNING: Reservoir calculated an outlet velocity over max velocity, and therefore set the outlet velocity to max velocity.
WARNING: Reservoir calculated a storage above the maximum storage.
WARNING: Reservoir calculated an outlet velocity over max velocity, and therefore set the outlet velocity to max velocity.
WARNING: Reservoir calculated a storage above the maximum storage.
WARNING: Reservoir calculated an outlet velocity over max velocity, and therefore set the outlet velocity to max velocity.
WARNING: Reservoir calculated a storage above the maximum storage.
WARNING: Reservoir calculated an outlet velocity over max velocity, and therefore set the outlet velocity to max velocity.
WARNING: Reservoir calculated a storage above the maximum storage.
WARNING: Reservoir calculated an outlet velocity over max velocity, and therefore set the outlet velocity to max velocity.
WARNING: Reservoir calculated a storage above the maximum storage.
WARNING: Reservoir calculated an outlet velocity over max velocity, and therefore set the outlet velocity to max velocity.
WARNING: Reservoir calculated a storage above the maximum storage.
WARNING: Reservoir calculated an outlet velocity over max velocity, and therefore set the outlet velocity to max velocity.
WARNING: Reservoir calculated a storage above the maximum storage.
WARNING: Reservoir calculated an outlet velocity over max velocity, and therefore set the outlet velocity to max velocity.
WARNING: Reservoir calculated a storage above the maximum storage.
WARNING: Reservoir calculated an outlet velocity over max velocity, and therefore set the outlet velocity to max velocity.
WARNING: Reservoir calculated a storage above the maximum storage.
WARNING: Reservoir calculated an outlet velocity over max velocity, and therefore set the outlet velocity to max velocity.
WARNING: Reservoir calculated a storage above the maximum storage.
WARNING: Reservoir calculated an outlet velocity over max velocity, and therefore set the outlet velocity to max velocity.
WARNING: Reservoir calculated a storage above the maximum storage.
WARNING: Reservoir calculated an outlet velocity over max velocity, and therefore set the outlet velocity to max velocity.
WARNING: Reservoir calculated a storage above the maximum storage.
WARNING: Reservoir calculated an outlet velocity over max velocity, and therefore set the outlet velocity to max velocity.
WARNING: Reservoir calculated a storage above the maximum storage.
WARNING: Reservoir calculated an outlet velocity over max velocity, and therefore set the outlet velocity to max velocity.
WARNING: Reservoir calculated a storage above the maximum storage.
WARNING: Reservoir calculated an outlet velocity over max velocity, and therefore set the outlet velocity to max velocity.
WARNING: Reservoir calculated a storage above the maximum storage.
WARNING: Reservoir calculated an outlet velocity over max velocity, and therefore set the outlet velocity to max velocity.
WARNING: Reservoir calculated a storage above the maximum storage.
WARNING: Reservoir calculated an outlet velocity over max velocity, and therefore set the outlet velocity to max velocity.
WARNING: Reservoir calculated a storage above the maximum storage.
WARNING: Reservoir calculated an outlet velocity over max velocity, and therefore set the outlet velocity to max velocity.
WARNING: Reservoir calculated a storage above the maximum storage.
WARNING: Reservoir calculated an outlet velocity over max velocity, and therefore set the outlet velocity to max velocity.
WARNING: Reservoir calculated a storage above the maximum storage.
WARNING: Reservoir calculated an outlet velocity over max velocity, and therefore set the outlet velocity to max velocity.
WARNING: Reservoir calculated a storage above the maximum storage.
WARNING: Reservoir calculated an outlet velocity over max velocity, and therefore set the outlet velocity to max velocity.
WARNING: Reservoir calculated a storage above the maximum storage.
WARNING: Reservoir calculated an outlet velocity over max velocity, and therefore set the outlet velocity to max velocity.
WARNING: Reservoir calculated a storage above the maximum storage.
WARNING: Reservoir calculated an outlet velocity over max velocity, and therefore set the outlet velocity to max velocity.
WARNING: Reservoir calculated a storage above the maximum storage.
WARNING: Reservoir calculated an outlet velocity over max velocity, and therefore set the outlet velocity to max velocity.
WARNING: Reservoir calculated a storage above the maximum storage.
WARNING: Reservoir calculated an outlet velocity over max velocity, and therefore set the outlet velocity to max velocity.
WARNING: Reservoir calculated a storage above the maximum storage.
WARNING: Reservoir calculated an outlet velocity over max velocity, and therefore set the outlet velocity to max velocity.
WARNING: Reservoir calculated a storage above the maximum storage.
WARNING: Reservoir calculated an outlet velocity over max velocity, and therefore set the outlet velocity to max velocity.
WARNING: Reservoir calculated a storage above the maximum storage.
WARNING: Reservoir calculated an outlet velocity over max velocity, and therefore set the outlet velocity to max velocity.
WARNING: Reservoir calculated a storage above the maximum storage.
WARNING: Reservoir calculated an outlet velocity over max velocity, and therefore set the outlet velocity to max velocity.
WARNING: Reservoir calculated a storage above the maximum storage.
WARNING: Reservoir calculated an outlet velocity over max velocity, and therefore set the outlet velocity to max velocity.
WARNING: Reservoir calculated a storage above the maximum storage.
WARNING: Reservoir calculated an outlet velocity over max velocity, and therefore set the outlet velocity to max velocity.
WARNING: Reservoir calculated a storage above the maximum storage.
WARNING: Reservoir calculated an outlet velocity over max velocity, and therefore set the outlet velocity to max velocity.
WARNING: Reservoir calculated a storage above the maximum storage.
WARNING: Reservoir calculated an outlet velocity over max velocity, and therefore set the outlet velocity to max velocity.
WARNING: Reservoir calculated a storage above the maximum storage.
WARNING: Reservoir calculated an outlet velocity over max velocity, and therefore set the outlet velocity to max velocity.
WARNING: Reservoir calculated a storage above the maximum storage.
WARNING: Reservoir calculated an outlet velocity over max velocity, and therefore set the outlet velocity to max velocity.
WARNING: Reservoir calculated a storage above the maximum storage.
WARNING: Reservoir calculated an outlet velocity over max velocity, and therefore set the outlet velocity to max velocity.
WARNING: Reservoir calculated a storage above the maximum storage.
WARNING: Reservoir calculated an outlet velocity over max velocity, and therefore set the outlet velocity to max velocity.
WARNING: Reservoir calculated a storage above the maximum storage.
WARNING: Reservoir calculated an outlet velocity over max velocity, and therefore set the outlet velocity to max velocity.
WARNING: Reservoir calculated a storage above the maximum storage.
WARNING: Reservoir calculated an outlet velocity over max velocity, and therefore set the outlet velocity to max velocity.
WARNING: Reservoir calculated a storage above the maximum storage.
WARNING: Reservoir calculated an outlet velocity over max velocity, and therefore set the outlet velocity to max velocity.
WARNING: Reservoir calculated a storage above the maximum storage.
WARNING: Reservoir calculated an outlet velocity over max velocity, and therefore set the outlet velocity to max velocity.
WARNING: Reservoir calculated a storage above the maximum storage.
WARNING: Reservoir calculated an outlet velocity over max velocity, and therefore set the outlet velocity to max velocity.
WARNING: Reservoir calculated a storage above the maximum storage.
WARNING: Reservoir calculated an outlet velocity over max velocity, and therefore set the outlet velocity to max velocity.
WARNING: Reservoir calculated a storage above the maximum storage.
WARNING: Reservoir calculated an outlet velocity over max velocity, and therefore set the outlet velocity to max velocity.
WARNING: Reservoir calculated a storage above the maximum storage.
WARNING: Reservoir calculated an outlet velocity over max velocity, and therefore set the outlet velocity to max velocity.
WARNING: Reservoir calculated a storage above the maximum storage.
WARNING: Reservoir calculated an outlet velocity over max velocity, and therefore set the outlet velocity to max velocity.
WARNING: Reservoir calculated a storage above the maximum storage.
WARNING: Reservoir calculated an outlet velocity over max velocity, and therefore set the outlet velocity to max velocity.
WARNING: Reservoir calculated a storage above the maximum storage.
WARNING: Reservoir calculated an outlet velocity over max velocity, and therefore set the outlet velocity to max velocity.
WARNING: Reservoir calculated a storage above the maximum storage.
WARNING: Reservoir calculated an outlet velocity over max velocity, and therefore set the outlet velocity to max velocity.
WARNING: Reservoir calculated a storage above the maximum storage.
WARNING: Reservoir calculated an outlet velocity over max velocity, and therefore set the outlet velocity to max velocity.
WARNING: Reservoir calculated a storage above the maximum storage.
WARNING: Reservoir calculated an outlet velocity over max velocity, and therefore set the outlet velocity to max velocity.
WARNING: Reservoir calculated a storage above the maximum storage.
WARNING: Reservoir calculated an outlet velocity over max velocity, and therefore set the outlet velocity to max velocity.
WARNING: Reservoir calculated a storage above the maximum storage.
WARNING: Reservoir calculated an outlet velocity over max velocity, and therefore set the outlet velocity to max velocity.
WARNING: Reservoir calculated a storage above the maximum storage.
WARNING: Reservoir calculated an outlet velocity over max velocity, and therefore set the outlet velocity to max velocity.
WARNING: Reservoir calculated a storage above the maximum storage.
WARNING: Reservoir calculated an outlet velocity over max velocity, and therefore set the outlet velocity to max velocity.
WARNING: Reservoir calculated a storage above the maximum storage.
WARNING: Reservoir calculated an outlet velocity over max velocity, and therefore set the outlet velocity to max velocity.
WARNING: Reservoir calculated a storage above the maximum storage.
WARNING: Reservoir calculated an outlet velocity over max velocity, and therefore set the outlet velocity to max velocity.
WARNING: Reservoir calculated a storage above the maximum storage.
WARNING: Reservoir calculated an outlet velocity over max velocity, and therefore set the outlet velocity to max velocity.
WARNING: Reservoir calculated a storage above the maximum storage.
WARNING: Reservoir calculated an outlet velocity over max velocity, and therefore set the outlet velocity to max velocity.
WARNING: Reservoir calculated a storage above the maximum storage.
WARNING: Reservoir calculated an outlet velocity over max velocity, and therefore set the outlet velocity to max velocity.
WARNING: Reservoir calculated a storage above the maximum storage.
WARNING: Reservoir calculated an outlet velocity over max velocity, and therefore set the outlet velocity to max velocity.
WARNING: Reservoir calculated a storage above the maximum storage.
WARNING: Reservoir calculated an outlet velocity over max velocity, and therefore set the outlet velocity to max velocity.
WARNING: Reservoir calculated a storage above the maximum storage.
WARNING: Reservoir calculated an outlet velocity over max velocity, and therefore set the outlet velocity to max velocity.
WARNING: Reservoir calculated a storage above the maximum storage.
WARNING: Reservoir calculated an outlet velocity over max velocity, and therefore set the outlet velocity to max velocity.
WARNING: Reservoir calculated a storage above the maximum storage.
WARNING: Reservoir calculated an outlet velocity over max velocity, and therefore set the outlet velocity to max velocity.
WARNING: Reservoir calculated a storage above the maximum storage.
WARNING: Reservoir calculated an outlet velocity over max velocity, and therefore set the outlet velocity to max velocity.
WARNING: Reservoir calculated a storage above the maximum storage.
WARNING: Reservoir calculated an outlet velocity over max velocity, and therefore set the outlet velocity to max velocity.
WARNING: Reservoir calculated a storage above the maximum storage.
WARNING: Reservoir calculated an outlet velocity over max velocity, and therefore set the outlet velocity to max velocity.
WARNING: Reservoir calculated a storage above the maximum storage.
WARNING: Reservoir calculated an outlet velocity over max velocity, and therefore set the outlet velocity to max velocity.
WARNING: Reservoir calculated a storage above the maximum storage.
WARNING: Reservoir calculated an outlet velocity over max velocity, and therefore set the outlet velocity to max velocity.
WARNING: Reservoir calculated a storage above the maximum storage.
WARNING: Reservoir calculated an outlet velocity over max velocity, and therefore set the outlet velocity to max velocity.
WARNING: Reservoir calculated a storage above the maximum storage.
WARNING: Reservoir calculated an outlet velocity over max velocity, and therefore set the outlet velocity to max velocity.
WARNING: Reservoir calculated a storage above the maximum storage.
WARNING: Reservoir calculated an outlet velocity over max velocity, and therefore set the outlet velocity to max velocity.
WARNING: Reservoir calculated a storage above the maximum storage.
WARNING: Reservoir calculated an outlet velocity over max velocity, and therefore set the outlet velocity to max velocity.
WARNING: Reservoir calculated a storage above the maximum storage.
WARNING: Reservoir calculated an outlet velocity over max velocity, and therefore set the outlet velocity to max velocity.
WARNING: Reservoir calculated a storage above the maximum storage.
WARNING: Reservoir calculated an outlet velocity over max velocity, and therefore set the outlet velocity to max velocity.
WARNING: Reservoir calculated a storage above the maximum storage.
WARNING: Reservoir calculated an outlet velocity over max velocity, and therefore set the outlet velocity to max velocity.
WARNING: Reservoir calculated a storage above the maximum storage.
WARNING: Reservoir calculated an outlet velocity over max velocity, and therefore set the outlet velocity to max velocity.
WARNING: Reservoir calculated a storage above the maximum storage.
WARNING: Reservoir calculated an outlet velocity over max velocity, and therefore set the outlet velocity to max velocity.
WARNING: Reservoir calculated a storage above the maximum storage.
WARNING: Reservoir calculated an outlet velocity over max velocity, and therefore set the outlet velocity to max velocity.
WARNING: Reservoir calculated a storage above the maximum storage.
WARNING: Reservoir calculated an outlet velocity over max velocity, and therefore set the outlet velocity to max velocity.
WARNING: Reservoir calculated a storage above the maximum storage.
WARNING: Reservoir calculated an outlet velocity over max velocity, and therefore set the outlet velocity to max velocity.
WARNING: Reservoir calculated a storage above the maximum storage.
WARNING: Reservoir calculated an outlet velocity over max velocity, and therefore set the outlet velocity to max velocity.
WARNING: Reservoir calculated a storage above the maximum storage.
WARNING: Reservoir calculated an outlet velocity over max velocity, and therefore set the outlet velocity to max velocity.
WARNING: Reservoir calculated a storage above the maximum storage.
WARNING: Reservoir calculated an outlet velocity over max velocity, and therefore set the outlet velocity to max velocity.
WARNING: Reservoir calculated a storage above the maximum storage.
WARNING: Reservoir calculated an outlet velocity over max velocity, and therefore set the outlet velocity to max velocity.
WARNING: Reservoir calculated a storage above the maximum storage.
WARNING: Reservoir calculated an outlet velocity over max velocity, and therefore set the outlet velocity to max velocity.
WARNING: Reservoir calculated a storage above the maximum storage.
WARNING: Reservoir calculated an outlet velocity over max velocity, and therefore set the outlet velocity to max velocity.
WARNING: Reservoir calculated a storage above the maximum storage.
WARNING: Reservoir calculated an outlet velocity over max velocity, and therefore set the outlet velocity to max velocity.
WARNING: Reservoir calculated a storage above the maximum storage.
WARNING: Reservoir calculated an outlet velocity over max velocity, and therefore set the outlet velocity to max velocity.
WARNING: Reservoir calculated a storage above the maximum storage.
WARNING: Reservoir calculated an outlet velocity over max velocity, and therefore set the outlet velocity to max velocity.
WARNING: Reservoir calculated a storage above the maximum storage.
WARNING: Reservoir calculated an outlet velocity over max velocity, and therefore set the outlet velocity to max velocity.
WARNING: Reservoir calculated a storage above the maximum storage.
WARNING: Reservoir calculated an outlet velocity over max velocity, and therefore set the outlet velocity to max velocity.
WARNING: Reservoir calculated a storage above the maximum storage.
WARNING: Reservoir calculated an outlet velocity over max velocity, and therefore set the outlet velocity to max velocity.
WARNING: Reservoir calculated a storage above the maximum storage.
WARNING: Reservoir calculated an outlet velocity over max velocity, and therefore set the outlet velocity to max velocity.
WARNING: Reservoir calculated a storage above the maximum storage.
WARNING: Reservoir calculated an outlet velocity over max velocity, and therefore set the outlet velocity to max velocity.
WARNING: Reservoir calculated a storage above the maximum storage.
WARNING: Reservoir calculated an outlet velocity over max velocity, and therefore set the outlet velocity to max velocity.
WARNING: Reservoir calculated a storage above the maximum storage.
WARNING: Reservoir calculated an outlet velocity over max velocity, and therefore set the outlet velocity to max velocity.
WARNING: Reservoir calculated a storage above the maximum storage.
WARNING: Reservoir calculated an outlet velocity over max velocity, and therefore set the outlet velocity to max velocity.
WARNING: Reservoir calculated a storage above the maximum storage.
WARNING: Reservoir calculated an outlet velocity over max velocity, and therefore set the outlet velocity to max velocity.
WARNING: Reservoir calculated a storage above the maximum storage.
WARNING: Reservoir calculated an outlet velocity over max velocity, and therefore set the outlet velocity to max velocity.
WARNING: Reservoir calculated a storage above the maximum storage.
WARNING: Reservoir calculated an outlet velocity over max velocity, and therefore set the outlet velocity to max velocity.
WARNING: Reservoir calculated a storage above the maximum storage.
WARNING: Reservoir calculated an outlet velocity over max velocity, and therefore set the outlet velocity to max velocity.
WARNING: Reservoir calculated a storage above the maximum storage.
WARNING: Reservoir calculated an outlet velocity over max velocity, and therefore set the outlet velocity to max velocity.
WARNING: Reservoir calculated a storage above the maximum storage.
WARNING: Reservoir calculated an outlet velocity over max velocity, and therefore set the outlet velocity to max velocity.
WARNING: Reservoir calculated a storage above the maximum storage.
WARNING: Reservoir calculated an outlet velocity over max velocity, and therefore set the outlet velocity to max velocity.
WARNING: Reservoir calculated a storage above the maximum storage.
WARNING: Reservoir calculated an outlet velocity over max velocity, and therefore set the outlet velocity to max velocity.
WARNING: Reservoir calculated a storage above the maximum storage.
WARNING: Reservoir calculated an outlet velocity over max velocity, and therefore set the outlet velocity to max velocity.
WARNING: Reservoir calculated a storage above the maximum storage.
WARNING: Reservoir calculated an outlet velocity over max velocity, and therefore set the outlet velocity to max velocity.
WARNING: Reservoir calculated a storage above the maximum storage.
WARNING: Reservoir calculated an outlet velocity over max velocity, and therefore set the outlet velocity to max velocity.
WARNING: Reservoir calculated a storage above the maximum storage.
WARNING: Reservoir calculated an outlet velocity over max velocity, and therefore set the outlet velocity to max velocity.
WARNING: Reservoir calculated a storage above the maximum storage.
WARNING: Reservoir calculated an outlet velocity over max velocity, and therefore set the outlet velocity to max velocity.
WARNING: Reservoir calculated a storage above the maximum storage.
WARNING: Reservoir calculated an outlet velocity over max velocity, and therefore set the outlet velocity to max velocity.
WARNING: Reservoir calculated a storage above the maximum storage.
WARNING: Reservoir calculated an outlet velocity over max velocity, and therefore set the outlet velocity to max velocity.
WARNING: Reservoir calculated a storage above the maximum storage.
WARNING: Reservoir calculated an outlet velocity over max velocity, and therefore set the outlet velocity to max velocity.
WARNING: Reservoir calculated a storage above the maximum storage.
WARNING: Reservoir calculated an outlet velocity over max velocity, and therefore set the outlet velocity to max velocity.
WARNING: Reservoir calculated a storage above the maximum storage.
WARNING: Reservoir calculated an outlet velocity over max velocity, and therefore set the outlet velocity to max velocity.
WARNING: Reservoir calculated a storage above the maximum storage.
WARNING: Reservoir calculated an outlet velocity over max velocity, and therefore set the outlet velocity to max velocity.
WARNING: Reservoir calculated a storage above the maximum storage.
WARNING: Reservoir calculated an outlet velocity over max velocity, and therefore set the outlet velocity to max velocity.
WARNING: Reservoir calculated a storage above the maximum storage.
WARNING: Reservoir calculated an outlet velocity over max velocity, and therefore set the outlet velocity to max velocity.
WARNING: Reservoir calculated a storage above the maximum storage.
WARNING: Reservoir calculated an outlet velocity over max velocity, and therefore set the outlet velocity to max velocity.
WARNING: Reservoir calculated a storage above the maximum storage.
WARNING: Reservoir calculated an outlet velocity over max velocity, and therefore set the outlet velocity to max velocity.
WARNING: Reservoir calculated a storage above the maximum storage.
WARNING: Reservoir calculated an outlet velocity over max velocity, and therefore set the outlet velocity to max velocity.
WARNING: Reservoir calculated a storage above the maximum storage.
WARNING: Reservoir calculated an outlet velocity over max velocity, and therefore set the outlet velocity to max velocity.
WARNING: Reservoir calculated a storage above the maximum storage.
WARNING: Reservoir calculated an outlet velocity over max velocity, and therefore set the outlet velocity to max velocity.
WARNING: Reservoir calculated a storage above the maximum storage.
WARNING: Reservoir calculated an outlet velocity over max velocity, and therefore set the outlet velocity to max velocity.
WARNING: Reservoir calculated a storage above the maximum storage.
WARNING: Reservoir calculated an outlet velocity over max velocity, and therefore set the outlet velocity to max velocity.
WARNING: Reservoir calculated a storage above the maximum storage.
WARNING: Reservoir calculated an outlet velocity over max velocity, and therefore set the outlet velocity to max velocity.
WARNING: Reservoir calculated a storage above the maximum storage.
WARNING: Reservoir calculated an outlet velocity over max velocity, and therefore set the outlet velocity to max velocity.
WARNING: Reservoir calculated a storage above the maximum storage.
WARNING: Reservoir calculated an outlet velocity over max velocity, and therefore set the outlet velocity to max velocity.
WARNING: Reservoir calculated a storage above the maximum storage.
WARNING: Reservoir calculated an outlet velocity over max velocity, and therefore set the outlet velocity to max velocity.
WARNING: Reservoir calculated a storage above the maximum storage.
WARNING: Reservoir calculated an outlet velocity over max velocity, and therefore set the outlet velocity to max velocity.
WARNING: Reservoir calculated a storage above the maximum storage.
WARNING: Reservoir calculated an outlet velocity over max velocity, and therefore set the outlet velocity to max velocity.
WARNING: Reservoir calculated a storage above the maximum storage.
WARNING: Reservoir calculated an outlet velocity over max velocity, and therefore set the outlet velocity to max velocity.
WARNING: Reservoir calculated a storage above the maximum storage.
WARNING: Reservoir calculated an outlet velocity over max velocity, and therefore set the outlet velocity to max velocity.
WARNING: Reservoir calculated a storage above the maximum storage.
WARNING: Reservoir calculated an outlet velocity over max velocity, and therefore set the outlet velocity to max velocity.
WARNING: Reservoir calculated a storage above the maximum storage.
WARNING: Reservoir calculated an outlet velocity over max velocity, and therefore set the outlet velocity to max velocity.
WARNING: Reservoir calculated a storage above the maximum storage.
WARNING: Reservoir calculated an outlet velocity over max velocity, and therefore set the outlet velocity to max velocity.
WARNING: Reservoir calculated a storage above the maximum storage.
WARNING: Reservoir calculated an outlet velocity over max velocity, and therefore set the outlet velocity to max velocity.
WARNING: Reservoir calculated a storage above the maximum storage.
WARNING: Reservoir calculated an outlet velocity over max velocity, and therefore set the outlet velocity to max velocity.
WARNING: Reservoir calculated a storage above the maximum storage.
WARNING: Reservoir calculated an outlet velocity over max velocity, and therefore set the outlet velocity to max velocity.
WARNING: Reservoir calculated a storage above the maximum storage.
WARNING: Reservoir calculated an outlet velocity over max velocity, and therefore set the outlet velocity to max velocity.
WARNING: Reservoir calculated a storage above the maximum storage.
WARNING: Reservoir calculated an outlet velocity over max velocity, and therefore set the outlet velocity to max velocity.
WARNING: Reservoir calculated a storage above the maximum storage.
WARNING: Reservoir calculated an outlet velocity over max velocity, and therefore set the outlet velocity to max velocity.
WARNING: Reservoir calculated a storage above the maximum storage.
WARNING: Reservoir calculated an outlet velocity over max velocity, and therefore set the outlet velocity to max velocity.
WARNING: Reservoir calculated a storage above the maximum storage.
WARNING: Reservoir calculated an outlet velocity over max velocity, and therefore set the outlet velocity to max velocity.
WARNING: Reservoir calculated a storage above the maximum storage.
WARNING: Reservoir calculated an outlet velocity over max velocity, and therefore set the outlet velocity to max velocity.
WARNING: Reservoir calculated a storage above the maximum storage.
WARNING: Reservoir calculated an outlet velocity over max velocity, and therefore set the outlet velocity to max velocity.
WARNING: Reservoir calculated a storage above the maximum storage.
WARNING: Reservoir calculated an outlet velocity over max velocity, and therefore set the outlet velocity to max velocity.
WARNING: Reservoir calculated a storage above the maximum storage.
WARNING: Reservoir calculated an outlet velocity over max velocity, and therefore set the outlet velocity to max velocity.
WARNING: Reservoir calculated a storage above the maximum storage.
WARNING: Reservoir calculated an outlet velocity over max velocity, and therefore set the outlet velocity to max velocity.
WARNING: Reservoir calculated a storage above the maximum storage.
WARNING: Reservoir calculated an outlet velocity over max velocity, and therefore set the outlet velocity to max velocity.
WARNING: Reservoir calculated a storage above the maximum storage.
WARNING: Reservoir calculated an outlet velocity over max velocity, and therefore set the outlet velocity to max velocity.
WARNING: Reservoir calculated a storage above the maximum storage.
WARNING: Reservoir calculated an outlet velocity over max velocity, and therefore set the outlet velocity to max velocity.
WARNING: Reservoir calculated a storage above the maximum storage.
WARNING: Reservoir calculated an outlet velocity over max velocity, and therefore set the outlet velocity to max velocity.
WARNING: Reservoir calculated a storage above the maximum storage.
WARNING: Reservoir calculated an outlet velocity over max velocity, and therefore set the outlet velocity to max velocity.
WARNING: Reservoir calculated a storage above the maximum storage.
WARNING: Reservoir calculated an outlet velocity over max velocity, and therefore set the outlet velocity to max velocity.
WARNING: Reservoir calculated a storage above the maximum storage.
WARNING: Reservoir calculated an outlet velocity over max velocity, and therefore set the outlet velocity to max velocity.
WARNING: Reservoir calculated a storage above the maximum storage.
WARNING: Reservoir calculated an outlet velocity over max velocity, and therefore set the outlet velocity to max velocity.
WARNING: Reservoir calculated a storage above the maximum storage.
WARNING: Reservoir calculated an outlet velocity over max velocity, and therefore set the outlet velocity to max velocity.
WARNING: Reservoir calculated a storage above the maximum storage.
WARNING: Reservoir calculated an outlet velocity over max velocity, and therefore set the outlet velocity to max velocity.
WARNING: Reservoir calculated a storage above the maximum storage.
WARNING: Reservoir calculated an outlet velocity over max velocity, and therefore set the outlet velocity to max velocity.
WARNING: Reservoir calculated a storage above the maximum storage.
WARNING: Reservoir calculated an outlet velocity over max velocity, and therefore set the outlet velocity to max velocity.
WARNING: Reservoir calculated a storage above the maximum storage.
WARNING: Reservoir calculated an outlet velocity over max velocity, and therefore set the outlet velocity to max velocity.
WARNING: Reservoir calculated a storage above the maximum storage.
WARNING: Reservoir calculated an outlet velocity over max velocity, and therefore set the outlet velocity to max velocity.
WARNING: Reservoir calculated a storage above the maximum storage.
WARNING: Reservoir calculated an outlet velocity over max velocity, and therefore set the outlet velocity to max velocity.
WARNING: Reservoir calculated a storage above the maximum storage.
WARNING: Reservoir calculated an outlet velocity over max velocity, and therefore set the outlet velocity to max velocity.
WARNING: Reservoir calculated a storage above the maximum storage.
WARNING: Reservoir calculated an outlet velocity over max velocity, and therefore set the outlet velocity to max velocity.
WARNING: Reservoir calculated a storage above the maximum storage.
WARNING: Reservoir calculated an outlet velocity over max velocity, and therefore set the outlet velocity to max velocity.
WARNING: Reservoir calculated a storage above the maximum storage.
WARNING: Reservoir calculated an outlet velocity over max velocity, and therefore set the outlet velocity to max velocity.
WARNING: Reservoir calculated a storage above the maximum storage.
WARNING: Reservoir calculated an outlet velocity over max velocity, and therefore set the outlet velocity to max velocity.
WARNING: Reservoir calculated a storage above the maximum storage.
WARNING: Reservoir calculated an outlet velocity over max velocity, and therefore set the outlet velocity to max velocity.
WARNING: Reservoir calculated a storage above the maximum storage.
WARNING: Reservoir calculated an outlet velocity over max velocity, and therefore set the outlet velocity to max velocity.
WARNING: Reservoir calculated a storage above the maximum storage.
WARNING: Reservoir calculated an outlet velocity over max velocity, and therefore set the outlet velocity to max velocity.
WARNING: Reservoir calculated a storage above the maximum storage.
WARNING: Reservoir calculated an outlet velocity over max velocity, and therefore set the outlet velocity to max velocity.
WARNING: Reservoir calculated a storage above the maximum storage.
WARNING: Reservoir calculated an outlet velocity over max velocity, and therefore set the outlet velocity to max velocity.
WARNING: Reservoir calculated a storage above the maximum storage.
WARNING: Reservoir calculated an outlet velocity over max velocity, and therefore set the outlet velocity to max velocity.
WARNING: Reservoir calculated a storage above the maximum storage.
WARNING: Reservoir calculated an outlet velocity over max velocity, and therefore set the outlet velocity to max velocity.
WARNING: Reservoir calculated a storage above the maximum storage.
WARNING: Reservoir calculated an outlet velocity over max velocity, and therefore set the outlet velocity to max velocity.
WARNING: Reservoir calculated a storage above the maximum storage.
WARNING: Reservoir calculated an outlet velocity over max velocity, and therefore set the outlet velocity to max velocity.
WARNING: Reservoir calculated a storage above the maximum storage.
WARNING: Reservoir calculated an outlet velocity over max velocity, and therefore set the outlet velocity to max velocity.
WARNING: Reservoir calculated a storage above the maximum storage.
WARNING: Reservoir calculated an outlet velocity over max velocity, and therefore set the outlet velocity to max velocity.
WARNING: Reservoir calculated a storage above the maximum storage.
WARNING: Reservoir calculated an outlet velocity over max velocity, and therefore set the outlet velocity to max velocity.
WARNING: Reservoir calculated a storage above the maximum storage.
WARNING: Reservoir calculated an outlet velocity over max velocity, and therefore set the outlet velocity to max velocity.
WARNING: Reservoir calculated a storage above the maximum storage.
WARNING: Reservoir calculated an outlet velocity over max velocity, and therefore set the outlet velocity to max velocity.
WARNING: Reservoir calculated a storage above the maximum storage.
WARNING: Reservoir calculated an outlet velocity over max velocity, and therefore set the outlet velocity to max velocity.
WARNING: Reservoir calculated a storage above the maximum storage.
WARNING: Reservoir calculated an outlet velocity over max velocity, and therefore set the outlet velocity to max velocity.
WARNING: Reservoir calculated a storage above the maximum storage.
WARNING: Reservoir calculated an outlet velocity over max velocity, and therefore set the outlet velocity to max velocity.
WARNING: Reservoir calculated a storage above the maximum storage.
WARNING: Reservoir calculated an outlet velocity over max velocity, and therefore set the outlet velocity to max velocity.
WARNING: Reservoir calculated a storage above the maximum storage.
WARNING: Reservoir calculated an outlet velocity over max velocity, and therefore set the outlet velocity to max velocity.
WARNING: Reservoir calculated a storage above the maximum storage.
WARNING: Reservoir calculated an outlet velocity over max velocity, and therefore set the outlet velocity to max velocity.
WARNING: Reservoir calculated a storage above the maximum storage.
WARNING: Reservoir calculated an outlet velocity over max velocity, and therefore set the outlet velocity to max velocity.
WARNING: Reservoir calculated a storage above the maximum storage.
WARNING: Reservoir calculated an outlet velocity over max velocity, and therefore set the outlet velocity to max velocity.
WARNING: Reservoir calculated a storage above the maximum storage.
WARNING: Reservoir calculated an outlet velocity over max velocity, and therefore set the outlet velocity to max velocity.
WARNING: Reservoir calculated a storage above the maximum storage.
WARNING: Reservoir calculated an outlet velocity over max velocity, and therefore set the outlet velocity to max velocity.
WARNING: Reservoir calculated a storage above the maximum storage.
WARNING: Reservoir calculated an outlet velocity over max velocity, and therefore set the outlet velocity to max velocity.
WARNING: Reservoir calculated a storage above the maximum storage.
WARNING: Reservoir calculated an outlet velocity over max velocity, and therefore set the outlet velocity to max velocity.
WARNING: Reservoir calculated a storage above the maximum storage.
WARNING: Reservoir calculated an outlet velocity over max velocity, and therefore set the outlet velocity to max velocity.
WARNING: Reservoir calculated a storage above the maximum storage.
WARNING: Reservoir calculated an outlet velocity over max velocity, and therefore set the outlet velocity to max velocity.
WARNING: Reservoir calculated a storage above the maximum storage.
WARNING: Reservoir calculated an outlet velocity over max velocity, and therefore set the outlet velocity to max velocity.
WARNING: Reservoir calculated a storage above the maximum storage.
WARNING: Reservoir calculated an outlet velocity over max velocity, and therefore set the outlet velocity to max velocity.
WARNING: Reservoir calculated a storage above the maximum storage.
WARNING: Reservoir calculated an outlet velocity over max velocity, and therefore set the outlet velocity to max velocity.
WARNING: Reservoir calculated a storage above the maximum storage.
WARNING: Reservoir calculated an outlet velocity over max velocity, and therefore set the outlet velocity to max velocity.
WARNING: Reservoir calculated a storage above the maximum storage.
WARNING: Reservoir calculated an outlet velocity over max velocity, and therefore set the outlet velocity to max velocity.
WARNING: Reservoir calculated a storage above the maximum storage.
WARNING: Reservoir calculated an outlet velocity over max velocity, and therefore set the outlet velocity to max velocity.
WARNING: Reservoir calculated a storage above the maximum storage.
WARNING: Reservoir calculated an outlet velocity over max velocity, and therefore set the outlet velocity to max velocity.
WARNING: Reservoir calculated a storage above the maximum storage.
WARNING: Reservoir calculated an outlet velocity over max velocity, and therefore set the outlet velocity to max velocity.
WARNING: Reservoir calculated a storage above the maximum storage.
WARNING: Reservoir calculated an outlet velocity over max velocity, and therefore set the outlet velocity to max velocity.
WARNING: Reservoir calculated a storage above the maximum storage.
WARNING: Reservoir calculated an outlet velocity over max velocity, and therefore set the outlet velocity to max velocity.
WARNING: Reservoir calculated a storage above the maximum storage.
WARNING: Reservoir calculated an outlet velocity over max velocity, and therefore set the outlet velocity to max velocity.
WARNING: Reservoir calculated a storage above the maximum storage.
WARNING: Reservoir calculated an outlet velocity over max velocity, and therefore set the outlet velocity to max velocity.
WARNING: Reservoir calculated a storage above the maximum storage.
WARNING: Reservoir calculated an outlet velocity over max velocity, and therefore set the outlet velocity to max velocity.
WARNING: Reservoir calculated a storage above the maximum storage.
WARNING: Reservoir calculated an outlet velocity over max velocity, and therefore set the outlet velocity to max velocity.
WARNING: Reservoir calculated a storage above the maximum storage.
WARNING: Reservoir calculated an outlet velocity over max velocity, and therefore set the outlet velocity to max velocity.
WARNING: Reservoir calculated a storage above the maximum storage.
WARNING: Reservoir calculated an outlet velocity over max velocity, and therefore set the outlet velocity to max velocity.
WARNING: Reservoir calculated a storage above the maximum storage.
WARNING: Reservoir calculated an outlet velocity over max velocity, and therefore set the outlet velocity to max velocity.
WARNING: Reservoir calculated a storage above the maximum storage.
WARNING: Reservoir calculated an outlet velocity over max velocity, and therefore set the outlet velocity to max velocity.
WARNING: Reservoir calculated a storage above the maximum storage.
WARNING: Reservoir calculated an outlet velocity over max velocity, and therefore set the outlet velocity to max velocity.
WARNING: Reservoir calculated a storage above the maximum storage.
WARNING: Reservoir calculated an outlet velocity over max velocity, and therefore set the outlet velocity to max velocity.
WARNING: Reservoir calculated a storage above the maximum storage.
WARNING: Reservoir calculated an outlet velocity over max velocity, and therefore set the outlet velocity to max velocity.
WARNING: Reservoir calculated a storage above the maximum storage.
WARNING: Reservoir calculated an outlet velocity over max velocity, and therefore set the outlet velocity to max velocity.
WARNING: Reservoir calculated a storage above the maximum storage.
WARNING: Reservoir calculated an outlet velocity over max velocity, and therefore set the outlet velocity to max velocity.
WARNING: Reservoir calculated a storage above the maximum storage.
WARNING: Reservoir calculated an outlet velocity over max velocity, and therefore set the outlet velocity to max velocity.
WARNING: Reservoir calculated a storage above the maximum storage.
WARNING: Reservoir calculated an outlet velocity over max velocity, and therefore set the outlet velocity to max velocity.
WARNING: Reservoir calculated a storage above the maximum storage.
WARNING: Reservoir calculated an outlet velocity over max velocity, and therefore set the outlet velocity to max velocity.
WARNING: Reservoir calculated a storage above the maximum storage.
WARNING: Reservoir calculated an outlet velocity over max velocity, and therefore set the outlet velocity to max velocity.
WARNING: Reservoir calculated a storage above the maximum storage.
WARNING: Reservoir calculated an outlet velocity over max velocity, and therefore set the outlet velocity to max velocity.
WARNING: Reservoir calculated a storage above the maximum storage.
WARNING: Reservoir calculated an outlet velocity over max velocity, and therefore set the outlet velocity to max velocity.
WARNING: Reservoir calculated a storage above the maximum storage.
WARNING: Reservoir calculated an outlet velocity over max velocity, and therefore set the outlet velocity to max velocity.
WARNING: Reservoir calculated a storage above the maximum storage.
WARNING: Reservoir calculated an outlet velocity over max velocity, and therefore set the outlet velocity to max velocity.
WARNING: Reservoir calculated a storage above the maximum storage.
WARNING: Reservoir calculated an outlet velocity over max velocity, and therefore set the outlet velocity to max velocity.
WARNING: Reservoir calculated a storage above the maximum storage.
WARNING: Reservoir calculated an outlet velocity over max velocity, and therefore set the outlet velocity to max velocity.
WARNING: Reservoir calculated a storage above the maximum storage.
WARNING: Reservoir calculated an outlet velocity over max velocity, and therefore set the outlet velocity to max velocity.
WARNING: Reservoir calculated a storage above the maximum storage.
WARNING: Reservoir calculated an outlet velocity over max velocity, and therefore set the outlet velocity to max velocity.
WARNING: Reservoir calculated a storage above the maximum storage.
WARNING: Reservoir calculated an outlet velocity over max velocity, and therefore set the outlet velocity to max velocity.
WARNING: Reservoir calculated a storage above the maximum storage.
WARNING: Reservoir calculated an outlet velocity over max velocity, and therefore set the outlet velocity to max velocity.
WARNING: Reservoir calculated a storage above the maximum storage.
WARNING: Reservoir calculated an outlet velocity over max velocity, and therefore set the outlet velocity to max velocity.
WARNING: Reservoir calculated a storage above the maximum storage.
WARNING: Reservoir calculated an outlet velocity over max velocity, and therefore set the outlet velocity to max velocity.
WARNING: Reservoir calculated a storage above the maximum storage.
WARNING: Reservoir calculated an outlet velocity over max velocity, and therefore set the outlet velocity to max velocity.
WARNING: Reservoir calculated a storage above the maximum storage.
WARNING: Reservoir calculated an outlet velocity over max velocity, and therefore set the outlet velocity to max velocity.
WARNING: Reservoir calculated a storage above the maximum storage.
WARNING: Reservoir calculated an outlet velocity over max velocity, and therefore set the outlet velocity to max velocity.
WARNING: Reservoir calculated a storage above the maximum storage.
WARNING: Reservoir calculated an outlet velocity over max velocity, and therefore set the outlet velocity to max velocity.
WARNING: Reservoir calculated a storage above the maximum storage.
WARNING: Reservoir calculated an outlet velocity over max velocity, and therefore set the outlet velocity to max velocity.
WARNING: Reservoir calculated a storage above the maximum storage.
WARNING: Reservoir calculated an outlet velocity over max velocity, and therefore set the outlet velocity to max velocity.
WARNING: Reservoir calculated a storage above the maximum storage.
WARNING: Reservoir calculated an outlet velocity over max velocity, and therefore set the outlet velocity to max velocity.
WARNING: Reservoir calculated a storage above the maximum storage.
WARNING: Reservoir calculated an outlet velocity over max velocity, and therefore set the outlet velocity to max velocity.
WARNING: Reservoir calculated a storage above the maximum storage.
WARNING: Reservoir calculated an outlet velocity over max velocity, and therefore set the outlet velocity to max velocity.
WARNING: Reservoir calculated a storage above the maximum storage.
WARNING: Reservoir calculated an outlet velocity over max velocity, and therefore set the outlet velocity to max velocity.
WARNING: Reservoir calculated a storage above the maximum storage.
WARNING: Reservoir calculated an outlet velocity over max velocity, and therefore set the outlet velocity to max velocity.
WARNING: Reservoir calculated a storage above the maximum storage.
WARNING: Reservoir calculated an outlet velocity over max velocity, and therefore set the outlet velocity to max velocity.
WARNING: Reservoir calculated a storage above the maximum storage.
WARNING: Reservoir calculated an outlet velocity over max velocity, and therefore set the outlet velocity to max velocity.
WARNING: Reservoir calculated a storage above the maximum storage.
WARNING: Reservoir calculated an outlet velocity over max velocity, and therefore set the outlet velocity to max velocity.
WARNING: Reservoir calculated a storage above the maximum storage.
WARNING: Reservoir calculated an outlet velocity over max velocity, and therefore set the outlet velocity to max velocity.
WARNING: Reservoir calculated a storage above the maximum storage.
WARNING: Reservoir calculated an outlet velocity over max velocity, and therefore set the outlet velocity to max velocity.
WARNING: Reservoir calculated a storage above the maximum storage.
WARNING: Reservoir calculated an outlet velocity over max velocity, and therefore set the outlet velocity to max velocity.
WARNING: Reservoir calculated a storage above the maximum storage.
WARNING: Reservoir calculated an outlet velocity over max velocity, and therefore set the outlet velocity to max velocity.
WARNING: Reservoir calculated a storage above the maximum storage.
WARNING: Reservoir calculated an outlet velocity over max velocity, and therefore set the outlet velocity to max velocity.
WARNING: Reservoir calculated a storage above the maximum storage.
WARNING: Reservoir calculated an outlet velocity over max velocity, and therefore set the outlet velocity to max velocity.
WARNING: Reservoir calculated a storage above the maximum storage.
WARNING: Reservoir calculated an outlet velocity over max velocity, and therefore set the outlet velocity to max velocity.
WARNING: Reservoir calculated a storage above the maximum storage.
WARNING: Reservoir calculated an outlet velocity over max velocity, and therefore set the outlet velocity to max velocity.
WARNING: Reservoir calculated a storage above the maximum storage.
WARNING: Reservoir calculated an outlet velocity over max velocity, and therefore set the outlet velocity to max velocity.
WARNING: Reservoir calculated a storage above the maximum storage.
WARNING: Reservoir calculated an outlet velocity over max velocity, and therefore set the outlet velocity to max velocity.
WARNING: Reservoir calculated a storage above the maximum storage.
WARNING: Reservoir calculated an outlet velocity over max velocity, and therefore set the outlet velocity to max velocity.
WARNING: Reservoir calculated a storage above the maximum storage.
WARNING: Reservoir calculated an outlet velocity over max velocity, and therefore set the outlet velocity to max velocity.
WARNING: Reservoir calculated a storage above the maximum storage.
WARNING: Reservoir calculated an outlet velocity over max velocity, and therefore set the outlet velocity to max velocity.
WARNING: Reservoir calculated a storage above the maximum storage.
WARNING: Reservoir calculated an outlet velocity over max velocity, and therefore set the outlet velocity to max velocity.
WARNING: Reservoir calculated a storage above the maximum storage.
WARNING: Reservoir calculated an outlet velocity over max velocity, and therefore set the outlet velocity to max velocity.
WARNING: Reservoir calculated a storage above the maximum storage.
WARNING: Reservoir calculated an outlet velocity over max velocity, and therefore set the outlet velocity to max velocity.
WARNING: Reservoir calculated a storage above the maximum storage.
WARNING: Reservoir calculated an outlet velocity over max velocity, and therefore set the outlet velocity to max velocity.
WARNING: Reservoir calculated a storage above the maximum storage.
WARNING: Reservoir calculated an outlet velocity over max velocity, and therefore set the outlet velocity to max velocity.
WARNING: Reservoir calculated a storage above the maximum storage.
WARNING: Reservoir calculated an outlet velocity over max velocity, and therefore set the outlet velocity to max velocity.
WARNING: Reservoir calculated a storage above the maximum storage.
WARNING: Reservoir calculated an outlet velocity over max velocity, and therefore set the outlet velocity to max velocity.
WARNING: Reservoir calculated a storage above the maximum storage.
WARNING: Reservoir calculated an outlet velocity over max velocity, and therefore set the outlet velocity to max velocity.
WARNING: Reservoir calculated a storage above the maximum storage.
WARNING: Reservoir calculated an outlet velocity over max velocity, and therefore set the outlet velocity to max velocity.
WARNING: Reservoir calculated a storage above the maximum storage.
WARNING: Reservoir calculated an outlet velocity over max velocity, and therefore set the outlet velocity to max velocity.
WARNING: Reservoir calculated a storage above the maximum storage.
WARNING: Reservoir calculated an outlet velocity over max velocity, and therefore set the outlet velocity to max velocity.
WARNING: Reservoir calculated a storage above the maximum storage.
WARNING: Reservoir calculated an outlet velocity over max velocity, and therefore set the outlet velocity to max velocity.
WARNING: Reservoir calculated a storage above the maximum storage.
WARNING: Reservoir calculated an outlet velocity over max velocity, and therefore set the outlet velocity to max velocity.
WARNING: Reservoir calculated a storage above the maximum storage.
WARNING: Reservoir calculated an outlet velocity over max velocity, and therefore set the outlet velocity to max velocity.
WARNING: Reservoir calculated a storage above the maximum storage.
WARNING: Reservoir calculated an outlet velocity over max velocity, and therefore set the outlet velocity to max velocity.
WARNING: Reservoir calculated a storage above the maximum storage.
WARNING: Reservoir calculated an outlet velocity over max velocity, and therefore set the outlet velocity to max velocity.
WARNING: Reservoir calculated a storage above the maximum storage.
WARNING: Reservoir calculated an outlet velocity over max velocity, and therefore set the outlet velocity to max velocity.
WARNING: Reservoir calculated a storage above the maximum storage.
WARNING: Reservoir calculated an outlet velocity over max velocity, and therefore set the outlet velocity to max velocity.
WARNING: Reservoir calculated a storage above the maximum storage.
WARNING: Reservoir calculated an outlet velocity over max velocity, and therefore set the outlet velocity to max velocity.
WARNING: Reservoir calculated a storage above the maximum storage.
WARNING: Reservoir calculated an outlet velocity over max velocity, and therefore set the outlet velocity to max velocity.
WARNING: Reservoir calculated a storage above the maximum storage.
WARNING: Reservoir calculated an outlet velocity over max velocity, and therefore set the outlet velocity to max velocity.
WARNING: Reservoir calculated a storage above the maximum storage.
WARNING: Reservoir calculated an outlet velocity over max velocity, and therefore set the outlet velocity to max velocity.
WARNING: Reservoir calculated a storage above the maximum storage.
WARNING: Reservoir calculated an outlet velocity over max velocity, and therefore set the outlet velocity to max velocity.
WARNING: Reservoir calculated a storage above the maximum storage.
WARNING: Reservoir calculated an outlet velocity over max velocity, and therefore set the outlet velocity to max velocity.
WARNING: Reservoir calculated a storage above the maximum storage.
WARNING: Reservoir calculated an outlet velocity over max velocity, and therefore set the outlet velocity to max velocity.
WARNING: Reservoir calculated a storage above the maximum storage.
WARNING: Reservoir calculated an outlet velocity over max velocity, and therefore set the outlet velocity to max velocity.
WARNING: Reservoir calculated a storage above the maximum storage.
WARNING: Reservoir calculated an outlet velocity over max velocity, and therefore set the outlet velocity to max velocity.
WARNING: Reservoir calculated a storage above the maximum storage.
WARNING: Reservoir calculated an outlet velocity over max velocity, and therefore set the outlet velocity to max velocity.
WARNING: Reservoir calculated a storage above the maximum storage.
WARNING: Reservoir calculated an outlet velocity over max velocity, and therefore set the outlet velocity to max velocity.
WARNING: Reservoir calculated a storage above the maximum storage.
WARNING: Reservoir calculated an outlet velocity over max velocity, and therefore set the outlet velocity to max velocity.
WARNING: Reservoir calculated a storage above the maximum storage.
WARNING: Reservoir calculated an outlet velocity over max velocity, and therefore set the outlet velocity to max velocity.
WARNING: Reservoir calculated a storage above the maximum storage.
WARNING: Reservoir calculated an outlet velocity over max velocity, and therefore set the outlet velocity to max velocity.
WARNING: Reservoir calculated a storage above the maximum storage.
WARNING: Reservoir calculated an outlet velocity over max velocity, and therefore set the outlet velocity to max velocity.
WARNING: Reservoir calculated a storage above the maximum storage.
WARNING: Reservoir calculated an outlet velocity over max velocity, and therefore set the outlet velocity to max velocity.
WARNING: Reservoir calculated a storage above the maximum storage.
WARNING: Reservoir calculated an outlet velocity over max velocity, and therefore set the outlet velocity to max velocity.
WARNING: Reservoir calculated a storage above the maximum storage.
WARNING: Reservoir calculated an outlet velocity over max velocity, and therefore set the outlet velocity to max velocity.
WARNING: Reservoir calculated a storage above the maximum storage.
WARNING: Reservoir calculated an outlet velocity over max velocity, and therefore set the outlet velocity to max velocity.
WARNING: Reservoir calculated a storage above the maximum storage.
WARNING: Reservoir calculated an outlet velocity over max velocity, and therefore set the outlet velocity to max velocity.
WARNING: Reservoir calculated a storage above the maximum storage.
WARNING: Reservoir calculated an outlet velocity over max velocity, and therefore set the outlet velocity to max velocity.
WARNING: Reservoir calculated a storage above the maximum storage.
WARNING: Reservoir calculated an outlet velocity over max velocity, and therefore set the outlet velocity to max velocity.
WARNING: Reservoir calculated a storage above the maximum storage.
WARNING: Reservoir calculated an outlet velocity over max velocity, and therefore set the outlet velocity to max velocity.
WARNING: Reservoir calculated a storage above the maximum storage.
WARNING: Reservoir calculated an outlet velocity over max velocity, and therefore set the outlet velocity to max velocity.
WARNING: Reservoir calculated a storage above the maximum storage.
WARNING: Reservoir calculated an outlet velocity over max velocity, and therefore set the outlet velocity to max velocity.
WARNING: Reservoir calculated a storage above the maximum storage.
WARNING: Reservoir calculated an outlet velocity over max velocity, and therefore set the outlet velocity to max velocity.
WARNING: Reservoir calculated a storage above the maximum storage.
WARNING: Reservoir calculated an outlet velocity over max velocity, and therefore set the outlet velocity to max velocity.
WARNING: Reservoir calculated a storage above the maximum storage.
WARNING: Reservoir calculated an outlet velocity over max velocity, and therefore set the outlet velocity to max velocity.
WARNING: Reservoir calculated a storage above the maximum storage.
WARNING: Reservoir calculated an outlet velocity over max velocity, and therefore set the outlet velocity to max velocity.
WARNING: Reservoir calculated a storage above the maximum storage.
WARNING: Reservoir calculated an outlet velocity over max velocity, and therefore set the outlet velocity to max velocity.
WARNING: Reservoir calculated a storage above the maximum storage.
WARNING: Reservoir calculated an outlet velocity over max velocity, and therefore set the outlet velocity to max velocity.
WARNING: Reservoir calculated a storage above the maximum storage.
WARNING: Reservoir calculated an outlet velocity over max velocity, and therefore set the outlet velocity to max velocity.
WARNING: Reservoir calculated a storage above the maximum storage.
WARNING: Reservoir calculated an outlet velocity over max velocity, and therefore set the outlet velocity to max velocity.
WARNING: Reservoir calculated a storage above the maximum storage.
WARNING: Reservoir calculated an outlet velocity over max velocity, and therefore set the outlet velocity to max velocity.
WARNING: Reservoir calculated a storage above the maximum storage.
WARNING: Reservoir calculated an outlet velocity over max velocity, and therefore set the outlet velocity to max velocity.
WARNING: Reservoir calculated a storage above the maximum storage.
WARNING: Reservoir calculated an outlet velocity over max velocity, and therefore set the outlet velocity to max velocity.
WARNING: Reservoir calculated a storage above the maximum storage.
WARNING: Reservoir calculated an outlet velocity over max velocity, and therefore set the outlet velocity to max velocity.
WARNING: Reservoir calculated a storage above the maximum storage.
WARNING: Reservoir calculated an outlet velocity over max velocity, and therefore set the outlet velocity to max velocity.
WARNING: Reservoir calculated a storage above the maximum storage.
WARNING: Reservoir calculated an outlet velocity over max velocity, and therefore set the outlet velocity to max velocity.
WARNING: Reservoir calculated a storage above the maximum storage.
WARNING: Reservoir calculated an outlet velocity over max velocity, and therefore set the outlet velocity to max velocity.
WARNING: Reservoir calculated a storage above the maximum storage.
WARNING: Reservoir calculated an outlet velocity over max velocity, and therefore set the outlet velocity to max velocity.
WARNING: Reservoir calculated a storage above the maximum storage.
WARNING: Reservoir calculated an outlet velocity over max velocity, and therefore set the outlet velocity to max velocity.
WARNING: Reservoir calculated a storage above the maximum storage.
WARNING: Reservoir calculated an outlet velocity over max velocity, and therefore set the outlet velocity to max velocity.
WARNING: Reservoir calculated a storage above the maximum storage.
WARNING: Reservoir calculated an outlet velocity over max velocity, and therefore set the outlet velocity to max velocity.
WARNING: Reservoir calculated a storage above the maximum storage.
WARNING: Reservoir calculated an outlet velocity over max velocity, and therefore set the outlet velocity to max velocity.
WARNING: Reservoir calculated a storage above the maximum storage.
WARNING: Reservoir calculated an outlet velocity over max velocity, and therefore set the outlet velocity to max velocity.
WARNING: Reservoir calculated a storage above the maximum storage.
WARNING: Reservoir calculated an outlet velocity over max velocity, and therefore set the outlet velocity to max velocity.
WARNING: Reservoir calculated a storage above the maximum storage.
WARNING: Reservoir calculated an outlet velocity over max velocity, and therefore set the outlet velocity to max velocity.
WARNING: Reservoir calculated a storage above the maximum storage.
WARNING: Reservoir calculated an outlet velocity over max velocity, and therefore set the outlet velocity to max velocity.
WARNING: Reservoir calculated a storage above the maximum storage.
WARNING: Reservoir calculated an outlet velocity over max velocity, and therefore set the outlet velocity to max velocity.
WARNING: Reservoir calculated a storage above the maximum storage.
WARNING: Reservoir calculated an outlet velocity over max velocity, and therefore set the outlet velocity to max velocity.
WARNING: Reservoir calculated a storage above the maximum storage.
WARNING: Reservoir calculated an outlet velocity over max velocity, and therefore set the outlet velocity to max velocity.
WARNING: Reservoir calculated a storage above the maximum storage.
WARNING: Reservoir calculated an outlet velocity over max velocity, and therefore set the outlet velocity to max velocity.
WARNING: Reservoir calculated a storage above the maximum storage.
WARNING: Reservoir calculated an outlet velocity over max velocity, and therefore set the outlet velocity to max velocity.
WARNING: Reservoir calculated a storage above the maximum storage.
WARNING: Reservoir calculated an outlet velocity over max velocity, and therefore set the outlet velocity to max velocity.
WARNING: Reservoir calculated a storage above the maximum storage.
WARNING: Reservoir calculated an outlet velocity over max velocity, and therefore set the outlet velocity to max velocity.
WARNING: Reservoir calculated a storage above the maximum storage.
WARNING: Reservoir calculated an outlet velocity over max velocity, and therefore set the outlet velocity to max velocity.
WARNING: Reservoir calculated a storage above the maximum storage.
WARNING: Reservoir calculated an outlet velocity over max velocity, and therefore set the outlet velocity to max velocity.
WARNING: Reservoir calculated a storage above the maximum storage.
WARNING: Reservoir calculated an outlet velocity over max velocity, and therefore set the outlet velocity to max velocity.
WARNING: Reservoir calculated a storage above the maximum storage.
WARNING: Reservoir calculated an outlet velocity over max velocity, and therefore set the outlet velocity to max velocity.
WARNING: Reservoir calculated a storage above the maximum storage.
WARNING: Reservoir calculated an outlet velocity over max velocity, and therefore set the outlet velocity to max velocity.
WARNING: Reservoir calculated a storage above the maximum storage.
WARNING: Reservoir calculated an outlet velocity over max velocity, and therefore set the outlet velocity to max velocity.
WARNING: Reservoir calculated a storage above the maximum storage.
WARNING: Reservoir calculated an outlet velocity over max velocity, and therefore set the outlet velocity to max velocity.
WARNING: Reservoir calculated a storage above the maximum storage.
WARNING: Reservoir calculated an outlet velocity over max velocity, and therefore set the outlet velocity to max velocity.
WARNING: Reservoir calculated a storage above the maximum storage.
WARNING: Reservoir calculated an outlet velocity over max velocity, and therefore set the outlet velocity to max velocity.
WARNING: Reservoir calculated a storage above the maximum storage.
WARNING: Reservoir calculated an outlet velocity over max velocity, and therefore set the outlet velocity to max velocity.
WARNING: Reservoir calculated a storage above the maximum storage.
WARNING: Reservoir calculated an outlet velocity over max velocity, and therefore set the outlet velocity to max velocity.
WARNING: Reservoir calculated a storage above the maximum storage.
WARNING: Reservoir calculated an outlet velocity over max velocity, and therefore set the outlet velocity to max velocity.
WARNING: Reservoir calculated a storage above the maximum storage.
WARNING: Reservoir calculated an outlet velocity over max velocity, and therefore set the outlet velocity to max velocity.
WARNING: Reservoir calculated a storage above the maximum storage.
WARNING: Reservoir calculated an outlet velocity over max velocity, and therefore set the outlet velocity to max velocity.
WARNING: Reservoir calculated a storage above the maximum storage.
WARNING: Reservoir calculated an outlet velocity over max velocity, and therefore set the outlet velocity to max velocity.
WARNING: Reservoir calculated a storage above the maximum storage.
WARNING: Reservoir calculated an outlet velocity over max velocity, and therefore set the outlet velocity to max velocity.
WARNING: Reservoir calculated a storage above the maximum storage.
WARNING: Reservoir calculated an outlet velocity over max velocity, and therefore set the outlet velocity to max velocity.
WARNING: Reservoir calculated a storage above the maximum storage.
WARNING: Reservoir calculated an outlet velocity over max velocity, and therefore set the outlet velocity to max velocity.
WARNING: Reservoir calculated a storage above the maximum storage.
WARNING: Reservoir calculated an outlet velocity over max velocity, and therefore set the outlet velocity to max velocity.
WARNING: Reservoir calculated a storage above the maximum storage.
WARNING: Reservoir calculated an outlet velocity over max velocity, and therefore set the outlet velocity to max velocity.
WARNING: Reservoir calculated a storage above the maximum storage.
WARNING: Reservoir calculated an outlet velocity over max velocity, and therefore set the outlet velocity to max velocity.
WARNING: Reservoir calculated a storage above the maximum storage.
WARNING: Reservoir calculated an outlet velocity over max velocity, and therefore set the outlet velocity to max velocity.
WARNING: Reservoir calculated a storage above the maximum storage.
WARNING: Reservoir calculated an outlet velocity over max velocity, and therefore set the outlet velocity to max velocity.
WARNING: Reservoir calculated a storage above the maximum storage.
WARNING: Reservoir calculated an outlet velocity over max velocity, and therefore set the outlet velocity to max velocity.
WARNING: Reservoir calculated a storage above the maximum storage.
WARNING: Reservoir calculated an outlet velocity over max velocity, and therefore set the outlet velocity to max velocity.
WARNING: Reservoir calculated a storage above the maximum storage.
WARNING: Reservoir calculated an outlet velocity over max velocity, and therefore set the outlet velocity to max velocity.
WARNING: Reservoir calculated a storage above the maximum storage.
WARNING: Reservoir calculated an outlet velocity over max velocity, and therefore set the outlet velocity to max velocity.
WARNING: Reservoir calculated a storage above the maximum storage.
WARNING: Reservoir calculated an outlet velocity over max velocity, and therefore set the outlet velocity to max velocity.
WARNING: Reservoir calculated a storage above the maximum storage.
WARNING: Reservoir calculated an outlet velocity over max velocity, and therefore set the outlet velocity to max velocity.
WARNING: Reservoir calculated a storage above the maximum storage.
WARNING: Reservoir calculated an outlet velocity over max velocity, and therefore set the outlet velocity to max velocity.
WARNING: Reservoir calculated a storage above the maximum storage.
WARNING: Reservoir calculated an outlet velocity over max velocity, and therefore set the outlet velocity to max velocity.
WARNING: Reservoir calculated a storage above the maximum storage.
WARNING: Reservoir calculated an outlet velocity over max velocity, and therefore set the outlet velocity to max velocity.
WARNING: Reservoir calculated a storage above the maximum storage.
WARNING: Reservoir calculated an outlet velocity over max velocity, and therefore set the outlet velocity to max velocity.
WARNING: Reservoir calculated a storage above the maximum storage.
WARNING: Reservoir calculated an outlet velocity over max velocity, and therefore set the outlet velocity to max velocity.
WARNING: Reservoir calculated a storage above the maximum storage.
WARNING: Reservoir calculated an outlet velocity over max velocity, and therefore set the outlet velocity to max velocity.
WARNING: Reservoir calculated a storage above the maximum storage.
WARNING: Reservoir calculated an outlet velocity over max velocity, and therefore set the outlet velocity to max velocity.
WARNING: Reservoir calculated a storage above the maximum storage.
WARNING: Reservoir calculated an outlet velocity over max velocity, and therefore set the outlet velocity to max velocity.
WARNING: Reservoir calculated a storage above the maximum storage.
WARNING: Reservoir calculated an outlet velocity over max velocity, and therefore set the outlet velocity to max velocity.
WARNING: Reservoir calculated a storage above the maximum storage.
WARNING: Reservoir calculated an outlet velocity over max velocity, and therefore set the outlet velocity to max velocity.
WARNING: Reservoir calculated a storage above the maximum storage.
WARNING: Reservoir calculated an outlet velocity over max velocity, and therefore set the outlet velocity to max velocity.
WARNING: Reservoir calculated a storage above the maximum storage.
WARNING: Reservoir calculated an outlet velocity over max velocity, and therefore set the outlet velocity to max velocity.
WARNING: Reservoir calculated a storage above the maximum storage.
WARNING: Reservoir calculated an outlet velocity over max velocity, and therefore set the outlet velocity to max velocity.
WARNING: Reservoir calculated a storage above the maximum storage.
WARNING: Reservoir calculated an outlet velocity over max velocity, and therefore set the outlet velocity to max velocity.
WARNING: Reservoir calculated a storage above the maximum storage.
WARNING: Reservoir calculated an outlet velocity over max velocity, and therefore set the outlet velocity to max velocity.
WARNING: Reservoir calculated a storage above the maximum storage.
WARNING: Reservoir calculated an outlet velocity over max velocity, and therefore set the outlet velocity to max velocity.
WARNING: Reservoir calculated a storage above the maximum storage.
WARNING: Reservoir calculated an outlet velocity over max velocity, and therefore set the outlet velocity to max velocity.
WARNING: Reservoir calculated a storage above the maximum storage.
WARNING: Reservoir calculated an outlet velocity over max velocity, and therefore set the outlet velocity to max velocity.
WARNING: Reservoir calculated a storage above the maximum storage.
WARNING: Reservoir calculated an outlet velocity over max velocity, and therefore set the outlet velocity to max velocity.
WARNING: Reservoir calculated a storage above the maximum storage.
WARNING: Reservoir calculated an outlet velocity over max velocity, and therefore set the outlet velocity to max velocity.
WARNING: Reservoir calculated a storage above the maximum storage.
WARNING: Reservoir calculated an outlet velocity over max velocity, and therefore set the outlet velocity to max velocity.
WARNING: Reservoir calculated a storage above the maximum storage.
WARNING: Reservoir calculated an outlet velocity over max velocity, and therefore set the outlet velocity to max velocity.
WARNING: Reservoir calculated a storage above the maximum storage.
WARNING: Reservoir calculated an outlet velocity over max velocity, and therefore set the outlet velocity to max velocity.
WARNING: Reservoir calculated a storage above the maximum storage.
WARNING: Reservoir calculated an outlet velocity over max velocity, and therefore set the outlet velocity to max velocity.
WARNING: Reservoir calculated a storage above the maximum storage.
WARNING: Reservoir calculated an outlet velocity over max velocity, and therefore set the outlet velocity to max velocity.
WARNING: Reservoir calculated a storage above the maximum storage.
WARNING: Reservoir calculated an outlet velocity over max velocity, and therefore set the outlet velocity to max velocity.
WARNING: Reservoir calculated a storage above the maximum storage.
WARNING: Reservoir calculated an outlet velocity over max velocity, and therefore set the outlet velocity to max velocity.
WARNING: Reservoir calculated a storage above the maximum storage.
WARNING: Reservoir calculated an outlet velocity over max velocity, and therefore set the outlet velocity to max velocity.
WARNING: Reservoir calculated a storage above the maximum storage.
WARNING: Reservoir calculated an outlet velocity over max velocity, and therefore set the outlet velocity to max velocity.
WARNING: Reservoir calculated a storage above the maximum storage.
WARNING: Reservoir calculated an outlet velocity over max velocity, and therefore set the outlet velocity to max velocity.
WARNING: Reservoir calculated a storage above the maximum storage.
WARNING: Reservoir calculated an outlet velocity over max velocity, and therefore set the outlet velocity to max velocity.
WARNING: Reservoir calculated a storage above the maximum storage.
WARNING: Reservoir calculated an outlet velocity over max velocity, and therefore set the outlet velocity to max velocity.
WARNING: Reservoir calculated a storage above the maximum storage.
WARNING: Reservoir calculated an outlet velocity over max velocity, and therefore set the outlet velocity to max velocity.
WARNING: Reservoir calculated a storage above the maximum storage.
WARNING: Reservoir calculated an outlet velocity over max velocity, and therefore set the outlet velocity to max velocity.
WARNING: Reservoir calculated a storage above the maximum storage.
WARNING: Reservoir calculated an outlet velocity over max velocity, and therefore set the outlet velocity to max velocity.
WARNING: Reservoir calculated a storage above the maximum storage.
WARNING: Reservoir calculated an outlet velocity over max velocity, and therefore set the outlet velocity to max velocity.
WARNING: Reservoir calculated a storage above the maximum storage.
WARNING: Reservoir calculated an outlet velocity over max velocity, and therefore set the outlet velocity to max velocity.
WARNING: Reservoir calculated a storage above the maximum storage.
WARNING: Reservoir calculated an outlet velocity over max velocity, and therefore set the outlet velocity to max velocity.
WARNING: Reservoir calculated a storage above the maximum storage.
WARNING: Reservoir calculated an outlet velocity over max velocity, and therefore set the outlet velocity to max velocity.
WARNING: Reservoir calculated a storage above the maximum storage.
WARNING: Reservoir calculated an outlet velocity over max velocity, and therefore set the outlet velocity to max velocity.
WARNING: Reservoir calculated a storage above the maximum storage.
WARNING: Reservoir calculated an outlet velocity over max velocity, and therefore set the outlet velocity to max velocity.
WARNING: Reservoir calculated a storage above the maximum storage.
WARNING: Reservoir calculated an outlet velocity over max velocity, and therefore set the outlet velocity to max velocity.
WARNING: Reservoir calculated a storage above the maximum storage.
WARNING: Reservoir calculated an outlet velocity over max velocity, and therefore set the outlet velocity to max velocity.
WARNING: Reservoir calculated a storage above the maximum storage.
WARNING: Reservoir calculated an outlet velocity over max velocity, and therefore set the outlet velocity to max velocity.
WARNING: Reservoir calculated a storage above the maximum storage.
WARNING: Reservoir calculated an outlet velocity over max velocity, and therefore set the outlet velocity to max velocity.
WARNING: Reservoir calculated a storage above the maximum storage.
WARNING: Reservoir calculated an outlet velocity over max velocity, and therefore set the outlet velocity to max velocity.
WARNING: Reservoir calculated a storage above the maximum storage.
WARNING: Reservoir calculated an outlet velocity over max velocity, and therefore set the outlet velocity to max velocity.
WARNING: Reservoir calculated a storage above the maximum storage.
WARNING: Reservoir calculated an outlet velocity over max velocity, and therefore set the outlet velocity to max velocity.
WARNING: Reservoir calculated a storage above the maximum storage.
WARNING: Reservoir calculated an outlet velocity over max velocity, and therefore set the outlet velocity to max velocity.
WARNING: Reservoir calculated a storage above the maximum storage.
WARNING: Reservoir calculated an outlet velocity over max velocity, and therefore set the outlet velocity to max velocity.
WARNING: Reservoir calculated a storage above the maximum storage.
WARNING: Reservoir calculated an outlet velocity over max velocity, and therefore set the outlet velocity to max velocity.
WARNING: Reservoir calculated a storage above the maximum storage.
WARNING: Reservoir calculated an outlet velocity over max velocity, and therefore set the outlet velocity to max velocity.
WARNING: Reservoir calculated a storage above the maximum storage.
WARNING: Reservoir calculated an outlet velocity over max velocity, and therefore set the outlet velocity to max velocity.
WARNING: Reservoir calculated a storage above the maximum storage.
WARNING: Reservoir calculated an outlet velocity over max velocity, and therefore set the outlet velocity to max velocity.
WARNING: Reservoir calculated a storage above the maximum storage.
WARNING: Reservoir calculated an outlet velocity over max velocity, and therefore set the outlet velocity to max velocity.
WARNING: Reservoir calculated a storage above the maximum storage.
WARNING: Reservoir calculated an outlet velocity over max velocity, and therefore set the outlet velocity to max velocity.
WARNING: Reservoir calculated a storage above the maximum storage.
WARNING: Reservoir calculated an outlet velocity over max velocity, and therefore set the outlet velocity to max velocity.
WARNING: Reservoir calculated a storage above the maximum storage.
WARNING: Reservoir calculated an outlet velocity over max velocity, and therefore set the outlet velocity to max velocity.
WARNING: Reservoir calculated a storage above the maximum storage.
WARNING: Reservoir calculated an outlet velocity over max velocity, and therefore set the outlet velocity to max velocity.
WARNING: Reservoir calculated a storage above the maximum storage.
WARNING: Reservoir calculated an outlet velocity over max velocity, and therefore set the outlet velocity to max velocity.
WARNING: Reservoir calculated a storage above the maximum storage.
WARNING: Reservoir calculated an outlet velocity over max velocity, and therefore set the outlet velocity to max velocity.
WARNING: Reservoir calculated a storage above the maximum storage.
WARNING: Reservoir calculated an outlet velocity over max velocity, and therefore set the outlet velocity to max velocity.
WARNING: Reservoir calculated a storage above the maximum storage.
WARNING: Reservoir calculated an outlet velocity over max velocity, and therefore set the outlet velocity to max velocity.
WARNING: Reservoir calculated a storage above the maximum storage.
WARNING: Reservoir calculated an outlet velocity over max velocity, and therefore set the outlet velocity to max velocity.
WARNING: Reservoir calculated a storage above the maximum storage.
WARNING: Reservoir calculated an outlet velocity over max velocity, and therefore set the outlet velocity to max velocity.
WARNING: Reservoir calculated a storage above the maximum storage.
WARNING: Reservoir calculated an outlet velocity over max velocity, and therefore set the outlet velocity to max velocity.
WARNING: Reservoir calculated a storage above the maximum storage.
WARNING: Reservoir calculated an outlet velocity over max velocity, and therefore set the outlet velocity to max velocity.
WARNING: Reservoir calculated a storage above the maximum storage.
WARNING: Reservoir calculated an outlet velocity over max velocity, and therefore set the outlet velocity to max velocity.
WARNING: Reservoir calculated a storage above the maximum storage.
WARNING: Reservoir calculated an outlet velocity over max velocity, and therefore set the outlet velocity to max velocity.
WARNING: Reservoir calculated a storage above the maximum storage.
WARNING: Reservoir calculated an outlet velocity over max velocity, and therefore set the outlet velocity to max velocity.
WARNING: Reservoir calculated a storage above the maximum storage.
WARNING: Reservoir calculated an outlet velocity over max velocity, and therefore set the outlet velocity to max velocity.
WARNING: Reservoir calculated a storage above the maximum storage.
WARNING: Reservoir calculated an outlet velocity over max velocity, and therefore set the outlet velocity to max velocity.
WARNING: Reservoir calculated a storage above the maximum storage.
WARNING: Reservoir calculated an outlet velocity over max velocity, and therefore set the outlet velocity to max velocity.
WARNING: Reservoir calculated a storage above the maximum storage.
WARNING: Reservoir calculated an outlet velocity over max velocity, and therefore set the outlet velocity to max velocity.
WARNING: Reservoir calculated a storage above the maximum storage.
WARNING: Reservoir calculated an outlet velocity over max velocity, and therefore set the outlet velocity to max velocity.
WARNING: Reservoir calculated a storage above the maximum storage.
WARNING: Reservoir calculated an outlet velocity over max velocity, and therefore set the outlet velocity to max velocity.
WARNING: Reservoir calculated a storage above the maximum storage.
WARNING: Reservoir calculated an outlet velocity over max velocity, and therefore set the outlet velocity to max velocity.
WARNING: Reservoir calculated a storage above the maximum storage.
WARNING: Reservoir calculated an outlet velocity over max velocity, and therefore set the outlet velocity to max velocity.
WARNING: Reservoir calculated a storage above the maximum storage.
WARNING: Reservoir calculated an outlet velocity over max velocity, and therefore set the outlet velocity to max velocity.
WARNING: Reservoir calculated a storage above the maximum storage.
WARNING: Reservoir calculated an outlet velocity over max velocity, and therefore set the outlet velocity to max velocity.
WARNING: Reservoir calculated a storage above the maximum storage.
WARNING: Reservoir calculated an outlet velocity over max velocity, and therefore set the outlet velocity to max velocity.
WARNING: Reservoir calculated a storage above the maximum storage.
WARNING: Reservoir calculated an outlet velocity over max velocity, and therefore set the outlet velocity to max velocity.
WARNING: Reservoir calculated a storage above the maximum storage.
WARNING: Reservoir calculated an outlet velocity over max velocity, and therefore set the outlet velocity to max velocity.
WARNING: Reservoir calculated a storage above the maximum storage.
WARNING: Reservoir calculated an outlet velocity over max velocity, and therefore set the outlet velocity to max velocity.
WARNING: Reservoir calculated a storage above the maximum storage.
WARNING: Reservoir calculated an outlet velocity over max velocity, and therefore set the outlet velocity to max velocity.
WARNING: Reservoir calculated a storage above the maximum storage.
WARNING: Reservoir calculated an outlet velocity over max velocity, and therefore set the outlet velocity to max velocity.
WARNING: Reservoir calculated a storage above the maximum storage.
WARNING: Reservoir calculated an outlet velocity over max velocity, and therefore set the outlet velocity to max velocity.
WARNING: Reservoir calculated a storage above the maximum storage.
WARNING: Reservoir calculated an outlet velocity over max velocity, and therefore set the outlet velocity to max velocity.
WARNING: Reservoir calculated a storage above the maximum storage.
WARNING: Reservoir calculated an outlet velocity over max velocity, and therefore set the outlet velocity to max velocity.
WARNING: Reservoir calculated a storage above the maximum storage.
WARNING: Reservoir calculated an outlet velocity over max velocity, and therefore set the outlet velocity to max velocity.
WARNING: Reservoir calculated a storage above the maximum storage.
WARNING: Reservoir calculated an outlet velocity over max velocity, and therefore set the outlet velocity to max velocity.
WARNING: Reservoir calculated a storage above the maximum storage.
WARNING: Reservoir calculated an outlet velocity over max velocity, and therefore set the outlet velocity to max velocity.
WARNING: Reservoir calculated a storage above the maximum storage.
WARNING: Reservoir calculated an outlet velocity over max velocity, and therefore set the outlet velocity to max velocity.
WARNING: Reservoir calculated a storage above the maximum storage.
WARNING: Reservoir calculated an outlet velocity over max velocity, and therefore set the outlet velocity to max velocity.
WARNING: Reservoir calculated a storage above the maximum storage.
WARNING: Reservoir calculated an outlet velocity over max velocity, and therefore set the outlet velocity to max velocity.
WARNING: Reservoir calculated a storage above the maximum storage.
WARNING: Reservoir calculated an outlet velocity over max velocity, and therefore set the outlet velocity to max velocity.
WARNING: Reservoir calculated a storage above the maximum storage.
WARNING: Reservoir calculated an outlet velocity over max velocity, and therefore set the outlet velocity to max velocity.
WARNING: Reservoir calculated a storage above the maximum storage.
WARNING: Reservoir calculated an outlet velocity over max velocity, and therefore set the outlet velocity to max velocity.
WARNING: Reservoir calculated a storage above the maximum storage.
WARNING: Reservoir calculated an outlet velocity over max velocity, and therefore set the outlet velocity to max velocity.
WARNING: Reservoir calculated a storage above the maximum storage.
WARNING: Reservoir calculated an outlet velocity over max velocity, and therefore set the outlet velocity to max velocity.
WARNING: Reservoir calculated a storage above the maximum storage.
WARNING: Reservoir calculated an outlet velocity over max velocity, and therefore set the outlet velocity to max velocity.
WARNING: Reservoir calculated a storage above the maximum storage.
WARNING: Reservoir calculated an outlet velocity over max velocity, and therefore set the outlet velocity to max velocity.
WARNING: Reservoir calculated a storage above the maximum storage.
WARNING: Reservoir calculated an outlet velocity over max velocity, and therefore set the outlet velocity to max velocity.
WARNING: Reservoir calculated a storage above the maximum storage.
WARNING: Reservoir calculated an outlet velocity over max velocity, and therefore set the outlet velocity to max velocity.
WARNING: Reservoir calculated a storage above the maximum storage.
WARNING: Reservoir calculated an outlet velocity over max velocity, and therefore set the outlet velocity to max velocity.
WARNING: Reservoir calculated a storage above the maximum storage.
WARNING: Reservoir calculated an outlet velocity over max velocity, and therefore set the outlet velocity to max velocity.
WARNING: Reservoir calculated a storage above the maximum storage.
WARNING: Reservoir calculated an outlet velocity over max velocity, and therefore set the outlet velocity to max velocity.
WARNING: Reservoir calculated a storage above the maximum storage.
WARNING: Reservoir calculated an outlet velocity over max velocity, and therefore set the outlet velocity to max velocity.
WARNING: Reservoir calculated a storage above the maximum storage.
WARNING: Reservoir calculated an outlet velocity over max velocity, and therefore set the outlet velocity to max velocity.
WARNING: Reservoir calculated a storage above the maximum storage.
WARNING: Reservoir calculated an outlet velocity over max velocity, and therefore set the outlet velocity to max velocity.
WARNING: Reservoir calculated a storage above the maximum storage.
WARNING: Reservoir calculated an outlet velocity over max velocity, and therefore set the outlet velocity to max velocity.
WARNING: Reservoir calculated a storage above the maximum storage.
WARNING: Reservoir calculated an outlet velocity over max velocity, and therefore set the outlet velocity to max velocity.
WARNING: Reservoir calculated a storage above the maximum storage.
WARNING: Reservoir calculated an outlet velocity over max velocity, and therefore set the outlet velocity to max velocity.
WARNING: Reservoir calculated a storage above the maximum storage.
WARNING: Reservoir calculated an outlet velocity over max velocity, and therefore set the outlet velocity to max velocity.
WARNING: Reservoir calculated a storage above the maximum storage.
WARNING: Reservoir calculated an outlet velocity over max velocity, and therefore set the outlet velocity to max velocity.
WARNING: Reservoir calculated a storage above the maximum storage.
WARNING: Reservoir calculated an outlet velocity over max velocity, and therefore set the outlet velocity to max velocity.
WARNING: Reservoir calculated a storage above the maximum storage.
WARNING: Reservoir calculated an outlet velocity over max velocity, and therefore set the outlet velocity to max velocity.
WARNING: Reservoir calculated a storage above the maximum storage.
WARNING: Reservoir calculated an outlet velocity over max velocity, and therefore set the outlet velocity to max velocity.
WARNING: Reservoir calculated a storage above the maximum storage.
WARNING: Reservoir calculated an outlet velocity over max velocity, and therefore set the outlet velocity to max velocity.
WARNING: Reservoir calculated a storage above the maximum storage.
WARNING: Reservoir calculated an outlet velocity over max velocity, and therefore set the outlet velocity to max velocity.
WARNING: Reservoir calculated a storage above the maximum storage.
WARNING: Reservoir calculated an outlet velocity over max velocity, and therefore set the outlet velocity to max velocity.
WARNING: Reservoir calculated a storage above the maximum storage.
WARNING: Reservoir calculated an outlet velocity over max velocity, and therefore set the outlet velocity to max velocity.
WARNING: Reservoir calculated a storage above the maximum storage.
WARNING: Reservoir calculated an outlet velocity over max velocity, and therefore set the outlet velocity to max velocity.
WARNING: Reservoir calculated a storage above the maximum storage.
WARNING: Reservoir calculated an outlet velocity over max velocity, and therefore set the outlet velocity to max velocity.
WARNING: Reservoir calculated a storage above the maximum storage.
WARNING: Reservoir calculated an outlet velocity over max velocity, and therefore set the outlet velocity to max velocity.
WARNING: Reservoir calculated a storage above the maximum storage.
WARNING: Reservoir calculated an outlet velocity over max velocity, and therefore set the outlet velocity to max velocity.
WARNING: Reservoir calculated a storage above the maximum storage.
WARNING: Reservoir calculated an outlet velocity over max velocity, and therefore set the outlet velocity to max velocity.
WARNING: Reservoir calculated a storage above the maximum storage.
WARNING: Reservoir calculated an outlet velocity over max velocity, and therefore set the outlet velocity to max velocity.
WARNING: Reservoir calculated a storage above the maximum storage.
WARNING: Reservoir calculated an outlet velocity over max velocity, and therefore set the outlet velocity to max velocity.
WARNING: Reservoir calculated a storage above the maximum storage.
WARNING: Reservoir calculated an outlet velocity over max velocity, and therefore set the outlet velocity to max velocity.
WARNING: Reservoir calculated a storage above the maximum storage.
WARNING: Reservoir calculated an outlet velocity over max velocity, and therefore set the outlet velocity to max velocity.
WARNING: Reservoir calculated a storage above the maximum storage.
WARNING: Reservoir calculated an outlet velocity over max velocity, and therefore set the outlet velocity to max velocity.
WARNING: Reservoir calculated a storage above the maximum storage.
WARNING: Reservoir calculated an outlet velocity over max velocity, and therefore set the outlet velocity to max velocity.
WARNING: Reservoir calculated a storage above the maximum storage.
WARNING: Reservoir calculated an outlet velocity over max velocity, and therefore set the outlet velocity to max velocity.
WARNING: Reservoir calculated a storage above the maximum storage.
WARNING: Reservoir calculated an outlet velocity over max velocity, and therefore set the outlet velocity to max velocity.
WARNING: Reservoir calculated a storage above the maximum storage.
WARNING: Reservoir calculated an outlet velocity over max velocity, and therefore set the outlet velocity to max velocity.
WARNING: Reservoir calculated a storage above the maximum storage.
WARNING: Reservoir calculated an outlet velocity over max velocity, and therefore set the outlet velocity to max velocity.
WARNING: Reservoir calculated a storage above the maximum storage.
WARNING: Reservoir calculated an outlet velocity over max velocity, and therefore set the outlet velocity to max velocity.
WARNING: Reservoir calculated a storage above the maximum storage.
WARNING: Reservoir calculated an outlet velocity over max velocity, and therefore set the outlet velocity to max velocity.
WARNING: Reservoir calculated a storage above the maximum storage.
WARNING: Reservoir calculated an outlet velocity over max velocity, and therefore set the outlet velocity to max velocity.
WARNING: Reservoir calculated a storage above the maximum storage.
WARNING: Reservoir calculated an outlet velocity over max velocity, and therefore set the outlet velocity to max velocity.
WARNING: Reservoir calculated a storage above the maximum storage.
WARNING: Reservoir calculated an outlet velocity over max velocity, and therefore set the outlet velocity to max velocity.
WARNING: Reservoir calculated a storage above the maximum storage.
WARNING: Reservoir calculated an outlet velocity over max velocity, and therefore set the outlet velocity to max velocity.
WARNING: Reservoir calculated a storage above the maximum storage.
WARNING: Reservoir calculated an outlet velocity over max velocity, and therefore set the outlet velocity to max velocity.
WARNING: Reservoir calculated a storage above the maximum storage.
WARNING: Reservoir calculated an outlet velocity over max velocity, and therefore set the outlet velocity to max velocity.
WARNING: Reservoir calculated a storage above the maximum storage.
WARNING: Reservoir calculated an outlet velocity over max velocity, and therefore set the outlet velocity to max velocity.
WARNING: Reservoir calculated a storage above the maximum storage.
WARNING: Reservoir calculated an outlet velocity over max velocity, and therefore set the outlet velocity to max velocity.
WARNING: Reservoir calculated a storage above the maximum storage.
WARNING: Reservoir calculated an outlet velocity over max velocity, and therefore set the outlet velocity to max velocity.
WARNING: Reservoir calculated a storage above the maximum storage.
WARNING: Reservoir calculated an outlet velocity over max velocity, and therefore set the outlet velocity to max velocity.
WARNING: Reservoir calculated a storage above the maximum storage.
WARNING: Reservoir calculated an outlet velocity over max velocity, and therefore set the outlet velocity to max velocity.
WARNING: Reservoir calculated a storage above the maximum storage.
WARNING: Reservoir calculated an outlet velocity over max velocity, and therefore set the outlet velocity to max velocity.
WARNING: Reservoir calculated a storage above the maximum storage.
WARNING: Reservoir calculated an outlet velocity over max velocity, and therefore set the outlet velocity to max velocity.
WARNING: Reservoir calculated a storage above the maximum storage.
WARNING: Reservoir calculated an outlet velocity over max velocity, and therefore set the outlet velocity to max velocity.
WARNING: Reservoir calculated a storage above the maximum storage.
WARNING: Reservoir calculated an outlet velocity over max velocity, and therefore set the outlet velocity to max velocity.
WARNING: Reservoir calculated a storage above the maximum storage.
WARNING: Reservoir calculated an outlet velocity over max velocity, and therefore set the outlet velocity to max velocity.
WARNING: Reservoir calculated a storage above the maximum storage.
WARNING: Reservoir calculated an outlet velocity over max velocity, and therefore set the outlet velocity to max velocity.
WARNING: Reservoir calculated a storage above the maximum storage.
WARNING: Reservoir calculated an outlet velocity over max velocity, and therefore set the outlet velocity to max velocity.
WARNING: Reservoir calculated a storage above the maximum storage.
WARNING: Reservoir calculated an outlet velocity over max velocity, and therefore set the outlet velocity to max velocity.
WARNING: Reservoir calculated a storage above the maximum storage.
WARNING: Reservoir calculated an outlet velocity over max velocity, and therefore set the outlet velocity to max velocity.
WARNING: Reservoir calculated a storage above the maximum storage.
WARNING: Reservoir calculated an outlet velocity over max velocity, and therefore set the outlet velocity to max velocity.
WARNING: Reservoir calculated a storage above the maximum storage.
WARNING: Reservoir calculated an outlet velocity over max velocity, and therefore set the outlet velocity to max velocity.
WARNING: Reservoir calculated a storage above the maximum storage.
WARNING: Reservoir calculated an outlet velocity over max velocity, and therefore set the outlet velocity to max velocity.
WARNING: Reservoir calculated a storage above the maximum storage.
WARNING: Reservoir calculated an outlet velocity over max velocity, and therefore set the outlet velocity to max velocity.
WARNING: Reservoir calculated a storage above the maximum storage.
WARNING: Reservoir calculated an outlet velocity over max velocity, and therefore set the outlet velocity to max velocity.
WARNING: Reservoir calculated a storage above the maximum storage.
WARNING: Reservoir calculated an outlet velocity over max velocity, and therefore set the outlet velocity to max velocity.
WARNING: Reservoir calculated a storage above the maximum storage.
WARNING: Reservoir calculated an outlet velocity over max velocity, and therefore set the outlet velocity to max velocity.
WARNING: Reservoir calculated a storage above the maximum storage.
WARNING: Reservoir calculated an outlet velocity over max velocity, and therefore set the outlet velocity to max velocity.
WARNING: Reservoir calculated a storage above the maximum storage.
WARNING: Reservoir calculated an outlet velocity over max velocity, and therefore set the outlet velocity to max velocity.
WARNING: Reservoir calculated a storage above the maximum storage.
WARNING: Reservoir calculated an outlet velocity over max velocity, and therefore set the outlet velocity to max velocity.
WARNING: Reservoir calculated a storage above the maximum storage.
WARNING: Reservoir calculated an outlet velocity over max velocity, and therefore set the outlet velocity to max velocity.
WARNING: Reservoir calculated a storage above the maximum storage.
WARNING: Reservoir calculated an outlet velocity over max velocity, and therefore set the outlet velocity to max velocity.
WARNING: Reservoir calculated a storage above the maximum storage.
WARNING: Reservoir calculated an outlet velocity over max velocity, and therefore set the outlet velocity to max velocity.
WARNING: Reservoir calculated a storage above the maximum storage.
WARNING: Reservoir calculated an outlet velocity over max velocity, and therefore set the outlet velocity to max velocity.
WARNING: Reservoir calculated a storage above the maximum storage.
WARNING: Reservoir calculated an outlet velocity over max velocity, and therefore set the outlet velocity to max velocity.
WARNING: Reservoir calculated a storage above the maximum storage.
WARNING: Reservoir calculated an outlet velocity over max velocity, and therefore set the outlet velocity to max velocity.
WARNING: Reservoir calculated a storage above the maximum storage.
WARNING: Reservoir calculated an outlet velocity over max velocity, and therefore set the outlet velocity to max velocity.
WARNING: Reservoir calculated a storage above the maximum storage.
WARNING: Reservoir calculated an outlet velocity over max velocity, and therefore set the outlet velocity to max velocity.
WARNING: Reservoir calculated a storage above the maximum storage.
WARNING: Reservoir calculated an outlet velocity over max velocity, and therefore set the outlet velocity to max velocity.
WARNING: Reservoir calculated a storage above the maximum storage.
WARNING: Reservoir calculated an outlet velocity over max velocity, and therefore set the outlet velocity to max velocity.
WARNING: Reservoir calculated a storage above the maximum storage.
WARNING: Reservoir calculated an outlet velocity over max velocity, and therefore set the outlet velocity to max velocity.
WARNING: Reservoir calculated a storage above the maximum storage.
WARNING: Reservoir calculated an outlet velocity over max velocity, and therefore set the outlet velocity to max velocity.
WARNING: Reservoir calculated a storage above the maximum storage.
WARNING: Reservoir calculated an outlet velocity over max velocity, and therefore set the outlet velocity to max velocity.
WARNING: Reservoir calculated a storage above the maximum storage.
WARNING: Reservoir calculated an outlet velocity over max velocity, and therefore set the outlet velocity to max velocity.
WARNING: Reservoir calculated a storage above the maximum storage.
WARNING: Reservoir calculated an outlet velocity over max velocity, and therefore set the outlet velocity to max velocity.
WARNING: Reservoir calculated a storage above the maximum storage.
WARNING: Reservoir calculated an outlet velocity over max velocity, and therefore set the outlet velocity to max velocity.
WARNING: Reservoir calculated a storage above the maximum storage.
WARNING: Reservoir calculated an outlet velocity over max velocity, and therefore set the outlet velocity to max velocity.
WARNING: Reservoir calculated a storage above the maximum storage.
WARNING: Reservoir calculated an outlet velocity over max velocity, and therefore set the outlet velocity to max velocity.
WARNING: Reservoir calculated a storage above the maximum storage.
WARNING: Reservoir calculated an outlet velocity over max velocity, and therefore set the outlet velocity to max velocity.
WARNING: Reservoir calculated a storage above the maximum storage.
WARNING: Reservoir calculated an outlet velocity over max velocity, and therefore set the outlet velocity to max velocity.
WARNING: Reservoir calculated a storage above the maximum storage.
WARNING: Reservoir calculated an outlet velocity over max velocity, and therefore set the outlet velocity to max velocity.
WARNING: Reservoir calculated a storage above the maximum storage.
WARNING: Reservoir calculated an outlet velocity over max velocity, and therefore set the outlet velocity to max velocity.
WARNING: Reservoir calculated a storage above the maximum storage.
WARNING: Reservoir calculated an outlet velocity over max velocity, and therefore set the outlet velocity to max velocity.
WARNING: Reservoir calculated a storage above the maximum storage.
WARNING: Reservoir calculated an outlet velocity over max velocity, and therefore set the outlet velocity to max velocity.
WARNING: Reservoir calculated a storage above the maximum storage.
WARNING: Reservoir calculated an outlet velocity over max velocity, and therefore set the outlet velocity to max velocity.
WARNING: Reservoir calculated a storage above the maximum storage.
WARNING: Reservoir calculated an outlet velocity over max velocity, and therefore set the outlet velocity to max velocity.
WARNING: Reservoir calculated a storage above the maximum storage.
WARNING: Reservoir calculated an outlet velocity over max velocity, and therefore set the outlet velocity to max velocity.
WARNING: Reservoir calculated a storage above the maximum storage.
WARNING: Reservoir calculated an outlet velocity over max velocity, and therefore set the outlet velocity to max velocity.
WARNING: Reservoir calculated a storage above the maximum storage.
WARNING: Reservoir calculated an outlet velocity over max velocity, and therefore set the outlet velocity to max velocity.
WARNING: Reservoir calculated a storage above the maximum storage.
WARNING: Reservoir calculated an outlet velocity over max velocity, and therefore set the outlet velocity to max velocity.
WARNING: Reservoir calculated a storage above the maximum storage.
WARNING: Reservoir calculated an outlet velocity over max velocity, and therefore set the outlet velocity to max velocity.
WARNING: Reservoir calculated a storage above the maximum storage.
WARNING: Reservoir calculated an outlet velocity over max velocity, and therefore set the outlet velocity to max velocity.
WARNING: Reservoir calculated a storage above the maximum storage.
WARNING: Reservoir calculated an outlet velocity over max velocity, and therefore set the outlet velocity to max velocity.
WARNING: Reservoir calculated a storage above the maximum storage.
WARNING: Reservoir calculated an outlet velocity over max velocity, and therefore set the outlet velocity to max velocity.
WARNING: Reservoir calculated a storage above the maximum storage.
WARNING: Reservoir calculated an outlet velocity over max velocity, and therefore set the outlet velocity to max velocity.
WARNING: Reservoir calculated a storage above the maximum storage.
WARNING: Reservoir calculated an outlet velocity over max velocity, and therefore set the outlet velocity to max velocity.
WARNING: Reservoir calculated a storage above the maximum storage.
WARNING: Reservoir calculated an outlet velocity over max velocity, and therefore set the outlet velocity to max velocity.
WARNING: Reservoir calculated a storage above the maximum storage.
WARNING: Reservoir calculated an outlet velocity over max velocity, and therefore set the outlet velocity to max velocity.
WARNING: Reservoir calculated a storage above the maximum storage.
WARNING: Reservoir calculated an outlet velocity over max velocity, and therefore set the outlet velocity to max velocity.
WARNING: Reservoir calculated a storage above the maximum storage.
WARNING: Reservoir calculated an outlet velocity over max velocity, and therefore set the outlet velocity to max velocity.
WARNING: Reservoir calculated a storage above the maximum storage.
WARNING: Reservoir calculated an outlet velocity over max velocity, and therefore set the outlet velocity to max velocity.
WARNING: Reservoir calculated a storage above the maximum storage.
WARNING: Reservoir calculated an outlet velocity over max velocity, and therefore set the outlet velocity to max velocity.
WARNING: Reservoir calculated a storage above the maximum storage.
WARNING: Reservoir calculated an outlet velocity over max velocity, and therefore set the outlet velocity to max velocity.
WARNING: Reservoir calculated a storage above the maximum storage.
WARNING: Reservoir calculated an outlet velocity over max velocity, and therefore set the outlet velocity to max velocity.
WARNING: Reservoir calculated a storage above the maximum storage.
WARNING: Reservoir calculated an outlet velocity over max velocity, and therefore set the outlet velocity to max velocity.
WARNING: Reservoir calculated a storage above the maximum storage.
WARNING: Reservoir calculated an outlet velocity over max velocity, and therefore set the outlet velocity to max velocity.
WARNING: Reservoir calculated a storage above the maximum storage.
WARNING: Reservoir calculated an outlet velocity over max velocity, and therefore set the outlet velocity to max velocity.
WARNING: Reservoir calculated a storage above the maximum storage.
WARNING: Reservoir calculated an outlet velocity over max velocity, and therefore set the outlet velocity to max velocity.
WARNING: Reservoir calculated a storage above the maximum storage.
WARNING: Reservoir calculated an outlet velocity over max velocity, and therefore set the outlet velocity to max velocity.
WARNING: Reservoir calculated a storage above the maximum storage.
WARNING: Reservoir calculated an outlet velocity over max velocity, and therefore set the outlet velocity to max velocity.
WARNING: Reservoir calculated a storage above the maximum storage.
WARNING: Reservoir calculated an outlet velocity over max velocity, and therefore set the outlet velocity to max velocity.
WARNING: Reservoir calculated a storage above the maximum storage.
WARNING: Reservoir calculated an outlet velocity over max velocity, and therefore set the outlet velocity to max velocity.
WARNING: Reservoir calculated a storage above the maximum storage.
WARNING: Reservoir calculated an outlet velocity over max velocity, and therefore set the outlet velocity to max velocity.
WARNING: Reservoir calculated a storage above the maximum storage.
WARNING: Reservoir calculated an outlet velocity over max velocity, and therefore set the outlet velocity to max velocity.
WARNING: Reservoir calculated a storage above the maximum storage.
WARNING: Reservoir calculated an outlet velocity over max velocity, and therefore set the outlet velocity to max velocity.
WARNING: Reservoir calculated a storage above the maximum storage.
WARNING: Reservoir calculated an outlet velocity over max velocity, and therefore set the outlet velocity to max velocity.
WARNING: Reservoir calculated a storage above the maximum storage.
WARNING: Reservoir calculated an outlet velocity over max velocity, and therefore set the outlet velocity to max velocity.
WARNING: Reservoir calculated a storage above the maximum storage.
WARNING: Reservoir calculated an outlet velocity over max velocity, and therefore set the outlet velocity to max velocity.
WARNING: Reservoir calculated a storage above the maximum storage.
WARNING: Reservoir calculated an outlet velocity over max velocity, and therefore set the outlet velocity to max velocity.
WARNING: Reservoir calculated a storage above the maximum storage.
WARNING: Reservoir calculated an outlet velocity over max velocity, and therefore set the outlet velocity to max velocity.
WARNING: Reservoir calculated a storage above the maximum storage.
WARNING: Reservoir calculated an outlet velocity over max velocity, and therefore set the outlet velocity to max velocity.
WARNING: Reservoir calculated a storage above the maximum storage.
WARNING: Reservoir calculated an outlet velocity over max velocity, and therefore set the outlet velocity to max velocity.
WARNING: Reservoir calculated a storage above the maximum storage.
WARNING: Reservoir calculated an outlet velocity over max velocity, and therefore set the outlet velocity to max velocity.
WARNING: Reservoir calculated a storage above the maximum storage.
WARNING: Reservoir calculated an outlet velocity over max velocity, and therefore set the outlet velocity to max velocity.
WARNING: Reservoir calculated a storage above the maximum storage.
WARNING: Reservoir calculated an outlet velocity over max velocity, and therefore set the outlet velocity to max velocity.
WARNING: Reservoir calculated a storage above the maximum storage.
WARNING: Reservoir calculated an outlet velocity over max velocity, and therefore set the outlet velocity to max velocity.
WARNING: Reservoir calculated a storage above the maximum storage.
WARNING: Reservoir calculated an outlet velocity over max velocity, and therefore set the outlet velocity to max velocity.
WARNING: Reservoir calculated a storage above the maximum storage.
WARNING: Reservoir calculated an outlet velocity over max velocity, and therefore set the outlet velocity to max velocity.
WARNING: Reservoir calculated a storage above the maximum storage.
WARNING: Reservoir calculated an outlet velocity over max velocity, and therefore set the outlet velocity to max velocity.
WARNING: Reservoir calculated a storage above the maximum storage.
WARNING: Reservoir calculated an outlet velocity over max velocity, and therefore set the outlet velocity to max velocity.
WARNING: Reservoir calculated a storage above the maximum storage.
WARNING: Reservoir calculated an outlet velocity over max velocity, and therefore set the outlet velocity to max velocity.
WARNING: Reservoir calculated a storage above the maximum storage.
WARNING: Reservoir calculated an outlet velocity over max velocity, and therefore set the outlet velocity to max velocity.
WARNING: Reservoir calculated a storage above the maximum storage.
WARNING: Reservoir calculated an outlet velocity over max velocity, and therefore set the outlet velocity to max velocity.
WARNING: Reservoir calculated a storage above the maximum storage.
WARNING: Reservoir calculated an outlet velocity over max velocity, and therefore set the outlet velocity to max velocity.
WARNING: Reservoir calculated a storage above the maximum storage.
WARNING: Reservoir calculated an outlet velocity over max velocity, and therefore set the outlet velocity to max velocity.
WARNING: Reservoir calculated a storage above the maximum storage.
WARNING: Reservoir calculated an outlet velocity over max velocity, and therefore set the outlet velocity to max velocity.
WARNING: Reservoir calculated a storage above the maximum storage.
WARNING: Reservoir calculated an outlet velocity over max velocity, and therefore set the outlet velocity to max velocity.
WARNING: Reservoir calculated a storage above the maximum storage.
WARNING: Reservoir calculated an outlet velocity over max velocity, and therefore set the outlet velocity to max velocity.
WARNING: Reservoir calculated a storage above the maximum storage.
WARNING: Reservoir calculated an outlet velocity over max velocity, and therefore set the outlet velocity to max velocity.
WARNING: Reservoir calculated a storage above the maximum storage.
WARNING: Reservoir calculated an outlet velocity over max velocity, and therefore set the outlet velocity to max velocity.
WARNING: Reservoir calculated a storage above the maximum storage.
WARNING: Reservoir calculated an outlet velocity over max velocity, and therefore set the outlet velocity to max velocity.
WARNING: Reservoir calculated a storage above the maximum storage.
WARNING: Reservoir calculated an outlet velocity over max velocity, and therefore set the outlet velocity to max velocity.
WARNING: Reservoir calculated a storage above the maximum storage.
WARNING: Reservoir calculated an outlet velocity over max velocity, and therefore set the outlet velocity to max velocity.
WARNING: Reservoir calculated a storage above the maximum storage.
WARNING: Reservoir calculated an outlet velocity over max velocity, and therefore set the outlet velocity to max velocity.
WARNING: Reservoir calculated a storage above the maximum storage.
WARNING: Reservoir calculated an outlet velocity over max velocity, and therefore set the outlet velocity to max velocity.
WARNING: Reservoir calculated a storage above the maximum storage.
WARNING: Reservoir calculated an outlet velocity over max velocity, and therefore set the outlet velocity to max velocity.
WARNING: Reservoir calculated a storage above the maximum storage.
WARNING: Reservoir calculated an outlet velocity over max velocity, and therefore set the outlet velocity to max velocity.
WARNING: Reservoir calculated a storage above the maximum storage.
WARNING: Reservoir calculated an outlet velocity over max velocity, and therefore set the outlet velocity to max velocity.
WARNING: Reservoir calculated a storage above the maximum storage.
WARNING: Reservoir calculated an outlet velocity over max velocity, and therefore set the outlet velocity to max velocity.
WARNING: Reservoir calculated a storage above the maximum storage.
WARNING: Reservoir calculated an outlet velocity over max velocity, and therefore set the outlet velocity to max velocity.
WARNING: Reservoir calculated a storage above the maximum storage.
WARNING: Reservoir calculated an outlet velocity over max velocity, and therefore set the outlet velocity to max velocity.
WARNING: Reservoir calculated a storage above the maximum storage.
WARNING: Reservoir calculated an outlet velocity over max velocity, and therefore set the outlet velocity to max velocity.
WARNING: Reservoir calculated a storage above the maximum storage.
WARNING: Reservoir calculated an outlet velocity over max velocity, and therefore set the outlet velocity to max velocity.
WARNING: Reservoir calculated a storage above the maximum storage.
WARNING: Reservoir calculated an outlet velocity over max velocity, and therefore set the outlet velocity to max velocity.
WARNING: Reservoir calculated a storage above the maximum storage.
WARNING: Reservoir calculated an outlet velocity over max velocity, and therefore set the outlet velocity to max velocity.
WARNING: Reservoir calculated a storage above the maximum storage.
WARNING: Reservoir calculated an outlet velocity over max velocity, and therefore set the outlet velocity to max velocity.
WARNING: Reservoir calculated a storage above the maximum storage.
WARNING: Reservoir calculated an outlet velocity over max velocity, and therefore set the outlet velocity to max velocity.
WARNING: Reservoir calculated a storage above the maximum storage.
WARNING: Reservoir calculated an outlet velocity over max velocity, and therefore set the outlet velocity to max velocity.
WARNING: Reservoir calculated a storage above the maximum storage.
WARNING: Reservoir calculated an outlet velocity over max velocity, and therefore set the outlet velocity to max velocity.
WARNING: Reservoir calculated a storage above the maximum storage.
WARNING: Reservoir calculated an outlet velocity over max velocity, and therefore set the outlet velocity to max velocity.
WARNING: Reservoir calculated a storage above the maximum storage.
WARNING: Reservoir calculated an outlet velocity over max velocity, and therefore set the outlet velocity to max velocity.
WARNING: Reservoir calculated a storage above the maximum storage.
WARNING: Reservoir calculated an outlet velocity over max velocity, and therefore set the outlet velocity to max velocity.
WARNING: Reservoir calculated a storage above the maximum storage.
WARNING: Reservoir calculated an outlet velocity over max velocity, and therefore set the outlet velocity to max velocity.
WARNING: Reservoir calculated a storage above the maximum storage.
WARNING: Reservoir calculated an outlet velocity over max velocity, and therefore set the outlet velocity to max velocity.
WARNING: Reservoir calculated a storage above the maximum storage.
WARNING: Reservoir calculated an outlet velocity over max velocity, and therefore set the outlet velocity to max velocity.
WARNING: Reservoir calculated a storage above the maximum storage.
WARNING: Reservoir calculated an outlet velocity over max velocity, and therefore set the outlet velocity to max velocity.
WARNING: Reservoir calculated a storage above the maximum storage.
WARNING: Reservoir calculated an outlet velocity over max velocity, and therefore set the outlet velocity to max velocity.
WARNING: Reservoir calculated a storage above the maximum storage.
WARNING: Reservoir calculated an outlet velocity over max velocity, and therefore set the outlet velocity to max velocity.
WARNING: Reservoir calculated a storage above the maximum storage.
WARNING: Reservoir calculated an outlet velocity over max velocity, and therefore set the outlet velocity to max velocity.
WARNING: Reservoir calculated a storage above the maximum storage.
WARNING: Reservoir calculated an outlet velocity over max velocity, and therefore set the outlet velocity to max velocity.
WARNING: Reservoir calculated a storage above the maximum storage.
WARNING: Reservoir calculated an outlet velocity over max velocity, and therefore set the outlet velocity to max velocity.
WARNING: Reservoir calculated a storage above the maximum storage.
WARNING: Reservoir calculated an outlet velocity over max velocity, and therefore set the outlet velocity to max velocity.
WARNING: Reservoir calculated a storage above the maximum storage.
WARNING: Reservoir calculated an outlet velocity over max velocity, and therefore set the outlet velocity to max velocity.
WARNING: Reservoir calculated a storage above the maximum storage.
WARNING: Reservoir calculated an outlet velocity over max velocity, and therefore set the outlet velocity to max velocity.
WARNING: Reservoir calculated a storage above the maximum storage.
WARNING: Reservoir calculated an outlet velocity over max velocity, and therefore set the outlet velocity to max velocity.
WARNING: Reservoir calculated a storage above the maximum storage.
WARNING: Reservoir calculated an outlet velocity over max velocity, and therefore set the outlet velocity to max velocity.
WARNING: Reservoir calculated a storage above the maximum storage.
WARNING: Reservoir calculated an outlet velocity over max velocity, and therefore set the outlet velocity to max velocity.
WARNING: Reservoir calculated a storage above the maximum storage.
WARNING: Reservoir calculated an outlet velocity over max velocity, and therefore set the outlet velocity to max velocity.
WARNING: Reservoir calculated a storage above the maximum storage.
WARNING: Reservoir calculated an outlet velocity over max velocity, and therefore set the outlet velocity to max velocity.
WARNING: Reservoir calculated a storage above the maximum storage.
WARNING: Reservoir calculated an outlet velocity over max velocity, and therefore set the outlet velocity to max velocity.
WARNING: Reservoir calculated a storage above the maximum storage.
WARNING: Reservoir calculated an outlet velocity over max velocity, and therefore set the outlet velocity to max velocity.
WARNING: Reservoir calculated a storage above the maximum storage.
WARNING: Reservoir calculated an outlet velocity over max velocity, and therefore set the outlet velocity to max velocity.
WARNING: Reservoir calculated a storage above the maximum storage.
WARNING: Reservoir calculated an outlet velocity over max velocity, and therefore set the outlet velocity to max velocity.
WARNING: Reservoir calculated a storage above the maximum storage.
WARNING: Reservoir calculated an outlet velocity over max velocity, and therefore set the outlet velocity to max velocity.
WARNING: Reservoir calculated a storage above the maximum storage.
WARNING: Reservoir calculated an outlet velocity over max velocity, and therefore set the outlet velocity to max velocity.
WARNING: Reservoir calculated a storage above the maximum storage.
WARNING: Reservoir calculated an outlet velocity over max velocity, and therefore set the outlet velocity to max velocity.
WARNING: Reservoir calculated a storage above the maximum storage.
WARNING: Reservoir calculated an outlet velocity over max velocity, and therefore set the outlet velocity to max velocity.
WARNING: Reservoir calculated a storage above the maximum storage.
WARNING: Reservoir calculated an outlet velocity over max velocity, and therefore set the outlet velocity to max velocity.
WARNING: Reservoir calculated a storage above the maximum storage.
WARNING: Reservoir calculated an outlet velocity over max velocity, and therefore set the outlet velocity to max velocity.
WARNING: Reservoir calculated a storage above the maximum storage.
WARNING: Reservoir calculated an outlet velocity over max velocity, and therefore set the outlet velocity to max velocity.
WARNING: Reservoir calculated a storage above the maximum storage.
WARNING: Reservoir calculated an outlet velocity over max velocity, and therefore set the outlet velocity to max velocity.
WARNING: Reservoir calculated a storage above the maximum storage.
WARNING: Reservoir calculated an outlet velocity over max velocity, and therefore set the outlet velocity to max velocity.
WARNING: Reservoir calculated a storage above the maximum storage.
WARNING: Reservoir calculated an outlet velocity over max velocity, and therefore set the outlet velocity to max velocity.
WARNING: Reservoir calculated a storage above the maximum storage.
WARNING: Reservoir calculated an outlet velocity over max velocity, and therefore set the outlet velocity to max velocity.
WARNING: Reservoir calculated a storage above the maximum storage.
WARNING: Reservoir calculated an outlet velocity over max velocity, and therefore set the outlet velocity to max velocity.
WARNING: Reservoir calculated a storage above the maximum storage.
WARNING: Reservoir calculated an outlet velocity over max velocity, and therefore set the outlet velocity to max velocity.
WARNING: Reservoir calculated a storage above the maximum storage.
WARNING: Reservoir calculated an outlet velocity over max velocity, and therefore set the outlet velocity to max velocity.
WARNING: Reservoir calculated a storage above the maximum storage.
WARNING: Reservoir calculated an outlet velocity over max velocity, and therefore set the outlet velocity to max velocity.
WARNING: Reservoir calculated a storage above the maximum storage.
WARNING: Reservoir calculated an outlet velocity over max velocity, and therefore set the outlet velocity to max velocity.
WARNING: Reservoir calculated a storage above the maximum storage.
WARNING: Reservoir calculated an outlet velocity over max velocity, and therefore set the outlet velocity to max velocity.
WARNING: Reservoir calculated a storage above the maximum storage.
WARNING: Reservoir calculated an outlet velocity over max velocity, and therefore set the outlet velocity to max velocity.
WARNING: Reservoir calculated a storage above the maximum storage.
WARNING: Reservoir calculated an outlet velocity over max velocity, and therefore set the outlet velocity to max velocity.
WARNING: Reservoir calculated a storage above the maximum storage.
WARNING: Reservoir calculated an outlet velocity over max velocity, and therefore set the outlet velocity to max velocity.
WARNING: Reservoir calculated a storage above the maximum storage.
WARNING: Reservoir calculated an outlet velocity over max velocity, and therefore set the outlet velocity to max velocity.
WARNING: Reservoir calculated a storage above the maximum storage.
WARNING: Reservoir calculated an outlet velocity over max velocity, and therefore set the outlet velocity to max velocity.
WARNING: Reservoir calculated a storage above the maximum storage.
WARNING: Reservoir calculated an outlet velocity over max velocity, and therefore set the outlet velocity to max velocity.
WARNING: Reservoir calculated a storage above the maximum storage.
WARNING: Reservoir calculated an outlet velocity over max velocity, and therefore set the outlet velocity to max velocity.
WARNING: Reservoir calculated a storage above the maximum storage.
WARNING: Reservoir calculated an outlet velocity over max velocity, and therefore set the outlet velocity to max velocity.
WARNING: Reservoir calculated a storage above the maximum storage.
WARNING: Reservoir calculated an outlet velocity over max velocity, and therefore set the outlet velocity to max velocity.
WARNING: Reservoir calculated a storage above the maximum storage.
WARNING: Reservoir calculated an outlet velocity over max velocity, and therefore set the outlet velocity to max velocity.
WARNING: Reservoir calculated a storage above the maximum storage.
WARNING: Reservoir calculated an outlet velocity over max velocity, and therefore set the outlet velocity to max velocity.
WARNING: Reservoir calculated a storage above the maximum storage.
WARNING: Reservoir calculated an outlet velocity over max velocity, and therefore set the outlet velocity to max velocity.
WARNING: Reservoir calculated a storage above the maximum storage.
WARNING: Reservoir calculated an outlet velocity over max velocity, and therefore set the outlet velocity to max velocity.
WARNING: Reservoir calculated a storage above the maximum storage.
WARNING: Reservoir calculated an outlet velocity over max velocity, and therefore set the outlet velocity to max velocity.
WARNING: Reservoir calculated a storage above the maximum storage.
WARNING: Reservoir calculated an outlet velocity over max velocity, and therefore set the outlet velocity to max velocity.
WARNING: Reservoir calculated a storage above the maximum storage.
WARNING: Reservoir calculated an outlet velocity over max velocity, and therefore set the outlet velocity to max velocity.
WARNING: Reservoir calculated a storage above the maximum storage.
WARNING: Reservoir calculated an outlet velocity over max velocity, and therefore set the outlet velocity to max velocity.
WARNING: Reservoir calculated a storage above the maximum storage.
WARNING: Reservoir calculated an outlet velocity over max velocity, and therefore set the outlet velocity to max velocity.
WARNING: Reservoir calculated a storage above the maximum storage.
WARNING: Reservoir calculated an outlet velocity over max velocity, and therefore set the outlet velocity to max velocity.
WARNING: Reservoir calculated a storage above the maximum storage.
WARNING: Reservoir calculated an outlet velocity over max velocity, and therefore set the outlet velocity to max velocity.
WARNING: Reservoir calculated a storage above the maximum storage.
WARNING: Reservoir calculated an outlet velocity over max velocity, and therefore set the outlet velocity to max velocity.
WARNING: Reservoir calculated a storage above the maximum storage.
WARNING: Reservoir calculated an outlet velocity over max velocity, and therefore set the outlet velocity to max velocity.
WARNING: Reservoir calculated a storage above the maximum storage.
WARNING: Reservoir calculated an outlet velocity over max velocity, and therefore set the outlet velocity to max velocity.
WARNING: Reservoir calculated a storage above the maximum storage.
WARNING: Reservoir calculated an outlet velocity over max velocity, and therefore set the outlet velocity to max velocity.
WARNING: Reservoir calculated a storage above the maximum storage.
WARNING: Reservoir calculated an outlet velocity over max velocity, and therefore set the outlet velocity to max velocity.
WARNING: Reservoir calculated a storage above the maximum storage.
WARNING: Reservoir calculated an outlet velocity over max velocity, and therefore set the outlet velocity to max velocity.
WARNING: Reservoir calculated a storage above the maximum storage.
WARNING: Reservoir calculated an outlet velocity over max velocity, and therefore set the outlet velocity to max velocity.
WARNING: Reservoir calculated a storage above the maximum storage.
WARNING: Reservoir calculated an outlet velocity over max velocity, and therefore set the outlet velocity to max velocity.
WARNING: Reservoir calculated a storage above the maximum storage.
WARNING: Reservoir calculated an outlet velocity over max velocity, and therefore set the outlet velocity to max velocity.
WARNING: Reservoir calculated a storage above the maximum storage.
WARNING: Reservoir calculated an outlet velocity over max velocity, and therefore set the outlet velocity to max velocity.
WARNING: Reservoir calculated a storage above the maximum storage.
WARNING: Reservoir calculated an outlet velocity over max velocity, and therefore set the outlet velocity to max velocity.
WARNING: Reservoir calculated a storage above the maximum storage.
WARNING: Reservoir calculated an outlet velocity over max velocity, and therefore set the outlet velocity to max velocity.
WARNING: Reservoir calculated a storage above the maximum storage.
WARNING: Reservoir calculated an outlet velocity over max velocity, and therefore set the outlet velocity to max velocity.
WARNING: Reservoir calculated a storage above the maximum storage.
WARNING: Reservoir calculated an outlet velocity over max velocity, and therefore set the outlet velocity to max velocity.
WARNING: Reservoir calculated a storage above the maximum storage.
WARNING: Reservoir calculated an outlet velocity over max velocity, and therefore set the outlet velocity to max velocity.
WARNING: Reservoir calculated a storage above the maximum storage.
WARNING: Reservoir calculated an outlet velocity over max velocity, and therefore set the outlet velocity to max velocity.
WARNING: Reservoir calculated a storage above the maximum storage.
WARNING: Reservoir calculated an outlet velocity over max velocity, and therefore set the outlet velocity to max velocity.
WARNING: Reservoir calculated a storage above the maximum storage.
WARNING: Reservoir calculated an outlet velocity over max velocity, and therefore set the outlet velocity to max velocity.
WARNING: Reservoir calculated a storage above the maximum storage.
WARNING: Reservoir calculated an outlet velocity over max velocity, and therefore set the outlet velocity to max velocity.
WARNING: Reservoir calculated a storage above the maximum storage.
WARNING: Reservoir calculated an outlet velocity over max velocity, and therefore set the outlet velocity to max velocity.
WARNING: Reservoir calculated a storage above the maximum storage.
WARNING: Reservoir calculated an outlet velocity over max velocity, and therefore set the outlet velocity to max velocity.
WARNING: Reservoir calculated a storage above the maximum storage.
WARNING: Reservoir calculated an outlet velocity over max velocity, and therefore set the outlet velocity to max velocity.
WARNING: Reservoir calculated a storage above the maximum storage.
WARNING: Reservoir calculated an outlet velocity over max velocity, and therefore set the outlet velocity to max velocity.
WARNING: Reservoir calculated a storage above the maximum storage.
WARNING: Reservoir calculated an outlet velocity over max velocity, and therefore set the outlet velocity to max velocity.
WARNING: Reservoir calculated a storage above the maximum storage.
WARNING: Reservoir calculated an outlet velocity over max velocity, and therefore set the outlet velocity to max velocity.
WARNING: Reservoir calculated a storage above the maximum storage.
WARNING: Reservoir calculated an outlet velocity over max velocity, and therefore set the outlet velocity to max velocity.
WARNING: Reservoir calculated a storage above the maximum storage.
WARNING: Reservoir calculated an outlet velocity over max velocity, and therefore set the outlet velocity to max velocity.
WARNING: Reservoir calculated a storage above the maximum storage.
WARNING: Reservoir calculated an outlet velocity over max velocity, and therefore set the outlet velocity to max velocity.
WARNING: Reservoir calculated a storage above the maximum storage.
WARNING: Reservoir calculated an outlet velocity over max velocity, and therefore set the outlet velocity to max velocity.
WARNING: Reservoir calculated a storage above the maximum storage.
WARNING: Reservoir calculated an outlet velocity over max velocity, and therefore set the outlet velocity to max velocity.
WARNING: Reservoir calculated a storage above the maximum storage.
WARNING: Reservoir calculated an outlet velocity over max velocity, and therefore set the outlet velocity to max velocity.
WARNING: Reservoir calculated a storage above the maximum storage.
WARNING: Reservoir calculated an outlet velocity over max velocity, and therefore set the outlet velocity to max velocity.
WARNING: Reservoir calculated a storage above the maximum storage.
WARNING: Reservoir calculated an outlet velocity over max velocity, and therefore set the outlet velocity to max velocity.
WARNING: Reservoir calculated a storage above the maximum storage.
WARNING: Reservoir calculated an outlet velocity over max velocity, and therefore set the outlet velocity to max velocity.
WARNING: Reservoir calculated a storage above the maximum storage.
WARNING: Reservoir calculated an outlet velocity over max velocity, and therefore set the outlet velocity to max velocity.
WARNING: Reservoir calculated a storage above the maximum storage.
WARNING: Reservoir calculated an outlet velocity over max velocity, and therefore set the outlet velocity to max velocity.
WARNING: Reservoir calculated a storage above the maximum storage.
WARNING: Reservoir calculated an outlet velocity over max velocity, and therefore set the outlet velocity to max velocity.
WARNING: Reservoir calculated a storage above the maximum storage.
WARNING: Reservoir calculated an outlet velocity over max velocity, and therefore set the outlet velocity to max velocity.
WARNING: Reservoir calculated a storage above the maximum storage.
WARNING: Reservoir calculated an outlet velocity over max velocity, and therefore set the outlet velocity to max velocity.
WARNING: Reservoir calculated a storage above the maximum storage.
WARNING: Reservoir calculated an outlet velocity over max velocity, and therefore set the outlet velocity to max velocity.
WARNING: Reservoir calculated a storage above the maximum storage.
WARNING: Reservoir calculated an outlet velocity over max velocity, and therefore set the outlet velocity to max velocity.
WARNING: Reservoir calculated a storage above the maximum storage.
WARNING: Reservoir calculated an outlet velocity over max velocity, and therefore set the outlet velocity to max velocity.
WARNING: Reservoir calculated a storage above the maximum storage.
WARNING: Reservoir calculated an outlet velocity over max velocity, and therefore set the outlet velocity to max velocity.
WARNING: Reservoir calculated a storage above the maximum storage.
WARNING: Reservoir calculated an outlet velocity over max velocity, and therefore set the outlet velocity to max velocity.
WARNING: Reservoir calculated a storage above the maximum storage.
WARNING: Reservoir calculated an outlet velocity over max velocity, and therefore set the outlet velocity to max velocity.
WARNING: Reservoir calculated a storage above the maximum storage.
WARNING: Reservoir calculated an outlet velocity over max velocity, and therefore set the outlet velocity to max velocity.
WARNING: Reservoir calculated a storage above the maximum storage.
WARNING: Reservoir calculated an outlet velocity over max velocity, and therefore set the outlet velocity to max velocity.
WARNING: Reservoir calculated a storage above the maximum storage.
WARNING: Reservoir calculated an outlet velocity over max velocity, and therefore set the outlet velocity to max velocity.
WARNING: Reservoir calculated a storage above the maximum storage.
WARNING: Reservoir calculated an outlet velocity over max velocity, and therefore set the outlet velocity to max velocity.
WARNING: Reservoir calculated a storage above the maximum storage.
WARNING: Reservoir calculated an outlet velocity over max velocity, and therefore set the outlet velocity to max velocity.
WARNING: Reservoir calculated a storage above the maximum storage.
WARNING: Reservoir calculated an outlet velocity over max velocity, and therefore set the outlet velocity to max velocity.
WARNING: Reservoir calculated a storage above the maximum storage.
WARNING: Reservoir calculated an outlet velocity over max velocity, and therefore set the outlet velocity to max velocity.
WARNING: Reservoir calculated a storage above the maximum storage.
WARNING: Reservoir calculated an outlet velocity over max velocity, and therefore set the outlet velocity to max velocity.
WARNING: Reservoir calculated a storage above the maximum storage.
WARNING: Reservoir calculated an outlet velocity over max velocity, and therefore set the outlet velocity to max velocity.
WARNING: Reservoir calculated a storage above the maximum storage.
WARNING: Reservoir calculated an outlet velocity over max velocity, and therefore set the outlet velocity to max velocity.
WARNING: Reservoir calculated a storage above the maximum storage.
WARNING: Reservoir calculated an outlet velocity over max velocity, and therefore set the outlet velocity to max velocity.
WARNING: Reservoir calculated a storage above the maximum storage.
WARNING: Reservoir calculated an outlet velocity over max velocity, and therefore set the outlet velocity to max velocity.
WARNING: Reservoir calculated a storage above the maximum storage.
WARNING: Reservoir calculated an outlet velocity over max velocity, and therefore set the outlet velocity to max velocity.
WARNING: Reservoir calculated a storage above the maximum storage.
WARNING: Reservoir calculated an outlet velocity over max velocity, and therefore set the outlet velocity to max velocity.
WARNING: Reservoir calculated a storage above the maximum storage.
WARNING: Reservoir calculated an outlet velocity over max velocity, and therefore set the outlet velocity to max velocity.
WARNING: Reservoir calculated a storage above the maximum storage.
WARNING: Reservoir calculated an outlet velocity over max velocity, and therefore set the outlet velocity to max velocity.
WARNING: Reservoir calculated a storage above the maximum storage.
WARNING: Reservoir calculated an outlet velocity over max velocity, and therefore set the outlet velocity to max velocity.
WARNING: Reservoir calculated a storage above the maximum storage.
WARNING: Reservoir calculated an outlet velocity over max velocity, and therefore set the outlet velocity to max velocity.
WARNING: Reservoir calculated a storage above the maximum storage.
WARNING: Reservoir calculated an outlet velocity over max velocity, and therefore set the outlet velocity to max velocity.
WARNING: Reservoir calculated a storage above the maximum storage.
WARNING: Reservoir calculated an outlet velocity over max velocity, and therefore set the outlet velocity to max velocity.
WARNING: Reservoir calculated a storage above the maximum storage.
WARNING: Reservoir calculated an outlet velocity over max velocity, and therefore set the outlet velocity to max velocity.
WARNING: Reservoir calculated a storage above the maximum storage.
WARNING: Reservoir calculated an outlet velocity over max velocity, and therefore set the outlet velocity to max velocity.
WARNING: Reservoir calculated a storage above the maximum storage.
WARNING: Reservoir calculated an outlet velocity over max velocity, and therefore set the outlet velocity to max velocity.
WARNING: Reservoir calculated a storage above the maximum storage.
WARNING: Reservoir calculated an outlet velocity over max velocity, and therefore set the outlet velocity to max velocity.
WARNING: Reservoir calculated a storage above the maximum storage.
WARNING: Reservoir calculated an outlet velocity over max velocity, and therefore set the outlet velocity to max velocity.
WARNING: Reservoir calculated a storage above the maximum storage.
WARNING: Reservoir calculated an outlet velocity over max velocity, and therefore set the outlet velocity to max velocity.
WARNING: Reservoir calculated a storage above the maximum storage.
WARNING: Reservoir calculated an outlet velocity over max velocity, and therefore set the outlet velocity to max velocity.
WARNING: Reservoir calculated a storage above the maximum storage.
WARNING: Reservoir calculated an outlet velocity over max velocity, and therefore set the outlet velocity to max velocity.
WARNING: Reservoir calculated a storage above the maximum storage.
WARNING: Reservoir calculated an outlet velocity over max velocity, and therefore set the outlet velocity to max velocity.
WARNING: Reservoir calculated a storage above the maximum storage.
WARNING: Reservoir calculated an outlet velocity over max velocity, and therefore set the outlet velocity to max velocity.
WARNING: Reservoir calculated a storage above the maximum storage.
WARNING: Reservoir calculated an outlet velocity over max velocity, and therefore set the outlet velocity to max velocity.
WARNING: Reservoir calculated a storage above the maximum storage.
WARNING: Reservoir calculated an outlet velocity over max velocity, and therefore set the outlet velocity to max velocity.
WARNING: Reservoir calculated a storage above the maximum storage.
WARNING: Reservoir calculated an outlet velocity over max velocity, and therefore set the outlet velocity to max velocity.
WARNING: Reservoir calculated a storage above the maximum storage.
WARNING: Reservoir calculated an outlet velocity over max velocity, and therefore set the outlet velocity to max velocity.
WARNING: Reservoir calculated a storage above the maximum storage.
WARNING: Reservoir calculated an outlet velocity over max velocity, and therefore set the outlet velocity to max velocity.
WARNING: Reservoir calculated a storage above the maximum storage.
WARNING: Reservoir calculated an outlet velocity over max velocity, and therefore set the outlet velocity to max velocity.
WARNING: Reservoir calculated a storage above the maximum storage.
WARNING: Reservoir calculated an outlet velocity over max velocity, and therefore set the outlet velocity to max velocity.
WARNING: Reservoir calculated a storage above the maximum storage.
WARNING: Reservoir calculated an outlet velocity over max velocity, and therefore set the outlet velocity to max velocity.
WARNING: Reservoir calculated a storage above the maximum storage.
WARNING: Reservoir calculated an outlet velocity over max velocity, and therefore set the outlet velocity to max velocity.
WARNING: Reservoir calculated a storage above the maximum storage.
WARNING: Reservoir calculated an outlet velocity over max velocity, and therefore set the outlet velocity to max velocity.
WARNING: Reservoir calculated a storage above the maximum storage.
WARNING: Reservoir calculated an outlet velocity over max velocity, and therefore set the outlet velocity to max velocity.
WARNING: Reservoir calculated a storage above the maximum storage.
WARNING: Reservoir calculated an outlet velocity over max velocity, and therefore set the outlet velocity to max velocity.
WARNING: Reservoir calculated a storage above the maximum storage.
WARNING: Reservoir calculated an outlet velocity over max velocity, and therefore set the outlet velocity to max velocity.
WARNING: Reservoir calculated a storage above the maximum storage.
WARNING: Reservoir calculated an outlet velocity over max velocity, and therefore set the outlet velocity to max velocity.
WARNING: Reservoir calculated a storage above the maximum storage.
WARNING: Reservoir calculated an outlet velocity over max velocity, and therefore set the outlet velocity to max velocity.
WARNING: Reservoir calculated a storage above the maximum storage.
WARNING: Reservoir calculated an outlet velocity over max velocity, and therefore set the outlet velocity to max velocity.
WARNING: Reservoir calculated a storage above the maximum storage.
WARNING: Reservoir calculated an outlet velocity over max velocity, and therefore set the outlet velocity to max velocity.
WARNING: Reservoir calculated a storage above the maximum storage.
WARNING: Reservoir calculated an outlet velocity over max velocity, and therefore set the outlet velocity to max velocity.
WARNING: Reservoir calculated a storage above the maximum storage.
WARNING: Reservoir calculated an outlet velocity over max velocity, and therefore set the outlet velocity to max velocity.
WARNING: Reservoir calculated a storage above the maximum storage.
WARNING: Reservoir calculated an outlet velocity over max velocity, and therefore set the outlet velocity to max velocity.
WARNING: Reservoir calculated a storage above the maximum storage.
WARNING: Reservoir calculated an outlet velocity over max velocity, and therefore set the outlet velocity to max velocity.
WARNING: Reservoir calculated a storage above the maximum storage.
WARNING: Reservoir calculated an outlet velocity over max velocity, and therefore set the outlet velocity to max velocity.
WARNING: Reservoir calculated a storage above the maximum storage.
WARNING: Reservoir calculated an outlet velocity over max velocity, and therefore set the outlet velocity to max velocity.
WARNING: Reservoir calculated a storage above the maximum storage.
WARNING: Reservoir calculated an outlet velocity over max velocity, and therefore set the outlet velocity to max velocity.
WARNING: Reservoir calculated a storage above the maximum storage.
WARNING: Reservoir calculated an outlet velocity over max velocity, and therefore set the outlet velocity to max velocity.
WARNING: Reservoir calculated a storage above the maximum storage.
WARNING: Reservoir calculated an outlet velocity over max velocity, and therefore set the outlet velocity to max velocity.
WARNING: Reservoir calculated a storage above the maximum storage.
WARNING: Reservoir calculated an outlet velocity over max velocity, and therefore set the outlet velocity to max velocity.
WARNING: Reservoir calculated a storage above the maximum storage.
WARNING: Reservoir calculated an outlet velocity over max velocity, and therefore set the outlet velocity to max velocity.
WARNING: Reservoir calculated a storage above the maximum storage.
WARNING: Reservoir calculated an outlet velocity over max velocity, and therefore set the outlet velocity to max velocity.
WARNING: Reservoir calculated a storage above the maximum storage.
WARNING: Reservoir calculated an outlet velocity over max velocity, and therefore set the outlet velocity to max velocity.
WARNING: Reservoir calculated a storage above the maximum storage.
WARNING: Reservoir calculated an outlet velocity over max velocity, and therefore set the outlet velocity to max velocity.
WARNING: Reservoir calculated a storage above the maximum storage.
WARNING: Reservoir calculated an outlet velocity over max velocity, and therefore set the outlet velocity to max velocity.
WARNING: Reservoir calculated a storage above the maximum storage.
WARNING: Reservoir calculated an outlet velocity over max velocity, and therefore set the outlet velocity to max velocity.
WARNING: Reservoir calculated a storage above the maximum storage.
WARNING: Reservoir calculated an outlet velocity over max velocity, and therefore set the outlet velocity to max velocity.
WARNING: Reservoir calculated a storage above the maximum storage.
WARNING: Reservoir calculated an outlet velocity over max velocity, and therefore set the outlet velocity to max velocity.
WARNING: Reservoir calculated a storage above the maximum storage.
WARNING: Reservoir calculated an outlet velocity over max velocity, and therefore set the outlet velocity to max velocity.
WARNING: Reservoir calculated a storage above the maximum storage.
WARNING: Reservoir calculated an outlet velocity over max velocity, and therefore set the outlet velocity to max velocity.
WARNING: Reservoir calculated a storage above the maximum storage.
WARNING: Reservoir calculated an outlet velocity over max velocity, and therefore set the outlet velocity to max velocity.
WARNING: Reservoir calculated a storage above the maximum storage.
WARNING: Reservoir calculated an outlet velocity over max velocity, and therefore set the outlet velocity to max velocity.
WARNING: Reservoir calculated a storage above the maximum storage.
WARNING: Reservoir calculated an outlet velocity over max velocity, and therefore set the outlet velocity to max velocity.
WARNING: Reservoir calculated a storage above the maximum storage.
WARNING: Reservoir calculated an outlet velocity over max velocity, and therefore set the outlet velocity to max velocity.
WARNING: Reservoir calculated a storage above the maximum storage.
WARNING: Reservoir calculated an outlet velocity over max velocity, and therefore set the outlet velocity to max velocity.
WARNING: Reservoir calculated a storage above the maximum storage.
WARNING: Reservoir calculated an outlet velocity over max velocity, and therefore set the outlet velocity to max velocity.
WARNING: Reservoir calculated a storage above the maximum storage.
WARNING: Reservoir calculated an outlet velocity over max velocity, and therefore set the outlet velocity to max velocity.
WARNING: Reservoir calculated a storage above the maximum storage.
WARNING: Reservoir calculated an outlet velocity over max velocity, and therefore set the outlet velocity to max velocity.
WARNING: Reservoir calculated a storage above the maximum storage.
WARNING: Reservoir calculated an outlet velocity over max velocity, and therefore set the outlet velocity to max velocity.
WARNING: Reservoir calculated a storage above the maximum storage.
WARNING: Reservoir calculated an outlet velocity over max velocity, and therefore set the outlet velocity to max velocity.
WARNING: Reservoir calculated a storage above the maximum storage.
WARNING: Reservoir calculated an outlet velocity over max velocity, and therefore set the outlet velocity to max velocity.
WARNING: Reservoir calculated a storage above the maximum storage.
WARNING: Reservoir calculated an outlet velocity over max velocity, and therefore set the outlet velocity to max velocity.
WARNING: Reservoir calculated a storage above the maximum storage.
WARNING: Reservoir calculated an outlet velocity over max velocity, and therefore set the outlet velocity to max velocity.
WARNING: Reservoir calculated a storage above the maximum storage.
WARNING: Reservoir calculated an outlet velocity over max velocity, and therefore set the outlet velocity to max velocity.
WARNING: Reservoir calculated a storage above the maximum storage.
WARNING: Reservoir calculated an outlet velocity over max velocity, and therefore set the outlet velocity to max velocity.
WARNING: Reservoir calculated a storage above the maximum storage.
WARNING: Reservoir calculated an outlet velocity over max velocity, and therefore set the outlet velocity to max velocity.
WARNING: Reservoir calculated a storage above the maximum storage.
WARNING: Reservoir calculated an outlet velocity over max velocity, and therefore set the outlet velocity to max velocity.
WARNING: Reservoir calculated a storage above the maximum storage.
WARNING: Reservoir calculated an outlet velocity over max velocity, and therefore set the outlet velocity to max velocity.
WARNING: Reservoir calculated a storage above the maximum storage.
WARNING: Reservoir calculated an outlet velocity over max velocity, and therefore set the outlet velocity to max velocity.
WARNING: Reservoir calculated a storage above the maximum storage.
WARNING: Reservoir calculated an outlet velocity over max velocity, and therefore set the outlet velocity to max velocity.
WARNING: Reservoir calculated a storage above the maximum storage.
WARNING: Reservoir calculated an outlet velocity over max velocity, and therefore set the outlet velocity to max velocity.
WARNING: Reservoir calculated a storage above the maximum storage.
WARNING: Reservoir calculated an outlet velocity over max velocity, and therefore set the outlet velocity to max velocity.
WARNING: Reservoir calculated a storage above the maximum storage.
WARNING: Reservoir calculated an outlet velocity over max velocity, and therefore set the outlet velocity to max velocity.
WARNING: Reservoir calculated a storage above the maximum storage.
WARNING: Reservoir calculated an outlet velocity over max velocity, and therefore set the outlet velocity to max velocity.
WARNING: Reservoir calculated a storage above the maximum storage.
WARNING: Reservoir calculated an outlet velocity over max velocity, and therefore set the outlet velocity to max velocity.
WARNING: Reservoir calculated a storage above the maximum storage.
WARNING: Reservoir calculated an outlet velocity over max velocity, and therefore set the outlet velocity to max velocity.
WARNING: Reservoir calculated a storage above the maximum storage.
WARNING: Reservoir calculated an outlet velocity over max velocity, and therefore set the outlet velocity to max velocity.
WARNING: Reservoir calculated a storage above the maximum storage.
WARNING: Reservoir calculated an outlet velocity over max velocity, and therefore set the outlet velocity to max velocity.
WARNING: Reservoir calculated a storage above the maximum storage.
WARNING: Reservoir calculated an outlet velocity over max velocity, and therefore set the outlet velocity to max velocity.
WARNING: Reservoir calculated a storage above the maximum storage.
WARNING: Reservoir calculated an outlet velocity over max velocity, and therefore set the outlet velocity to max velocity.
WARNING: Reservoir calculated a storage above the maximum storage.
WARNING: Reservoir calculated an outlet velocity over max velocity, and therefore set the outlet velocity to max velocity.
WARNING: Reservoir calculated a storage above the maximum storage.
WARNING: Reservoir calculated an outlet velocity over max velocity, and therefore set the outlet velocity to max velocity.
WARNING: Reservoir calculated a storage above the maximum storage.
WARNING: Reservoir calculated an outlet velocity over max velocity, and therefore set the outlet velocity to max velocity.
WARNING: Reservoir calculated a storage above the maximum storage.
WARNING: Reservoir calculated an outlet velocity over max velocity, and therefore set the outlet velocity to max velocity.
WARNING: Reservoir calculated a storage above the maximum storage.
WARNING: Reservoir calculated an outlet velocity over max velocity, and therefore set the outlet velocity to max velocity.
WARNING: Reservoir calculated a storage above the maximum storage.
WARNING: Reservoir calculated an outlet velocity over max velocity, and therefore set the outlet velocity to max velocity.
WARNING: Reservoir calculated a storage above the maximum storage.
WARNING: Reservoir calculated an outlet velocity over max velocity, and therefore set the outlet velocity to max velocity.
WARNING: Reservoir calculated a storage above the maximum storage.
WARNING: Reservoir calculated an outlet velocity over max velocity, and therefore set the outlet velocity to max velocity.
WARNING: Reservoir calculated a storage above the maximum storage.
WARNING: Reservoir calculated an outlet velocity over max velocity, and therefore set the outlet velocity to max velocity.
WARNING: Reservoir calculated a storage above the maximum storage.
WARNING: Reservoir calculated an outlet velocity over max velocity, and therefore set the outlet velocity to max velocity.
WARNING: Reservoir calculated a storage above the maximum storage.
WARNING: Reservoir calculated an outlet velocity over max velocity, and therefore set the outlet velocity to max velocity.
WARNING: Reservoir calculated a storage above the maximum storage.
WARNING: Reservoir calculated an outlet velocity over max velocity, and therefore set the outlet velocity to max velocity.
WARNING: Reservoir calculated a storage above the maximum storage.
WARNING: Reservoir calculated an outlet velocity over max velocity, and therefore set the outlet velocity to max velocity.
WARNING: Reservoir calculated a storage above the maximum storage.
WARNING: Reservoir calculated an outlet velocity over max velocity, and therefore set the outlet velocity to max velocity.
WARNING: Reservoir calculated a storage above the maximum storage.
WARNING: Reservoir calculated an outlet velocity over max velocity, and therefore set the outlet velocity to max velocity.
WARNING: Reservoir calculated a storage above the maximum storage.
WARNING: Reservoir calculated an outlet velocity over max velocity, and therefore set the outlet velocity to max velocity.
WARNING: Reservoir calculated a storage above the maximum storage.
WARNING: Reservoir calculated an outlet velocity over max velocity, and therefore set the outlet velocity to max velocity.
WARNING: Reservoir calculated a storage above the maximum storage.
WARNING: Reservoir calculated an outlet velocity over max velocity, and therefore set the outlet velocity to max velocity.
WARNING: Reservoir calculated a storage above the maximum storage.
WARNING: Reservoir calculated an outlet velocity over max velocity, and therefore set the outlet velocity to max velocity.
WARNING: Reservoir calculated a storage above the maximum storage.
WARNING: Reservoir calculated an outlet velocity over max velocity, and therefore set the outlet velocity to max velocity.
WARNING: Reservoir calculated a storage above the maximum storage.
WARNING: Reservoir calculated an outlet velocity over max velocity, and therefore set the outlet velocity to max velocity.
WARNING: Reservoir calculated a storage above the maximum storage.
WARNING: Reservoir calculated an outlet velocity over max velocity, and therefore set the outlet velocity to max velocity.
WARNING: Reservoir calculated a storage above the maximum storage.
WARNING: Reservoir calculated an outlet velocity over max velocity, and therefore set the outlet velocity to max velocity.
WARNING: Reservoir calculated a storage above the maximum storage.
WARNING: Reservoir calculated an outlet velocity over max velocity, and therefore set the outlet velocity to max velocity.
WARNING: Reservoir calculated a storage above the maximum storage.
WARNING: Reservoir calculated an outlet velocity over max velocity, and therefore set the outlet velocity to max velocity.
WARNING: Reservoir calculated a storage above the maximum storage.
WARNING: Reservoir calculated an outlet velocity over max velocity, and therefore set the outlet velocity to max velocity.
WARNING: Reservoir calculated a storage above the maximum storage.
WARNING: Reservoir calculated an outlet velocity over max velocity, and therefore set the outlet velocity to max velocity.
WARNING: Reservoir calculated a storage above the maximum storage.
WARNING: Reservoir calculated an outlet velocity over max velocity, and therefore set the outlet velocity to max velocity.
WARNING: Reservoir calculated a storage above the maximum storage.
WARNING: Reservoir calculated an outlet velocity over max velocity, and therefore set the outlet velocity to max velocity.
WARNING: Reservoir calculated a storage above the maximum storage.
WARNING: Reservoir calculated an outlet velocity over max velocity, and therefore set the outlet velocity to max velocity.
WARNING: Reservoir calculated a storage above the maximum storage.
WARNING: Reservoir calculated an outlet velocity over max velocity, and therefore set the outlet velocity to max velocity.
WARNING: Reservoir calculated a storage above the maximum storage.
WARNING: Reservoir calculated an outlet velocity over max velocity, and therefore set the outlet velocity to max velocity.
WARNING: Reservoir calculated a storage above the maximum storage.
WARNING: Reservoir calculated an outlet velocity over max velocity, and therefore set the outlet velocity to max velocity.
WARNING: Reservoir calculated a storage above the maximum storage.
WARNING: Reservoir calculated an outlet velocity over max velocity, and therefore set the outlet velocity to max velocity.
WARNING: Reservoir calculated a storage above the maximum storage.
WARNING: Reservoir calculated an outlet velocity over max velocity, and therefore set the outlet velocity to max velocity.
WARNING: Reservoir calculated a storage above the maximum storage.
WARNING: Reservoir calculated an outlet velocity over max velocity, and therefore set the outlet velocity to max velocity.
WARNING: Reservoir calculated a storage above the maximum storage.
WARNING: Reservoir calculated an outlet velocity over max velocity, and therefore set the outlet velocity to max velocity.
WARNING: Reservoir calculated a storage above the maximum storage.
WARNING: Reservoir calculated an outlet velocity over max velocity, and therefore set the outlet velocity to max velocity.
WARNING: Reservoir calculated a storage above the maximum storage.
WARNING: Reservoir calculated an outlet velocity over max velocity, and therefore set the outlet velocity to max velocity.
WARNING: Reservoir calculated a storage above the maximum storage.
WARNING: Reservoir calculated an outlet velocity over max velocity, and therefore set the outlet velocity to max velocity.
WARNING: Reservoir calculated a storage above the maximum storage.
WARNING: Reservoir calculated an outlet velocity over max velocity, and therefore set the outlet velocity to max velocity.
WARNING: Reservoir calculated a storage above the maximum storage.
WARNING: Reservoir calculated an outlet velocity over max velocity, and therefore set the outlet velocity to max velocity.
WARNING: Reservoir calculated a storage above the maximum storage.
WARNING: Reservoir calculated an outlet velocity over max velocity, and therefore set the outlet velocity to max velocity.
WARNING: Reservoir calculated a storage above the maximum storage.
WARNING: Reservoir calculated an outlet velocity over max velocity, and therefore set the outlet velocity to max velocity.
WARNING: Reservoir calculated a storage above the maximum storage.
WARNING: Reservoir calculated an outlet velocity over max velocity, and therefore set the outlet velocity to max velocity.
WARNING: Reservoir calculated a storage above the maximum storage.
WARNING: Reservoir calculated an outlet velocity over max velocity, and therefore set the outlet velocity to max velocity.
WARNING: Reservoir calculated a storage above the maximum storage.
WARNING: Reservoir calculated an outlet velocity over max velocity, and therefore set the outlet velocity to max velocity.
WARNING: Reservoir calculated a storage above the maximum storage.
WARNING: Reservoir calculated an outlet velocity over max velocity, and therefore set the outlet velocity to max velocity.
WARNING: Reservoir calculated a storage above the maximum storage.
WARNING: Reservoir calculated an outlet velocity over max velocity, and therefore set the outlet velocity to max velocity.
WARNING: Reservoir calculated a storage above the maximum storage.
WARNING: Reservoir calculated an outlet velocity over max velocity, and therefore set the outlet velocity to max velocity.
WARNING: Reservoir calculated a storage above the maximum storage.
WARNING: Reservoir calculated an outlet velocity over max velocity, and therefore set the outlet velocity to max velocity.
WARNING: Reservoir calculated a storage above the maximum storage.
WARNING: Reservoir calculated an outlet velocity over max velocity, and therefore set the outlet velocity to max velocity.
WARNING: Reservoir calculated a storage above the maximum storage.
WARNING: Reservoir calculated an outlet velocity over max velocity, and therefore set the outlet velocity to max velocity.
WARNING: Reservoir calculated a storage above the maximum storage.
WARNING: Reservoir calculated an outlet velocity over max velocity, and therefore set the outlet velocity to max velocity.
WARNING: Reservoir calculated a storage above the maximum storage.
WARNING: Reservoir calculated an outlet velocity over max velocity, and therefore set the outlet velocity to max velocity.
WARNING: Reservoir calculated a storage above the maximum storage.
WARNING: Reservoir calculated an outlet velocity over max velocity, and therefore set the outlet velocity to max velocity.
WARNING: Reservoir calculated a storage above the maximum storage.
WARNING: Reservoir calculated an outlet velocity over max velocity, and therefore set the outlet velocity to max velocity.
WARNING: Reservoir calculated a storage above the maximum storage.
WARNING: Reservoir calculated an outlet velocity over max velocity, and therefore set the outlet velocity to max velocity.
WARNING: Reservoir calculated a storage above the maximum storage.
WARNING: Reservoir calculated an outlet velocity over max velocity, and therefore set the outlet velocity to max velocity.
WARNING: Reservoir calculated a storage above the maximum storage.
WARNING: Reservoir calculated an outlet velocity over max velocity, and therefore set the outlet velocity to max velocity.
WARNING: Reservoir calculated a storage above the maximum storage.
WARNING: Reservoir calculated an outlet velocity over max velocity, and therefore set the outlet velocity to max velocity.
WARNING: Reservoir calculated a storage above the maximum storage.
WARNING: Reservoir calculated an outlet velocity over max velocity, and therefore set the outlet velocity to max velocity.
WARNING: Reservoir calculated a storage above the maximum storage.
WARNING: Reservoir calculated an outlet velocity over max velocity, and therefore set the outlet velocity to max velocity.
WARNING: Reservoir calculated a storage above the maximum storage.
WARNING: Reservoir calculated an outlet velocity over max velocity, and therefore set the outlet velocity to max velocity.
WARNING: Reservoir calculated a storage above the maximum storage.
WARNING: Reservoir calculated an outlet velocity over max velocity, and therefore set the outlet velocity to max velocity.
WARNING: Reservoir calculated a storage above the maximum storage.
WARNING: Reservoir calculated an outlet velocity over max velocity, and therefore set the outlet velocity to max velocity.
WARNING: Reservoir calculated a storage above the maximum storage.
WARNING: Reservoir calculated an outlet velocity over max velocity, and therefore set the outlet velocity to max velocity.
WARNING: Reservoir calculated a storage above the maximum storage.
WARNING: Reservoir calculated an outlet velocity over max velocity, and therefore set the outlet velocity to max velocity.
WARNING: Reservoir calculated a storage above the maximum storage.
WARNING: Reservoir calculated an outlet velocity over max velocity, and therefore set the outlet velocity to max velocity.
WARNING: Reservoir calculated a storage above the maximum storage.
WARNING: Reservoir calculated an outlet velocity over max velocity, and therefore set the outlet velocity to max velocity.
WARNING: Reservoir calculated a storage above the maximum storage.
WARNING: Reservoir calculated an outlet velocity over max velocity, and therefore set the outlet velocity to max velocity.
WARNING: Reservoir calculated a storage above the maximum storage.
WARNING: Reservoir calculated an outlet velocity over max velocity, and therefore set the outlet velocity to max velocity.
WARNING: Reservoir calculated a storage above the maximum storage.
WARNING: Reservoir calculated an outlet velocity over max velocity, and therefore set the outlet velocity to max velocity.
WARNING: Reservoir calculated a storage above the maximum storage.
WARNING: Reservoir calculated an outlet velocity over max velocity, and therefore set the outlet velocity to max velocity.
WARNING: Reservoir calculated a storage above the maximum storage.
WARNING: Reservoir calculated an outlet velocity over max velocity, and therefore set the outlet velocity to max velocity.
WARNING: Reservoir calculated a storage above the maximum storage.
WARNING: Reservoir calculated an outlet velocity over max velocity, and therefore set the outlet velocity to max velocity.
WARNING: Reservoir calculated a storage above the maximum storage.
WARNING: Reservoir calculated an outlet velocity over max velocity, and therefore set the outlet velocity to max velocity.
WARNING: Reservoir calculated a storage above the maximum storage.
WARNING: Reservoir calculated an outlet velocity over max velocity, and therefore set the outlet velocity to max velocity.
WARNING: Reservoir calculated a storage above the maximum storage.
WARNING: Reservoir calculated an outlet velocity over max velocity, and therefore set the outlet velocity to max velocity.
WARNING: Reservoir calculated a storage above the maximum storage.
WARNING: Reservoir calculated an outlet velocity over max velocity, and therefore set the outlet velocity to max velocity.
WARNING: Reservoir calculated a storage above the maximum storage.
WARNING: Reservoir calculated an outlet velocity over max velocity, and therefore set the outlet velocity to max velocity.
WARNING: Reservoir calculated a storage above the maximum storage.
WARNING: Reservoir calculated an outlet velocity over max velocity, and therefore set the outlet velocity to max velocity.
WARNING: Reservoir calculated a storage above the maximum storage.
WARNING: Reservoir calculated an outlet velocity over max velocity, and therefore set the outlet velocity to max velocity.
WARNING: Reservoir calculated a storage above the maximum storage.
WARNING: Reservoir calculated an outlet velocity over max velocity, and therefore set the outlet velocity to max velocity.
WARNING: Reservoir calculated a storage above the maximum storage.
WARNING: Reservoir calculated an outlet velocity over max velocity, and therefore set the outlet velocity to max velocity.
WARNING: Reservoir calculated a storage above the maximum storage.
WARNING: Reservoir calculated an outlet velocity over max velocity, and therefore set the outlet velocity to max velocity.
WARNING: Reservoir calculated a storage above the maximum storage.
WARNING: Reservoir calculated an outlet velocity over max velocity, and therefore set the outlet velocity to max velocity.
WARNING: Reservoir calculated a storage above the maximum storage.
WARNING: Reservoir calculated an outlet velocity over max velocity, and therefore set the outlet velocity to max velocity.
WARNING: Reservoir calculated a storage above the maximum storage.
WARNING: Reservoir calculated an outlet velocity over max velocity, and therefore set the outlet velocity to max velocity.
WARNING: Reservoir calculated a storage above the maximum storage.
WARNING: Reservoir calculated an outlet velocity over max velocity, and therefore set the outlet velocity to max velocity.
WARNING: Reservoir calculated a storage above the maximum storage.
WARNING: Reservoir calculated an outlet velocity over max velocity, and therefore set the outlet velocity to max velocity.
WARNING: Reservoir calculated a storage above the maximum storage.
WARNING: Reservoir calculated an outlet velocity over max velocity, and therefore set the outlet velocity to max velocity.
WARNING: Reservoir calculated a storage above the maximum storage.
WARNING: Reservoir calculated an outlet velocity over max velocity, and therefore set the outlet velocity to max velocity.
WARNING: Reservoir calculated a storage above the maximum storage.
WARNING: Reservoir calculated an outlet velocity over max velocity, and therefore set the outlet velocity to max velocity.
WARNING: Reservoir calculated a storage above the maximum storage.
WARNING: Reservoir calculated an outlet velocity over max velocity, and therefore set the outlet velocity to max velocity.
WARNING: Reservoir calculated a storage above the maximum storage.
WARNING: Reservoir calculated an outlet velocity over max velocity, and therefore set the outlet velocity to max velocity.
WARNING: Reservoir calculated a storage above the maximum storage.
WARNING: Reservoir calculated an outlet velocity over max velocity, and therefore set the outlet velocity to max velocity.
WARNING: Reservoir calculated a storage above the maximum storage.
WARNING: Reservoir calculated an outlet velocity over max velocity, and therefore set the outlet velocity to max velocity.
WARNING: Reservoir calculated a storage above the maximum storage.
WARNING: Reservoir calculated an outlet velocity over max velocity, and therefore set the outlet velocity to max velocity.
WARNING: Reservoir calculated a storage above the maximum storage.
WARNING: Reservoir calculated an outlet velocity over max velocity, and therefore set the outlet velocity to max velocity.
WARNING: Reservoir calculated a storage above the maximum storage.
WARNING: Reservoir calculated an outlet velocity over max velocity, and therefore set the outlet velocity to max velocity.
WARNING: Reservoir calculated a storage above the maximum storage.
WARNING: Reservoir calculated an outlet velocity over max velocity, and therefore set the outlet velocity to max velocity.
WARNING: Reservoir calculated a storage above the maximum storage.
WARNING: Reservoir calculated an outlet velocity over max velocity, and therefore set the outlet velocity to max velocity.
WARNING: Reservoir calculated a storage above the maximum storage.
WARNING: Reservoir calculated an outlet velocity over max velocity, and therefore set the outlet velocity to max velocity.
WARNING: Reservoir calculated a storage above the maximum storage.
WARNING: Reservoir calculated an outlet velocity over max velocity, and therefore set the outlet velocity to max velocity.
WARNING: Reservoir calculated a storage above the maximum storage.
WARNING: Reservoir calculated an outlet velocity over max velocity, and therefore set the outlet velocity to max velocity.
WARNING: Reservoir calculated a storage above the maximum storage.
WARNING: Reservoir calculated an outlet velocity over max velocity, and therefore set the outlet velocity to max velocity.
WARNING: Reservoir calculated a storage above the maximum storage.
WARNING: Reservoir calculated an outlet velocity over max velocity, and therefore set the outlet velocity to max velocity.
WARNING: Reservoir calculated a storage above the maximum storage.
WARNING: Reservoir calculated an outlet velocity over max velocity, and therefore set the outlet velocity to max velocity.
WARNING: Reservoir calculated a storage above the maximum storage.
WARNING: Reservoir calculated an outlet velocity over max velocity, and therefore set the outlet velocity to max velocity.
WARNING: Reservoir calculated a storage above the maximum storage.
WARNING: Reservoir calculated an outlet velocity over max velocity, and therefore set the outlet velocity to max velocity.
WARNING: Reservoir calculated a storage above the maximum storage.
WARNING: Reservoir calculated an outlet velocity over max velocity, and therefore set the outlet velocity to max velocity.
WARNING: Reservoir calculated a storage above the maximum storage.
WARNING: Reservoir calculated an outlet velocity over max velocity, and therefore set the outlet velocity to max velocity.
WARNING: Reservoir calculated a storage above the maximum storage.
WARNING: Reservoir calculated an outlet velocity over max velocity, and therefore set the outlet velocity to max velocity.
WARNING: Reservoir calculated a storage above the maximum storage.
WARNING: Reservoir calculated an outlet velocity over max velocity, and therefore set the outlet velocity to max velocity.
WARNING: Reservoir calculated a storage above the maximum storage.
WARNING: Reservoir calculated an outlet velocity over max velocity, and therefore set the outlet velocity to max velocity.
WARNING: Reservoir calculated a storage above the maximum storage.
WARNING: Reservoir calculated an outlet velocity over max velocity, and therefore set the outlet velocity to max velocity.
WARNING: Reservoir calculated a storage above the maximum storage.
WARNING: Reservoir calculated an outlet velocity over max velocity, and therefore set the outlet velocity to max velocity.
WARNING: Reservoir calculated a storage above the maximum storage.
WARNING: Reservoir calculated an outlet velocity over max velocity, and therefore set the outlet velocity to max velocity.
WARNING: Reservoir calculated a storage above the maximum storage.
WARNING: Reservoir calculated an outlet velocity over max velocity, and therefore set the outlet velocity to max velocity.
WARNING: Reservoir calculated a storage above the maximum storage.
WARNING: Reservoir calculated an outlet velocity over max velocity, and therefore set the outlet velocity to max velocity.
WARNING: Reservoir calculated a storage above the maximum storage.
WARNING: Reservoir calculated an outlet velocity over max velocity, and therefore set the outlet velocity to max velocity.
WARNING: Reservoir calculated a storage above the maximum storage.
WARNING: Reservoir calculated an outlet velocity over max velocity, and therefore set the outlet velocity to max velocity.
WARNING: Reservoir calculated a storage above the maximum storage.
WARNING: Reservoir calculated an outlet velocity over max velocity, and therefore set the outlet velocity to max velocity.
WARNING: Reservoir calculated a storage above the maximum storage.
WARNING: Reservoir calculated an outlet velocity over max velocity, and therefore set the outlet velocity to max velocity.
WARNING: Reservoir calculated a storage above the maximum storage.
WARNING: Reservoir calculated an outlet velocity over max velocity, and therefore set the outlet velocity to max velocity.
WARNING: Reservoir calculated a storage above the maximum storage.
WARNING: Reservoir calculated an outlet velocity over max velocity, and therefore set the outlet velocity to max velocity.
WARNING: Reservoir calculated a storage above the maximum storage.
WARNING: Reservoir calculated an outlet velocity over max velocity, and therefore set the outlet velocity to max velocity.
WARNING: Reservoir calculated a storage above the maximum storage.
WARNING: Reservoir calculated an outlet velocity over max velocity, and therefore set the outlet velocity to max velocity.
WARNING: Reservoir calculated a storage above the maximum storage.
WARNING: Reservoir calculated an outlet velocity over max velocity, and therefore set the outlet velocity to max velocity.
WARNING: Reservoir calculated a storage above the maximum storage.
WARNING: Reservoir calculated an outlet velocity over max velocity, and therefore set the outlet velocity to max velocity.
WARNING: Reservoir calculated a storage above the maximum storage.
WARNING: Reservoir calculated an outlet velocity over max velocity, and therefore set the outlet velocity to max velocity.
WARNING: Reservoir calculated a storage above the maximum storage.
WARNING: Reservoir calculated an outlet velocity over max velocity, and therefore set the outlet velocity to max velocity.
WARNING: Reservoir calculated a storage above the maximum storage.
WARNING: Reservoir calculated an outlet velocity over max velocity, and therefore set the outlet velocity to max velocity.
WARNING: Reservoir calculated a storage above the maximum storage.
WARNING: Reservoir calculated an outlet velocity over max velocity, and therefore set the outlet velocity to max velocity.
WARNING: Reservoir calculated a storage above the maximum storage.
WARNING: Reservoir calculated an outlet velocity over max velocity, and therefore set the outlet velocity to max velocity.
WARNING: Reservoir calculated a storage above the maximum storage.
WARNING: Reservoir calculated an outlet velocity over max velocity, and therefore set the outlet velocity to max velocity.
WARNING: Reservoir calculated a storage above the maximum storage.
WARNING: Reservoir calculated an outlet velocity over max velocity, and therefore set the outlet velocity to max velocity.
WARNING: Reservoir calculated a storage above the maximum storage.
WARNING: Reservoir calculated an outlet velocity over max velocity, and therefore set the outlet velocity to max velocity.
WARNING: Reservoir calculated a storage above the maximum storage.
WARNING: Reservoir calculated an outlet velocity over max velocity, and therefore set the outlet velocity to max velocity.
WARNING: Reservoir calculated a storage above the maximum storage.
WARNING: Reservoir calculated an outlet velocity over max velocity, and therefore set the outlet velocity to max velocity.
WARNING: Reservoir calculated a storage above the maximum storage.
WARNING: Reservoir calculated an outlet velocity over max velocity, and therefore set the outlet velocity to max velocity.
WARNING: Reservoir calculated a storage above the maximum storage.
WARNING: Reservoir calculated an outlet velocity over max velocity, and therefore set the outlet velocity to max velocity.
WARNING: Reservoir calculated a storage above the maximum storage.
WARNING: Reservoir calculated an outlet velocity over max velocity, and therefore set the outlet velocity to max velocity.
WARNING: Reservoir calculated a storage above the maximum storage.
WARNING: Reservoir calculated an outlet velocity over max velocity, and therefore set the outlet velocity to max velocity.
WARNING: Reservoir calculated a storage above the maximum storage.
WARNING: Reservoir calculated an outlet velocity over max velocity, and therefore set the outlet velocity to max velocity.
WARNING: Reservoir calculated a storage above the maximum storage.
WARNING: Reservoir calculated an outlet velocity over max velocity, and therefore set the outlet velocity to max velocity.
WARNING: Reservoir calculated a storage above the maximum storage.
WARNING: Reservoir calculated an outlet velocity over max velocity, and therefore set the outlet velocity to max velocity.
WARNING: Reservoir calculated a storage above the maximum storage.
WARNING: Reservoir calculated an outlet velocity over max velocity, and therefore set the outlet velocity to max velocity.
WARNING: Reservoir calculated a storage above the maximum storage.
WARNING: Reservoir calculated an outlet velocity over max velocity, and therefore set the outlet velocity to max velocity.
WARNING: Reservoir calculated a storage above the maximum storage.
WARNING: Reservoir calculated an outlet velocity over max velocity, and therefore set the outlet velocity to max velocity.
WARNING: Reservoir calculated a storage above the maximum storage.
WARNING: Reservoir calculated an outlet velocity over max velocity, and therefore set the outlet velocity to max velocity.
WARNING: Reservoir calculated a storage above the maximum storage.
WARNING: Reservoir calculated an outlet velocity over max velocity, and therefore set the outlet velocity to max velocity.
WARNING: Reservoir calculated a storage above the maximum storage.
WARNING: Reservoir calculated an outlet velocity over max velocity, and therefore set the outlet velocity to max velocity.
WARNING: Reservoir calculated a storage above the maximum storage.
WARNING: Reservoir calculated an outlet velocity over max velocity, and therefore set the outlet velocity to max velocity.
WARNING: Reservoir calculated a storage above the maximum storage.
WARNING: Reservoir calculated an outlet velocity over max velocity, and therefore set the outlet velocity to max velocity.
WARNING: Reservoir calculated a storage above the maximum storage.
WARNING: Reservoir calculated an outlet velocity over max velocity, and therefore set the outlet velocity to max velocity.
WARNING: Reservoir calculated a storage above the maximum storage.
WARNING: Reservoir calculated an outlet velocity over max velocity, and therefore set the outlet velocity to max velocity.
WARNING: Reservoir calculated a storage above the maximum storage.
WARNING: Reservoir calculated an outlet velocity over max velocity, and therefore set the outlet velocity to max velocity.
WARNING: Reservoir calculated a storage above the maximum storage.
WARNING: Reservoir calculated an outlet velocity over max velocity, and therefore set the outlet velocity to max velocity.
WARNING: Reservoir calculated a storage above the maximum storage.
WARNING: Reservoir calculated an outlet velocity over max velocity, and therefore set the outlet velocity to max velocity.
WARNING: Reservoir calculated a storage above the maximum storage.
WARNING: Reservoir calculated an outlet velocity over max velocity, and therefore set the outlet velocity to max velocity.
WARNING: Reservoir calculated a storage above the maximum storage.
WARNING: Reservoir calculated an outlet velocity over max velocity, and therefore set the outlet velocity to max velocity.
WARNING: Reservoir calculated a storage above the maximum storage.
WARNING: Reservoir calculated an outlet velocity over max velocity, and therefore set the outlet velocity to max velocity.
WARNING: Reservoir calculated a storage above the maximum storage.
WARNING: Reservoir calculated an outlet velocity over max velocity, and therefore set the outlet velocity to max velocity.
WARNING: Reservoir calculated a storage above the maximum storage.
WARNING: Reservoir calculated an outlet velocity over max velocity, and therefore set the outlet velocity to max velocity.
WARNING: Reservoir calculated a storage above the maximum storage.
WARNING: Reservoir calculated an outlet velocity over max velocity, and therefore set the outlet velocity to max velocity.
WARNING: Reservoir calculated a storage above the maximum storage.
WARNING: Reservoir calculated an outlet velocity over max velocity, and therefore set the outlet velocity to max velocity.
WARNING: Reservoir calculated a storage above the maximum storage.
WARNING: Reservoir calculated an outlet velocity over max velocity, and therefore set the outlet velocity to max velocity.
WARNING: Reservoir calculated a storage above the maximum storage.
WARNING: Reservoir calculated an outlet velocity over max velocity, and therefore set the outlet velocity to max velocity.
WARNING: Reservoir calculated a storage above the maximum storage.
WARNING: Reservoir calculated an outlet velocity over max velocity, and therefore set the outlet velocity to max velocity.
WARNING: Reservoir calculated a storage above the maximum storage.
WARNING: Reservoir calculated an outlet velocity over max velocity, and therefore set the outlet velocity to max velocity.
WARNING: Reservoir calculated a storage above the maximum storage.
WARNING: Reservoir calculated an outlet velocity over max velocity, and therefore set the outlet velocity to max velocity.
WARNING: Reservoir calculated a storage above the maximum storage.
WARNING: Reservoir calculated an outlet velocity over max velocity, and therefore set the outlet velocity to max velocity.
WARNING: Reservoir calculated a storage above the maximum storage.
WARNING: Reservoir calculated an outlet velocity over max velocity, and therefore set the outlet velocity to max velocity.
WARNING: Reservoir calculated a storage above the maximum storage.
WARNING: Reservoir calculated an outlet velocity over max velocity, and therefore set the outlet velocity to max velocity.
WARNING: Reservoir calculated a storage above the maximum storage.
WARNING: Reservoir calculated an outlet velocity over max velocity, and therefore set the outlet velocity to max velocity.
WARNING: Reservoir calculated a storage above the maximum storage.
WARNING: Reservoir calculated an outlet velocity over max velocity, and therefore set the outlet velocity to max velocity.
WARNING: Reservoir calculated a storage above the maximum storage.
WARNING: Reservoir calculated an outlet velocity over max velocity, and therefore set the outlet velocity to max velocity.
WARNING: Reservoir calculated a storage above the maximum storage.
WARNING: Reservoir calculated an outlet velocity over max velocity, and therefore set the outlet velocity to max velocity.
WARNING: Reservoir calculated a storage above the maximum storage.
WARNING: Reservoir calculated an outlet velocity over max velocity, and therefore set the outlet velocity to max velocity.
WARNING: Reservoir calculated a storage above the maximum storage.
WARNING: Reservoir calculated an outlet velocity over max velocity, and therefore set the outlet velocity to max velocity.
WARNING: Reservoir calculated a storage above the maximum storage.
WARNING: Reservoir calculated an outlet velocity over max velocity, and therefore set the outlet velocity to max velocity.
WARNING: Reservoir calculated a storage above the maximum storage.
WARNING: Reservoir calculated an outlet velocity over max velocity, and therefore set the outlet velocity to max velocity.
WARNING: Reservoir calculated a storage above the maximum storage.
WARNING: Reservoir calculated an outlet velocity over max velocity, and therefore set the outlet velocity to max velocity.
WARNING: Reservoir calculated a storage above the maximum storage.
WARNING: Reservoir calculated an outlet velocity over max velocity, and therefore set the outlet velocity to max velocity.
WARNING: Reservoir calculated a storage above the maximum storage.
WARNING: Reservoir calculated an outlet velocity over max velocity, and therefore set the outlet velocity to max velocity.
WARNING: Reservoir calculated a storage above the maximum storage.
WARNING: Reservoir calculated an outlet velocity over max velocity, and therefore set the outlet velocity to max velocity.
WARNING: Reservoir calculated a storage above the maximum storage.
WARNING: Reservoir calculated an outlet velocity over max velocity, and therefore set the outlet velocity to max velocity.
WARNING: Reservoir calculated a storage above the maximum storage.
WARNING: Reservoir calculated an outlet velocity over max velocity, and therefore set the outlet velocity to max velocity.
WARNING: Reservoir calculated a storage above the maximum storage.
WARNING: Reservoir calculated an outlet velocity over max velocity, and therefore set the outlet velocity to max velocity.
WARNING: Reservoir calculated a storage above the maximum storage.
WARNING: Reservoir calculated an outlet velocity over max velocity, and therefore set the outlet velocity to max velocity.
WARNING: Reservoir calculated a storage above the maximum storage.
WARNING: Reservoir calculated an outlet velocity over max velocity, and therefore set the outlet velocity to max velocity.
WARNING: Reservoir calculated a storage above the maximum storage.
WARNING: Reservoir calculated an outlet velocity over max velocity, and therefore set the outlet velocity to max velocity.
WARNING: Reservoir calculated a storage above the maximum storage.
WARNING: Reservoir calculated an outlet velocity over max velocity, and therefore set the outlet velocity to max velocity.
WARNING: Reservoir calculated a storage above the maximum storage.
WARNING: Reservoir calculated an outlet velocity over max velocity, and therefore set the outlet velocity to max velocity.
WARNING: Reservoir calculated a storage above the maximum storage.
WARNING: Reservoir calculated an outlet velocity over max velocity, and therefore set the outlet velocity to max velocity.
WARNING: Reservoir calculated a storage above the maximum storage.
WARNING: Reservoir calculated an outlet velocity over max velocity, and therefore set the outlet velocity to max velocity.
WARNING: Reservoir calculated a storage above the maximum storage.
WARNING: Reservoir calculated an outlet velocity over max velocity, and therefore set the outlet velocity to max velocity.
WARNING: Reservoir calculated a storage above the maximum storage.
WARNING: Reservoir calculated an outlet velocity over max velocity, and therefore set the outlet velocity to max velocity.
WARNING: Reservoir calculated a storage above the maximum storage.
WARNING: Reservoir calculated an outlet velocity over max velocity, and therefore set the outlet velocity to max velocity.
WARNING: Reservoir calculated a storage above the maximum storage.
WARNING: Reservoir calculated an outlet velocity over max velocity, and therefore set the outlet velocity to max velocity.
WARNING: Reservoir calculated a storage above the maximum storage.
WARNING: Reservoir calculated an outlet velocity over max velocity, and therefore set the outlet velocity to max velocity.
WARNING: Reservoir calculated a storage above the maximum storage.
WARNING: Reservoir calculated an outlet velocity over max velocity, and therefore set the outlet velocity to max velocity.
WARNING: Reservoir calculated a storage above the maximum storage.
WARNING: Reservoir calculated an outlet velocity over max velocity, and therefore set the outlet velocity to max velocity.
WARNING: Reservoir calculated a storage above the maximum storage.
WARNING: Reservoir calculated an outlet velocity over max velocity, and therefore set the outlet velocity to max velocity.
WARNING: Reservoir calculated a storage above the maximum storage.
WARNING: Reservoir calculated an outlet velocity over max velocity, and therefore set the outlet velocity to max velocity.
WARNING: Reservoir calculated a storage above the maximum storage.
WARNING: Reservoir calculated an outlet velocity over max velocity, and therefore set the outlet velocity to max velocity.
WARNING: Reservoir calculated a storage above the maximum storage.
WARNING: Reservoir calculated an outlet velocity over max velocity, and therefore set the outlet velocity to max velocity.
WARNING: Reservoir calculated a storage above the maximum storage.
WARNING: Reservoir calculated an outlet velocity over max velocity, and therefore set the outlet velocity to max velocity.
WARNING: Reservoir calculated a storage above the maximum storage.
WARNING: Reservoir calculated an outlet velocity over max velocity, and therefore set the outlet velocity to max velocity.
WARNING: Reservoir calculated a storage above the maximum storage.
WARNING: Reservoir calculated an outlet velocity over max velocity, and therefore set the outlet velocity to max velocity.
WARNING: Reservoir calculated a storage above the maximum storage.
WARNING: Reservoir calculated an outlet velocity over max velocity, and therefore set the outlet velocity to max velocity.
WARNING: Reservoir calculated a storage above the maximum storage.
WARNING: Reservoir calculated an outlet velocity over max velocity, and therefore set the outlet velocity to max velocity.
WARNING: Reservoir calculated a storage above the maximum storage.
WARNING: Reservoir calculated an outlet velocity over max velocity, and therefore set the outlet velocity to max velocity.
WARNING: Reservoir calculated a storage above the maximum storage.
WARNING: Reservoir calculated an outlet velocity over max velocity, and therefore set the outlet velocity to max velocity.
WARNING: Reservoir calculated a storage above the maximum storage.
WARNING: Reservoir calculated an outlet velocity over max velocity, and therefore set the outlet velocity to max velocity.
WARNING: Reservoir calculated a storage above the maximum storage.
WARNING: Reservoir calculated an outlet velocity over max velocity, and therefore set the outlet velocity to max velocity.
WARNING: Reservoir calculated a storage above the maximum storage.
WARNING: Reservoir calculated an outlet velocity over max velocity, and therefore set the outlet velocity to max velocity.
WARNING: Reservoir calculated a storage above the maximum storage.
WARNING: Reservoir calculated an outlet velocity over max velocity, and therefore set the outlet velocity to max velocity.
WARNING: Reservoir calculated a storage above the maximum storage.
WARNING: Reservoir calculated an outlet velocity over max velocity, and therefore set the outlet velocity to max velocity.
WARNING: Reservoir calculated a storage above the maximum storage.
WARNING: Reservoir calculated an outlet velocity over max velocity, and therefore set the outlet velocity to max velocity.
WARNING: Reservoir calculated a storage above the maximum storage.
WARNING: Reservoir calculated an outlet velocity over max velocity, and therefore set the outlet velocity to max velocity.
WARNING: Reservoir calculated a storage above the maximum storage.
WARNING: Reservoir calculated an outlet velocity over max velocity, and therefore set the outlet velocity to max velocity.
WARNING: Reservoir calculated a storage above the maximum storage.
WARNING: Reservoir calculated an outlet velocity over max velocity, and therefore set the outlet velocity to max velocity.
WARNING: Reservoir calculated a storage above the maximum storage.
WARNING: Reservoir calculated an outlet velocity over max velocity, and therefore set the outlet velocity to max velocity.
WARNING: Reservoir calculated a storage above the maximum storage.
WARNING: Reservoir calculated an outlet velocity over max velocity, and therefore set the outlet velocity to max velocity.
WARNING: Reservoir calculated a storage above the maximum storage.
WARNING: Reservoir calculated an outlet velocity over max velocity, and therefore set the outlet velocity to max velocity.
WARNING: Reservoir calculated a storage above the maximum storage.
WARNING: Reservoir calculated an outlet velocity over max velocity, and therefore set the outlet velocity to max velocity.
WARNING: Reservoir calculated a storage above the maximum storage.
WARNING: Reservoir calculated an outlet velocity over max velocity, and therefore set the outlet velocity to max velocity.
WARNING: Reservoir calculated a storage above the maximum storage.
WARNING: Reservoir calculated an outlet velocity over max velocity, and therefore set the outlet velocity to max velocity.
WARNING: Reservoir calculated a storage above the maximum storage.
WARNING: Reservoir calculated an outlet velocity over max velocity, and therefore set the outlet velocity to max velocity.
WARNING: Reservoir calculated a storage above the maximum storage.
WARNING: Reservoir calculated an outlet velocity over max velocity, and therefore set the outlet velocity to max velocity.
WARNING: Reservoir calculated a storage above the maximum storage.
WARNING: Reservoir calculated an outlet velocity over max velocity, and therefore set the outlet velocity to max velocity.
WARNING: Reservoir calculated a storage above the maximum storage.
WARNING: Reservoir calculated an outlet velocity over max velocity, and therefore set the outlet velocity to max velocity.
WARNING: Reservoir calculated a storage above the maximum storage.
WARNING: Reservoir calculated an outlet velocity over max velocity, and therefore set the outlet velocity to max velocity.
WARNING: Reservoir calculated a storage above the maximum storage.
WARNING: Reservoir calculated an outlet velocity over max velocity, and therefore set the outlet velocity to max velocity.
WARNING: Reservoir calculated a storage above the maximum storage.
WARNING: Reservoir calculated an outlet velocity over max velocity, and therefore set the outlet velocity to max velocity.
WARNING: Reservoir calculated a storage above the maximum storage.
WARNING: Reservoir calculated an outlet velocity over max velocity, and therefore set the outlet velocity to max velocity.
WARNING: Reservoir calculated a storage above the maximum storage.
WARNING: Reservoir calculated an outlet velocity over max velocity, and therefore set the outlet velocity to max velocity.
WARNING: Reservoir calculated a storage above the maximum storage.
WARNING: Reservoir calculated an outlet velocity over max velocity, and therefore set the outlet velocity to max velocity.
WARNING: Reservoir calculated a storage above the maximum storage.
WARNING: Reservoir calculated an outlet velocity over max velocity, and therefore set the outlet velocity to max velocity.
WARNING: Reservoir calculated a storage above the maximum storage.
WARNING: Reservoir calculated an outlet velocity over max velocity, and therefore set the outlet velocity to max velocity.
WARNING: Reservoir calculated a storage above the maximum storage.
WARNING: Reservoir calculated an outlet velocity over max velocity, and therefore set the outlet velocity to max velocity.
WARNING: Reservoir calculated a storage above the maximum storage.
WARNING: Reservoir calculated an outlet velocity over max velocity, and therefore set the outlet velocity to max velocity.
WARNING: Reservoir calculated a storage above the maximum storage.
WARNING: Reservoir calculated an outlet velocity over max velocity, and therefore set the outlet velocity to max velocity.
WARNING: Reservoir calculated a storage above the maximum storage.
WARNING: Reservoir calculated an outlet velocity over max velocity, and therefore set the outlet velocity to max velocity.
WARNING: Reservoir calculated a storage above the maximum storage.
WARNING: Reservoir calculated an outlet velocity over max velocity, and therefore set the outlet velocity to max velocity.
WARNING: Reservoir calculated a storage above the maximum storage.
WARNING: Reservoir calculated an outlet velocity over max velocity, and therefore set the outlet velocity to max velocity.
WARNING: Reservoir calculated a storage above the maximum storage.
WARNING: Reservoir calculated an outlet velocity over max velocity, and therefore set the outlet velocity to max velocity.
WARNING: Reservoir calculated a storage above the maximum storage.
WARNING: Reservoir calculated an outlet velocity over max velocity, and therefore set the outlet velocity to max velocity.
WARNING: Reservoir calculated a storage above the maximum storage.
WARNING: Reservoir calculated an outlet velocity over max velocity, and therefore set the outlet velocity to max velocity.
WARNING: Reservoir calculated a storage above the maximum storage.
WARNING: Reservoir calculated an outlet velocity over max velocity, and therefore set the outlet velocity to max velocity.
WARNING: Reservoir calculated a storage above the maximum storage.
WARNING: Reservoir calculated an outlet velocity over max velocity, and therefore set the outlet velocity to max velocity.
WARNING: Reservoir calculated a storage above the maximum storage.
WARNING: Reservoir calculated an outlet velocity over max velocity, and therefore set the outlet velocity to max velocity.
WARNING: Reservoir calculated a storage above the maximum storage.
WARNING: Reservoir calculated an outlet velocity over max velocity, and therefore set the outlet velocity to max velocity.
WARNING: Reservoir calculated a storage above the maximum storage.
WARNING: Reservoir calculated an outlet velocity over max velocity, and therefore set the outlet velocity to max velocity.
WARNING: Reservoir calculated a storage above the maximum storage.
WARNING: Reservoir calculated an outlet velocity over max velocity, and therefore set the outlet velocity to max velocity.
WARNING: Reservoir calculated a storage above the maximum storage.
WARNING: Reservoir calculated an outlet velocity over max velocity, and therefore set the outlet velocity to max velocity.
WARNING: Reservoir calculated a storage above the maximum storage.
WARNING: Reservoir calculated an outlet velocity over max velocity, and therefore set the outlet velocity to max velocity.
WARNING: Reservoir calculated a storage above the maximum storage.
WARNING: Reservoir calculated an outlet velocity over max velocity, and therefore set the outlet velocity to max velocity.
WARNING: Reservoir calculated a storage above the maximum storage.
WARNING: Reservoir calculated an outlet velocity over max velocity, and therefore set the outlet velocity to max velocity.
WARNING: Reservoir calculated a storage above the maximum storage.
WARNING: Reservoir calculated an outlet velocity over max velocity, and therefore set the outlet velocity to max velocity.
WARNING: Reservoir calculated a storage above the maximum storage.
WARNING: Reservoir calculated an outlet velocity over max velocity, and therefore set the outlet velocity to max velocity.
WARNING: Reservoir calculated a storage above the maximum storage.
WARNING: Reservoir calculated an outlet velocity over max velocity, and therefore set the outlet velocity to max velocity.
WARNING: Reservoir calculated a storage above the maximum storage.
WARNING: Reservoir calculated an outlet velocity over max velocity, and therefore set the outlet velocity to max velocity.
WARNING: Reservoir calculated a storage above the maximum storage.
WARNING: Reservoir calculated an outlet velocity over max velocity, and therefore set the outlet velocity to max velocity.
WARNING: Reservoir calculated a storage above the maximum storage.
WARNING: Reservoir calculated an outlet velocity over max velocity, and therefore set the outlet velocity to max velocity.
WARNING: Reservoir calculated a storage above the maximum storage.
WARNING: Reservoir calculated an outlet velocity over max velocity, and therefore set the outlet velocity to max velocity.
WARNING: Reservoir calculated a storage above the maximum storage.
WARNING: Reservoir calculated an outlet velocity over max velocity, and therefore set the outlet velocity to max velocity.
WARNING: Reservoir calculated a storage above the maximum storage.
WARNING: Reservoir calculated an outlet velocity over max velocity, and therefore set the outlet velocity to max velocity.
WARNING: Reservoir calculated a storage above the maximum storage.
WARNING: Reservoir calculated an outlet velocity over max velocity, and therefore set the outlet velocity to max velocity.
WARNING: Reservoir calculated a storage above the maximum storage.
WARNING: Reservoir calculated an outlet velocity over max velocity, and therefore set the outlet velocity to max velocity.
WARNING: Reservoir calculated a storage above the maximum storage.
WARNING: Reservoir calculated an outlet velocity over max velocity, and therefore set the outlet velocity to max velocity.
WARNING: Reservoir calculated a storage above the maximum storage.
WARNING: Reservoir calculated an outlet velocity over max velocity, and therefore set the outlet velocity to max velocity.
WARNING: Reservoir calculated a storage above the maximum storage.
WARNING: Reservoir calculated an outlet velocity over max velocity, and therefore set the outlet velocity to max velocity.
WARNING: Reservoir calculated a storage above the maximum storage.
WARNING: Reservoir calculated an outlet velocity over max velocity, and therefore set the outlet velocity to max velocity.
WARNING: Reservoir calculated a storage above the maximum storage.
WARNING: Reservoir calculated an outlet velocity over max velocity, and therefore set the outlet velocity to max velocity.
WARNING: Reservoir calculated a storage above the maximum storage.
WARNING: Reservoir calculated an outlet velocity over max velocity, and therefore set the outlet velocity to max velocity.
WARNING: Reservoir calculated a storage above the maximum storage.
WARNING: Reservoir calculated an outlet velocity over max velocity, and therefore set the outlet velocity to max velocity.
WARNING: Reservoir calculated a storage above the maximum storage.
WARNING: Reservoir calculated an outlet velocity over max velocity, and therefore set the outlet velocity to max velocity.
WARNING: Reservoir calculated a storage above the maximum storage.
WARNING: Reservoir calculated an outlet velocity over max velocity, and therefore set the outlet velocity to max velocity.
WARNING: Reservoir calculated a storage above the maximum storage.
WARNING: Reservoir calculated an outlet velocity over max velocity, and therefore set the outlet velocity to max velocity.
WARNING: Reservoir calculated a storage above the maximum storage.
WARNING: Reservoir calculated an outlet velocity over max velocity, and therefore set the outlet velocity to max velocity.
WARNING: Reservoir calculated a storage above the maximum storage.
WARNING: Reservoir calculated an outlet velocity over max velocity, and therefore set the outlet velocity to max velocity.
WARNING: Reservoir calculated a storage above the maximum storage.
WARNING: Reservoir calculated an outlet velocity over max velocity, and therefore set the outlet velocity to max velocity.
WARNING: Reservoir calculated a storage above the maximum storage.
WARNING: Reservoir calculated an outlet velocity over max velocity, and therefore set the outlet velocity to max velocity.
WARNING: Reservoir calculated a storage above the maximum storage.
WARNING: Reservoir calculated an outlet velocity over max velocity, and therefore set the outlet velocity to max velocity.
WARNING: Reservoir calculated a storage above the maximum storage.
WARNING: Reservoir calculated an outlet velocity over max velocity, and therefore set the outlet velocity to max velocity.
WARNING: Reservoir calculated a storage above the maximum storage.
WARNING: Reservoir calculated an outlet velocity over max velocity, and therefore set the outlet velocity to max velocity.
WARNING: Reservoir calculated a storage above the maximum storage.
WARNING: Reservoir calculated an outlet velocity over max velocity, and therefore set the outlet velocity to max velocity.
WARNING: Reservoir calculated a storage above the maximum storage.
WARNING: Reservoir calculated an outlet velocity over max velocity, and therefore set the outlet velocity to max velocity.
WARNING: Reservoir calculated a storage above the maximum storage.
WARNING: Reservoir calculated an outlet velocity over max velocity, and therefore set the outlet velocity to max velocity.
WARNING: Reservoir calculated a storage above the maximum storage.
WARNING: Reservoir calculated an outlet velocity over max velocity, and therefore set the outlet velocity to max velocity.
WARNING: Reservoir calculated a storage above the maximum storage.
WARNING: Reservoir calculated an outlet velocity over max velocity, and therefore set the outlet velocity to max velocity.
WARNING: Reservoir calculated a storage above the maximum storage.
WARNING: Reservoir calculated an outlet velocity over max velocity, and therefore set the outlet velocity to max velocity.
WARNING: Reservoir calculated a storage above the maximum storage.
WARNING: Reservoir calculated an outlet velocity over max velocity, and therefore set the outlet velocity to max velocity.
WARNING: Reservoir calculated a storage above the maximum storage.
WARNING: Reservoir calculated an outlet velocity over max velocity, and therefore set the outlet velocity to max velocity.
WARNING: Reservoir calculated a storage above the maximum storage.
WARNING: Reservoir calculated an outlet velocity over max velocity, and therefore set the outlet velocity to max velocity.
WARNING: Reservoir calculated a storage above the maximum storage.
WARNING: Reservoir calculated an outlet velocity over max velocity, and therefore set the outlet velocity to max velocity.
WARNING: Reservoir calculated a storage above the maximum storage.
WARNING: Reservoir calculated an outlet velocity over max velocity, and therefore set the outlet velocity to max velocity.
WARNING: Reservoir calculated a storage above the maximum storage.
WARNING: Reservoir calculated an outlet velocity over max velocity, and therefore set the outlet velocity to max velocity.
WARNING: Reservoir calculated a storage above the maximum storage.
WARNING: Reservoir calculated an outlet velocity over max velocity, and therefore set the outlet velocity to max velocity.
WARNING: Reservoir calculated a storage above the maximum storage.
WARNING: Reservoir calculated an outlet velocity over max velocity, and therefore set the outlet velocity to max velocity.
WARNING: Reservoir calculated a storage above the maximum storage.
WARNING: Reservoir calculated an outlet velocity over max velocity, and therefore set the outlet velocity to max velocity.
WARNING: Reservoir calculated a storage above the maximum storage.
WARNING: Reservoir calculated an outlet velocity over max velocity, and therefore set the outlet velocity to max velocity.
WARNING: Reservoir calculated a storage above the maximum storage.
WARNING: Reservoir calculated an outlet velocity over max velocity, and therefore set the outlet velocity to max velocity.
WARNING: Reservoir calculated a storage above the maximum storage.
WARNING: Reservoir calculated an outlet velocity over max velocity, and therefore set the outlet velocity to max velocity.
WARNING: Reservoir calculated a storage above the maximum storage.
WARNING: Reservoir calculated an outlet velocity over max velocity, and therefore set the outlet velocity to max velocity.
WARNING: Reservoir calculated a storage above the maximum storage.
WARNING: Reservoir calculated an outlet velocity over max velocity, and therefore set the outlet velocity to max velocity.
WARNING: Reservoir calculated a storage above the maximum storage.
WARNING: Reservoir calculated an outlet velocity over max velocity, and therefore set the outlet velocity to max velocity.
WARNING: Reservoir calculated a storage above the maximum storage.
WARNING: Reservoir calculated an outlet velocity over max velocity, and therefore set the outlet velocity to max velocity.
WARNING: Reservoir calculated a storage above the maximum storage.
WARNING: Reservoir calculated an outlet velocity over max velocity, and therefore set the outlet velocity to max velocity.
WARNING: Reservoir calculated a storage above the maximum storage.
WARNING: Reservoir calculated an outlet velocity over max velocity, and therefore set the outlet velocity to max velocity.
WARNING: Reservoir calculated a storage above the maximum storage.
WARNING: Reservoir calculated an outlet velocity over max velocity, and therefore set the outlet velocity to max velocity.
WARNING: Reservoir calculated a storage above the maximum storage.
WARNING: Reservoir calculated an outlet velocity over max velocity, and therefore set the outlet velocity to max velocity.
WARNING: Reservoir calculated a storage above the maximum storage.
WARNING: Reservoir calculated an outlet velocity over max velocity, and therefore set the outlet velocity to max velocity.
WARNING: Reservoir calculated a storage above the maximum storage.
WARNING: Reservoir calculated an outlet velocity over max velocity, and therefore set the outlet velocity to max velocity.
WARNING: Reservoir calculated a storage above the maximum storage.
WARNING: Reservoir calculated an outlet velocity over max velocity, and therefore set the outlet velocity to max velocity.
WARNING: Reservoir calculated a storage above the maximum storage.
WARNING: Reservoir calculated an outlet velocity over max velocity, and therefore set the outlet velocity to max velocity.
WARNING: Reservoir calculated a storage above the maximum storage.
WARNING: Reservoir calculated an outlet velocity over max velocity, and therefore set the outlet velocity to max velocity.
WARNING: Reservoir calculated a storage above the maximum storage.
WARNING: Reservoir calculated an outlet velocity over max velocity, and therefore set the outlet velocity to max velocity.
WARNING: Reservoir calculated a storage above the maximum storage.
WARNING: Reservoir calculated an outlet velocity over max velocity, and therefore set the outlet velocity to max velocity.
WARNING: Reservoir calculated a storage above the maximum storage.
WARNING: Reservoir calculated an outlet velocity over max velocity, and therefore set the outlet velocity to max velocity.
WARNING: Reservoir calculated a storage above the maximum storage.
WARNING: Reservoir calculated an outlet velocity over max velocity, and therefore set the outlet velocity to max velocity.
WARNING: Reservoir calculated a storage above the maximum storage.
WARNING: Reservoir calculated an outlet velocity over max velocity, and therefore set the outlet velocity to max velocity.
WARNING: Reservoir calculated a storage above the maximum storage.
WARNING: Reservoir calculated an outlet velocity over max velocity, and therefore set the outlet velocity to max velocity.
WARNING: Reservoir calculated a storage above the maximum storage.
WARNING: Reservoir calculated an outlet velocity over max velocity, and therefore set the outlet velocity to max velocity.
WARNING: Reservoir calculated a storage above the maximum storage.
WARNING: Reservoir calculated an outlet velocity over max velocity, and therefore set the outlet velocity to max velocity.
WARNING: Reservoir calculated a storage above the maximum storage.
WARNING: Reservoir calculated an outlet velocity over max velocity, and therefore set the outlet velocity to max velocity.
WARNING: Reservoir calculated a storage above the maximum storage.
WARNING: Reservoir calculated an outlet velocity over max velocity, and therefore set the outlet velocity to max velocity.
WARNING: Reservoir calculated a storage above the maximum storage.
WARNING: Reservoir calculated an outlet velocity over max velocity, and therefore set the outlet velocity to max velocity.
WARNING: Reservoir calculated a storage above the maximum storage.
WARNING: Reservoir calculated an outlet velocity over max velocity, and therefore set the outlet velocity to max velocity.
WARNING: Reservoir calculated a storage above the maximum storage.
WARNING: Reservoir calculated an outlet velocity over max velocity, and therefore set the outlet velocity to max velocity.
WARNING: Reservoir calculated a storage above the maximum storage.
WARNING: Reservoir calculated an outlet velocity over max velocity, and therefore set the outlet velocity to max velocity.
WARNING: Reservoir calculated a storage above the maximum storage.
WARNING: Reservoir calculated an outlet velocity over max velocity, and therefore set the outlet velocity to max velocity.
WARNING: Reservoir calculated a storage above the maximum storage.
WARNING: Reservoir calculated an outlet velocity over max velocity, and therefore set the outlet velocity to max velocity.
WARNING: Reservoir calculated a storage above the maximum storage.
WARNING: Reservoir calculated an outlet velocity over max velocity, and therefore set the outlet velocity to max velocity.
WARNING: Reservoir calculated a storage above the maximum storage.
WARNING: Reservoir calculated an outlet velocity over max velocity, and therefore set the outlet velocity to max velocity.
WARNING: Reservoir calculated a storage above the maximum storage.
WARNING: Reservoir calculated an outlet velocity over max velocity, and therefore set the outlet velocity to max velocity.
WARNING: Reservoir calculated a storage above the maximum storage.
WARNING: Reservoir calculated an outlet velocity over max velocity, and therefore set the outlet velocity to max velocity.
WARNING: Reservoir calculated a storage above the maximum storage.
WARNING: Reservoir calculated an outlet velocity over max velocity, and therefore set the outlet velocity to max velocity.
WARNING: Reservoir calculated a storage above the maximum storage.
WARNING: Reservoir calculated an outlet velocity over max velocity, and therefore set the outlet velocity to max velocity.
WARNING: Reservoir calculated a storage above the maximum storage.
WARNING: Reservoir calculated an outlet velocity over max velocity, and therefore set the outlet velocity to max velocity.
WARNING: Reservoir calculated a storage above the maximum storage.
WARNING: Reservoir calculated an outlet velocity over max velocity, and therefore set the outlet velocity to max velocity.
WARNING: Reservoir calculated a storage above the maximum storage.
WARNING: Reservoir calculated an outlet velocity over max velocity, and therefore set the outlet velocity to max velocity.
WARNING: Reservoir calculated a storage above the maximum storage.
WARNING: Reservoir calculated an outlet velocity over max velocity, and therefore set the outlet velocity to max velocity.
WARNING: Reservoir calculated a storage above the maximum storage.
WARNING: Reservoir calculated an outlet velocity over max velocity, and therefore set the outlet velocity to max velocity.
WARNING: Reservoir calculated a storage above the maximum storage.
WARNING: Reservoir calculated an outlet velocity over max velocity, and therefore set the outlet velocity to max velocity.
WARNING: Reservoir calculated a storage above the maximum storage.
WARNING: Reservoir calculated an outlet velocity over max velocity, and therefore set the outlet velocity to max velocity.
WARNING: Reservoir calculated a storage above the maximum storage.
WARNING: Reservoir calculated an outlet velocity over max velocity, and therefore set the outlet velocity to max velocity.
WARNING: Reservoir calculated a storage above the maximum storage.
WARNING: Reservoir calculated an outlet velocity over max velocity, and therefore set the outlet velocity to max velocity.
WARNING: Reservoir calculated a storage above the maximum storage.
WARNING: Reservoir calculated an outlet velocity over max velocity, and therefore set the outlet velocity to max velocity.
WARNING: Reservoir calculated a storage above the maximum storage.
WARNING: Reservoir calculated an outlet velocity over max velocity, and therefore set the outlet velocity to max velocity.
WARNING: Reservoir calculated a storage above the maximum storage.
WARNING: Reservoir calculated an outlet velocity over max velocity, and therefore set the outlet velocity to max velocity.
WARNING: Reservoir calculated a storage above the maximum storage.
WARNING: Reservoir calculated an outlet velocity over max velocity, and therefore set the outlet velocity to max velocity.
WARNING: Reservoir calculated a storage above the maximum storage.
WARNING: Reservoir calculated an outlet velocity over max velocity, and therefore set the outlet velocity to max velocity.
WARNING: Reservoir calculated a storage above the maximum storage.
WARNING: Reservoir calculated an outlet velocity over max velocity, and therefore set the outlet velocity to max velocity.
WARNING: Reservoir calculated a storage above the maximum storage.
WARNING: Reservoir calculated an outlet velocity over max velocity, and therefore set the outlet velocity to max velocity.
WARNING: Reservoir calculated a storage above the maximum storage.
WARNING: Reservoir calculated an outlet velocity over max velocity, and therefore set the outlet velocity to max velocity.
WARNING: Reservoir calculated a storage above the maximum storage.
WARNING: Reservoir calculated an outlet velocity over max velocity, and therefore set the outlet velocity to max velocity.
WARNING: Reservoir calculated a storage above the maximum storage.
WARNING: Reservoir calculated an outlet velocity over max velocity, and therefore set the outlet velocity to max velocity.
WARNING: Reservoir calculated a storage above the maximum storage.
WARNING: Reservoir calculated an outlet velocity over max velocity, and therefore set the outlet velocity to max velocity.
WARNING: Reservoir calculated a storage above the maximum storage.
WARNING: Reservoir calculated an outlet velocity over max velocity, and therefore set the outlet velocity to max velocity.
WARNING: Reservoir calculated a storage above the maximum storage.
WARNING: Reservoir calculated an outlet velocity over max velocity, and therefore set the outlet velocity to max velocity.
WARNING: Reservoir calculated a storage above the maximum storage.
WARNING: Reservoir calculated an outlet velocity over max velocity, and therefore set the outlet velocity to max velocity.
WARNING: Reservoir calculated a storage above the maximum storage.
WARNING: Reservoir calculated an outlet velocity over max velocity, and therefore set the outlet velocity to max velocity.
WARNING: Reservoir calculated a storage above the maximum storage.
WARNING: Reservoir calculated an outlet velocity over max velocity, and therefore set the outlet velocity to max velocity.
WARNING: Reservoir calculated a storage above the maximum storage.
WARNING: Reservoir calculated an outlet velocity over max velocity, and therefore set the outlet velocity to max velocity.
WARNING: Reservoir calculated a storage above the maximum storage.
WARNING: Reservoir calculated an outlet velocity over max velocity, and therefore set the outlet velocity to max velocity.
WARNING: Reservoir calculated a storage above the maximum storage.
WARNING: Reservoir calculated an outlet velocity over max velocity, and therefore set the outlet velocity to max velocity.
WARNING: Reservoir calculated a storage above the maximum storage.
WARNING: Reservoir calculated an outlet velocity over max velocity, and therefore set the outlet velocity to max velocity.
WARNING: Reservoir calculated a storage above the maximum storage.
WARNING: Reservoir calculated an outlet velocity over max velocity, and therefore set the outlet velocity to max velocity.
WARNING: Reservoir calculated a storage above the maximum storage.
WARNING: Reservoir calculated an outlet velocity over max velocity, and therefore set the outlet velocity to max velocity.
WARNING: Reservoir calculated a storage above the maximum storage.
WARNING: Reservoir calculated an outlet velocity over max velocity, and therefore set the outlet velocity to max velocity.
WARNING: Reservoir calculated a storage above the maximum storage.
WARNING: Reservoir calculated an outlet velocity over max velocity, and therefore set the outlet velocity to max velocity.
WARNING: Reservoir calculated a storage above the maximum storage.
WARNING: Reservoir calculated an outlet velocity over max velocity, and therefore set the outlet velocity to max velocity.
WARNING: Reservoir calculated a storage above the maximum storage.
WARNING: Reservoir calculated an outlet velocity over max velocity, and therefore set the outlet velocity to max velocity.
WARNING: Reservoir calculated a storage above the maximum storage.
WARNING: Reservoir calculated an outlet velocity over max velocity, and therefore set the outlet velocity to max velocity.
WARNING: Reservoir calculated a storage above the maximum storage.
WARNING: Reservoir calculated an outlet velocity over max velocity, and therefore set the outlet velocity to max velocity.
WARNING: Reservoir calculated a storage above the maximum storage.
WARNING: Reservoir calculated an outlet velocity over max velocity, and therefore set the outlet velocity to max velocity.
WARNING: Reservoir calculated a storage above the maximum storage.
WARNING: Reservoir calculated an outlet velocity over max velocity, and therefore set the outlet velocity to max velocity.
WARNING: Reservoir calculated a storage above the maximum storage.
WARNING: Reservoir calculated an outlet velocity over max velocity, and therefore set the outlet velocity to max velocity.
WARNING: Reservoir calculated a storage above the maximum storage.
WARNING: Reservoir calculated an outlet velocity over max velocity, and therefore set the outlet velocity to max velocity.
WARNING: Reservoir calculated a storage above the maximum storage.
WARNING: Reservoir calculated an outlet velocity over max velocity, and therefore set the outlet velocity to max velocity.
WARNING: Reservoir calculated a storage above the maximum storage.
WARNING: Reservoir calculated an outlet velocity over max velocity, and therefore set the outlet velocity to max velocity.
WARNING: Reservoir calculated a storage above the maximum storage.
WARNING: Reservoir calculated an outlet velocity over max velocity, and therefore set the outlet velocity to max velocity.
WARNING: Reservoir calculated a storage above the maximum storage.
WARNING: Reservoir calculated an outlet velocity over max velocity, and therefore set the outlet velocity to max velocity.
WARNING: Reservoir calculated a storage above the maximum storage.
WARNING: Reservoir calculated an outlet velocity over max velocity, and therefore set the outlet velocity to max velocity.
WARNING: Reservoir calculated a storage above the maximum storage.
WARNING: Reservoir calculated an outlet velocity over max velocity, and therefore set the outlet velocity to max velocity.
WARNING: Reservoir calculated a storage above the maximum storage.
WARNING: Reservoir calculated an outlet velocity over max velocity, and therefore set the outlet velocity to max velocity.
WARNING: Reservoir calculated a storage above the maximum storage.
WARNING: Reservoir calculated an outlet velocity over max velocity, and therefore set the outlet velocity to max velocity.
WARNING: Reservoir calculated a storage above the maximum storage.
WARNING: Reservoir calculated an outlet velocity over max velocity, and therefore set the outlet velocity to max velocity.
WARNING: Reservoir calculated a storage above the maximum storage.
WARNING: Reservoir calculated an outlet velocity over max velocity, and therefore set the outlet velocity to max velocity.
WARNING: Reservoir calculated a storage above the maximum storage.
WARNING: Reservoir calculated an outlet velocity over max velocity, and therefore set the outlet velocity to max velocity.
WARNING: Reservoir calculated a storage above the maximum storage.
WARNING: Reservoir calculated an outlet velocity over max velocity, and therefore set the outlet velocity to max velocity.
WARNING: Reservoir calculated a storage above the maximum storage.
WARNING: Reservoir calculated an outlet velocity over max velocity, and therefore set the outlet velocity to max velocity.
WARNING: Reservoir calculated a storage above the maximum storage.
WARNING: Reservoir calculated an outlet velocity over max velocity, and therefore set the outlet velocity to max velocity.
WARNING: Reservoir calculated a storage above the maximum storage.
WARNING: Reservoir calculated an outlet velocity over max velocity, and therefore set the outlet velocity to max velocity.
WARNING: Reservoir calculated a storage above the maximum storage.
WARNING: Reservoir calculated an outlet velocity over max velocity, and therefore set the outlet velocity to max velocity.
WARNING: Reservoir calculated a storage above the maximum storage.
WARNING: Reservoir calculated an outlet velocity over max velocity, and therefore set the outlet velocity to max velocity.
WARNING: Reservoir calculated a storage above the maximum storage.
WARNING: Reservoir calculated an outlet velocity over max velocity, and therefore set the outlet velocity to max velocity.
WARNING: Reservoir calculated a storage above the maximum storage.
WARNING: Reservoir calculated an outlet velocity over max velocity, and therefore set the outlet velocity to max velocity.
WARNING: Reservoir calculated a storage above the maximum storage.
WARNING: Reservoir calculated an outlet velocity over max velocity, and therefore set the outlet velocity to max velocity.
WARNING: Reservoir calculated a storage above the maximum storage.
WARNING: Reservoir calculated an outlet velocity over max velocity, and therefore set the outlet velocity to max velocity.
WARNING: Reservoir calculated a storage above the maximum storage.
WARNING: Reservoir calculated an outlet velocity over max velocity, and therefore set the outlet velocity to max velocity.
WARNING: Reservoir calculated a storage above the maximum storage.
WARNING: Reservoir calculated an outlet velocity over max velocity, and therefore set the outlet velocity to max velocity.
WARNING: Reservoir calculated a storage above the maximum storage.
WARNING: Reservoir calculated an outlet velocity over max velocity, and therefore set the outlet velocity to max velocity.
WARNING: Reservoir calculated a storage above the maximum storage.
WARNING: Reservoir calculated an outlet velocity over max velocity, and therefore set the outlet velocity to max velocity.
WARNING: Reservoir calculated a storage above the maximum storage.
WARNING: Reservoir calculated an outlet velocity over max velocity, and therefore set the outlet velocity to max velocity.
WARNING: Reservoir calculated a storage above the maximum storage.
WARNING: Reservoir calculated an outlet velocity over max velocity, and therefore set the outlet velocity to max velocity.
WARNING: Reservoir calculated a storage above the maximum storage.
WARNING: Reservoir calculated an outlet velocity over max velocity, and therefore set the outlet velocity to max velocity.
WARNING: Reservoir calculated a storage above the maximum storage.
WARNING: Reservoir calculated an outlet velocity over max velocity, and therefore set the outlet velocity to max velocity.
WARNING: Reservoir calculated a storage above the maximum storage.
WARNING: Reservoir calculated an outlet velocity over max velocity, and therefore set the outlet velocity to max velocity.
WARNING: Reservoir calculated a storage above the maximum storage.
WARNING: Reservoir calculated an outlet velocity over max velocity, and therefore set the outlet velocity to max velocity.
WARNING: Reservoir calculated a storage above the maximum storage.
WARNING: Reservoir calculated an outlet velocity over max velocity, and therefore set the outlet velocity to max velocity.
WARNING: Reservoir calculated a storage above the maximum storage.
WARNING: Reservoir calculated an outlet velocity over max velocity, and therefore set the outlet velocity to max velocity.
WARNING: Reservoir calculated a storage above the maximum storage.
WARNING: Reservoir calculated an outlet velocity over max velocity, and therefore set the outlet velocity to max velocity.
WARNING: Reservoir calculated a storage above the maximum storage.
WARNING: Reservoir calculated an outlet velocity over max velocity, and therefore set the outlet velocity to max velocity.
WARNING: Reservoir calculated a storage above the maximum storage.
WARNING: Reservoir calculated an outlet velocity over max velocity, and therefore set the outlet velocity to max velocity.
WARNING: Reservoir calculated a storage above the maximum storage.
WARNING: Reservoir calculated an outlet velocity over max velocity, and therefore set the outlet velocity to max velocity.
WARNING: Reservoir calculated a storage above the maximum storage.
WARNING: Reservoir calculated an outlet velocity over max velocity, and therefore set the outlet velocity to max velocity.
WARNING: Reservoir calculated a storage above the maximum storage.
WARNING: Reservoir calculated an outlet velocity over max velocity, and therefore set the outlet velocity to max velocity.
WARNING: Reservoir calculated a storage above the maximum storage.
WARNING: Reservoir calculated an outlet velocity over max velocity, and therefore set the outlet velocity to max velocity.
WARNING: Reservoir calculated a storage above the maximum storage.
WARNING: Reservoir calculated an outlet velocity over max velocity, and therefore set the outlet velocity to max velocity.
WARNING: Reservoir calculated a storage above the maximum storage.
WARNING: Reservoir calculated an outlet velocity over max velocity, and therefore set the outlet velocity to max velocity.
WARNING: Reservoir calculated a storage above the maximum storage.
WARNING: Reservoir calculated an outlet velocity over max velocity, and therefore set the outlet velocity to max velocity.
WARNING: Reservoir calculated a storage above the maximum storage.
WARNING: Reservoir calculated an outlet velocity over max velocity, and therefore set the outlet velocity to max velocity.
WARNING: Reservoir calculated a storage above the maximum storage.
WARNING: Reservoir calculated an outlet velocity over max velocity, and therefore set the outlet velocity to max velocity.
WARNING: Reservoir calculated a storage above the maximum storage.
WARNING: Reservoir calculated an outlet velocity over max velocity, and therefore set the outlet velocity to max velocity.
WARNING: Reservoir calculated a storage above the maximum storage.
WARNING: Reservoir calculated an outlet velocity over max velocity, and therefore set the outlet velocity to max velocity.
WARNING: Reservoir calculated a storage above the maximum storage.
WARNING: Reservoir calculated an outlet velocity over max velocity, and therefore set the outlet velocity to max velocity.
WARNING: Reservoir calculated a storage above the maximum storage.
WARNING: Reservoir calculated an outlet velocity over max velocity, and therefore set the outlet velocity to max velocity.
WARNING: Reservoir calculated a storage above the maximum storage.
WARNING: Reservoir calculated an outlet velocity over max velocity, and therefore set the outlet velocity to max velocity.
WARNING: Reservoir calculated a storage above the maximum storage.
WARNING: Reservoir calculated an outlet velocity over max velocity, and therefore set the outlet velocity to max velocity.
WARNING: Reservoir calculated a storage above the maximum storage.
WARNING: Reservoir calculated an outlet velocity over max velocity, and therefore set the outlet velocity to max velocity.
WARNING: Reservoir calculated a storage above the maximum storage.
WARNING: Reservoir calculated an outlet velocity over max velocity, and therefore set the outlet velocity to max velocity.
WARNING: Reservoir calculated a storage above the maximum storage.
WARNING: Reservoir calculated an outlet velocity over max velocity, and therefore set the outlet velocity to max velocity.
WARNING: Reservoir calculated a storage above the maximum storage.
WARNING: Reservoir calculated an outlet velocity over max velocity, and therefore set the outlet velocity to max velocity.
WARNING: Reservoir calculated a storage above the maximum storage.
WARNING: Reservoir calculated an outlet velocity over max velocity, and therefore set the outlet velocity to max velocity.
WARNING: Reservoir calculated a storage above the maximum storage.
WARNING: Reservoir calculated an outlet velocity over max velocity, and therefore set the outlet velocity to max velocity.
WARNING: Reservoir calculated a storage above the maximum storage.
WARNING: Reservoir calculated an outlet velocity over max velocity, and therefore set the outlet velocity to max velocity.
WARNING: Reservoir calculated a storage above the maximum storage.
WARNING: Reservoir calculated an outlet velocity over max velocity, and therefore set the outlet velocity to max velocity.
WARNING: Reservoir calculated a storage above the maximum storage.
WARNING: Reservoir calculated an outlet velocity over max velocity, and therefore set the outlet velocity to max velocity.
WARNING: Reservoir calculated a storage above the maximum storage.
WARNING: Reservoir calculated an outlet velocity over max velocity, and therefore set the outlet velocity to max velocity.
WARNING: Reservoir calculated a storage above the maximum storage.
WARNING: Reservoir calculated an outlet velocity over max velocity, and therefore set the outlet velocity to max velocity.
WARNING: Reservoir calculated a storage above the maximum storage.
WARNING: Reservoir calculated an outlet velocity over max velocity, and therefore set the outlet velocity to max velocity.
WARNING: Reservoir calculated a storage above the maximum storage.
WARNING: Reservoir calculated an outlet velocity over max velocity, and therefore set the outlet velocity to max velocity.
WARNING: Reservoir calculated a storage above the maximum storage.
WARNING: Reservoir calculated an outlet velocity over max velocity, and therefore set the outlet velocity to max velocity.
WARNING: Reservoir calculated a storage above the maximum storage.
WARNING: Reservoir calculated an outlet velocity over max velocity, and therefore set the outlet velocity to max velocity.
WARNING: Reservoir calculated a storage above the maximum storage.
WARNING: Reservoir calculated an outlet velocity over max velocity, and therefore set the outlet velocity to max velocity.
WARNING: Reservoir calculated a storage above the maximum storage.
WARNING: Reservoir calculated an outlet velocity over max velocity, and therefore set the outlet velocity to max velocity.
WARNING: Reservoir calculated a storage above the maximum storage.
WARNING: Reservoir calculated an outlet velocity over max velocity, and therefore set the outlet velocity to max velocity.
WARNING: Reservoir calculated a storage above the maximum storage.
WARNING: Reservoir calculated an outlet velocity over max velocity, and therefore set the outlet velocity to max velocity.
WARNING: Reservoir calculated a storage above the maximum storage.
WARNING: Reservoir calculated an outlet velocity over max velocity, and therefore set the outlet velocity to max velocity.
WARNING: Reservoir calculated a storage above the maximum storage.
WARNING: Reservoir calculated an outlet velocity over max velocity, and therefore set the outlet velocity to max velocity.
WARNING: Reservoir calculated a storage above the maximum storage.
WARNING: Reservoir calculated an outlet velocity over max velocity, and therefore set the outlet velocity to max velocity.
WARNING: Reservoir calculated a storage above the maximum storage.
WARNING: Reservoir calculated an outlet velocity over max velocity, and therefore set the outlet velocity to max velocity.
WARNING: Reservoir calculated a storage above the maximum storage.
WARNING: Reservoir calculated an outlet velocity over max velocity, and therefore set the outlet velocity to max velocity.
WARNING: Reservoir calculated a storage above the maximum storage.
WARNING: Reservoir calculated an outlet velocity over max velocity, and therefore set the outlet velocity to max velocity.
WARNING: Reservoir calculated a storage above the maximum storage.
WARNING: Reservoir calculated an outlet velocity over max velocity, and therefore set the outlet velocity to max velocity.
WARNING: Reservoir calculated a storage above the maximum storage.
WARNING: Reservoir calculated an outlet velocity over max velocity, and therefore set the outlet velocity to max velocity.
WARNING: Reservoir calculated a storage above the maximum storage.
WARNING: Reservoir calculated an outlet velocity over max velocity, and therefore set the outlet velocity to max velocity.
WARNING: Reservoir calculated a storage above the maximum storage.
WARNING: Reservoir calculated an outlet velocity over max velocity, and therefore set the outlet velocity to max velocity.
WARNING: Reservoir calculated a storage above the maximum storage.
WARNING: Reservoir calculated an outlet velocity over max velocity, and therefore set the outlet velocity to max velocity.
WARNING: Reservoir calculated a storage above the maximum storage.
WARNING: Reservoir calculated an outlet velocity over max velocity, and therefore set the outlet velocity to max velocity.
WARNING: Reservoir calculated a storage above the maximum storage.
WARNING: Reservoir calculated an outlet velocity over max velocity, and therefore set the outlet velocity to max velocity.
WARNING: Reservoir calculated a storage above the maximum storage.
WARNING: Reservoir calculated an outlet velocity over max velocity, and therefore set the outlet velocity to max velocity.
WARNING: Reservoir calculated a storage above the maximum storage.
WARNING: Reservoir calculated an outlet velocity over max velocity, and therefore set the outlet velocity to max velocity.
WARNING: Reservoir calculated a storage above the maximum storage.
WARNING: Reservoir calculated an outlet velocity over max velocity, and therefore set the outlet velocity to max velocity.
WARNING: Reservoir calculated a storage above the maximum storage.
WARNING: Reservoir calculated an outlet velocity over max velocity, and therefore set the outlet velocity to max velocity.
WARNING: Reservoir calculated a storage above the maximum storage.
WARNING: Reservoir calculated an outlet velocity over max velocity, and therefore set the outlet velocity to max velocity.
WARNING: Reservoir calculated a storage above the maximum storage.
WARNING: Reservoir calculated an outlet velocity over max velocity, and therefore set the outlet velocity to max velocity.
WARNING: Reservoir calculated a storage above the maximum storage.
WARNING: Reservoir calculated an outlet velocity over max velocity, and therefore set the outlet velocity to max velocity.
WARNING: Reservoir calculated a storage above the maximum storage.
WARNING: Reservoir calculated an outlet velocity over max velocity, and therefore set the outlet velocity to max velocity.
WARNING: Reservoir calculated a storage above the maximum storage.
WARNING: Reservoir calculated an outlet velocity over max velocity, and therefore set the outlet velocity to max velocity.
WARNING: Reservoir calculated a storage above the maximum storage.
WARNING: Reservoir calculated an outlet velocity over max velocity, and therefore set the outlet velocity to max velocity.
WARNING: Reservoir calculated a storage above the maximum storage.
WARNING: Reservoir calculated an outlet velocity over max velocity, and therefore set the outlet velocity to max velocity.
WARNING: Reservoir calculated a storage above the maximum storage.
WARNING: Reservoir calculated an outlet velocity over max velocity, and therefore set the outlet velocity to max velocity.
WARNING: Reservoir calculated a storage above the maximum storage.
WARNING: Reservoir calculated an outlet velocity over max velocity, and therefore set the outlet velocity to max velocity.
WARNING: Reservoir calculated a storage above the maximum storage.
WARNING: Reservoir calculated an outlet velocity over max velocity, and therefore set the outlet velocity to max velocity.
WARNING: Reservoir calculated a storage above the maximum storage.
WARNING: Reservoir calculated an outlet velocity over max velocity, and therefore set the outlet velocity to max velocity.
WARNING: Reservoir calculated a storage above the maximum storage.
WARNING: Reservoir calculated an outlet velocity over max velocity, and therefore set the outlet velocity to max velocity.
WARNING: Reservoir calculated a storage above the maximum storage.
WARNING: Reservoir calculated an outlet velocity over max velocity, and therefore set the outlet velocity to max velocity.
WARNING: Reservoir calculated a storage above the maximum storage.
WARNING: Reservoir calculated an outlet velocity over max velocity, and therefore set the outlet velocity to max velocity.
WARNING: Reservoir calculated a storage above the maximum storage.
WARNING: Reservoir calculated an outlet velocity over max velocity, and therefore set the outlet velocity to max velocity.
WARNING: Reservoir calculated a storage above the maximum storage.
WARNING: Reservoir calculated an outlet velocity over max velocity, and therefore set the outlet velocity to max velocity.
WARNING: Reservoir calculated a storage above the maximum storage.
WARNING: Reservoir calculated an outlet velocity over max velocity, and therefore set the outlet velocity to max velocity.
WARNING: Reservoir calculated a storage above the maximum storage.
WARNING: Reservoir calculated an outlet velocity over max velocity, and therefore set the outlet velocity to max velocity.
WARNING: Reservoir calculated a storage above the maximum storage.
WARNING: Reservoir calculated an outlet velocity over max velocity, and therefore set the outlet velocity to max velocity.
WARNING: Reservoir calculated a storage above the maximum storage.
WARNING: Reservoir calculated an outlet velocity over max velocity, and therefore set the outlet velocity to max velocity.
WARNING: Reservoir calculated a storage above the maximum storage.
WARNING: Reservoir calculated an outlet velocity over max velocity, and therefore set the outlet velocity to max velocity.
WARNING: Reservoir calculated a storage above the maximum storage.
WARNING: Reservoir calculated an outlet velocity over max velocity, and therefore set the outlet velocity to max velocity.
WARNING: Reservoir calculated a storage above the maximum storage.
WARNING: Reservoir calculated an outlet velocity over max velocity, and therefore set the outlet velocity to max velocity.
WARNING: Reservoir calculated a storage above the maximum storage.
WARNING: Reservoir calculated an outlet velocity over max velocity, and therefore set the outlet velocity to max velocity.
WARNING: Reservoir calculated a storage above the maximum storage.
WARNING: Reservoir calculated an outlet velocity over max velocity, and therefore set the outlet velocity to max velocity.
WARNING: Reservoir calculated a storage above the maximum storage.
WARNING: Reservoir calculated an outlet velocity over max velocity, and therefore set the outlet velocity to max velocity.
WARNING: Reservoir calculated a storage above the maximum storage.
WARNING: Reservoir calculated an outlet velocity over max velocity, and therefore set the outlet velocity to max velocity.
WARNING: Reservoir calculated a storage above the maximum storage.
WARNING: Reservoir calculated an outlet velocity over max velocity, and therefore set the outlet velocity to max velocity.
WARNING: Reservoir calculated a storage above the maximum storage.
WARNING: Reservoir calculated an outlet velocity over max velocity, and therefore set the outlet velocity to max velocity.
WARNING: Reservoir calculated a storage above the maximum storage.
WARNING: Reservoir calculated an outlet velocity over max velocity, and therefore set the outlet velocity to max velocity.
WARNING: Reservoir calculated a storage above the maximum storage.
WARNING: Reservoir calculated an outlet velocity over max velocity, and therefore set the outlet velocity to max velocity.
WARNING: Reservoir calculated a storage above the maximum storage.
WARNING: Reservoir calculated an outlet velocity over max velocity, and therefore set the outlet velocity to max velocity.
WARNING: Reservoir calculated a storage above the maximum storage.
WARNING: Reservoir calculated an outlet velocity over max velocity, and therefore set the outlet velocity to max velocity.
WARNING: Reservoir calculated a storage above the maximum storage.
WARNING: Reservoir calculated an outlet velocity over max velocity, and therefore set the outlet velocity to max velocity.
WARNING: Reservoir calculated a storage above the maximum storage.
WARNING: Reservoir calculated an outlet velocity over max velocity, and therefore set the outlet velocity to max velocity.
WARNING: Reservoir calculated a storage above the maximum storage.
WARNING: Reservoir calculated an outlet velocity over max velocity, and therefore set the outlet velocity to max velocity.
WARNING: Reservoir calculated a storage above the maximum storage.
WARNING: Reservoir calculated an outlet velocity over max velocity, and therefore set the outlet velocity to max velocity.
WARNING: Reservoir calculated a storage above the maximum storage.
WARNING: Reservoir calculated an outlet velocity over max velocity, and therefore set the outlet velocity to max velocity.
WARNING: Reservoir calculated a storage above the maximum storage.
WARNING: Reservoir calculated an outlet velocity over max velocity, and therefore set the outlet velocity to max velocity.
WARNING: Reservoir calculated a storage above the maximum storage.
WARNING: Reservoir calculated an outlet velocity over max velocity, and therefore set the outlet velocity to max velocity.
WARNING: Reservoir calculated a storage above the maximum storage.
WARNING: Reservoir calculated an outlet velocity over max velocity, and therefore set the outlet velocity to max velocity.
WARNING: Reservoir calculated a storage above the maximum storage.
WARNING: Reservoir calculated an outlet velocity over max velocity, and therefore set the outlet velocity to max velocity.
WARNING: Reservoir calculated a storage above the maximum storage.
WARNING: Reservoir calculated an outlet velocity over max velocity, and therefore set the outlet velocity to max velocity.
WARNING: Reservoir calculated a storage above the maximum storage.
WARNING: Reservoir calculated an outlet velocity over max velocity, and therefore set the outlet velocity to max velocity.
WARNING: Reservoir calculated a storage above the maximum storage.
WARNING: Reservoir calculated an outlet velocity over max velocity, and therefore set the outlet velocity to max velocity.
WARNING: Reservoir calculated a storage above the maximum storage.
WARNING: Reservoir calculated an outlet velocity over max velocity, and therefore set the outlet velocity to max velocity.
WARNING: Reservoir calculated a storage above the maximum storage.
WARNING: Reservoir calculated an outlet velocity over max velocity, and therefore set the outlet velocity to max velocity.
WARNING: Reservoir calculated a storage above the maximum storage.
WARNING: Reservoir calculated an outlet velocity over max velocity, and therefore set the outlet velocity to max velocity.
WARNING: Reservoir calculated a storage above the maximum storage.
WARNING: Reservoir calculated an outlet velocity over max velocity, and therefore set the outlet velocity to max velocity.
WARNING: Reservoir calculated a storage above the maximum storage.
WARNING: Reservoir calculated an outlet velocity over max velocity, and therefore set the outlet velocity to max velocity.
WARNING: Reservoir calculated a storage above the maximum storage.
WARNING: Reservoir calculated an outlet velocity over max velocity, and therefore set the outlet velocity to max velocity.
WARNING: Reservoir calculated a storage above the maximum storage.
WARNING: Reservoir calculated an outlet velocity over max velocity, and therefore set the outlet velocity to max velocity.
WARNING: Reservoir calculated a storage above the maximum storage.
WARNING: Reservoir calculated an outlet velocity over max velocity, and therefore set the outlet velocity to max velocity.
WARNING: Reservoir calculated a storage above the maximum storage.
WARNING: Reservoir calculated an outlet velocity over max velocity, and therefore set the outlet velocity to max velocity.
WARNING: Reservoir calculated a storage above the maximum storage.
WARNING: Reservoir calculated an outlet velocity over max velocity, and therefore set the outlet velocity to max velocity.
WARNING: Reservoir calculated a storage above the maximum storage.
WARNING: Reservoir calculated an outlet velocity over max velocity, and therefore set the outlet velocity to max velocity.
WARNING: Reservoir calculated a storage above the maximum storage.
WARNING: Reservoir calculated an outlet velocity over max velocity, and therefore set the outlet velocity to max velocity.
WARNING: Reservoir calculated a storage above the maximum storage.
WARNING: Reservoir calculated an outlet velocity over max velocity, and therefore set the outlet velocity to max velocity.
WARNING: Reservoir calculated a storage above the maximum storage.
WARNING: Reservoir calculated an outlet velocity over max velocity, and therefore set the outlet velocity to max velocity.
WARNING: Reservoir calculated a storage above the maximum storage.
WARNING: Reservoir calculated an outlet velocity over max velocity, and therefore set the outlet velocity to max velocity.
WARNING: Reservoir calculated a storage above the maximum storage.
WARNING: Reservoir calculated an outlet velocity over max velocity, and therefore set the outlet velocity to max velocity.
WARNING: Reservoir calculated a storage above the maximum storage.
WARNING: Reservoir calculated an outlet velocity over max velocity, and therefore set the outlet velocity to max velocity.
WARNING: Reservoir calculated a storage above the maximum storage.
WARNING: Reservoir calculated an outlet velocity over max velocity, and therefore set the outlet velocity to max velocity.
WARNING: Reservoir calculated a storage above the maximum storage.
WARNING: Reservoir calculated an outlet velocity over max velocity, and therefore set the outlet velocity to max velocity.
WARNING: Reservoir calculated a storage above the maximum storage.
WARNING: Reservoir calculated an outlet velocity over max velocity, and therefore set the outlet velocity to max velocity.
WARNING: Reservoir calculated a storage above the maximum storage.
WARNING: Reservoir calculated an outlet velocity over max velocity, and therefore set the outlet velocity to max velocity.
WARNING: Reservoir calculated a storage above the maximum storage.
WARNING: Reservoir calculated an outlet velocity over max velocity, and therefore set the outlet velocity to max velocity.
WARNING: Reservoir calculated a storage above the maximum storage.
WARNING: Reservoir calculated an outlet velocity over max velocity, and therefore set the outlet velocity to max velocity.
WARNING: Reservoir calculated a storage above the maximum storage.
WARNING: Reservoir calculated an outlet velocity over max velocity, and therefore set the outlet velocity to max velocity.
WARNING: Reservoir calculated a storage above the maximum storage.
WARNING: Reservoir calculated an outlet velocity over max velocity, and therefore set the outlet velocity to max velocity.
WARNING: Reservoir calculated a storage above the maximum storage.
WARNING: Reservoir calculated an outlet velocity over max velocity, and therefore set the outlet velocity to max velocity.
WARNING: Reservoir calculated a storage above the maximum storage.
WARNING: Reservoir calculated an outlet velocity over max velocity, and therefore set the outlet velocity to max velocity.
WARNING: Reservoir calculated a storage above the maximum storage.
WARNING: Reservoir calculated an outlet velocity over max velocity, and therefore set the outlet velocity to max velocity.
WARNING: Reservoir calculated a storage above the maximum storage.
WARNING: Reservoir calculated an outlet velocity over max velocity, and therefore set the outlet velocity to max velocity.
WARNING: Reservoir calculated a storage above the maximum storage.
WARNING: Reservoir calculated an outlet velocity over max velocity, and therefore set the outlet velocity to max velocity.
WARNING: Reservoir calculated a storage above the maximum storage.
WARNING: Reservoir calculated an outlet velocity over max velocity, and therefore set the outlet velocity to max velocity.
WARNING: Reservoir calculated a storage above the maximum storage.
WARNING: Reservoir calculated an outlet velocity over max velocity, and therefore set the outlet velocity to max velocity.
WARNING: Reservoir calculated a storage above the maximum storage.
WARNING: Reservoir calculated an outlet velocity over max velocity, and therefore set the outlet velocity to max velocity.
WARNING: Reservoir calculated a storage above the maximum storage.
WARNING: Reservoir calculated an outlet velocity over max velocity, and therefore set the outlet velocity to max velocity.
WARNING: Reservoir calculated a storage above the maximum storage.
WARNING: Reservoir calculated an outlet velocity over max velocity, and therefore set the outlet velocity to max velocity.
WARNING: Reservoir calculated a storage above the maximum storage.
WARNING: Reservoir calculated an outlet velocity over max velocity, and therefore set the outlet velocity to max velocity.
WARNING: Reservoir calculated a storage above the maximum storage.
WARNING: Reservoir calculated an outlet velocity over max velocity, and therefore set the outlet velocity to max velocity.
WARNING: Reservoir calculated a storage above the maximum storage.
WARNING: Reservoir calculated an outlet velocity over max velocity, and therefore set the outlet velocity to max velocity.
WARNING: Reservoir calculated a storage above the maximum storage.
WARNING: Reservoir calculated an outlet velocity over max velocity, and therefore set the outlet velocity to max velocity.
WARNING: Reservoir calculated a storage above the maximum storage.
WARNING: Reservoir calculated an outlet velocity over max velocity, and therefore set the outlet velocity to max velocity.
WARNING: Reservoir calculated a storage above the maximum storage.
WARNING: Reservoir calculated an outlet velocity over max velocity, and therefore set the outlet velocity to max velocity.
WARNING: Reservoir calculated a storage above the maximum storage.
WARNING: Reservoir calculated an outlet velocity over max velocity, and therefore set the outlet velocity to max velocity.
WARNING: Reservoir calculated a storage above the maximum storage.
WARNING: Reservoir calculated an outlet velocity over max velocity, and therefore set the outlet velocity to max velocity.
WARNING: Reservoir calculated a storage above the maximum storage.
WARNING: Reservoir calculated an outlet velocity over max velocity, and therefore set the outlet velocity to max velocity.
WARNING: Reservoir calculated a storage above the maximum storage.
WARNING: Reservoir calculated an outlet velocity over max velocity, and therefore set the outlet velocity to max velocity.
WARNING: Reservoir calculated a storage above the maximum storage.
WARNING: Reservoir calculated an outlet velocity over max velocity, and therefore set the outlet velocity to max velocity.
WARNING: Reservoir calculated a storage above the maximum storage.
WARNING: Reservoir calculated an outlet velocity over max velocity, and therefore set the outlet velocity to max velocity.
WARNING: Reservoir calculated a storage above the maximum storage.
WARNING: Reservoir calculated an outlet velocity over max velocity, and therefore set the outlet velocity to max velocity.
WARNING: Reservoir calculated a storage above the maximum storage.
WARNING: Reservoir calculated an outlet velocity over max velocity, and therefore set the outlet velocity to max velocity.
WARNING: Reservoir calculated a storage above the maximum storage.
WARNING: Reservoir calculated an outlet velocity over max velocity, and therefore set the outlet velocity to max velocity.
WARNING: Reservoir calculated a storage above the maximum storage.
WARNING: Reservoir calculated an outlet velocity over max velocity, and therefore set the outlet velocity to max velocity.
WARNING: Reservoir calculated a storage above the maximum storage.
WARNING: Reservoir calculated an outlet velocity over max velocity, and therefore set the outlet velocity to max velocity.
WARNING: Reservoir calculated a storage above the maximum storage.
WARNING: Reservoir calculated an outlet velocity over max velocity, and therefore set the outlet velocity to max velocity.
WARNING: Reservoir calculated a storage above the maximum storage.
WARNING: Reservoir calculated an outlet velocity over max velocity, and therefore set the outlet velocity to max velocity.
WARNING: Reservoir calculated a storage above the maximum storage.
WARNING: Reservoir calculated an outlet velocity over max velocity, and therefore set the outlet velocity to max velocity.
WARNING: Reservoir calculated a storage above the maximum storage.
WARNING: Reservoir calculated an outlet velocity over max velocity, and therefore set the outlet velocity to max velocity.
WARNING: Reservoir calculated a storage above the maximum storage.
WARNING: Reservoir calculated an outlet velocity over max velocity, and therefore set the outlet velocity to max velocity.
WARNING: Reservoir calculated a storage above the maximum storage.
WARNING: Reservoir calculated an outlet velocity over max velocity, and therefore set the outlet velocity to max velocity.
WARNING: Reservoir calculated a storage above the maximum storage.
WARNING: Reservoir calculated an outlet velocity over max velocity, and therefore set the outlet velocity to max velocity.
WARNING: Reservoir calculated a storage above the maximum storage.
WARNING: Reservoir calculated an outlet velocity over max velocity, and therefore set the outlet velocity to max velocity.
WARNING: Reservoir calculated a storage above the maximum storage.
WARNING: Reservoir calculated an outlet velocity over max velocity, and therefore set the outlet velocity to max velocity.
WARNING: Reservoir calculated a storage above the maximum storage.
WARNING: Reservoir calculated an outlet velocity over max velocity, and therefore set the outlet velocity to max velocity.
WARNING: Reservoir calculated a storage above the maximum storage.
WARNING: Reservoir calculated an outlet velocity over max velocity, and therefore set the outlet velocity to max velocity.
WARNING: Reservoir calculated a storage above the maximum storage.
WARNING: Reservoir calculated an outlet velocity over max velocity, and therefore set the outlet velocity to max velocity.
WARNING: Reservoir calculated a storage above the maximum storage.
WARNING: Reservoir calculated an outlet velocity over max velocity, and therefore set the outlet velocity to max velocity.
WARNING: Reservoir calculated a storage above the maximum storage.
WARNING: Reservoir calculated an outlet velocity over max velocity, and therefore set the outlet velocity to max velocity.
WARNING: Reservoir calculated a storage above the maximum storage.
WARNING: Reservoir calculated an outlet velocity over max velocity, and therefore set the outlet velocity to max velocity.
WARNING: Reservoir calculated a storage above the maximum storage.
WARNING: Reservoir calculated an outlet velocity over max velocity, and therefore set the outlet velocity to max velocity.
WARNING: Reservoir calculated a storage above the maximum storage.
WARNING: Reservoir calculated an outlet velocity over max velocity, and therefore set the outlet velocity to max velocity.
WARNING: Reservoir calculated a storage above the maximum storage.
WARNING: Reservoir calculated an outlet velocity over max velocity, and therefore set the outlet velocity to max velocity.
WARNING: Reservoir calculated a storage above the maximum storage.
WARNING: Reservoir calculated an outlet velocity over max velocity, and therefore set the outlet velocity to max velocity.
WARNING: Reservoir calculated a storage above the maximum storage.
WARNING: Reservoir calculated an outlet velocity over max velocity, and therefore set the outlet velocity to max velocity.
WARNING: Reservoir calculated a storage above the maximum storage.
WARNING: Reservoir calculated an outlet velocity over max velocity, and therefore set the outlet velocity to max velocity.
WARNING: Reservoir calculated a storage above the maximum storage.
WARNING: Reservoir calculated an outlet velocity over max velocity, and therefore set the outlet velocity to max velocity.
WARNING: Reservoir calculated a storage above the maximum storage.
WARNING: Reservoir calculated an outlet velocity over max velocity, and therefore set the outlet velocity to max velocity.
WARNING: Reservoir calculated a storage above the maximum storage.
WARNING: Reservoir calculated an outlet velocity over max velocity, and therefore set the outlet velocity to max velocity.
WARNING: Reservoir calculated a storage above the maximum storage.
WARNING: Reservoir calculated an outlet velocity over max velocity, and therefore set the outlet velocity to max velocity.
WARNING: Reservoir calculated a storage above the maximum storage.
WARNING: Reservoir calculated an outlet velocity over max velocity, and therefore set the outlet velocity to max velocity.
WARNING: Reservoir calculated a storage above the maximum storage.
WARNING: Reservoir calculated an outlet velocity over max velocity, and therefore set the outlet velocity to max velocity.
WARNING: Reservoir calculated a storage above the maximum storage.
WARNING: Reservoir calculated an outlet velocity over max velocity, and therefore set the outlet velocity to max velocity.
WARNING: Reservoir calculated a storage above the maximum storage.
WARNING: Reservoir calculated an outlet velocity over max velocity, and therefore set the outlet velocity to max velocity.
WARNING: Reservoir calculated a storage above the maximum storage.
WARNING: Reservoir calculated an outlet velocity over max velocity, and therefore set the outlet velocity to max velocity.
WARNING: Reservoir calculated a storage above the maximum storage.
WARNING: Reservoir calculated an outlet velocity over max velocity, and therefore set the outlet velocity to max velocity.
WARNING: Reservoir calculated a storage above the maximum storage.
WARNING: Reservoir calculated an outlet velocity over max velocity, and therefore set the outlet velocity to max velocity.
WARNING: Reservoir calculated a storage above the maximum storage.
WARNING: Reservoir calculated an outlet velocity over max velocity, and therefore set the outlet velocity to max velocity.
WARNING: Reservoir calculated a storage above the maximum storage.
WARNING: Reservoir calculated an outlet velocity over max velocity, and therefore set the outlet velocity to max velocity.
WARNING: Reservoir calculated a storage above the maximum storage.
WARNING: Reservoir calculated an outlet velocity over max velocity, and therefore set the outlet velocity to max velocity.
WARNING: Reservoir calculated a storage above the maximum storage.
WARNING: Reservoir calculated an outlet velocity over max velocity, and therefore set the outlet velocity to max velocity.
WARNING: Reservoir calculated a storage above the maximum storage.
WARNING: Reservoir calculated an outlet velocity over max velocity, and therefore set the outlet velocity to max velocity.
WARNING: Reservoir calculated a storage above the maximum storage.
WARNING: Reservoir calculated an outlet velocity over max velocity, and therefore set the outlet velocity to max velocity.
WARNING: Reservoir calculated a storage above the maximum storage.
WARNING: Reservoir calculated an outlet velocity over max velocity, and therefore set the outlet velocity to max velocity.
WARNING: Reservoir calculated a storage above the maximum storage.
WARNING: Reservoir calculated an outlet velocity over max velocity, and therefore set the outlet velocity to max velocity.
WARNING: Reservoir calculated a storage above the maximum storage.
WARNING: Reservoir calculated an outlet velocity over max velocity, and therefore set the outlet velocity to max velocity.
WARNING: Reservoir calculated a storage above the maximum storage.
WARNING: Reservoir calculated an outlet velocity over max velocity, and therefore set the outlet velocity to max velocity.
WARNING: Reservoir calculated a storage above the maximum storage.
WARNING: Reservoir calculated an outlet velocity over max velocity, and therefore set the outlet velocity to max velocity.
WARNING: Reservoir calculated a storage above the maximum storage.
WARNING: Reservoir calculated an outlet velocity over max velocity, and therefore set the outlet velocity to max velocity.
WARNING: Reservoir calculated a storage above the maximum storage.
WARNING: Reservoir calculated an outlet velocity over max velocity, and therefore set the outlet velocity to max velocity.
WARNING: Reservoir calculated a storage above the maximum storage.
WARNING: Reservoir calculated an outlet velocity over max velocity, and therefore set the outlet velocity to max velocity.
WARNING: Reservoir calculated a storage above the maximum storage.
WARNING: Reservoir calculated an outlet velocity over max velocity, and therefore set the outlet velocity to max velocity.
WARNING: Reservoir calculated a storage above the maximum storage.
WARNING: Reservoir calculated an outlet velocity over max velocity, and therefore set the outlet velocity to max velocity.
WARNING: Reservoir calculated a storage above the maximum storage.
WARNING: Reservoir calculated an outlet velocity over max velocity, and therefore set the outlet velocity to max velocity.
WARNING: Reservoir calculated a storage above the maximum storage.
WARNING: Reservoir calculated an outlet velocity over max velocity, and therefore set the outlet velocity to max velocity.
WARNING: Reservoir calculated a storage above the maximum storage.
WARNING: Reservoir calculated an outlet velocity over max velocity, and therefore set the outlet velocity to max velocity.
WARNING: Reservoir calculated a storage above the maximum storage.
WARNING: Reservoir calculated an outlet velocity over max velocity, and therefore set the outlet velocity to max velocity.
WARNING: Reservoir calculated a storage above the maximum storage.
WARNING: Reservoir calculated an outlet velocity over max velocity, and therefore set the outlet velocity to max velocity.
WARNING: Reservoir calculated a storage above the maximum storage.
WARNING: Reservoir calculated an outlet velocity over max velocity, and therefore set the outlet velocity to max velocity.
WARNING: Reservoir calculated a storage above the maximum storage.
WARNING: Reservoir calculated an outlet velocity over max velocity, and therefore set the outlet velocity to max velocity.
WARNING: Reservoir calculated a storage above the maximum storage.
WARNING: Reservoir calculated an outlet velocity over max velocity, and therefore set the outlet velocity to max velocity.
WARNING: Reservoir calculated a storage above the maximum storage.
WARNING: Reservoir calculated an outlet velocity over max velocity, and therefore set the outlet velocity to max velocity.
WARNING: Reservoir calculated a storage above the maximum storage.
WARNING: Reservoir calculated an outlet velocity over max velocity, and therefore set the outlet velocity to max velocity.
WARNING: Reservoir calculated a storage above the maximum storage.
WARNING: Reservoir calculated an outlet velocity over max velocity, and therefore set the outlet velocity to max velocity.
WARNING: Reservoir calculated a storage above the maximum storage.
WARNING: Reservoir calculated an outlet velocity over max velocity, and therefore set the outlet velocity to max velocity.
WARNING: Reservoir calculated a storage above the maximum storage.
WARNING: Reservoir calculated an outlet velocity over max velocity, and therefore set the outlet velocity to max velocity.
WARNING: Reservoir calculated a storage above the maximum storage.
WARNING: Reservoir calculated an outlet velocity over max velocity, and therefore set the outlet velocity to max velocity.
WARNING: Reservoir calculated a storage above the maximum storage.
WARNING: Reservoir calculated an outlet velocity over max velocity, and therefore set the outlet velocity to max velocity.
WARNING: Reservoir calculated a storage above the maximum storage.
WARNING: Reservoir calculated an outlet velocity over max velocity, and therefore set the outlet velocity to max velocity.
WARNING: Reservoir calculated a storage above the maximum storage.
WARNING: Reservoir calculated an outlet velocity over max velocity, and therefore set the outlet velocity to max velocity.
WARNING: Reservoir calculated a storage above the maximum storage.
WARNING: Reservoir calculated an outlet velocity over max velocity, and therefore set the outlet velocity to max velocity.
WARNING: Reservoir calculated a storage above the maximum storage.
WARNING: Reservoir calculated an outlet velocity over max velocity, and therefore set the outlet velocity to max velocity.
WARNING: Reservoir calculated a storage above the maximum storage.
WARNING: Reservoir calculated an outlet velocity over max velocity, and therefore set the outlet velocity to max velocity.
WARNING: Reservoir calculated a storage above the maximum storage.
WARNING: Reservoir calculated an outlet velocity over max velocity, and therefore set the outlet velocity to max velocity.
WARNING: Reservoir calculated a storage above the maximum storage.
WARNING: Reservoir calculated an outlet velocity over max velocity, and therefore set the outlet velocity to max velocity.
WARNING: Reservoir calculated a storage above the maximum storage.
WARNING: Reservoir calculated an outlet velocity over max velocity, and therefore set the outlet velocity to max velocity.
WARNING: Reservoir calculated a storage above the maximum storage.
WARNING: Reservoir calculated an outlet velocity over max velocity, and therefore set the outlet velocity to max velocity.
WARNING: Reservoir calculated a storage above the maximum storage.
WARNING: Reservoir calculated an outlet velocity over max velocity, and therefore set the outlet velocity to max velocity.
WARNING: Reservoir calculated a storage above the maximum storage.
WARNING: Reservoir calculated an outlet velocity over max velocity, and therefore set the outlet velocity to max velocity.
WARNING: Reservoir calculated a storage above the maximum storage.
WARNING: Reservoir calculated an outlet velocity over max velocity, and therefore set the outlet velocity to max velocity.
WARNING: Reservoir calculated a storage above the maximum storage.
WARNING: Reservoir calculated an outlet velocity over max velocity, and therefore set the outlet velocity to max velocity.
WARNING: Reservoir calculated a storage above the maximum storage.
WARNING: Reservoir calculated an outlet velocity over max velocity, and therefore set the outlet velocity to max velocity.
WARNING: Reservoir calculated a storage above the maximum storage.
WARNING: Reservoir calculated an outlet velocity over max velocity, and therefore set the outlet velocity to max velocity.
WARNING: Reservoir calculated a storage above the maximum storage.
WARNING: Reservoir calculated an outlet velocity over max velocity, and therefore set the outlet velocity to max velocity.
WARNING: Reservoir calculated a storage above the maximum storage.
WARNING: Reservoir calculated an outlet velocity over max velocity, and therefore set the outlet velocity to max velocity.
WARNING: Reservoir calculated a storage above the maximum storage.
WARNING: Reservoir calculated an outlet velocity over max velocity, and therefore set the outlet velocity to max velocity.
WARNING: Reservoir calculated a storage above the maximum storage.
WARNING: Reservoir calculated an outlet velocity over max velocity, and therefore set the outlet velocity to max velocity.
WARNING: Reservoir calculated a storage above the maximum storage.
WARNING: Reservoir calculated an outlet velocity over max velocity, and therefore set the outlet velocity to max velocity.
WARNING: Reservoir calculated a storage above the maximum storage.
WARNING: Reservoir calculated an outlet velocity over max velocity, and therefore set the outlet velocity to max velocity.
WARNING: Reservoir calculated a storage above the maximum storage.
WARNING: Reservoir calculated an outlet velocity over max velocity, and therefore set the outlet velocity to max velocity.
WARNING: Reservoir calculated a storage above the maximum storage.
WARNING: Reservoir calculated an outlet velocity over max velocity, and therefore set the outlet velocity to max velocity.
WARNING: Reservoir calculated a storage above the maximum storage.
WARNING: Reservoir calculated an outlet velocity over max velocity, and therefore set the outlet velocity to max velocity.
WARNING: Reservoir calculated a storage above the maximum storage.
WARNING: Reservoir calculated an outlet velocity over max velocity, and therefore set the outlet velocity to max velocity.
WARNING: Reservoir calculated a storage above the maximum storage.
WARNING: Reservoir calculated an outlet velocity over max velocity, and therefore set the outlet velocity to max velocity.
WARNING: Reservoir calculated a storage above the maximum storage.
WARNING: Reservoir calculated an outlet velocity over max velocity, and therefore set the outlet velocity to max velocity.
WARNING: Reservoir calculated a storage above the maximum storage.
WARNING: Reservoir calculated an outlet velocity over max velocity, and therefore set the outlet velocity to max velocity.
WARNING: Reservoir calculated a storage above the maximum storage.
WARNING: Reservoir calculated an outlet velocity over max velocity, and therefore set the outlet velocity to max velocity.
WARNING: Reservoir calculated a storage above the maximum storage.
WARNING: Reservoir calculated an outlet velocity over max velocity, and therefore set the outlet velocity to max velocity.
WARNING: Reservoir calculated a storage above the maximum storage.
WARNING: Reservoir calculated an outlet velocity over max velocity, and therefore set the outlet velocity to max velocity.
WARNING: Reservoir calculated a storage above the maximum storage.
WARNING: Reservoir calculated an outlet velocity over max velocity, and therefore set the outlet velocity to max velocity.
WARNING: Reservoir calculated a storage above the maximum storage.
WARNING: Reservoir calculated an outlet velocity over max velocity, and therefore set the outlet velocity to max velocity.
WARNING: Reservoir calculated a storage above the maximum storage.
WARNING: Reservoir calculated an outlet velocity over max velocity, and therefore set the outlet velocity to max velocity.
WARNING: Reservoir calculated a storage above the maximum storage.
WARNING: Reservoir calculated an outlet velocity over max velocity, and therefore set the outlet velocity to max velocity.
WARNING: Reservoir calculated a storage above the maximum storage.
WARNING: Reservoir calculated an outlet velocity over max velocity, and therefore set the outlet velocity to max velocity.
WARNING: Reservoir calculated a storage above the maximum storage.
WARNING: Reservoir calculated an outlet velocity over max velocity, and therefore set the outlet velocity to max velocity.
WARNING: Reservoir calculated a storage above the maximum storage.
WARNING: Reservoir calculated an outlet velocity over max velocity, and therefore set the outlet velocity to max velocity.
WARNING: Reservoir calculated a storage above the maximum storage.
WARNING: Reservoir calculated an outlet velocity over max velocity, and therefore set the outlet velocity to max velocity.
WARNING: Reservoir calculated a storage above the maximum storage.
WARNING: Reservoir calculated an outlet velocity over max velocity, and therefore set the outlet velocity to max velocity.
WARNING: Reservoir calculated a storage above the maximum storage.
WARNING: Reservoir calculated an outlet velocity over max velocity, and therefore set the outlet velocity to max velocity.
WARNING: Reservoir calculated a storage above the maximum storage.
WARNING: Reservoir calculated an outlet velocity over max velocity, and therefore set the outlet velocity to max velocity.
WARNING: Reservoir calculated a storage above the maximum storage.
WARNING: Reservoir calculated an outlet velocity over max velocity, and therefore set the outlet velocity to max velocity.
WARNING: Reservoir calculated a storage above the maximum storage.
WARNING: Reservoir calculated an outlet velocity over max velocity, and therefore set the outlet velocity to max velocity.
WARNING: Reservoir calculated a storage above the maximum storage.
WARNING: Reservoir calculated an outlet velocity over max velocity, and therefore set the outlet velocity to max velocity.
WARNING: Reservoir calculated a storage above the maximum storage.
WARNING: Reservoir calculated an outlet velocity over max velocity, and therefore set the outlet velocity to max velocity.
WARNING: Reservoir calculated a storage above the maximum storage.
WARNING: Reservoir calculated an outlet velocity over max velocity, and therefore set the outlet velocity to max velocity.
WARNING: Reservoir calculated a storage above the maximum storage.
WARNING: Reservoir calculated an outlet velocity over max velocity, and therefore set the outlet velocity to max velocity.
WARNING: Reservoir calculated a storage above the maximum storage.
WARNING: Reservoir calculated an outlet velocity over max velocity, and therefore set the outlet velocity to max velocity.
WARNING: Reservoir calculated a storage above the maximum storage.
WARNING: Reservoir calculated an outlet velocity over max velocity, and therefore set the outlet velocity to max velocity.
WARNING: Reservoir calculated a storage above the maximum storage.
WARNING: Reservoir calculated an outlet velocity over max velocity, and therefore set the outlet velocity to max velocity.
WARNING: Reservoir calculated a storage above the maximum storage.
WARNING: Reservoir calculated an outlet velocity over max velocity, and therefore set the outlet velocity to max velocity.
WARNING: Reservoir calculated a storage above the maximum storage.
WARNING: Reservoir calculated an outlet velocity over max velocity, and therefore set the outlet velocity to max velocity.
WARNING: Reservoir calculated a storage above the maximum storage.
WARNING: Reservoir calculated an outlet velocity over max velocity, and therefore set the outlet velocity to max velocity.
WARNING: Reservoir calculated a storage above the maximum storage.
WARNING: Reservoir calculated an outlet velocity over max velocity, and therefore set the outlet velocity to max velocity.
WARNING: Reservoir calculated a storage above the maximum storage.
WARNING: Reservoir calculated an outlet velocity over max velocity, and therefore set the outlet velocity to max velocity.
WARNING: Reservoir calculated a storage above the maximum storage.
WARNING: Reservoir calculated an outlet velocity over max velocity, and therefore set the outlet velocity to max velocity.
WARNING: Reservoir calculated a storage above the maximum storage.
WARNING: Reservoir calculated an outlet velocity over max velocity, and therefore set the outlet velocity to max velocity.
WARNING: Reservoir calculated a storage above the maximum storage.
WARNING: Reservoir calculated an outlet velocity over max velocity, and therefore set the outlet velocity to max velocity.
WARNING: Reservoir calculated a storage above the maximum storage.
WARNING: Reservoir calculated an outlet velocity over max velocity, and therefore set the outlet velocity to max velocity.
WARNING: Reservoir calculated a storage above the maximum storage.
WARNING: Reservoir calculated an outlet velocity over max velocity, and therefore set the outlet velocity to max velocity.
WARNING: Reservoir calculated a storage above the maximum storage.
WARNING: Reservoir calculated an outlet velocity over max velocity, and therefore set the outlet velocity to max velocity.
WARNING: Reservoir calculated a storage above the maximum storage.
WARNING: Reservoir calculated an outlet velocity over max velocity, and therefore set the outlet velocity to max velocity.
WARNING: Reservoir calculated a storage above the maximum storage.
WARNING: Reservoir calculated an outlet velocity over max velocity, and therefore set the outlet velocity to max velocity.
WARNING: Reservoir calculated a storage above the maximum storage.
WARNING: Reservoir calculated an outlet velocity over max velocity, and therefore set the outlet velocity to max velocity.
WARNING: Reservoir calculated a storage above the maximum storage.
WARNING: Reservoir calculated an outlet velocity over max velocity, and therefore set the outlet velocity to max velocity.
WARNING: Reservoir calculated a storage above the maximum storage.
WARNING: Reservoir calculated an outlet velocity over max velocity, and therefore set the outlet velocity to max velocity.
WARNING: Reservoir calculated a storage above the maximum storage.
WARNING: Reservoir calculated an outlet velocity over max velocity, and therefore set the outlet velocity to max velocity.
WARNING: Reservoir calculated a storage above the maximum storage.
WARNING: Reservoir calculated an outlet velocity over max velocity, and therefore set the outlet velocity to max velocity.
WARNING: Reservoir calculated a storage above the maximum storage.
WARNING: Reservoir calculated an outlet velocity over max velocity, and therefore set the outlet velocity to max velocity.
WARNING: Reservoir calculated a storage above the maximum storage.
WARNING: Reservoir calculated an outlet velocity over max velocity, and therefore set the outlet velocity to max velocity.
WARNING: Reservoir calculated a storage above the maximum storage.
WARNING: Reservoir calculated an outlet velocity over max velocity, and therefore set the outlet velocity to max velocity.
WARNING: Reservoir calculated a storage above the maximum storage.
WARNING: Reservoir calculated an outlet velocity over max velocity, and therefore set the outlet velocity to max velocity.
WARNING: Reservoir calculated a storage above the maximum storage.
WARNING: Reservoir calculated an outlet velocity over max velocity, and therefore set the outlet velocity to max velocity.
WARNING: Reservoir calculated a storage above the maximum storage.
WARNING: Reservoir calculated an outlet velocity over max velocity, and therefore set the outlet velocity to max velocity.
WARNING: Reservoir calculated a storage above the maximum storage.
WARNING: Reservoir calculated an outlet velocity over max velocity, and therefore set the outlet velocity to max velocity.
WARNING: Reservoir calculated a storage above the maximum storage.
WARNING: Reservoir calculated an outlet velocity over max velocity, and therefore set the outlet velocity to max velocity.
WARNING: Reservoir calculated a storage above the maximum storage.
WARNING: Reservoir calculated an outlet velocity over max velocity, and therefore set the outlet velocity to max velocity.
WARNING: Reservoir calculated a storage above the maximum storage.
WARNING: Reservoir calculated an outlet velocity over max velocity, and therefore set the outlet velocity to max velocity.
WARNING: Reservoir calculated a storage above the maximum storage.
WARNING: Reservoir calculated an outlet velocity over max velocity, and therefore set the outlet velocity to max velocity.
WARNING: Reservoir calculated a storage above the maximum storage.
WARNING: Reservoir calculated an outlet velocity over max velocity, and therefore set the outlet velocity to max velocity.
WARNING: Reservoir calculated a storage above the maximum storage.
WARNING: Reservoir calculated an outlet velocity over max velocity, and therefore set the outlet velocity to max velocity.
WARNING: Reservoir calculated a storage above the maximum storage.
WARNING: Reservoir calculated an outlet velocity over max velocity, and therefore set the outlet velocity to max velocity.
WARNING: Reservoir calculated a storage above the maximum storage.
WARNING: Reservoir calculated an outlet velocity over max velocity, and therefore set the outlet velocity to max velocity.
WARNING: Reservoir calculated a storage above the maximum storage.
WARNING: Reservoir calculated an outlet velocity over max velocity, and therefore set the outlet velocity to max velocity.
WARNING: Reservoir calculated a storage above the maximum storage.
WARNING: Reservoir calculated an outlet velocity over max velocity, and therefore set the outlet velocity to max velocity.
WARNING: Reservoir calculated a storage above the maximum storage.
WARNING: Reservoir calculated an outlet velocity over max velocity, and therefore set the outlet velocity to max velocity.
WARNING: Reservoir calculated a storage above the maximum storage.
WARNING: Reservoir calculated an outlet velocity over max velocity, and therefore set the outlet velocity to max velocity.
WARNING: Reservoir calculated a storage above the maximum storage.
WARNING: Reservoir calculated an outlet velocity over max velocity, and therefore set the outlet velocity to max velocity.
WARNING: Reservoir calculated a storage above the maximum storage.
WARNING: Reservoir calculated an outlet velocity over max velocity, and therefore set the outlet velocity to max velocity.
WARNING: Reservoir calculated a storage above the maximum storage.
WARNING: Reservoir calculated an outlet velocity over max velocity, and therefore set the outlet velocity to max velocity.
WARNING: Reservoir calculated a storage above the maximum storage.
WARNING: Reservoir calculated an outlet velocity over max velocity, and therefore set the outlet velocity to max velocity.
WARNING: Reservoir calculated a storage above the maximum storage.
WARNING: Reservoir calculated an outlet velocity over max velocity, and therefore set the outlet velocity to max velocity.
WARNING: Reservoir calculated a storage above the maximum storage.
WARNING: Reservoir calculated an outlet velocity over max velocity, and therefore set the outlet velocity to max velocity.
WARNING: Reservoir calculated a storage above the maximum storage.
WARNING: Reservoir calculated an outlet velocity over max velocity, and therefore set the outlet velocity to max velocity.
WARNING: Reservoir calculated a storage above the maximum storage.
WARNING: Reservoir calculated an outlet velocity over max velocity, and therefore set the outlet velocity to max velocity.
WARNING: Reservoir calculated a storage above the maximum storage.
WARNING: Reservoir calculated an outlet velocity over max velocity, and therefore set the outlet velocity to max velocity.
WARNING: Reservoir calculated a storage above the maximum storage.
WARNING: Reservoir calculated an outlet velocity over max velocity, and therefore set the outlet velocity to max velocity.
WARNING: Reservoir calculated a storage above the maximum storage.
WARNING: Reservoir calculated an outlet velocity over max velocity, and therefore set the outlet velocity to max velocity.
WARNING: Reservoir calculated a storage above the maximum storage.
WARNING: Reservoir calculated an outlet velocity over max velocity, and therefore set the outlet velocity to max velocity.
WARNING: Reservoir calculated a storage above the maximum storage.
WARNING: Reservoir calculated an outlet velocity over max velocity, and therefore set the outlet velocity to max velocity.
WARNING: Reservoir calculated a storage above the maximum storage.
WARNING: Reservoir calculated an outlet velocity over max velocity, and therefore set the outlet velocity to max velocity.
WARNING: Reservoir calculated a storage above the maximum storage.
WARNING: Reservoir calculated an outlet velocity over max velocity, and therefore set the outlet velocity to max velocity.
WARNING: Reservoir calculated a storage above the maximum storage.
WARNING: Reservoir calculated an outlet velocity over max velocity, and therefore set the outlet velocity to max velocity.
WARNING: Reservoir calculated a storage above the maximum storage.
WARNING: Reservoir calculated an outlet velocity over max velocity, and therefore set the outlet velocity to max velocity.
WARNING: Reservoir calculated a storage above the maximum storage.
WARNING: Reservoir calculated an outlet velocity over max velocity, and therefore set the outlet velocity to max velocity.
WARNING: Reservoir calculated a storage above the maximum storage.
WARNING: Reservoir calculated an outlet velocity over max velocity, and therefore set the outlet velocity to max velocity.
WARNING: Reservoir calculated a storage above the maximum storage.
WARNING: Reservoir calculated an outlet velocity over max velocity, and therefore set the outlet velocity to max velocity.
WARNING: Reservoir calculated a storage above the maximum storage.
WARNING: Reservoir calculated an outlet velocity over max velocity, and therefore set the outlet velocity to max velocity.
WARNING: Reservoir calculated a storage above the maximum storage.
WARNING: Reservoir calculated an outlet velocity over max velocity, and therefore set the outlet velocity to max velocity.
WARNING: Reservoir calculated a storage above the maximum storage.
WARNING: Reservoir calculated an outlet velocity over max velocity, and therefore set the outlet velocity to max velocity.
WARNING: Reservoir calculated a storage above the maximum storage.
WARNING: Reservoir calculated an outlet velocity over max velocity, and therefore set the outlet velocity to max velocity.
WARNING: Reservoir calculated a storage above the maximum storage.
WARNING: Reservoir calculated an outlet velocity over max velocity, and therefore set the outlet velocity to max velocity.
WARNING: Reservoir calculated a storage above the maximum storage.
WARNING: Reservoir calculated an outlet velocity over max velocity, and therefore set the outlet velocity to max velocity.
WARNING: Reservoir calculated a storage above the maximum storage.
WARNING: Reservoir calculated an outlet velocity over max velocity, and therefore set the outlet velocity to max velocity.
WARNING: Reservoir calculated a storage above the maximum storage.
WARNING: Reservoir calculated an outlet velocity over max velocity, and therefore set the outlet velocity to max velocity.
WARNING: Reservoir calculated a storage above the maximum storage.
WARNING: Reservoir calculated an outlet velocity over max velocity, and therefore set the outlet velocity to max velocity.
WARNING: Reservoir calculated a storage above the maximum storage.
WARNING: Reservoir calculated an outlet velocity over max velocity, and therefore set the outlet velocity to max velocity.
WARNING: Reservoir calculated a storage above the maximum storage.
WARNING: Reservoir calculated an outlet velocity over max velocity, and therefore set the outlet velocity to max velocity.
WARNING: Reservoir calculated a storage above the maximum storage.
WARNING: Reservoir calculated an outlet velocity over max velocity, and therefore set the outlet velocity to max velocity.
WARNING: Reservoir calculated a storage above the maximum storage.
WARNING: Reservoir calculated an outlet velocity over max velocity, and therefore set the outlet velocity to max velocity.
WARNING: Reservoir calculated a storage above the maximum storage.
WARNING: Reservoir calculated an outlet velocity over max velocity, and therefore set the outlet velocity to max velocity.
WARNING: Reservoir calculated a storage above the maximum storage.
WARNING: Reservoir calculated an outlet velocity over max velocity, and therefore set the outlet velocity to max velocity.
WARNING: Reservoir calculated a storage above the maximum storage.
WARNING: Reservoir calculated an outlet velocity over max velocity, and therefore set the outlet velocity to max velocity.
WARNING: Reservoir calculated a storage above the maximum storage.
WARNING: Reservoir calculated an outlet velocity over max velocity, and therefore set the outlet velocity to max velocity.
WARNING: Reservoir calculated a storage above the maximum storage.
WARNING: Reservoir calculated an outlet velocity over max velocity, and therefore set the outlet velocity to max velocity.
WARNING: Reservoir calculated a storage above the maximum storage.
WARNING: Reservoir calculated an outlet velocity over max velocity, and therefore set the outlet velocity to max velocity.
WARNING: Reservoir calculated a storage above the maximum storage.
WARNING: Reservoir calculated an outlet velocity over max velocity, and therefore set the outlet velocity to max velocity.
WARNING: Reservoir calculated a storage above the maximum storage.
WARNING: Reservoir calculated an outlet velocity over max velocity, and therefore set the outlet velocity to max velocity.
WARNING: Reservoir calculated a storage above the maximum storage.
WARNING: Reservoir calculated an outlet velocity over max velocity, and therefore set the outlet velocity to max velocity.
WARNING: Reservoir calculated a storage above the maximum storage.
WARNING: Reservoir calculated an outlet velocity over max velocity, and therefore set the outlet velocity to max velocity.
WARNING: Reservoir calculated a storage above the maximum storage.
WARNING: Reservoir calculated an outlet velocity over max velocity, and therefore set the outlet velocity to max velocity.
WARNING: Reservoir calculated a storage above the maximum storage.
WARNING: Reservoir calculated an outlet velocity over max velocity, and therefore set the outlet velocity to max velocity.
WARNING: Reservoir calculated a storage above the maximum storage.
WARNING: Reservoir calculated an outlet velocity over max velocity, and therefore set the outlet velocity to max velocity.
WARNING: Reservoir calculated a storage above the maximum storage.
WARNING: Reservoir calculated an outlet velocity over max velocity, and therefore set the outlet velocity to max velocity.
WARNING: Reservoir calculated a storage above the maximum storage.
WARNING: Reservoir calculated an outlet velocity over max velocity, and therefore set the outlet velocity to max velocity.
WARNING: Reservoir calculated a storage above the maximum storage.
WARNING: Reservoir calculated an outlet velocity over max velocity, and therefore set the outlet velocity to max velocity.
WARNING: Reservoir calculated a storage above the maximum storage.
WARNING: Reservoir calculated an outlet velocity over max velocity, and therefore set the outlet velocity to max velocity.
WARNING: Reservoir calculated a storage above the maximum storage.
WARNING: Reservoir calculated an outlet velocity over max velocity, and therefore set the outlet velocity to max velocity.
WARNING: Reservoir calculated a storage above the maximum storage.
WARNING: Reservoir calculated an outlet velocity over max velocity, and therefore set the outlet velocity to max velocity.
WARNING: Reservoir calculated a storage above the maximum storage.
WARNING: Reservoir calculated an outlet velocity over max velocity, and therefore set the outlet velocity to max velocity.
WARNING: Reservoir calculated a storage above the maximum storage.
WARNING: Reservoir calculated an outlet velocity over max velocity, and therefore set the outlet velocity to max velocity.
WARNING: Reservoir calculated a storage above the maximum storage.
WARNING: Reservoir calculated an outlet velocity over max velocity, and therefore set the outlet velocity to max velocity.
WARNING: Reservoir calculated a storage above the maximum storage.
WARNING: Reservoir calculated an outlet velocity over max velocity, and therefore set the outlet velocity to max velocity.
WARNING: Reservoir calculated a storage above the maximum storage.
WARNING: Reservoir calculated an outlet velocity over max velocity, and therefore set the outlet velocity to max velocity.
WARNING: Reservoir calculated a storage above the maximum storage.
WARNING: Reservoir calculated an outlet velocity over max velocity, and therefore set the outlet velocity to max velocity.
WARNING: Reservoir calculated a storage above the maximum storage.
WARNING: Reservoir calculated an outlet velocity over max velocity, and therefore set the outlet velocity to max velocity.
WARNING: Reservoir calculated a storage above the maximum storage.
WARNING: Reservoir calculated an outlet velocity over max velocity, and therefore set the outlet velocity to max velocity.
WARNING: Reservoir calculated a storage above the maximum storage.
WARNING: Reservoir calculated an outlet velocity over max velocity, and therefore set the outlet velocity to max velocity.
WARNING: Reservoir calculated a storage above the maximum storage.
WARNING: Reservoir calculated an outlet velocity over max velocity, and therefore set the outlet velocity to max velocity.
WARNING: Reservoir calculated a storage above the maximum storage.
WARNING: Reservoir calculated an outlet velocity over max velocity, and therefore set the outlet velocity to max velocity.
WARNING: Reservoir calculated a storage above the maximum storage.
WARNING: Reservoir calculated an outlet velocity over max velocity, and therefore set the outlet velocity to max velocity.
WARNING: Reservoir calculated a storage above the maximum storage.
WARNING: Reservoir calculated an outlet velocity over max velocity, and therefore set the outlet velocity to max velocity.
WARNING: Reservoir calculated a storage above the maximum storage.
WARNING: Reservoir calculated an outlet velocity over max velocity, and therefore set the outlet velocity to max velocity.
WARNING: Reservoir calculated a storage above the maximum storage.
WARNING: Reservoir calculated an outlet velocity over max velocity, and therefore set the outlet velocity to max velocity.
WARNING: Reservoir calculated a storage above the maximum storage.
WARNING: Reservoir calculated an outlet velocity over max velocity, and therefore set the outlet velocity to max velocity.
WARNING: Reservoir calculated a storage above the maximum storage.
WARNING: Reservoir calculated an outlet velocity over max velocity, and therefore set the outlet velocity to max velocity.
WARNING: Reservoir calculated a storage above the maximum storage.
WARNING: Reservoir calculated an outlet velocity over max velocity, and therefore set the outlet velocity to max velocity.
WARNING: Reservoir calculated a storage above the maximum storage.
WARNING: Reservoir calculated an outlet velocity over max velocity, and therefore set the outlet velocity to max velocity.
WARNING: Reservoir calculated a storage above the maximum storage.
WARNING: Reservoir calculated an outlet velocity over max velocity, and therefore set the outlet velocity to max velocity.
WARNING: Reservoir calculated a storage above the maximum storage.
WARNING: Reservoir calculated an outlet velocity over max velocity, and therefore set the outlet velocity to max velocity.
WARNING: Reservoir calculated a storage above the maximum storage.
WARNING: Reservoir calculated an outlet velocity over max velocity, and therefore set the outlet velocity to max velocity.
WARNING: Reservoir calculated a storage above the maximum storage.
WARNING: Reservoir calculated an outlet velocity over max velocity, and therefore set the outlet velocity to max velocity.
WARNING: Reservoir calculated a storage above the maximum storage.
WARNING: Reservoir calculated an outlet velocity over max velocity, and therefore set the outlet velocity to max velocity.
WARNING: Reservoir calculated a storage above the maximum storage.
WARNING: Reservoir calculated an outlet velocity over max velocity, and therefore set the outlet velocity to max velocity.
WARNING: Reservoir calculated a storage above the maximum storage.
WARNING: Reservoir calculated an outlet velocity over max velocity, and therefore set the outlet velocity to max velocity.
WARNING: Reservoir calculated a storage above the maximum storage.
WARNING: Reservoir calculated an outlet velocity over max velocity, and therefore set the outlet velocity to max velocity.
WARNING: Reservoir calculated a storage above the maximum storage.
WARNING: Reservoir calculated an outlet velocity over max velocity, and therefore set the outlet velocity to max velocity.
WARNING: Reservoir calculated a storage above the maximum storage.
WARNING: Reservoir calculated an outlet velocity over max velocity, and therefore set the outlet velocity to max velocity.
WARNING: Reservoir calculated a storage above the maximum storage.
WARNING: Reservoir calculated an outlet velocity over max velocity, and therefore set the outlet velocity to max velocity.
WARNING: Reservoir calculated a storage above the maximum storage.
WARNING: Reservoir calculated an outlet velocity over max velocity, and therefore set the outlet velocity to max velocity.
WARNING: Reservoir calculated a storage above the maximum storage.
WARNING: Reservoir calculated an outlet velocity over max velocity, and therefore set the outlet velocity to max velocity.
WARNING: Reservoir calculated a storage above the maximum storage.
WARNING: Reservoir calculated an outlet velocity over max velocity, and therefore set the outlet velocity to max velocity.
WARNING: Reservoir calculated a storage above the maximum storage.
WARNING: Reservoir calculated an outlet velocity over max velocity, and therefore set the outlet velocity to max velocity.
WARNING: Reservoir calculated a storage above the maximum storage.
WARNING: Reservoir calculated an outlet velocity over max velocity, and therefore set the outlet velocity to max velocity.
WARNING: Reservoir calculated a storage above the maximum storage.
WARNING: Reservoir calculated an outlet velocity over max velocity, and therefore set the outlet velocity to max velocity.
WARNING: Reservoir calculated a storage above the maximum storage.
WARNING: Reservoir calculated an outlet velocity over max velocity, and therefore set the outlet velocity to max velocity.
WARNING: Reservoir calculated a storage above the maximum storage.
WARNING: Reservoir calculated an outlet velocity over max velocity, and therefore set the outlet velocity to max velocity.
WARNING: Reservoir calculated a storage above the maximum storage.
WARNING: Reservoir calculated an outlet velocity over max velocity, and therefore set the outlet velocity to max velocity.
WARNING: Reservoir calculated a storage above the maximum storage.
WARNING: Reservoir calculated an outlet velocity over max velocity, and therefore set the outlet velocity to max velocity.
WARNING: Reservoir calculated a storage above the maximum storage.
WARNING: Reservoir calculated an outlet velocity over max velocity, and therefore set the outlet velocity to max velocity.
WARNING: Reservoir calculated a storage above the maximum storage.
WARNING: Reservoir calculated an outlet velocity over max velocity, and therefore set the outlet velocity to max velocity.
WARNING: Reservoir calculated a storage above the maximum storage.
WARNING: Reservoir calculated an outlet velocity over max velocity, and therefore set the outlet velocity to max velocity.
WARNING: Reservoir calculated a storage above the maximum storage.
WARNING: Reservoir calculated an outlet velocity over max velocity, and therefore set the outlet velocity to max velocity.
WARNING: Reservoir calculated a storage above the maximum storage.
WARNING: Reservoir calculated an outlet velocity over max velocity, and therefore set the outlet velocity to max velocity.
WARNING: Reservoir calculated a storage above the maximum storage.
WARNING: Reservoir calculated an outlet velocity over max velocity, and therefore set the outlet velocity to max velocity.
WARNING: Reservoir calculated a storage above the maximum storage.
WARNING: Reservoir calculated an outlet velocity over max velocity, and therefore set the outlet velocity to max velocity.
WARNING: Reservoir calculated a storage above the maximum storage.
WARNING: Reservoir calculated an outlet velocity over max velocity, and therefore set the outlet velocity to max velocity.
WARNING: Reservoir calculated a storage above the maximum storage.
WARNING: Reservoir calculated an outlet velocity over max velocity, and therefore set the outlet velocity to max velocity.
WARNING: Reservoir calculated a storage above the maximum storage.
WARNING: Reservoir calculated an outlet velocity over max velocity, and therefore set the outlet velocity to max velocity.
WARNING: Reservoir calculated a storage above the maximum storage.
WARNING: Reservoir calculated an outlet velocity over max velocity, and therefore set the outlet velocity to max velocity.
WARNING: Reservoir calculated a storage above the maximum storage.
WARNING: Reservoir calculated an outlet velocity over max velocity, and therefore set the outlet velocity to max velocity.
WARNING: Reservoir calculated a storage above the maximum storage.
WARNING: Reservoir calculated an outlet velocity over max velocity, and therefore set the outlet velocity to max velocity.
WARNING: Reservoir calculated a storage above the maximum storage.
WARNING: Reservoir calculated an outlet velocity over max velocity, and therefore set the outlet velocity to max velocity.
WARNING: Reservoir calculated a storage above the maximum storage.
WARNING: Reservoir calculated an outlet velocity over max velocity, and therefore set the outlet velocity to max velocity.
WARNING: Reservoir calculated a storage above the maximum storage.
WARNING: Reservoir calculated an outlet velocity over max velocity, and therefore set the outlet velocity to max velocity.
WARNING: Reservoir calculated a storage above the maximum storage.
WARNING: Reservoir calculated an outlet velocity over max velocity, and therefore set the outlet velocity to max velocity.
WARNING: Reservoir calculated a storage above the maximum storage.
WARNING: Reservoir calculated an outlet velocity over max velocity, and therefore set the outlet velocity to max velocity.
WARNING: Reservoir calculated a storage above the maximum storage.
WARNING: Reservoir calculated an outlet velocity over max velocity, and therefore set the outlet velocity to max velocity.
WARNING: Reservoir calculated a storage above the maximum storage.
WARNING: Reservoir calculated an outlet velocity over max velocity, and therefore set the outlet velocity to max velocity.
WARNING: Reservoir calculated a storage above the maximum storage.
WARNING: Reservoir calculated an outlet velocity over max velocity, and therefore set the outlet velocity to max velocity.
WARNING: Reservoir calculated a storage above the maximum storage.
[       OK ] HymodKernelTest.TestWithKnownInput (286 ms)
[----------] 2 tests from HymodKernelTest (286 ms total)

[----------] 20 tests from ReservoirKernelTest
[ RUN      ] ReservoirKernelTest.TestRunNoOutletReservoir
[       OK ] ReservoirKernelTest.TestRunNoOutletReservoir (0 ms)
[ RUN      ] ReservoirKernelTest.TestRunTwoOutletReservoir
[       OK ] ReservoirKernelTest.TestRunTwoOutletReservoir (0 ms)
[ RUN      ] ReservoirKernelTest.TestRunOneOutletReservoir
[       OK ] ReservoirKernelTest.TestRunOneOutletReservoir (0 ms)
[ RUN      ] ReservoirKernelTest.TestRunOneOutletReservoirNoActivation
[       OK ] ReservoirKernelTest.TestRunOneOutletReservoirNoActivation (0 ms)
[ RUN      ] ReservoirKernelTest.TestRunOneOutletReservoirExceedMaxStorage
WARNING: Reservoir calculated a storage above the maximum storage.
[       OK ] ReservoirKernelTest.TestRunOneOutletReservoirExceedMaxStorage (0 ms)
[ RUN      ] ReservoirKernelTest.TestRunOneOutletReservoirFallsBelowMinimumStorage
[       OK ] ReservoirKernelTest.TestRunOneOutletReservoirFallsBelowMinimumStorage (0 ms)
[ RUN      ] ReservoirKernelTest.TestRunOneOutletReservoirExceedMaxVelocity
WARNING: Reservoir calculated an outlet velocity over max velocity, and therefore set the outlet velocity to max velocity.
[       OK ] ReservoirKernelTest.TestRunOneOutletReservoirExceedMaxVelocity (0 ms)
[ RUN      ] ReservoirKernelTest.TestRunMultipleOutletReservoir
[       OK ] ReservoirKernelTest.TestRunMultipleOutletReservoir (0 ms)
[ RUN      ] ReservoirKernelTest.TestRunMultipleOutletOutOfOrderReservoir
[       OK ] ReservoirKernelTest.TestRunMultipleOutletOutOfOrderReservoir (0 ms)
[ RUN      ] ReservoirKernelTest.TestRunMultipleOutletReservoirOutletVelocity
[       OK ] ReservoirKernelTest.TestRunMultipleOutletReservoirOutletVelocity (0 ms)
[ RUN      ] ReservoirKernelTest.TestRunMultipleOutletReservoirOutletVelocityOutOfBounds
WARNING: Reservoir calculated a storage above the maximum storage.
Warning, reservoir outlet requested is not in the outlets vector. Returning the velocity of the first outlet.
[       OK ] ReservoirKernelTest.TestRunMultipleOutletReservoirOutletVelocityOutOfBounds (0 ms)
[ RUN      ] ReservoirKernelTest.TestRunNoOutletReservoirOutletVelocityAccessor
WARNING: Reservoir calculated a storage above the maximum storage.
Warning, reservoir outlet requested of reservoir with no outlets. Returning a velocity of 0.0 meters per second.
[       OK ] ReservoirKernelTest.TestRunNoOutletReservoirOutletVelocityAccessor (0 ms)
[ RUN      ] ReservoirKernelTest.TestRunSingleExponentialOutletReservoir
[       OK ] ReservoirKernelTest.TestRunSingleExponentialOutletReservoir (0 ms)
[ RUN      ] ReservoirKernelTest.TestReservoirAddOutlet
[       OK ] ReservoirKernelTest.TestReservoirAddOutlet (0 ms)
[ RUN      ] ReservoirKernelTest.TestReservoirSortOutlets
[       OK ] ReservoirKernelTest.TestReservoirSortOutlets (0 ms)
[ RUN      ] ReservoirKernelTest.TestReservoirCheckHighestOutlet
[       OK ] ReservoirKernelTest.TestReservoirCheckHighestOutlet (1 ms)
[ RUN      ] ReservoirKernelTest.TestAdjustReservoirOutletVelocity
[       OK ] ReservoirKernelTest.TestAdjustReservoirOutletVelocity (0 ms)
[ RUN      ] ReservoirKernelTest.TestReservoirOutletGetActivationThreshold
[       OK ] ReservoirKernelTest.TestReservoirOutletGetActivationThreshold (0 ms)
[ RUN      ] ReservoirKernelTest.TestRunMultipleOutletSameActivationHeightReservoir
[       OK ] ReservoirKernelTest.TestRunMultipleOutletSameActivationHeightReservoir (0 ms)
[ RUN      ] ReservoirKernelTest.TestMultipleOutletReservoirTooLargeActivationThreshold
[       OK ] ReservoirKernelTest.TestMultipleOutletReservoirTooLargeActivationThreshold (1 ms)
[----------] 20 tests from ReservoirKernelTest (2 ms total)

[----------] 20 tests from ReservoirTimelessKernelTest
[ RUN      ] ReservoirTimelessKernelTest.TestRunNoOutletReservoir
[       OK ] ReservoirTimelessKernelTest.TestRunNoOutletReservoir (0 ms)
[ RUN      ] ReservoirTimelessKernelTest.TestRunTwoOutletReservoir
[       OK ] ReservoirTimelessKernelTest.TestRunTwoOutletReservoir (0 ms)
[ RUN      ] ReservoirTimelessKernelTest.TestRunOneOutletReservoir
[       OK ] ReservoirTimelessKernelTest.TestRunOneOutletReservoir (0 ms)
[ RUN      ] ReservoirTimelessKernelTest.TestRunOneOutletReservoirNoActivation
[       OK ] ReservoirTimelessKernelTest.TestRunOneOutletReservoirNoActivation (0 ms)
[ RUN      ] ReservoirTimelessKernelTest.TestRunOneOutletReservoirExceedMaxStorage
WARNING: Reservoir calculated a storage above the maximum storage.
[       OK ] ReservoirTimelessKernelTest.TestRunOneOutletReservoirExceedMaxStorage (0 ms)
[ RUN      ] ReservoirTimelessKernelTest.TestRunOneOutletReservoirFallsBelowMinimumStorage
[       OK ] ReservoirTimelessKernelTest.TestRunOneOutletReservoirFallsBelowMinimumStorage (0 ms)
[ RUN      ] ReservoirTimelessKernelTest.TestRunOneOutletReservoirExceedMaxFlux
WARNING: Reservoir calculated an outlet flux over max flux, and therefore set the outlet flux to max flux.
[       OK ] ReservoirTimelessKernelTest.TestRunOneOutletReservoirExceedMaxFlux (0 ms)
[ RUN      ] ReservoirTimelessKernelTest.TestRunMultipleOutletReservoir
[       OK ] ReservoirTimelessKernelTest.TestRunMultipleOutletReservoir (0 ms)
[ RUN      ] ReservoirTimelessKernelTest.TestRunMultipleOutletOutOfOrderReservoir
[       OK ] ReservoirTimelessKernelTest.TestRunMultipleOutletOutOfOrderReservoir (1 ms)
[ RUN      ] ReservoirTimelessKernelTest.TestRunMultipleOutletReservoirOutletFlux
[       OK ] ReservoirTimelessKernelTest.TestRunMultipleOutletReservoirOutletFlux (0 ms)
[ RUN      ] ReservoirTimelessKernelTest.TestRunMultipleOutletReservoirOutletFluxOutOfBounds
Warning, reservoir outlet requested is not in the outlets vector. Returning the flux of the first outlet.
[       OK ] ReservoirTimelessKernelTest.TestRunMultipleOutletReservoirOutletFluxOutOfBounds (0 ms)
[ RUN      ] ReservoirTimelessKernelTest.TestRunNoOutletReservoirOutletFluxAccessor
WARNING: Reservoir calculated a storage above the maximum storage.
Warning, reservoir outlet requested of reservoir with no outlets. Returning a flux of 0.0 meters.
[       OK ] ReservoirTimelessKernelTest.TestRunNoOutletReservoirOutletFluxAccessor (0 ms)
[ RUN      ] ReservoirTimelessKernelTest.TestRunSingleExponentialOutletReservoir
[       OK ] ReservoirTimelessKernelTest.TestRunSingleExponentialOutletReservoir (0 ms)
[ RUN      ] ReservoirTimelessKernelTest.TestReservoirAddOutlet
[       OK ] ReservoirTimelessKernelTest.TestReservoirAddOutlet (0 ms)
[ RUN      ] ReservoirTimelessKernelTest.TestReservoirSortOutlets
[       OK ] ReservoirTimelessKernelTest.TestReservoirSortOutlets (0 ms)
[ RUN      ] ReservoirTimelessKernelTest.TestReservoirCheckHighestOutlet
[       OK ] ReservoirTimelessKernelTest.TestReservoirCheckHighestOutlet (0 ms)
[ RUN      ] ReservoirTimelessKernelTest.TestAdjustReservoirOutletFlux
[       OK ] ReservoirTimelessKernelTest.TestAdjustReservoirOutletFlux (0 ms)
[ RUN      ] ReservoirTimelessKernelTest.TestReservoirOutletGetActivationThreshold
[       OK ] ReservoirTimelessKernelTest.TestReservoirOutletGetActivationThreshold (0 ms)
[ RUN      ] ReservoirTimelessKernelTest.TestRunMultipleOutletSameActivationHeightReservoir
[       OK ] ReservoirTimelessKernelTest.TestRunMultipleOutletSameActivationHeightReservoir (0 ms)
[ RUN      ] ReservoirTimelessKernelTest.TestMultipleOutletReservoirTooLargeActivationThreshold
[       OK ] ReservoirTimelessKernelTest.TestMultipleOutletReservoirTooLargeActivationThreshold (1 ms)
[----------] 20 tests from ReservoirTimelessKernelTest (2 ms total)

[----------] 1 test from TshirtModelTest
[ RUN      ] TshirtModelTest.TestRun0
WARNING: Reservoir calculated an outlet velocity over max velocity, and therefore set the outlet velocity to max velocity.
WARNING: Reservoir calculated an outlet velocity over max velocity, and therefore set the outlet velocity to max velocity.
[       OK ] TshirtModelTest.TestRun0 (0 ms)
[----------] 1 test from TshirtModelTest (0 ms total)

[----------] 15 tests from Tshirt_C_Realization_Test
[ RUN      ] Tshirt_C_Realization_Test.TestRun0
[       OK ] Tshirt_C_Realization_Test.TestRun0 (27 ms)
[ RUN      ] Tshirt_C_Realization_Test.TestGetOutputLineForTimestep1a
[       OK ] Tshirt_C_Realization_Test.TestGetOutputLineForTimestep1a (73 ms)
[ RUN      ] Tshirt_C_Realization_Test.TestGetOutputLineForTimestep1b
[       OK ] Tshirt_C_Realization_Test.TestGetOutputLineForTimestep1b (54 ms)
[ RUN      ] Tshirt_C_Realization_Test.TestGetOutputLineForTimestep2a
[       OK ] Tshirt_C_Realization_Test.TestGetOutputLineForTimestep2a (16 ms)
[ RUN      ] Tshirt_C_Realization_Test.TestGetOutputLineForTimestep2b
[       OK ] Tshirt_C_Realization_Test.TestGetOutputLineForTimestep2b (16 ms)
[ RUN      ] Tshirt_C_Realization_Test.TestGetOutputItemCount1a
[       OK ] Tshirt_C_Realization_Test.TestGetOutputItemCount1a (16 ms)
[ RUN      ] Tshirt_C_Realization_Test.TestGetOutputHeaderFields1a
[       OK ] Tshirt_C_Realization_Test.TestGetOutputHeaderFields1a (16 ms)
[ RUN      ] Tshirt_C_Realization_Test.TestGetOutputVariableNames1a
[       OK ] Tshirt_C_Realization_Test.TestGetOutputVariableNames1a (16 ms)
[ RUN      ] Tshirt_C_Realization_Test.TestGetValue1a
[       OK ] Tshirt_C_Realization_Test.TestGetValue1a (55 ms)
[ RUN      ] Tshirt_C_Realization_Test.TestGetValue1b
[       OK ] Tshirt_C_Realization_Test.TestGetValue1b (54 ms)
[ RUN      ] Tshirt_C_Realization_Test.TestSurfaceRunoffCalc1a
2457357.50000000|10.000000|1.522619|0.091357|0.000000|191.106140|191.197497|
2457357.54166667|0.000000|0.000000|0.776536|0.000000|177.198214|177.974750|
2457357.58333333|0.000000|0.000000|0.426333|0.093168|165.163302|165.682804|
2457357.62500000|0.000000|0.000000|0.182714|0.180746|154.643488|155.006948|
2457357.66666667|0.000000|0.000000|0.045679|0.262986|145.367169|145.675833|
2457357.70833333|0.000000|0.000000|0.000000|0.340128|137.124396|137.464524|
2457357.75000000|0.000000|0.000000|0.000000|0.412405|129.750237|130.162643|
2457357.79166667|0.000000|0.000000|0.000000|0.480040|123.113277|123.593317|
2457357.83333333|0.000000|0.000000|0.000000|0.543245|117.107476|117.650721|
2457357.87500000|0.000000|0.000000|0.000000|0.602226|111.646304|112.248530|
2457357.91666667|0.000000|0.000000|0.000000|0.657179|106.658437|107.315616|
2457357.95833333|0.000000|0.000000|0.000000|0.708293|102.084540|102.792833|
2457358.00000000|0.000000|0.000000|0.000000|0.755749|97.874845|98.630593|
2457358.04166667|0.000000|0.000000|0.000000|0.799719|93.987286|94.787005|
2457358.08333333|0.000000|0.000000|0.000000|0.840372|90.386066|91.226438|
2457358.12500000|0.000000|0.000000|0.000000|0.877865|87.040521|87.918387|
2457358.16666667|0.000000|0.000000|0.000000|0.912353|83.924234|84.836587|
2457358.20833333|0.000000|0.000000|0.000000|0.943981|81.014320|81.958301|
2457358.25000000|0.000000|0.000000|0.000000|0.972891|78.290850|79.263741|
2457358.29166667|0.000000|0.000000|0.000000|0.999216|75.736395|76.735611|
2457358.33333333|0.000000|0.000000|0.000000|1.023086|73.335636|74.358722|
2457358.37500000|0.000000|0.000000|0.000000|1.044625|71.075061|72.119685|
2457358.41666667|0.000000|0.000000|0.000000|1.063950|68.942699|70.006649|
2457358.45833333|0.000000|0.000000|0.000000|1.081176|66.927909|68.009085|
2457358.50000000|0.000000|0.000000|0.000000|1.096411|65.021203|66.117613|
2457358.54166667|0.000000|0.000000|0.000000|1.109758|63.214085|64.323844|
2457358.58333333|0.000000|0.000000|0.000000|1.121318|61.498934|62.620253|
2457358.62500000|0.000000|0.000000|0.000000|1.131186|59.868887|61.000073|
2457358.66666667|0.000000|0.000000|0.000000|1.139452|58.317750|59.457202|
2457358.70833333|0.000000|0.000000|0.000000|1.146205|56.839916|57.986121|
2457358.75000000|0.000000|0.000000|0.000000|1.151526|55.430302|56.581828|
2457358.79166667|0.000000|0.000000|0.000000|1.155497|54.084282|55.239779|
2457358.83333333|0.000000|0.000000|0.000000|1.158193|52.797641|53.955835|
2457358.87500000|0.200000|0.000536|0.000032|1.159688|51.566675|52.726395|
2457358.91666667|0.000000|0.000000|0.000273|1.160050|50.387566|51.547890|
2457358.95833333|0.000000|0.000000|0.000150|1.159521|49.257235|50.416907|
2457359.00000000|0.000000|0.000000|0.000064|1.157980|48.172715|49.330759|
2457359.04166667|0.000000|0.000000|0.000016|1.155487|47.131273|48.286776|
2457359.08333333|0.000000|0.000000|0.000000|1.152102|46.130393|47.282495|
2457359.12500000|0.500000|0.003337|0.000200|1.147880|45.168069|46.316150|
2457359.16666667|0.800000|0.008510|0.002213|1.142874|44.242002|45.387089|
2457359.20833333|0.200000|0.000536|0.005307|1.137569|43.349635|44.492510|
2457359.25000000|0.000000|0.000000|0.003057|1.132244|42.489388|43.624688|
2457359.29166667|0.000000|0.000000|0.001271|1.126388|41.659675|42.787334|
2457359.33333333|0.000000|0.000000|0.000320|1.119865|40.858899|41.979084|
2457359.37500000|0.000000|0.000000|0.000016|1.112719|40.085574|41.198309|
2457359.41666667|0.000000|0.000000|0.000000|1.104994|39.338314|40.443308|
2457359.45833333|0.000000|0.000000|0.000000|1.096731|38.615824|39.712555|
2457359.50000000|0.000000|0.000000|0.000000|1.087970|37.916894|39.004864|
2457359.54166667|0.000000|0.000000|0.000000|1.078747|37.240393|38.319139|
2457359.58333333|0.000000|0.000000|0.000000|1.069098|36.585259|37.654357|
2457359.62500000|0.000000|0.000000|0.000000|1.059057|35.950498|37.009555|
2457359.66666667|0.000000|0.000000|0.000000|1.048657|35.335176|36.383833|
2457359.70833333|0.000000|0.000000|0.000000|1.037927|34.738416|35.776344|
2457359.75000000|0.000000|0.000000|0.000000|1.026898|34.159393|35.186291|
2457359.79166667|0.000000|0.000000|0.000000|1.015596|33.597329|34.612925|
2457359.83333333|0.000000|0.000000|0.000000|1.004048|33.051492|34.055540|
2457359.87500000|0.000000|0.000000|0.000000|0.992279|32.521191|33.513470|
2457359.91666667|0.000000|0.000000|0.000000|0.980312|32.005776|32.986088|
2457359.95833333|0.000000|0.000000|0.000000|0.968170|31.504629|32.472799|
2457360.00000000|0.000000|0.000000|0.000000|0.955875|31.017168|31.973043|
2457360.04166667|0.000000|0.000000|0.000000|0.943446|30.542844|31.486290|
2457360.08333333|0.000000|0.000000|0.000000|0.930902|30.081133|31.012035|
2457360.12500000|0.000000|0.000000|0.000000|0.918262|29.631541|30.549803|
2457360.16666667|0.000000|0.000000|0.000000|0.905543|29.193600|30.099142|
2457360.20833333|0.000000|0.000000|0.000000|0.892760|28.766864|29.659624|
2457360.25000000|0.000000|0.000000|0.000000|0.879929|28.350911|29.230840|
2457360.29166667|0.000000|0.000000|0.000000|0.867064|27.945340|28.812404|
2457360.33333333|0.000000|0.000000|0.000000|0.854180|27.549768|28.403948|
2457360.37500000|0.000000|0.000000|0.000000|0.841288|27.163832|28.005120|
2457360.41666667|0.000000|0.000000|0.000000|0.828401|26.787187|27.615588|
2457360.45833333|0.000000|0.000000|0.000000|0.815530|26.419502|27.235032|
2457360.50000000|0.000000|0.000000|0.000000|0.802686|26.060464|26.863150|
2457360.54166667|0.000000|0.000000|0.000000|0.789878|25.709773|26.499651|
2457360.58333333|0.000000|0.000000|0.000000|0.777117|25.367144|26.144260|
2457360.62500000|0.000000|0.000000|0.000000|0.764410|25.032303|25.796712|
2457360.66666667|0.000000|0.000000|0.000000|0.751766|24.704989|25.456755|
2457360.70833333|0.000000|0.000000|0.000000|0.739193|24.384954|25.124147|
2457360.75000000|0.000000|0.000000|0.000000|0.726698|24.071959|24.798657|
2457360.79166667|0.000000|0.000000|0.000000|0.714287|23.765776|24.480063|
2457360.83333333|0.000000|0.000000|0.000000|0.701966|23.466187|24.168153|
2457360.87500000|0.000000|0.000000|0.000000|0.689743|23.172982|23.862725|
2457360.91666667|0.000000|0.000000|0.000000|0.677620|22.885962|23.563583|
2457360.95833333|0.000000|0.000000|0.000000|0.665605|22.604935|23.270540|
2457361.00000000|0.000000|0.000000|0.000000|0.653700|22.329716|22.983416|
2457361.04166667|0.000000|0.000000|0.000000|0.641911|22.060129|22.702039|
2457361.08333333|0.000000|0.000000|0.000000|0.630240|21.796004|22.426244|
2457361.12500000|0.000000|0.000000|0.000000|0.618693|21.537178|22.155871|
2457361.16666667|0.000000|0.000000|0.000000|0.607270|21.283496|21.890766|
2457361.20833333|0.000000|0.000000|0.000000|0.595977|21.034806|21.630783|
2457361.25000000|0.000000|0.000000|0.000000|0.584814|20.790965|21.375779|
2457361.29166667|0.000000|0.000000|0.000000|0.573785|20.551833|21.125618|
2457361.33333333|0.000000|0.000000|0.000000|0.562891|20.317277|20.880168|
2457361.37500000|0.000000|0.000000|0.000000|0.552135|20.087168|20.639303|
2457361.41666667|0.000000|0.000000|0.000000|0.541517|19.861382|20.402899|
2457361.45833333|0.000000|0.000000|0.000000|0.531039|19.639800|20.170840|
2457361.50000000|0.000000|0.000000|0.000000|0.520703|19.422307|19.943010|
2457361.54166667|0.000000|0.000000|0.000000|0.510509|19.208793|19.719301|
2457361.58333333|0.000000|0.000000|0.000000|0.500458|18.999149|19.499607|
2457361.62500000|0.000000|0.000000|0.000000|0.490550|18.793273|19.283824|
2457361.66666667|0.000000|0.000000|0.000000|0.480787|18.591067|19.071854|
2457361.70833333|0.000000|0.000000|0.000000|0.471168|18.392433|18.863601|
2457361.75000000|0.000000|0.000000|0.000000|0.461693|18.197280|18.658973|
2457361.79166667|0.000000|0.000000|0.000000|0.452363|18.005517|18.457880|
2457361.83333333|0.000000|0.000000|0.000000|0.443177|17.817059|18.260236|
2457361.87500000|0.000000|0.000000|0.000000|0.434135|17.631822|18.065956|
2457361.91666667|0.000000|0.000000|0.000000|0.425237|17.449725|17.874961|
2457361.95833333|0.000000|0.000000|0.000000|0.416481|17.270690|17.687171|
2457362.00000000|0.000000|0.000000|0.000000|0.407869|17.094641|17.502510|
2457362.04166667|0.000000|0.000000|0.000000|0.399398|16.921507|17.320905|
2457362.08333333|0.000000|0.000000|0.000000|0.391069|16.751216|17.142285|
2457362.12500000|0.000000|0.000000|0.000000|0.382880|16.583699|16.966579|
2457362.16666667|0.000000|0.000000|0.000000|0.374830|16.418891|16.793721|
2457362.20833333|0.000000|0.000000|0.000000|0.366919|16.256728|16.623646|
2457362.25000000|0.000000|0.000000|0.000000|0.359145|16.097146|16.456291|
2457362.29166667|0.000000|0.000000|0.000000|0.351507|15.940087|16.291594|
2457362.33333333|0.000000|0.000000|0.000000|0.344004|15.785492|16.129496|
2457362.37500000|0.000000|0.000000|0.000000|0.336635|15.633304|15.969939|
2457362.41666667|0.000000|0.000000|0.000000|0.329399|15.483469|15.812868|
2457362.45833333|0.000000|0.000000|0.000000|0.322294|15.335933|15.658226|
2457362.50000000|0.000000|0.000000|0.000000|0.315318|15.190645|15.505963|
2457362.54166667|0.000000|0.000000|0.000000|0.308471|15.047554|15.356026|
2457362.58333333|0.000000|0.000000|0.000000|0.301751|14.906613|15.208365|
2457362.62500000|0.000000|0.000000|0.000000|0.295157|14.767774|15.062931|
2457362.66666667|0.000000|0.000000|0.000000|0.288687|14.630991|14.919678|
2457362.70833333|0.000000|0.000000|0.000000|0.282339|14.496221|14.778560|
2457362.75000000|0.000000|0.000000|0.000000|0.276113|14.363418|14.639531|
2457362.79166667|0.000000|0.000000|0.000000|0.270006|14.232543|14.502548|
2457362.83333333|0.000000|0.000000|0.000000|0.264016|14.103553|14.367570|
2457362.87500000|0.000000|0.000000|0.000000|0.258143|13.976410|14.234554|
2457362.91666667|0.000000|0.000000|0.000000|0.252385|13.851075|14.103460|
2457362.95833333|0.000000|0.000000|0.000000|0.246740|13.727510|13.974250|
2457363.00000000|0.000000|0.000000|0.000000|0.241207|13.605679|13.846886|
2457363.04166667|0.000000|0.000000|0.000000|0.235784|13.485546|13.721330|
2457363.08333333|0.000000|0.000000|0.000000|0.230468|13.367078|13.597546|
2457363.12500000|0.000000|0.000000|0.000000|0.225260|13.250240|13.475500|
2457363.16666667|0.000000|0.000000|0.000000|0.220157|13.135000|13.355157|
2457363.20833333|0.000000|0.000000|0.000000|0.215157|13.021326|13.236483|
2457363.25000000|0.000000|0.000000|0.000000|0.210259|12.909187|13.119445|
2457363.29166667|0.000000|0.000000|0.000000|0.205461|12.798553|13.004014|
2457363.33333333|0.000000|0.000000|0.000000|0.200762|12.689394|12.890156|
2457363.37500000|0.000000|0.000000|0.000000|0.196160|12.581682|12.777842|
2457363.41666667|0.000000|0.000000|0.000000|0.191653|12.475390|12.667043|
2457363.45833333|0.000000|0.000000|0.000000|0.187240|12.370490|12.557730|
2457363.50000000|0.000000|0.000000|0.000000|0.182920|12.266955|12.449875|
2457363.54166667|0.000000|0.000000|0.000000|0.178690|12.164760|12.343450|
2457363.58333333|0.000000|0.000000|0.000000|0.174549|12.063879|12.238428|
2457363.62500000|0.000000|0.000000|0.000000|0.170496|11.964288|12.134785|
2457363.66666667|0.000000|0.000000|0.000000|0.166529|11.865964|12.032493|
2457363.70833333|0.000000|0.000000|0.000000|0.162647|11.768882|11.931529|
2457363.75000000|0.000000|0.000000|0.000000|0.158848|11.673021|11.831868|
2457363.79166667|0.000000|0.000000|0.000000|0.155130|11.578357|11.733487|
2457363.83333333|0.000000|0.000000|0.000000|0.151492|11.484869|11.636362|
2457363.87500000|0.000000|0.000000|0.000000|0.147933|11.392537|11.540470|
2457363.91666667|0.000000|0.000000|0.000000|0.144451|11.301339|11.445790|
2457363.95833333|0.000000|0.000000|0.000000|0.141045|11.211254|11.352300|
2457364.00000000|0.000000|0.000000|0.000000|0.137714|11.122265|11.259979|
2457364.04166667|0.000000|0.000000|0.000000|0.134455|11.034351|11.168806|
2457364.08333333|0.000000|0.000000|0.000000|0.131268|10.947493|11.078761|
2457364.12500000|0.000000|0.000000|0.000000|0.128151|10.861673|10.989824|
2457364.16666667|0.000000|0.000000|0.000000|0.125103|10.776874|10.901977|
2457364.20833333|0.000000|0.000000|0.000000|0.122122|10.693077|10.815199|
2457364.25000000|0.000000|0.000000|0.000000|0.119208|10.610266|10.729474|
2457364.29166667|0.000000|0.000000|0.000000|0.116359|10.528424|10.644782|
2457364.33333333|0.000000|0.000000|0.000000|0.113573|10.447534|10.561107|
2457364.37500000|0.000000|0.000000|0.000000|0.110850|10.367581|10.478431|
2457364.41666667|0.000000|0.000000|0.000000|0.108188|10.288549|10.396736|
2457364.45833333|0.000000|0.000000|0.000000|0.105586|10.210422|10.316008|
2457364.50000000|0.000000|0.000000|0.000000|0.103043|10.133186|10.236229|
2457364.54166667|0.000000|0.000000|0.000000|0.100557|10.056826|10.157383|
2457364.58333333|0.000000|0.000000|0.000000|0.098127|9.981328|10.079456|
2457364.62500000|0.000000|0.000000|0.000000|0.095753|9.906678|10.002431|
2457364.66666667|0.000000|0.000000|0.000000|0.093433|9.832862|9.926295|
2457364.70833333|0.000000|0.000000|0.000000|0.091166|9.759866|9.851033|
2457364.75000000|0.000000|0.000000|0.000000|0.088951|9.687678|9.776630|
2457364.79166667|0.000000|0.000000|0.000000|0.086787|9.616285|9.703072|
2457364.83333333|0.000000|0.000000|0.000000|0.084673|9.545674|9.630347|
2457364.87500000|0.000000|0.000000|0.000000|0.082607|9.475833|9.558440|
2457364.91666667|0.000000|0.000000|0.000000|0.080589|9.406750|9.487339|
2457364.95833333|0.000000|0.000000|0.000000|0.078618|9.338412|9.417030|
2457365.00000000|0.000000|0.000000|0.000000|0.076693|9.270809|9.347502|
2457365.04166667|0.000000|0.000000|0.000000|0.074812|9.203930|9.278742|
2457365.08333333|0.000000|0.000000|0.000000|0.072975|9.137762|9.210737|
2457365.12500000|0.000000|0.000000|0.000000|0.071181|9.072296|9.143477|
2457365.16666667|0.000000|0.000000|0.000000|0.069429|9.007520|9.076949|
2457365.20833333|0.000000|0.000000|0.000000|0.067718|8.943424|9.011143|
2457365.25000000|0.000000|0.000000|0.000000|0.066048|8.879999|8.946046|
2457365.29166667|0.000000|0.000000|0.000000|0.064416|8.817233|8.881649|
2457365.33333333|0.000000|0.000000|0.000000|0.062823|8.755117|8.817940|
2457365.37500000|0.000000|0.000000|0.000000|0.061268|8.693642|8.754909|
2457365.41666667|0.000000|0.000000|0.000000|0.059749|8.632798|8.692547|
2457365.45833333|0.000000|0.000000|0.000000|0.058266|8.572575|8.630842|
2457365.50000000|0.000000|0.000000|0.000000|0.056819|8.512965|8.569784|
2457365.54166667|0.000000|0.000000|0.000000|0.055406|8.453960|8.509365|
2457365.58333333|0.000000|0.000000|0.000000|0.054026|8.395549|8.449575|
2457365.62500000|0.000000|0.000000|0.000000|0.052680|8.337725|8.390405|
2457365.66666667|0.000000|0.000000|0.000000|0.051366|8.280479|8.331844|
2457365.70833333|0.000000|0.000000|0.000000|0.050083|8.223802|8.273885|
2457365.75000000|0.000000|0.000000|0.000000|0.048831|8.167688|8.216519|
2457365.79166667|0.000000|0.000000|0.000000|0.047608|8.112128|8.159736|
2457365.83333333|0.000000|0.000000|0.000000|0.046416|8.057114|8.103529|
2457365.87500000|0.000000|0.000000|0.000000|0.045252|8.002638|8.047890|
2457365.91666667|0.000000|0.000000|0.000000|0.044116|7.948693|7.992809|
2457365.95833333|0.000000|0.000000|0.000000|0.043007|7.895272|7.938279|
2457366.00000000|0.000000|0.000000|0.000000|0.041926|7.842367|7.884293|
2457366.04166667|0.000000|0.000000|0.000000|0.040870|7.789972|7.830842|
2457366.08333333|0.000000|0.000000|0.000000|0.039840|7.738079|7.777919|
2457366.12500000|0.000000|0.000000|0.000000|0.038835|7.686682|7.725517|
2457366.16666667|0.000000|0.000000|0.000000|0.037855|7.635773|7.673628|
2457366.20833333|0.000000|0.000000|0.000000|0.036898|7.585347|7.622245|
2457366.25000000|0.000000|0.000000|0.000000|0.035965|7.535396|7.571361|
2457366.29166667|0.000000|0.000000|0.000000|0.035054|7.485915|7.520970|
2457366.33333333|0.000000|0.000000|0.000000|0.034166|7.436897|7.471063|
2457366.37500000|0.000000|0.000000|0.000000|0.033300|7.388336|7.421636|
2457366.41666667|0.000000|0.000000|0.000000|0.032455|7.340226|7.372681|
2457366.45833333|0.000000|0.000000|0.000000|0.031630|7.292562|7.324192|
2457366.50000000|0.000000|0.000000|0.000000|0.030826|7.245336|7.276162|
2457366.54166667|0.000000|0.000000|0.000000|0.030041|7.198544|7.228585|
2457366.58333333|0.000000|0.000000|0.000000|0.029276|7.152180|7.181456|
2457366.62500000|0.000000|0.000000|0.000000|0.028530|7.106238|7.134768|
2457366.66666667|0.000000|0.000000|0.000000|0.027802|7.060714|7.088516|
2457366.70833333|0.000000|0.000000|0.000000|0.027092|7.015601|7.042693|
2457366.75000000|0.000000|0.000000|0.000000|0.026400|6.970894|6.997294|
2457366.79166667|0.000000|0.000000|0.000000|0.025725|6.926588|6.952314|
2457366.83333333|0.000000|0.000000|0.000000|0.025067|6.882679|6.907746|
2457366.87500000|0.000000|0.000000|0.000000|0.024425|6.839161|6.863586|
2457366.91666667|0.000000|0.000000|0.000000|0.023799|6.796029|6.819828|
2457366.95833333|0.000000|0.000000|0.000000|0.023188|6.753279|6.776467|
2457367.00000000|0.000000|0.000000|0.000000|0.022593|6.710905|6.733498|
2457367.04166667|0.000000|0.000000|0.000000|0.022012|6.668904|6.690916|
2457367.08333333|0.000000|0.000000|0.000000|0.021447|6.627270|6.648716|
2457367.12500000|0.000000|0.000000|0.000000|0.020895|6.585998|6.606893|
2457367.16666667|0.000000|0.000000|0.000000|0.020357|6.545086|6.565442|
2457367.20833333|0.000000|0.000000|0.000000|0.019832|6.504527|6.524359|
2457367.25000000|0.000000|0.000000|0.000000|0.019321|6.464318|6.483639|
2457367.29166667|0.000000|0.000000|0.000000|0.018822|6.424455|6.443278|
2457367.33333333|0.000000|0.000000|0.000000|0.018336|6.384933|6.403270|
2457367.37500000|0.000000|0.000000|0.000000|0.017863|6.345749|6.363612|
2457367.41666667|0.000000|0.000000|0.000000|0.017401|6.306898|6.324299|
2457367.45833333|0.000000|0.000000|0.000000|0.016951|6.268376|6.285327|
2457367.50000000|0.000000|0.000000|0.000000|0.016512|6.230180|6.246692|
2457367.54166667|0.000000|0.000000|0.000000|0.016084|6.192306|6.208390|
2457367.58333333|0.000000|0.000000|0.000000|0.015667|6.154749|6.170416|
2457367.62500000|0.000000|0.000000|0.000000|0.015260|6.117506|6.132767|
2457367.66666667|0.000000|0.000000|0.000000|0.014864|6.080574|6.095438|
2457367.70833333|0.000000|0.000000|0.000000|0.014478|6.043949|6.058427|
2457367.75000000|0.000000|0.000000|0.000000|0.014102|6.007626|6.021728|
2457367.79166667|0.000000|0.000000|0.000000|0.013735|5.971604|5.985339|
2457367.83333333|0.000000|0.000000|0.000000|0.013378|5.935878|5.949256|
2457367.87500000|0.000000|0.000000|0.000000|0.013029|5.900445|5.913474|
2457367.91666667|0.000000|0.000000|0.000000|0.012690|5.865302|5.877991|
2457367.95833333|0.000000|0.000000|0.000000|0.012359|5.830444|5.842803|
2457368.00000000|0.000000|0.000000|0.000000|0.012036|5.795870|5.807907|
2457368.04166667|0.000000|0.000000|0.000000|0.011722|5.761576|5.773298|
2457368.08333333|0.000000|0.000000|0.000000|0.011416|5.727558|5.738974|
2457368.12500000|0.000000|0.000000|0.000000|0.011118|5.693814|5.704932|
2457368.16666667|0.000000|0.000000|0.000000|0.010827|5.660341|5.671168|
2457368.20833333|0.000000|0.000000|0.000000|0.010544|5.627135|5.637679|
2457368.25000000|0.000000|0.000000|0.000000|0.010268|5.594194|5.604461|
2457368.29166667|0.000000|0.000000|0.000000|0.009999|5.561514|5.571513|
2457368.33333333|0.000000|0.000000|0.000000|0.009736|5.529094|5.538830|
2457368.37500000|0.000000|0.000000|0.000000|0.009481|5.496929|5.506410|
2457368.41666667|0.000000|0.000000|0.000000|0.009232|5.465017|5.474249|
2457368.45833333|0.000000|0.000000|0.000000|0.008990|5.433356|5.442346|
2457368.50000000|0.000000|0.000000|0.000000|0.008754|5.401942|5.410696|
2457368.54166667|0.000000|0.000000|0.000000|0.008524|5.370774|5.379297|
2457368.58333333|0.000000|0.000000|0.000000|0.008299|5.339848|5.348147|
2457368.62500000|0.000000|0.000000|0.000000|0.008081|5.309161|5.317242|
2457368.66666667|0.000000|0.000000|0.000000|0.007868|5.278712|5.286580|
2457368.70833333|0.000000|0.000000|0.000000|0.007661|5.248497|5.256158|
2457368.75000000|0.000000|0.000000|0.000000|0.007459|5.218515|5.225974|
2457368.79166667|0.000000|0.000000|0.000000|0.007263|5.188762|5.196025|
2457368.83333333|0.000000|0.000000|0.000000|0.007071|5.159237|5.166308|
2457368.87500000|0.000000|0.000000|0.000000|0.006884|5.129937|5.136821|
2457368.91666667|0.000000|0.000000|0.000000|0.006702|5.100859|5.107561|
2457368.95833333|0.000000|0.000000|0.000000|0.006525|5.072001|5.078526|
2457369.00000000|0.000000|0.000000|0.000000|0.006353|5.043361|5.049714|
2457369.04166667|0.000000|0.000000|0.000000|0.006185|5.014937|5.021122|
2457369.08333333|0.000000|0.000000|0.000000|0.006021|4.986727|4.992748|
2457369.12500000|0.000000|0.000000|0.000000|0.005862|4.958727|4.964589|
2457369.16666667|0.000000|0.000000|0.000000|0.005707|4.930937|4.936644|
2457369.20833333|0.000000|0.000000|0.000000|0.005555|4.903354|4.908909|
2457369.25000000|0.000000|0.000000|0.000000|0.005408|4.875975|4.881383|
2457369.29166667|0.000000|0.000000|0.000000|0.005265|4.848800|4.854064|
2457369.33333333|0.000000|0.000000|0.000000|0.005125|4.821825|4.826949|
2457369.37500000|0.000000|0.000000|0.000000|0.004989|4.795048|4.800037|
2457369.41666667|0.000000|0.000000|0.000000|0.004856|4.768468|4.773325|
2457369.45833333|0.000000|0.000000|0.000000|0.004727|4.742083|4.746811|
2457369.50000000|0.000000|0.000000|0.000000|0.004602|4.715891|4.720493|
2457369.54166667|0.000000|0.000000|0.000000|0.004479|4.689890|4.694369|
2457369.58333333|0.000000|0.000000|0.000000|0.004360|4.664077|4.668437|
2457369.62500000|0.000000|0.000000|0.000000|0.004244|4.638452|4.642696|
2457369.66666667|0.000000|0.000000|0.000000|0.004131|4.613011|4.617142|
2457369.70833333|0.000000|0.000000|0.000000|0.004021|4.587755|4.591775|
2457369.75000000|0.000000|0.000000|0.000000|0.003914|4.562679|4.566593|
2457369.79166667|0.000000|0.000000|0.000000|0.003809|4.537784|4.541593|
2457369.83333333|0.000000|0.000000|0.000000|0.003708|4.513066|4.516774|
2457369.87500000|0.000000|0.000000|0.000000|0.003609|4.488525|4.492134|
2457369.91666667|0.000000|0.000000|0.000000|0.003512|4.464159|4.467671|
2457369.95833333|0.000000|0.000000|0.000000|0.003419|4.439965|4.443384|
2457370.00000000|0.000000|0.000000|0.000000|0.003327|4.415943|4.419270|
2457370.04166667|0.000000|0.000000|0.000000|0.003238|4.392090|4.395328|
2457370.08333333|0.000000|0.000000|0.000000|0.003152|4.368405|4.371557|
2457370.12500000|0.000000|0.000000|0.000000|0.003067|4.344887|4.347954|
2457370.16666667|0.000000|0.000000|0.000000|0.002985|4.321533|4.324518|
2457370.20833333|0.000000|0.000000|0.000000|0.002905|4.298343|4.301248|
2457370.25000000|0.000000|0.000000|0.000000|0.002827|4.275314|4.278142|
2457370.29166667|0.000000|0.000000|0.000000|0.002752|4.252446|4.255197|
2457370.33333333|0.000000|0.000000|0.000000|0.002678|4.229736|4.232414|
2457370.37500000|0.000000|0.000000|0.000000|0.002606|4.207183|4.209789|
2457370.41666667|0.000000|0.000000|0.000000|0.002536|4.184786|4.187323|
2457370.45833333|0.000000|0.000000|0.000000|0.002468|4.162544|4.165012|
2457370.50000000|0.000000|0.000000|0.000000|0.002402|4.140454|4.142856|
2457370.54166667|0.000000|0.000000|0.000000|0.002337|4.118516|4.120853|
2457370.58333333|0.000000|0.000000|0.000000|0.002274|4.096727|4.099002|
2457370.62500000|0.000000|0.000000|0.000000|0.002213|4.075087|4.077301|
2457370.66666667|0.000000|0.000000|0.000000|0.002154|4.053595|4.055749|
2457370.70833333|0.000000|0.000000|0.000000|0.002096|4.032248|4.034344|
2457370.75000000|0.000000|0.000000|0.000000|0.002039|4.011046|4.013086|
2457370.79166667|0.000000|0.000000|0.000000|0.001985|3.989987|3.991972|
2457370.83333333|0.000000|0.000000|0.000000|0.001931|3.969071|3.971002|
2457370.87500000|0.000000|0.000000|0.000000|0.001879|3.948295|3.950174|
2457370.91666667|0.000000|0.000000|0.000000|0.001828|3.927658|3.929486|
2457370.95833333|0.000000|0.000000|0.000000|0.001779|3.907159|3.908938|
2457371.00000000|0.000000|0.000000|0.000000|0.001731|3.886798|3.888529|
2457371.04166667|0.000000|0.000000|0.000000|0.001684|3.866572|3.868256|
2457371.08333333|0.000000|0.000000|0.000000|0.001639|3.846480|3.848119|
2457371.12500000|1.500000|0.029641|0.001778|0.001595|3.826759|3.830133|
2457371.16666667|0.000000|0.000000|0.015117|0.001552|3.806932|3.823600|
2457371.20833333|0.000000|0.000000|0.008299|0.002792|3.787235|3.798326|
2457371.25000000|0.000000|0.000000|0.003557|0.003956|3.767668|3.775181|
2457371.29166667|0.000000|0.000000|0.000889|0.005048|3.748230|3.754167|
2457371.33333333|0.100000|0.000134|0.000008|0.006071|3.728935|3.735014|
2457371.37500000|4.300000|0.234917|0.014163|0.007028|3.710402|3.731593|
2457371.41666667|0.000000|0.000000|0.119845|0.008009|3.691338|3.819193|
2457371.45833333|0.000000|0.000000|0.065793|0.012470|3.672399|3.750662|
2457371.50000000|0.000000|0.000000|0.028194|0.016656|3.653583|3.698433|
2457371.54166667|0.000000|0.000000|0.007048|0.020579|3.634889|3.662516|
2457371.58333333|0.000000|0.000000|0.000000|0.024252|3.616316|3.640569|
2457371.62500000|0.000000|0.000000|0.000000|0.027686|3.597863|3.625550|
2457371.66666667|0.000000|0.000000|0.000000|0.030893|3.579530|3.610422|
2457371.70833333|0.000000|0.000000|0.000000|0.033882|3.561314|3.595195|
2457371.75000000|0.000000|0.000000|0.000000|0.036664|3.543215|3.579878|
2457371.79166667|0.000000|0.000000|0.000000|0.039248|3.525232|3.564480|
2457371.83333333|0.000000|0.000000|0.000000|0.041644|3.507364|3.549008|
2457371.87500000|0.000000|0.000000|0.000000|0.043862|3.489610|3.533471|
2457371.91666667|0.000000|0.000000|0.000000|0.045908|3.471969|3.517877|
2457371.95833333|0.000000|0.000000|0.000000|0.047793|3.454440|3.502233|
2457372.00000000|0.000000|0.000000|0.000000|0.049523|3.437022|3.486545|
2457372.04166667|0.000000|0.000000|0.000000|0.051106|3.419714|3.470820|
2457372.08333333|0.000000|0.000000|0.000000|0.052550|3.402516|3.455066|
2457372.12500000|0.000000|0.000000|0.000000|0.053861|3.385426|3.439287|
2457372.16666667|0.000000|0.000000|0.000000|0.055046|3.368444|3.423490|
2457372.20833333|0.000000|0.000000|0.000000|0.056111|3.351568|3.407679|
2457372.25000000|0.000000|0.000000|0.000000|0.057064|3.334798|3.391861|
2457372.29166667|0.000000|0.000000|0.000000|0.057908|3.318132|3.376040|
2457372.33333333|0.000000|0.000000|0.000000|0.058650|3.301571|3.360221|
2457372.37500000|0.000000|0.000000|0.000000|0.059296|3.285112|3.344409|
2457372.41666667|0.000000|0.000000|0.000000|0.059850|3.268756|3.328607|
2457372.45833333|0.000000|0.000000|0.000000|0.060318|3.252502|3.312820|
2457372.50000000|0.000000|0.000000|0.000000|0.060704|3.236348|3.297051|
2457372.54166667|0.000000|0.000000|0.000000|0.061012|3.220293|3.281305|
2457372.58333333|0.000000|0.000000|0.000000|0.061247|3.204338|3.265585|
2457372.62500000|0.000000|0.000000|0.000000|0.061413|3.188481|3.249894|
2457372.66666667|0.000000|0.000000|0.000000|0.061514|3.172721|3.234235|
2457372.70833333|0.000000|0.000000|0.000000|0.061554|3.157058|3.218612|
2457372.75000000|0.000000|0.000000|0.000000|0.061536|3.141490|3.203026|
2457372.79166667|0.000000|0.000000|0.000000|0.061463|3.126018|3.187481|
2457372.83333333|0.000000|0.000000|0.000000|0.061340|3.110640|3.171980|
2457372.87500000|0.000000|0.000000|0.000000|0.061169|3.095356|3.156524|
2457372.91666667|0.000000|0.000000|0.000000|0.060952|3.080164|3.141116|
2457372.95833333|0.000000|0.000000|0.000000|0.060694|3.065064|3.125758|
2457373.00000000|0.000000|0.000000|0.000000|0.060396|3.050056|3.110452|
2457373.04166667|0.000000|0.000000|0.000000|0.060062|3.035138|3.095200|
2457373.08333333|0.000000|0.000000|0.000000|0.059693|3.020310|3.080003|
2457373.12500000|0.000000|0.000000|0.000000|0.059293|3.005572|3.064864|
2457373.16666667|0.000000|0.000000|0.000000|0.058862|2.990921|3.049784|
2457373.20833333|0.000000|0.000000|0.000000|0.058404|2.976359|3.034763|
2457373.25000000|0.000000|0.000000|0.000000|0.057921|2.961884|3.019805|
2457373.29166667|0.000000|0.000000|0.000000|0.057414|2.947495|3.004909|
2457373.33333333|0.000000|0.000000|0.000000|0.056885|2.933192|2.990077|
2457373.37500000|0.000000|0.000000|0.000000|0.056337|2.918974|2.975310|
2457373.41666667|0.000000|0.000000|0.000000|0.055770|2.904840|2.960610|
2457373.45833333|0.000000|0.000000|0.000000|0.055186|2.890790|2.945976|
2457373.50000000|0.000000|0.000000|0.000000|0.054587|2.876824|2.931411|
2457373.54166667|0.000000|0.000000|0.000000|0.053975|2.862940|2.916914|
2457373.58333333|0.000000|0.000000|0.000000|0.053350|2.849137|2.902487|
2457373.62500000|0.000000|0.000000|0.000000|0.052714|2.835416|2.888130|
2457373.66666667|0.500000|0.003337|0.000200|0.052068|2.821850|2.874119|
2457373.70833333|1.000000|0.013261|0.002498|0.051414|2.808437|2.862348|
2457373.75000000|3.000000|0.116266|0.014674|0.051185|2.795386|2.861244|
2457373.79166667|1.000000|0.013261|0.064205|0.051783|2.782127|2.898115|
2457373.83333333|2.200000|0.063178|0.044800|0.054815|2.769117|2.868732|
2457373.87500000|0.000000|0.000000|0.050284|0.058478|2.755864|2.864626|
2457373.91666667|0.000000|0.000000|0.022769|0.063736|2.742688|2.829193|
2457373.95833333|0.000000|0.000000|0.007979|0.068625|2.729589|2.806193|
2457374.00000000|3.000000|0.116266|0.008871|0.073164|2.716994|2.799029|
2457374.04166667|4.400000|0.245658|0.074035|0.077368|2.704660|2.856063|
2457374.08333333|4.400000|0.245658|0.172580|0.083769|2.692397|2.948745|
2457374.12500000|1.600000|0.033680|0.210043|0.093339|2.679820|2.983202|
2457374.16666667|2.300000|0.068962|0.123066|0.105881|2.667414|2.896362|
2457374.20833333|3.800000|0.184634|0.092528|0.118953|2.655284|2.866765|
2457374.25000000|0.000000|0.000000|0.124884|0.133091|2.642689|2.900664|
2457374.29166667|0.000000|0.000000|0.060983|0.149426|2.630166|2.840575|
2457374.33333333|0.000000|0.000000|0.024225|0.164661|2.617715|2.806601|
2457374.37500000|0.000000|0.000000|0.005539|0.178847|2.605335|2.789721|
2457374.41666667|0.000000|0.000000|0.000000|0.192034|2.593026|2.785060|
2457374.45833333|0.000000|0.000000|0.000000|0.204269|2.580786|2.785055|
2457374.50000000|0.000000|0.000000|0.000000|0.215597|2.568616|2.784214|
2457374.54166667|0.000000|0.000000|0.000000|0.226062|2.556516|2.782577|
2457374.58333333|0.000000|0.000000|0.000000|0.235704|2.544484|2.780188|
2457374.62500000|0.000000|0.000000|0.000000|0.244565|2.532520|2.777084|
2457374.66666667|0.000000|0.000000|0.000000|0.252681|2.520623|2.773305|
2457374.70833333|0.000000|0.000000|0.000000|0.260091|2.508794|2.768885|
2457374.75000000|0.000000|0.000000|0.000000|0.266828|2.497031|2.763860|
2457374.79166667|0.000000|0.000000|0.000000|0.272928|2.485335|2.758263|
2457374.83333333|0.000000|0.000000|0.000000|0.278421|2.473704|2.752125|
2457374.87500000|0.000000|0.000000|0.000000|0.283339|2.462138|2.745477|
2457374.91666667|0.000000|0.000000|0.000000|0.287711|2.450637|2.738348|
2457374.95833333|0.000000|0.000000|0.000000|0.291566|2.439200|2.730767|
2457375.00000000|0.000000|0.000000|0.000000|0.294931|2.427827|2.722758|
2457375.04166667|0.000000|0.000000|0.000000|0.297831|2.416518|2.714349|
2457375.08333333|0.000000|0.000000|0.000000|0.300292|2.405271|2.705563|
2457375.12500000|0.000000|0.000000|0.000000|0.302338|2.394087|2.696424|
2457375.16666667|0.000000|0.000000|0.000000|0.303990|2.382965|2.686955|
2457375.20833333|0.000000|0.000000|0.000000|0.305271|2.371904|2.677175|
2457375.25000000|0.000000|0.000000|0.000000|0.306202|2.360905|2.667106|
2457375.29166667|0.000000|0.000000|0.000000|0.306802|2.349966|2.656767|
2457375.33333333|0.000000|0.000000|0.000000|0.307090|2.339087|2.646177|
2457375.37500000|0.000000|0.000000|0.000000|0.307085|2.328269|2.635354|
2457375.41666667|0.000000|0.000000|0.000000|0.306804|2.317510|2.624314|
2457375.45833333|0.000000|0.000000|0.000000|0.306263|2.306810|2.613073|
2457375.50000000|0.000000|0.000000|0.000000|0.305479|2.296168|2.601647|
2457375.54166667|0.000000|0.000000|0.000000|0.304466|2.285585|2.590051|
2457375.58333333|0.000000|0.000000|0.000000|0.303239|2.275060|2.578299|
2457375.62500000|0.000000|0.000000|0.000000|0.301812|2.264592|2.566403|
2457375.66666667|0.000000|0.000000|0.000000|0.300197|2.254181|2.554378|
2457375.70833333|0.000000|0.000000|0.000000|0.298408|2.243826|2.542234|
2457375.75000000|0.000000|0.000000|0.000000|0.296455|2.233528|2.529984|
2457375.79166667|0.000000|0.000000|0.000000|0.294352|2.223286|2.517638|
2457375.83333333|0.000000|0.000000|0.000000|0.292107|2.213099|2.505207|
2457375.87500000|0.000000|0.000000|0.000000|0.289733|2.202968|2.492701|
2457375.91666667|0.000000|0.000000|0.000000|0.287238|2.192891|2.480129|
2457375.95833333|0.000000|0.000000|0.000000|0.284632|2.182868|2.467500|
2457376.00000000|0.000000|0.000000|0.000000|0.281924|2.172900|2.454824|
2457376.04166667|0.000000|0.000000|0.000000|0.279122|2.162985|2.442107|
2457376.08333333|0.000000|0.000000|0.000000|0.276234|2.153123|2.429358|
2457376.12500000|0.000000|0.000000|0.000000|0.273269|2.143315|2.416584|
2457376.16666667|0.000000|0.000000|0.000000|0.270233|2.133558|2.403791|
2457376.20833333|0.000000|0.000000|0.000000|0.267133|2.123854|2.390987|
2457376.25000000|0.000000|0.000000|0.000000|0.263976|2.114202|2.378178|
2457376.29166667|0.000000|0.000000|0.000000|0.260768|2.104602|2.365369|
2457376.33333333|0.000000|0.000000|0.000000|0.257515|2.095052|2.352567|
2457376.37500000|0.000000|0.000000|0.000000|0.254222|2.085554|2.339775|
2457376.41666667|0.000000|0.000000|0.000000|0.250895|2.076105|2.327000|
2457376.45833333|0.000000|0.000000|0.000000|0.247539|2.066707|2.314246|
2457376.50000000|0.000000|0.000000|0.000000|0.244158|2.057359|2.301517|
2457376.54166667|0.000000|0.000000|0.000000|0.240758|2.048060|2.288818|
2457376.58333333|0.000000|0.000000|0.000000|0.237342|2.038811|2.276152|
2457376.62500000|0.000000|0.000000|0.000000|0.233914|2.029610|2.263524|
2457376.66666667|0.000000|0.000000|0.000000|0.230478|2.020457|2.250935|
2457376.70833333|0.000000|0.000000|0.000000|0.227038|2.011353|2.238391|
2457376.75000000|0.000000|0.000000|0.000000|0.223597|2.002297|2.225894|
2457376.79166667|0.000000|0.000000|0.000000|0.220157|1.993288|2.213446|
2457376.83333333|0.000000|0.000000|0.000000|0.216723|1.984327|2.201051|
2457376.87500000|0.000000|0.000000|0.000000|0.213297|1.975413|2.188710|
2457376.91666667|0.000000|0.000000|0.000000|0.209882|1.966545|2.176427|
2457376.95833333|0.000000|0.000000|0.000000|0.206479|1.957723|2.164202|
2457377.00000000|0.000000|0.000000|0.000000|0.203092|1.948948|2.152040|
2457377.04166667|0.000000|0.000000|0.000000|0.199722|1.940218|2.139940|
2457377.08333333|0.000000|0.000000|0.000000|0.196371|1.931534|2.127905|
2457377.12500000|0.000000|0.000000|0.000000|0.193042|1.922894|2.115937|
2457377.16666667|0.000000|0.000000|0.000000|0.189736|1.914300|2.104036|
2457377.20833333|0.000000|0.000000|0.000000|0.186454|1.905750|2.092205|
2457377.25000000|0.000000|0.000000|0.000000|0.183199|1.897245|2.080444|
2457377.29166667|0.000000|0.000000|0.000000|0.179971|1.888783|2.068754|
2457377.33333333|0.000000|0.000000|0.000000|0.176772|1.880366|2.057138|
2457377.37500000|0.000000|0.000000|0.000000|0.173603|1.871991|2.045594|
2457377.41666667|0.000000|0.000000|0.000000|0.170465|1.863660|2.034125|
2457377.45833333|0.000000|0.000000|0.000000|0.167359|1.855372|2.022730|
2457377.50000000|0.000000|0.000000|0.000000|0.164285|1.847126|2.011412|
2457377.54166667|0.000000|0.000000|0.000000|0.161246|1.838923|2.000169|
2457377.58333333|0.000000|0.000000|0.000000|0.158241|1.830762|1.989003|
2457377.62500000|0.000000|0.000000|0.000000|0.155272|1.822642|1.977914|
2457377.66666667|0.000000|0.000000|0.000000|0.152338|1.814564|1.966902|
2457377.70833333|0.000000|0.000000|0.000000|0.149440|1.806528|1.955968|
2457377.75000000|0.000000|0.000000|0.000000|0.146579|1.798532|1.945111|
2457377.79166667|0.000000|0.000000|0.000000|0.143755|1.790577|1.934333|
2457377.83333333|0.000000|0.000000|0.000000|0.140969|1.782663|1.923632|
2457377.87500000|0.000000|0.000000|0.000000|0.138221|1.774789|1.913010|
2457377.91666667|0.000000|0.000000|0.000000|0.135510|1.766955|1.902465|
2457377.95833333|0.000000|0.000000|0.000000|0.132838|1.759160|1.891999|
2457378.00000000|0.000000|0.000000|0.000000|0.130205|1.751406|1.881610|
2457378.04166667|0.000000|0.000000|0.000000|0.127609|1.743690|1.871299|
2457378.08333333|0.000000|0.000000|0.000000|0.125052|1.736014|1.861066|
2457378.12500000|0.000000|0.000000|0.000000|0.122534|1.728376|1.850910|
2457378.16666667|0.000000|0.000000|0.000000|0.120055|1.720777|1.840831|
2457378.20833333|0.000000|0.000000|0.000000|0.117613|1.713216|1.830829|
2457378.25000000|0.000000|0.000000|0.000000|0.115211|1.705693|1.820904|
2457378.29166667|0.000000|0.000000|0.000000|0.112846|1.698208|1.811054|
2457378.33333333|0.000000|0.000000|0.000000|0.110520|1.690761|1.801281|
2457378.37500000|0.000000|0.000000|0.000000|0.108232|1.683351|1.791582|
2457378.41666667|0.000000|0.000000|0.000000|0.105981|1.675978|1.781959|
2457378.45833333|0.000000|0.000000|0.000000|0.103768|1.668642|1.772410|
2457378.50000000|0.000000|0.000000|0.000000|0.101593|1.661343|1.762936|
2457378.54166667|0.000000|0.000000|0.000000|0.099455|1.654080|1.753534|
2457378.58333333|0.000000|0.000000|0.000000|0.097353|1.646853|1.744206|
2457378.62500000|0.000000|0.000000|0.000000|0.095288|1.639663|1.734951|
2457378.66666667|0.000000|0.000000|0.000000|0.093260|1.632508|1.725768|
2457378.70833333|0.000000|0.000000|0.000000|0.091267|1.625389|1.716656|
2457378.75000000|1.300000|0.022322|0.001339|0.089310|1.618478|1.709128|
2457378.79166667|6.200000|0.476871|0.039997|0.087388|1.612205|1.739590|
2457378.83333333|6.500000|0.522193|0.280786|0.086616|1.605997|1.973399|
2457378.87500000|7.300000|0.652195|0.441653|0.090801|1.599910|2.132364|
2457378.91666667|37.700001|12.677781|1.297394|0.099870|1.596340|2.993605|
2457378.95833333|9.700000|1.118671|6.792372|0.114110|1.590562|8.497044|
2457379.00000000|2.500000|0.081265|4.219106|0.149224|1.583978|5.952307|
2457379.04166667|1.300000|0.022322|1.896912|0.189611|1.577272|3.663795|
2457379.08333333|0.800000|0.008510|0.549223|0.229550|1.570533|2.349306|
2457379.12500000|0.000000|0.000000|0.053902|0.268036|1.563721|1.885659|
2457379.16666667|0.000000|0.000000|0.007499|0.304696|1.556942|1.869137|
2457379.20833333|0.000000|0.000000|0.001691|0.338916|1.550196|1.890803|
2457379.25000000|0.000000|0.000000|0.000255|0.370808|1.543484|1.914547|
2457379.29166667|0.000000|0.000000|0.000000|0.400482|1.536804|1.937286|
2457379.33333333|0.000000|0.000000|0.000000|0.428041|1.530157|1.958198|
2457379.37500000|0.000000|0.000000|0.000000|0.453586|1.523543|1.977130|
2457379.41666667|0.000000|0.000000|0.000000|0.477214|1.516961|1.994175|
2457379.45833333|0.000000|0.000000|0.000000|0.499015|1.510412|2.009427|
2457379.50000000|0.000000|0.000000|0.000000|0.519079|1.503894|2.022973|
2457379.54166667|0.000000|0.000000|0.000000|0.537490|1.497408|2.034898|
2457379.58333333|0.000000|0.000000|0.000000|0.554330|1.490954|2.045283|
2457379.62500000|0.000000|0.000000|0.000000|0.569675|1.484531|2.054206|
2457379.66666667|0.000000|0.000000|0.000000|0.583600|1.478139|2.061739|
2457379.70833333|0.000000|0.000000|0.000000|0.596177|1.471779|2.067956|
2457379.75000000|0.000000|0.000000|0.000000|0.607475|1.465449|2.072924|
2457379.79166667|0.000000|0.000000|0.000000|0.617558|1.459150|2.076708|
2457379.83333333|0.000000|0.000000|0.000000|0.626489|1.452881|2.079370|
2457379.87500000|0.000000|0.000000|0.000000|0.634329|1.446643|2.080972|
2457379.91666667|0.000000|0.000000|0.000000|0.641134|1.440435|2.081569|
2457379.95833333|0.000000|0.000000|0.000000|0.646960|1.434257|2.081217|
2457380.00000000|0.000000|0.000000|0.000000|0.651860|1.428109|2.079969|
2457380.04166667|3.900000|0.194231|0.011654|0.655883|1.422485|2.090022|
2457380.08333333|1.200000|0.019045|0.100201|0.659078|1.416551|2.175830|
2457380.12500000|11.600000|1.564492|0.157967|0.664723|1.411825|2.234515|
2457380.16666667|1.800000|0.042515|0.829082|0.670466|1.406019|2.905567|
2457380.20833333|0.900000|0.010756|0.468498|0.684016|1.400125|2.552639|
2457380.25000000|0.000000|0.000000|0.205700|0.697682|1.394141|2.297523|
2457380.29166667|10.000000|1.184711|0.126131|0.710689|1.389358|2.226177|
2457380.33333333|1.800000|0.042515|0.609320|0.722287|1.383659|2.715266|
2457380.37500000|0.600000|0.004799|0.354012|0.740236|1.377833|2.472081|
2457380.41666667|2.200000|0.063178|0.160308|0.757990|1.372240|2.290538|
2457380.45833333|0.700000|0.006524|0.074599|0.774532|1.366481|2.215613|
2457380.50000000|3.800000|0.184634|0.033946|0.791263|1.361138|2.186347|
2457380.54166667|1.400000|0.025855|0.105267|0.806898|1.355522|2.267687|
2457380.58333333|2.200000|0.063178|0.071352|0.824034|1.350035|2.245421|
2457380.62500000|1.600000|0.033680|0.063833|0.840615|1.344498|2.248945|
2457380.66666667|1.600000|0.033680|0.045529|0.857322|1.338987|2.241838|
2457380.70833333|0.000000|0.000000|0.034964|0.873636|1.333295|2.241895|
2457380.75000000|0.000000|0.000000|0.015367|0.889566|1.327630|2.232563|
2457380.79166667|0.000000|0.000000|0.005052|0.903753|1.321991|2.230797|
2457380.83333333|0.000000|0.000000|0.001010|0.916289|1.316380|2.233679|
2457380.87500000|0.000000|0.000000|0.000000|0.927259|1.310795|2.238054|
2457380.91666667|0.000000|0.000000|0.000000|0.936746|1.305237|2.241983|
2457380.95833333|0.000000|0.000000|0.000000|0.944830|1.299704|2.244534|
2457381.00000000|0.000000|0.000000|0.000000|0.951585|1.294198|2.245783|
2457381.04166667|0.000000|0.000000|0.000000|0.957085|1.288718|2.245803|
2457381.08333333|0.000000|0.000000|0.000000|0.961398|1.283264|2.244662|
2457381.12500000|0.000000|0.000000|0.000000|0.964591|1.277836|2.242427|
2457381.16666667|0.000000|0.000000|0.000000|0.966727|1.272433|2.239160|
2457381.20833333|0.000000|0.000000|0.000000|0.967867|1.267055|2.234923|
2457381.25000000|0.000000|0.000000|0.000000|0.968069|1.261703|2.229772|
2457381.29166667|0.000000|0.000000|0.000000|0.967387|1.256376|2.223763|
2457381.33333333|0.000000|0.000000|0.000000|0.965875|1.251074|2.216949|
2457381.37500000|0.000000|0.000000|0.000000|0.963583|1.245797|2.209380|
2457381.41666667|0.000000|0.000000|0.000000|0.960559|1.240544|2.201104|
2457381.45833333|0.600000|0.004799|0.000288|0.956850|1.235394|2.192532|
2457381.50000000|1.500000|0.029641|0.004226|0.952498|1.230383|2.187108|
2457381.54166667|0.100000|0.000134|0.016469|0.948066|1.225216|2.189751|
2457381.58333333|0.000000|0.000000|0.008944|0.944324|1.220060|2.173328|
2457381.62500000|0.000000|0.000000|0.003738|0.940041|1.214927|2.158707|
2457381.66666667|0.400000|0.002139|0.001034|0.935164|1.209871|2.146069|
2457381.70833333|0.000000|0.000000|0.001095|0.929735|1.204786|2.135616|
2457381.75000000|0.200000|0.000536|0.000631|0.924136|1.199751|2.124518|
2457381.79166667|0.000000|0.000000|0.000530|0.918036|1.194714|2.113280|
2457381.83333333|0.200000|0.000536|0.000246|0.911645|1.189725|2.101617|
2457381.87500000|0.000000|0.000000|0.000338|0.904811|1.184734|2.089883|
2457381.91666667|0.000000|0.000000|0.000166|0.897740|1.179766|2.077673|
2457381.95833333|0.000000|0.000000|0.000064|0.890280|1.174821|2.065165|
2457382.00000000|0.000000|0.000000|0.000016|0.882459|1.169899|2.052374|
2457382.04166667|0.000000|0.000000|0.000000|0.874306|1.165000|2.039306|
2457382.08333333|0.000000|0.000000|0.000000|0.865848|1.160123|2.025971|
2457382.12500000|0.000000|0.000000|0.000000|0.857110|1.155269|2.012379|
2457382.16666667|0.000000|0.000000|0.000000|0.848118|1.150437|1.998555|
2457382.20833333|0.000000|0.000000|0.000000|0.838893|1.145628|1.984522|
2457382.25000000|0.000000|0.000000|0.000000|0.829459|1.140841|1.970300|
2457382.29166667|0.000000|0.000000|0.000000|0.819836|1.136076|1.955912|
2457382.33333333|0.000000|0.000000|0.000000|0.810044|1.131332|1.941376|
2457382.37500000|0.000000|0.000000|0.000000|0.800101|1.126611|1.926712|
2457382.41666667|0.000000|0.000000|0.000000|0.790026|1.121911|1.911938|
2457382.45833333|0.000000|0.000000|0.000000|0.779836|1.117233|1.897069|
2457382.50000000|0.000000|0.000000|0.000000|0.769546|1.112576|1.882122|
2457382.54166667|0.000000|0.000000|0.000000|0.759171|1.107941|1.867112|
2457382.58333333|1.500000|0.029641|0.001778|0.748726|1.103517|1.854022|
2457382.62500000|0.000000|0.000000|0.015117|0.738225|1.098923|1.852265|
2457382.66666667|0.000000|0.000000|0.008299|0.728962|1.094351|1.831612|
2457382.70833333|0.000000|0.000000|0.003557|0.719590|1.089799|1.812946|
2457382.75000000|0.000000|0.000000|0.000889|0.710125|1.085267|1.796281|
2457382.79166667|0.000000|0.000000|0.000000|0.700580|1.080757|1.781337|
2457382.83333333|0.000000|0.000000|0.000000|0.690968|1.076267|1.767235|
2457382.87500000|0.000000|0.000000|0.000000|0.681303|1.071797|1.753100|
2457382.91666667|0.000000|0.000000|0.000000|0.671596|1.067348|1.738944|
2457382.95833333|0.000000|0.000000|0.000000|0.661858|1.062919|1.724777|
2457383.00000000|0.000000|0.000000|0.000000|0.652099|1.058511|1.710610|
2457383.04166667|0.000000|0.000000|0.000000|0.642331|1.054122|1.696453|
2457383.08333333|0.000000|0.000000|0.000000|0.632562|1.049753|1.682315|
2457383.12500000|0.000000|0.000000|0.000000|0.622801|1.045404|1.668205|
2457383.16666667|0.000000|0.000000|0.000000|0.613056|1.041075|1.654131|
2457383.20833333|0.000000|0.000000|0.000000|0.603336|1.036765|1.640101|
2457383.25000000|0.000000|0.000000|0.000000|0.593646|1.032475|1.626122|
2457383.29166667|0.000000|0.000000|0.000000|0.583996|1.028205|1.612200|
2457383.33333333|0.000000|0.000000|0.000000|0.574390|1.023953|1.598343|
2457383.37500000|0.000000|0.000000|0.000000|0.564834|1.019721|1.584555|
2457383.41666667|0.000000|0.000000|0.000000|0.555336|1.015508|1.570843|
2457383.45833333|0.000000|0.000000|0.000000|0.545898|1.011314|1.557212|
2457383.50000000|0.000000|0.000000|0.000000|0.536528|1.007139|1.543666|
2457383.54166667|0.000000|0.000000|0.000000|0.527228|1.002982|1.530210|
2457383.58333333|0.000000|0.000000|0.000000|0.518003|0.998845|1.516847|
2457383.62500000|0.000000|0.000000|0.000000|0.508857|0.994726|1.503583|
2457383.66666667|0.000000|0.000000|0.000000|0.499794|0.990625|1.490419|
2457383.70833333|0.000000|0.000000|0.000000|0.490816|0.986543|1.477359|
2457383.75000000|0.000000|0.000000|0.000000|0.481928|0.982479|1.464407|
2457383.79166667|0.000000|0.000000|0.000000|0.473131|0.978434|1.451564|
2457383.83333333|0.000000|0.000000|0.000000|0.464428|0.974406|1.438834|
2457383.87500000|0.000000|0.000000|0.000000|0.455821|0.970397|1.426218|
2457383.91666667|0.000000|0.000000|0.000000|0.447313|0.966406|1.413719|
2457383.95833333|0.000000|0.000000|0.000000|0.438905|0.962432|1.401337|
2457384.00000000|0.000000|0.000000|0.000000|0.430599|0.958476|1.389075|
2457384.04166667|0.000000|0.000000|0.000000|0.422396|0.954538|1.376935|
2457384.08333333|1.500000|0.029641|0.001778|0.414298|0.950806|1.366883|
2457384.12500000|4.300000|0.234917|0.029212|0.406306|0.947422|1.382940|
2457384.16666667|0.000000|0.000000|0.128107|0.399703|0.943533|1.471342|
2457384.20833333|0.000000|0.000000|0.069334|0.396674|0.939661|1.405669|
2457384.25000000|0.000000|0.000000|0.029079|0.393468|0.935807|1.358354|
2457384.29166667|0.000000|0.000000|0.007048|0.390097|0.931970|1.329115|
2457384.33333333|0.000000|0.000000|0.000000|0.386574|0.928150|1.314724|
2457384.37500000|0.000000|0.000000|0.000000|0.382911|0.924347|1.307259|
2457384.41666667|0.000000|0.000000|0.000000|0.379121|0.920561|1.299682|
2457384.45833333|0.000000|0.000000|0.000000|0.375213|0.916792|1.292005|
2457384.50000000|0.000000|0.000000|0.000000|0.371198|0.913040|1.284238|
2457384.54166667|0.000000|0.000000|0.000000|0.367087|0.909304|1.276390|
2457384.58333333|0.000000|0.000000|0.000000|0.362888|0.905584|1.268472|
2457384.62500000|0.000000|0.000000|0.000000|0.358610|0.901882|1.260492|
2457384.66666667|0.000000|0.000000|0.000000|0.354263|0.898195|1.252458|
2457384.70833333|0.000000|0.000000|0.000000|0.349854|0.894525|1.244379|
2457384.75000000|0.000000|0.000000|0.000000|0.345390|0.890871|1.236261|
2457384.79166667|0.000000|0.000000|0.000000|0.340880|0.887233|1.228113|
2457384.83333333|0.000000|0.000000|0.000000|0.336329|0.883612|1.219941|
2457384.87500000|0.000000|0.000000|0.000000|0.331745|0.880006|1.211750|
2457384.91666667|0.000000|0.000000|0.000000|0.327133|0.876416|1.203549|
2457384.95833333|0.000000|0.000000|0.000000|0.322499|0.872842|1.195341|
2457385.00000000|0.000000|0.000000|0.000000|0.317848|0.869284|1.187132|
2457385.04166667|0.000000|0.000000|0.000000|0.313187|0.865741|1.178928|
2457385.08333333|0.000000|0.000000|0.000000|0.308519|0.862214|1.170733|
2457385.12500000|0.000000|0.000000|0.000000|0.303849|0.858703|1.162552|
2457385.16666667|0.000000|0.000000|0.000000|0.299182|0.855206|1.154388|
2457385.20833333|0.000000|0.000000|0.000000|0.294521|0.851726|1.146247|
2457385.25000000|0.000000|0.000000|0.000000|0.289871|0.848260|1.138131|
2457385.29166667|0.000000|0.000000|0.000000|0.285235|0.844810|1.130045|
2457385.33333333|0.000000|0.000000|0.000000|0.280616|0.841375|1.121990|
2457385.37500000|0.000000|0.000000|0.000000|0.276017|0.837955|1.113972|
2457385.41666667|0.000000|0.000000|0.000000|0.271442|0.834550|1.105991|
2457385.45833333|0.000000|0.000000|0.000000|0.266893|0.831159|1.098052|
2457385.50000000|0.000000|0.000000|0.000000|0.262372|0.827784|1.090156|
2457385.54166667|0.000000|0.000000|0.000000|0.257883|0.824423|1.082306|
2457385.58333333|0.000000|0.000000|0.000000|0.253426|0.821078|1.074504|
2457385.62500000|0.000000|0.000000|0.000000|0.249005|0.817746|1.066752|
2457385.66666667|0.400000|0.002139|0.000128|0.244622|0.814480|1.059230|
2457385.70833333|0.100000|0.000134|0.001099|0.240277|0.811190|1.052565|
2457385.75000000|2.200000|0.063178|0.004458|0.236319|0.808171|1.048949|
2457385.79166667|2.300000|0.068962|0.036653|0.232470|0.805178|1.074301|
2457385.83333333|5.100000|0.327134|0.072569|0.230503|0.802518|1.105589|
2457385.87500000|5.900000|0.433452|0.219740|0.230389|0.799957|1.250086|
2457385.91666667|1.500000|0.029641|0.324607|0.234237|0.796903|1.355747|
2457385.95833333|1.100000|0.016025|0.178770|0.242413|0.793813|1.214996|
2457386.00000000|0.000000|0.000000|0.078300|0.251170|0.790601|1.120071|
2457386.04166667|0.000000|0.000000|0.021047|0.260129|0.787402|1.068578|
2457386.08333333|0.000000|0.000000|0.002812|0.268324|0.784217|1.055353|
2457386.12500000|0.000000|0.000000|0.000481|0.275793|0.781046|1.057320|
2457386.16666667|0.000000|0.000000|0.000000|0.282573|0.777889|1.060462|
2457386.20833333|0.000000|0.000000|0.000000|0.288697|0.774745|1.063443|
2457386.25000000|0.000000|0.000000|0.000000|0.294200|0.771615|1.065816|
2457386.29166667|0.000000|0.000000|0.000000|0.299113|0.768499|1.067612|
2457386.33333333|0.000000|0.000000|0.000000|0.303466|0.765396|1.068862|
2457386.37500000|0.000000|0.000000|0.000000|0.307289|0.762307|1.069596|
2457386.41666667|0.000000|0.000000|0.000000|0.310609|0.759231|1.069840|
2457386.45833333|0.000000|0.000000|0.000000|0.313454|0.756168|1.069622|
2457386.50000000|0.000000|0.000000|0.000000|0.315848|0.753118|1.068966|
2457386.54166667|0.000000|0.000000|0.000000|0.317817|0.750082|1.067898|
2457386.58333333|0.000000|0.000000|0.000000|0.319383|0.747058|1.066441|
2457386.62500000|0.000000|0.000000|0.000000|0.320569|0.744048|1.064617|
2457386.66666667|0.000000|0.000000|0.000000|0.321397|0.741051|1.062447|
2457386.70833333|0.000000|0.000000|0.000000|0.321886|0.738066|1.059952|
2457386.75000000|0.000000|0.000000|0.000000|0.322057|0.735095|1.057151|
2457386.79166667|0.000000|0.000000|0.000000|0.321928|0.732136|1.054064|
2457386.83333333|0.000000|0.000000|0.000000|0.321517|0.729190|1.050706|
2457386.87500000|0.000000|0.000000|0.000000|0.320840|0.726256|1.047096|
2457386.91666667|0.700000|0.006524|0.000391|0.319915|0.723422|1.043729|
2457386.95833333|1.400000|0.025855|0.004878|0.318757|0.720685|1.044321|
2457387.00000000|0.000000|0.000000|0.015012|0.317985|0.717788|1.050786|
2457387.04166667|0.000000|0.000000|0.008022|0.318170|0.714904|1.041096|
2457387.08333333|0.000000|0.000000|0.003298|0.318059|0.712032|1.033389|
2457387.12500000|0.100000|0.000134|0.000784|0.317667|0.709184|1.027635|
2457387.16666667|8.400001|0.852084|0.051193|0.317013|0.707280|1.075487|
2457387.20833333|34.799999|11.089222|1.099954|0.316199|0.707405|2.123558|
2457387.25000000|7.300000|0.652195|5.933234|0.321731|0.705396|6.960361|
2457387.29166667|4.700000|0.279236|3.556610|0.347321|0.703117|4.607048|
2457387.33333333|3.700000|0.175268|1.691810|0.376883|0.700736|2.769429|
2457387.37500000|4.200000|0.224403|0.591977|0.408213|0.698421|1.698611|
2457387.41666667|8.300000|0.832923|0.266570|0.440398|0.696552|1.403520|
2457387.45833333|3.300000|0.140139|0.525441|0.473751|0.694153|1.693345|
2457387.50000000|0.000000|0.000000|0.336875|0.511217|0.691370|1.539462|
2457387.54166667|0.000000|0.000000|0.145922|0.548764|0.688598|1.383284|
2457387.58333333|0.000000|0.000000|0.041804|0.583599|0.685839|1.311242|
2457387.62500000|0.000000|0.000000|0.004204|0.615849|0.683091|1.303144|
2457387.66666667|0.000000|0.000000|0.000000|0.645640|0.680354|1.325994|
2457387.70833333|0.000000|0.000000|0.000000|0.673088|0.677630|1.350718|
2457387.75000000|0.000000|0.000000|0.000000|0.698309|0.674917|1.373226|
2457387.79166667|0.000000|0.000000|0.000000|0.721410|0.672216|1.393626|
2457387.83333333|0.000000|0.000000|0.000000|0.742497|0.669526|1.412023|
2457387.87500000|0.000000|0.000000|0.000000|0.761670|0.666847|1.428517|
2457387.91666667|0.000000|0.000000|0.000000|0.779024|0.664180|1.443204|
2457387.95833333|0.000000|0.000000|0.000000|0.794651|0.661524|1.456175|
2457388.00000000|0.000000|0.000000|0.000000|0.808639|0.658880|1.467519|
2457388.04166667|0.000000|0.000000|0.000000|0.821073|0.656246|1.477320|
2457388.08333333|0.000000|0.000000|0.000000|0.832033|0.653624|1.485658|
2457388.12500000|0.000000|0.000000|0.000000|0.841597|0.651013|1.492610|
2457388.16666667|0.000000|0.000000|0.000000|0.849838|0.648413|1.498251|
2457388.20833333|0.000000|0.000000|0.000000|0.856827|0.645825|1.502652|
2457388.25000000|0.000000|0.000000|0.000000|0.862632|0.643247|1.505878|
2457388.29166667|0.000000|0.000000|0.000000|0.867317|0.640680|1.507997|
2457388.33333333|0.000000|0.000000|0.000000|0.870945|0.638123|1.509068|
2457388.37500000|0.000000|0.000000|0.000000|0.873575|0.635578|1.509153|
2457388.41666667|0.000000|0.000000|0.000000|0.875263|0.633044|1.508306|
2457388.45833333|0.000000|0.000000|0.000000|0.876063|0.630520|1.506583|
2457388.50000000|0.000000|0.000000|0.000000|0.876028|0.628006|1.504034|
2457388.54166667|0.000000|0.000000|0.000000|0.875206|0.625504|1.500710|
2457388.58333333|0.000000|0.000000|0.000000|0.873646|0.623012|1.496657|
2457388.62500000|0.000000|0.000000|0.000000|0.871391|0.620530|1.491921|
2457388.66666667|0.000000|0.000000|0.000000|0.868485|0.618059|1.486544|
2457388.70833333|0.000000|0.000000|0.000000|0.864969|0.615598|1.480568|
2457388.75000000|0.000000|0.000000|0.000000|0.860883|0.613148|1.474031|
2457388.79166667|0.000000|0.000000|0.000000|0.856263|0.610708|1.466971|
2457388.83333333|0.000000|0.000000|0.000000|0.851146|0.608278|1.459424|
2457388.87500000|0.000000|0.000000|0.000000|0.845565|0.605859|1.451424|
2457388.91666667|0.000000|0.000000|0.000000|0.839553|0.603449|1.443003|
2457388.95833333|0.000000|0.000000|0.000000|0.833141|0.601050|1.434191|
2457389.00000000|0.000000|0.000000|0.000000|0.826358|0.598661|1.425019|
2457389.04166667|0.000000|0.000000|0.000000|0.819232|0.596282|1.415514|
2457389.08333333|0.000000|0.000000|0.000000|0.811789|0.593913|1.405702|
2457389.12500000|0.000000|0.000000|0.000000|0.804056|0.591554|1.395610|
2457389.16666667|0.000000|0.000000|0.000000|0.796057|0.589204|1.385261|
2457389.20833333|0.000000|0.000000|0.000000|0.787814|0.586865|1.374678|
2457389.25000000|0.000000|0.000000|0.000000|0.779348|0.584535|1.363884|
2457389.29166667|0.000000|0.000000|0.000000|0.770682|0.582215|1.352898|
2457389.33333333|0.000000|0.000000|0.000000|0.761834|0.579905|1.341740|
2457389.37500000|0.000000|0.000000|0.000000|0.752824|0.577605|1.330429|
2457389.41666667|0.000000|0.000000|0.000000|0.743669|0.575314|1.318982|
2457389.45833333|0.000000|0.000000|0.000000|0.734385|0.573033|1.307417|
2457389.50000000|0.000000|0.000000|0.000000|0.724989|0.570761|1.295750|
2457389.54166667|0.000000|0.000000|0.000000|0.715496|0.568498|1.283994|
2457389.58333333|0.000000|0.000000|0.000000|0.705920|0.566246|1.272165|
2457389.62500000|0.000000|0.000000|0.000000|0.696274|0.564002|1.260276|
2457389.66666667|0.000000|0.000000|0.000000|0.686572|0.561768|1.248340|
2457389.70833333|0.000000|0.000000|0.000000|0.676826|0.559543|1.236369|
2457389.75000000|0.000000|0.000000|0.000000|0.667046|0.557328|1.224374|
2457389.79166667|0.000000|0.000000|0.000000|0.657244|0.555122|1.212366|
2457389.83333333|0.000000|0.000000|0.000000|0.647430|0.552925|1.200354|
2457389.87500000|0.000000|0.000000|0.000000|0.637613|0.550737|1.188350|
2457389.91666667|0.000000|0.000000|0.000000|0.627802|0.548558|1.176360|
2457389.95833333|0.000000|0.000000|0.000000|0.618006|0.546388|1.164395|
2457390.00000000|0.000000|0.000000|0.000000|0.608233|0.544228|1.152461|
2457390.04166667|0.000000|0.000000|0.000000|0.598490|0.542076|1.140566|
2457390.08333333|0.000000|0.000000|0.000000|0.588785|0.539933|1.128718|
2457390.12500000|0.000000|0.000000|0.000000|0.579123|0.537799|1.116922|
2457390.16666667|0.000000|0.000000|0.000000|0.569510|0.535674|1.105185|
2457390.20833333|0.000000|0.000000|0.000000|0.559954|0.533558|1.093512|
2457390.25000000|0.000000|0.000000|0.000000|0.550458|0.531451|1.081909|
2457390.29166667|0.000000|0.000000|0.000000|0.541028|0.529352|1.070380|
2457390.33333333|0.000000|0.000000|0.000000|0.531668|0.527262|1.058930|
2457390.37500000|0.000000|0.000000|0.000000|0.522383|0.525181|1.047564|
2457390.41666667|0.000000|0.000000|0.000000|0.513177|0.523108|1.036285|
2457390.45833333|0.000000|0.000000|0.000000|0.504052|0.521044|1.025097|
2457390.50000000|0.000000|0.000000|0.000000|0.495014|0.518989|1.014002|
2457390.54166667|0.000000|0.000000|0.000000|0.486064|0.516942|1.003006|
2457390.58333333|0.000000|0.000000|0.000000|0.477205|0.514903|0.992109|
2457390.62500000|0.000000|0.000000|0.000000|0.468441|0.512873|0.981314|
2457390.66666667|0.000000|0.000000|0.000000|0.459773|0.510851|0.970624|
2457390.70833333|0.000000|0.000000|0.000000|0.451204|0.508838|0.960041|
2457390.75000000|0.000000|0.000000|0.000000|0.442734|0.506833|0.949567|
2457390.79166667|0.000000|0.000000|0.000000|0.434367|0.504836|0.939203|
2457390.83333333|0.000000|0.000000|0.000000|0.426104|0.502848|0.928951|
2457390.87500000|0.000000|0.000000|0.000000|0.417945|0.500867|0.918812|
2457390.91666667|0.000000|0.000000|0.000000|0.409893|0.498895|0.908788|
2457390.95833333|0.000000|0.000000|0.000000|0.401947|0.496931|0.898878|
2457391.00000000|0.000000|0.000000|0.000000|0.394109|0.494975|0.889084|
2457391.04166667|0.000000|0.000000|0.000000|0.386380|0.493027|0.879407|
2457391.08333333|0.000000|0.000000|0.000000|0.378760|0.491088|0.869847|
2457391.12500000|0.000000|0.000000|0.000000|0.371249|0.489156|0.860405|
2457391.16666667|0.000000|0.000000|0.000000|0.363848|0.487232|0.851080|
2457391.20833333|0.000000|0.000000|0.000000|0.356557|0.485316|0.841873|
2457391.25000000|0.000000|0.000000|0.000000|0.349376|0.483408|0.832784|
2457391.29166667|0.000000|0.000000|0.000000|0.342305|0.481507|0.823812|
2457391.33333333|0.000000|0.000000|0.000000|0.335344|0.479615|0.814959|
2457391.37500000|0.000000|0.000000|0.000000|0.328492|0.477730|0.806222|
2457391.41666667|0.000000|0.000000|0.000000|0.321750|0.475854|0.797603|
2457391.45833333|0.000000|0.000000|0.000000|0.315116|0.473984|0.789100|
2457391.50000000|0.000000|0.000000|0.000000|0.308591|0.472123|0.780714|
2457391.54166667|0.000000|0.000000|0.000000|0.302174|0.470269|0.772443|
2457391.58333333|0.000000|0.000000|0.000000|0.295864|0.468423|0.764287|
2457391.62500000|0.000000|0.000000|0.000000|0.289661|0.466584|0.756245|
2457391.66666667|0.000000|0.000000|0.000000|0.283564|0.464753|0.748316|
2457391.70833333|0.000000|0.000000|0.000000|0.277571|0.462929|0.740501|
2457391.75000000|0.000000|0.000000|0.000000|0.271684|0.461113|0.732797|
2457391.79166667|0.000000|0.000000|0.000000|0.265899|0.459304|0.725203|
2457391.83333333|0.000000|0.000000|0.000000|0.260217|0.457503|0.717720|
2457391.87500000|0.000000|0.000000|0.000000|0.254637|0.455709|0.710346|
2457391.91666667|0.000000|0.000000|0.000000|0.249158|0.453922|0.703080|
2457391.95833333|0.000000|0.000000|0.000000|0.243778|0.452143|0.695921|
2457392.00000000|0.000000|0.000000|0.000000|0.238496|0.450371|0.688867|
2457392.04166667|0.000000|0.000000|0.000000|0.233312|0.448606|0.681918|
2457392.08333333|0.000000|0.000000|0.000000|0.228225|0.446848|0.675073|
2457392.12500000|0.000000|0.000000|0.000000|0.223232|0.445098|0.668330|
2457392.16666667|0.000000|0.000000|0.000000|0.218334|0.443355|0.661689|
2457392.20833333|0.000000|0.000000|0.000000|0.213529|0.441619|0.655148|
2457392.25000000|0.000000|0.000000|0.000000|0.208816|0.439890|0.648705|
2457392.29166667|0.000000|0.000000|0.000000|0.204193|0.438168|0.642360|
2457392.33333333|0.000000|0.000000|0.000000|0.199660|0.436453|0.636112|
2457392.37500000|0.000000|0.000000|0.000000|0.195215|0.434745|0.629959|
2457392.41666667|0.000000|0.000000|0.000000|0.190856|0.433044|0.623900|
2457392.45833333|0.000000|0.000000|0.000000|0.186584|0.431349|0.617934|
2457392.50000000|0.000000|0.000000|0.000000|0.182396|0.429662|0.612059|
2457392.54166667|0.000000|0.000000|0.000000|0.178292|0.427982|0.606274|
2457392.58333333|0.000000|0.000000|0.000000|0.174270|0.426308|0.600578|
2457392.62500000|0.000000|0.000000|0.000000|0.170328|0.424642|0.594970|
2457392.66666667|0.000000|0.000000|0.000000|0.166467|0.422982|0.589449|
2457392.70833333|0.000000|0.000000|0.000000|0.162683|0.421329|0.584012|
2457392.75000000|0.000000|0.000000|0.000000|0.158977|0.419682|0.578659|
2457392.79166667|0.000000|0.000000|0.000000|0.155347|0.418043|0.573389|
2457392.83333333|0.000000|0.000000|0.000000|0.151791|0.416410|0.568201|
2457392.87500000|0.000000|0.000000|0.000000|0.148309|0.414783|0.563093|
2457392.91666667|0.000000|0.000000|0.000000|0.144900|0.413163|0.558063|
2457392.95833333|0.000000|0.000000|0.000000|0.141561|0.411550|0.553111|
2457393.00000000|0.000000|0.000000|0.000000|0.138293|0.409943|0.548236|
2457393.04166667|0.000000|0.000000|0.000000|0.135093|0.408343|0.543436|
2457393.08333333|0.000000|0.000000|0.000000|0.131960|0.406749|0.538710|
2457393.12500000|0.000000|0.000000|0.000000|0.128894|0.405162|0.534056|
2457393.16666667|0.000000|0.000000|0.000000|0.125893|0.403581|0.529475|
2457393.20833333|0.000000|0.000000|0.000000|0.122957|0.402007|0.524964|
2457393.25000000|0.000000|0.000000|0.000000|0.120083|0.400439|0.520522|
2457393.29166667|0.000000|0.000000|0.000000|0.117271|0.398877|0.516148|
2457393.33333333|0.000000|0.000000|0.000000|0.114519|0.397322|0.511841|
2457393.37500000|0.000000|0.000000|0.000000|0.111827|0.395773|0.507600|
2457393.41666667|0.000000|0.000000|0.000000|0.109194|0.394230|0.503424|
2457393.45833333|0.000000|0.000000|0.000000|0.106618|0.392694|0.499311|
2457393.50000000|0.000000|0.000000|0.000000|0.104098|0.391163|0.495261|
2457393.54166667|0.000000|0.000000|0.000000|0.101633|0.389639|0.491272|
2457393.58333333|0.000000|0.000000|0.000000|0.099223|0.388121|0.487344|
2457393.62500000|0.000000|0.000000|0.000000|0.096866|0.386609|0.483475|
2457393.66666667|0.000000|0.000000|0.000000|0.094560|0.385104|0.479664|
2457393.70833333|0.000000|0.000000|0.000000|0.092306|0.383604|0.475910|
2457393.75000000|0.000000|0.000000|0.000000|0.090103|0.382110|0.472213|
2457393.79166667|0.000000|0.000000|0.000000|0.087948|0.380623|0.468571|
2457393.83333333|0.000000|0.000000|0.000000|0.085841|0.379141|0.464983|
2457393.87500000|0.000000|0.000000|0.000000|0.083782|0.377666|0.461448|
2457393.91666667|0.000000|0.000000|0.000000|0.081769|0.376196|0.457965|
2457393.95833333|0.000000|0.000000|0.000000|0.079802|0.374732|0.454534|
2457394.00000000|0.000000|0.000000|0.000000|0.077878|0.373275|0.451153|
2457394.04166667|0.000000|0.000000|0.000000|0.075999|0.371823|0.447822|
2457394.08333333|0.000000|0.000000|0.000000|0.074162|0.370377|0.444539|
2457394.12500000|0.000000|0.000000|0.000000|0.072367|0.368936|0.441303|
2457394.16666667|0.000000|0.000000|0.000000|0.070613|0.367502|0.438115|
2457394.20833333|0.000000|0.000000|0.000000|0.068899|0.366073|0.434972|
2457394.25000000|0.000000|0.000000|0.000000|0.067224|0.364650|0.431874|
2457394.29166667|0.000000|0.000000|0.000000|0.065588|0.363233|0.428821|
2457394.33333333|0.000000|0.000000|0.000000|0.063989|0.361822|0.425811|
2457394.37500000|0.000000|0.000000|0.000000|0.062428|0.360416|0.422843|
2457394.41666667|0.000000|0.000000|0.000000|0.060902|0.359016|0.419918|
2457394.45833333|0.000000|0.000000|0.000000|0.059412|0.357621|0.417033|
2457394.50000000|0.000000|0.000000|0.000000|0.057956|0.356232|0.414188|
2457394.54166667|0.000000|0.000000|0.000000|0.056534|0.354849|0.411383|
2457394.58333333|0.000000|0.000000|0.000000|0.055146|0.353471|0.408617|
2457394.62500000|0.000000|0.000000|0.000000|0.053790|0.352099|0.405888|
2457394.66666667|0.000000|0.000000|0.000000|0.052465|0.350732|0.403197|
2457394.70833333|0.000000|0.000000|0.000000|0.051172|0.349371|0.400542|
2457394.75000000|0.000000|0.000000|0.000000|0.049909|0.348015|0.397924|
2457394.79166667|0.000000|0.000000|0.000000|0.048676|0.346664|0.395340|
2457394.83333333|0.000000|0.000000|0.000000|0.047471|0.345319|0.392791|
2457394.87500000|0.000000|0.000000|0.000000|0.046296|0.343980|0.390276|
2457394.91666667|0.000000|0.000000|0.000000|0.045148|0.342646|0.387793|
2457394.95833333|0.000000|0.000000|0.000000|0.044027|0.341317|0.385344|
2457395.00000000|0.000000|0.000000|0.000000|0.042933|0.339993|0.382926|
2457395.04166667|0.000000|0.000000|0.000000|0.041865|0.338675|0.380540|
2457395.08333333|0.000000|0.000000|0.000000|0.040822|0.337362|0.378184|
2457395.12500000|0.000000|0.000000|0.000000|0.039804|0.336054|0.375859|
2457395.16666667|0.000000|0.000000|0.000000|0.038811|0.334752|0.373563|
2457395.20833333|0.000000|0.000000|0.000000|0.037841|0.333455|0.371296|
2457395.25000000|0.000000|0.000000|0.000000|0.036895|0.332162|0.369057|
2457395.29166667|0.000000|0.000000|0.000000|0.035971|0.330876|0.366847|
2457395.33333333|0.000000|0.000000|0.000000|0.035070|0.329594|0.364664|
2457395.37500000|0.000000|0.000000|0.000000|0.034190|0.328317|0.362507|
2457395.41666667|0.000000|0.000000|0.000000|0.033332|0.327046|0.360377|
2457395.45833333|0.000000|0.000000|0.000000|0.032494|0.325779|0.358273|
2457395.50000000|0.000000|0.000000|0.000000|0.031676|0.324518|0.356194|
2457395.54166667|0.000000|0.000000|0.000000|0.030879|0.323261|0.354140|
2457395.58333333|0.000000|0.000000|0.000000|0.030100|0.322010|0.352110|
2457395.62500000|0.000000|0.000000|0.000000|0.029341|0.320764|0.350105|
2457395.66666667|0.000000|0.000000|0.000000|0.028600|0.319522|0.348122|
2457395.70833333|0.000000|0.000000|0.000000|0.027877|0.318286|0.346163|
2457395.75000000|0.000000|0.000000|0.000000|0.027172|0.317054|0.344226|
2457395.79166667|0.000000|0.000000|0.000000|0.026484|0.315828|0.342311|
2457395.83333333|0.000000|0.000000|0.000000|0.025812|0.314606|0.340419|
2457395.87500000|0.000000|0.000000|0.000000|0.025158|0.313389|0.338547|
2457395.91666667|0.000000|0.000000|0.000000|0.024519|0.312177|0.336696|
2457395.95833333|0.000000|0.000000|0.000000|0.023896|0.310970|0.334866|
2457396.00000000|0.000000|0.000000|0.000000|0.023288|0.309768|0.333056|
2457396.04166667|0.000000|0.000000|0.000000|0.022695|0.308570|0.331266|
2457396.08333333|0.000000|0.000000|0.000000|0.022117|0.307378|0.329495|
2457396.12500000|0.000000|0.000000|0.000000|0.021553|0.306190|0.327743|
2457396.16666667|0.000000|0.000000|0.000000|0.021003|0.305006|0.326010|
2457396.20833333|0.000000|0.000000|0.000000|0.020467|0.303828|0.324295|
2457396.25000000|0.000000|0.000000|0.000000|0.019944|0.302654|0.322598|
2457396.29166667|0.000000|0.000000|0.000000|0.019434|0.301485|0.320918|
2457396.33333333|0.000000|0.000000|0.000000|0.018936|0.300320|0.319256|
2457396.37500000|0.000000|0.000000|0.000000|0.018451|0.299160|0.317611|
2457396.41666667|0.000000|0.000000|0.000000|0.017978|0.298005|0.315983|
2457396.45833333|0.000000|0.000000|0.000000|0.017517|0.296854|0.314371|
2457396.50000000|0.000000|0.000000|0.000000|0.017067|0.295708|0.312775|
2457396.54166667|0.000000|0.000000|0.000000|0.016628|0.294566|0.311194|
2457396.58333333|0.000000|0.000000|0.000000|0.016201|0.293429|0.309630|
2457396.62500000|0.000000|0.000000|0.000000|0.015784|0.292296|0.308080|
2457396.66666667|0.000000|0.000000|0.000000|0.015377|0.291168|0.306546|
2457396.70833333|0.000000|0.000000|0.000000|0.014981|0.290045|0.305026|
2457396.75000000|0.000000|0.000000|0.000000|0.014595|0.288926|0.303520|
2457396.79166667|0.000000|0.000000|0.000000|0.014218|0.287811|0.302029|
2457396.83333333|0.000000|0.000000|0.000000|0.013851|0.286701|0.300551|
2457396.87500000|0.000000|0.000000|0.000000|0.013493|0.285595|0.299088|
2457396.91666667|0.000000|0.000000|0.000000|0.013144|0.284493|0.297637|
2457396.95833333|0.000000|0.000000|0.000000|0.012804|0.283396|0.296200|
2457397.00000000|0.000000|0.000000|0.000000|0.012472|0.282303|0.294776|
2457397.04166667|0.000000|0.000000|0.000000|0.012149|0.281215|0.293364|
2457397.08333333|0.000000|0.000000|0.000000|0.011834|0.280131|0.291965|
2457397.12500000|0.000000|0.000000|0.000000|0.011527|0.279051|0.290578|
2457397.16666667|0.000000|0.000000|0.000000|0.011228|0.277975|0.289203|
2457397.20833333|0.000000|0.000000|0.000000|0.010936|0.276904|0.287840|
2457397.25000000|0.000000|0.000000|0.000000|0.010652|0.275837|0.286488|
2457397.29166667|0.000000|0.000000|0.000000|0.010375|0.274774|0.285148|
2457397.33333333|0.000000|0.000000|0.000000|0.010104|0.273715|0.283820|
2457397.37500000|0.000000|0.000000|0.000000|0.009841|0.272661|0.282502|
2457397.41666667|0.000000|0.000000|0.000000|0.009585|0.271610|0.281195|
2457397.45833333|0.000000|0.000000|0.000000|0.009335|0.270564|0.279899|
2457397.50000000|0.000000|0.000000|0.000000|0.009091|0.269522|0.278614|
2457397.54166667|0.000000|0.000000|0.000000|0.008854|0.268484|0.277338|
2457397.58333333|0.000000|0.000000|0.000000|0.008623|0.267451|0.276073|
2457397.62500000|0.000000|0.000000|0.000000|0.008397|0.266421|0.274818|
2457397.66666667|0.000000|0.000000|0.000000|0.008178|0.265395|0.273573|
2457397.70833333|0.000000|0.000000|0.000000|0.007964|0.264374|0.272337|
2457397.75000000|0.000000|0.000000|0.000000|0.007755|0.263356|0.271111|
2457397.79166667|0.000000|0.000000|0.000000|0.007552|0.262343|0.269894|
2457397.83333333|0.000000|0.000000|0.000000|0.007354|0.261333|0.268687|
2457397.87500000|0.000000|0.000000|0.000000|0.007161|0.260327|0.267488|
2457397.91666667|0.000000|0.000000|0.000000|0.006973|0.259326|0.266299|
2457397.95833333|0.000000|0.000000|0.000000|0.006790|0.258328|0.265118|
2457398.00000000|0.000000|0.000000|0.000000|0.006611|0.257334|0.263946|
2457398.04166667|0.000000|0.000000|0.000000|0.006438|0.256345|0.262782|
2457398.08333333|0.000000|0.000000|0.000000|0.006268|0.255359|0.261627|
2457398.12500000|0.000000|0.000000|0.000000|0.006103|0.254377|0.260480|
2457398.16666667|0.000000|0.000000|0.000000|0.005943|0.253399|0.259341|
2457398.20833333|0.000000|0.000000|0.000000|0.005786|0.252424|0.258210|
2457398.25000000|0.000000|0.000000|0.000000|0.005634|0.251454|0.257088|
2457398.29166667|0.000000|0.000000|0.000000|0.005485|0.250487|0.255972|
2457398.33333333|0.000000|0.000000|0.000000|0.005340|0.249525|0.254865|
2457398.37500000|0.000000|0.000000|0.000000|0.005199|0.248566|0.253765|
2457398.41666667|0.000000|0.000000|0.000000|0.005062|0.247610|0.252672|
2457398.45833333|0.000000|0.000000|0.000000|0.004928|0.246659|0.251587|
2457398.50000000|0.000000|0.000000|0.000000|0.004798|0.245711|0.250509|
2457398.54166667|0.000000|0.000000|0.000000|0.004671|0.244767|0.249438|
2457398.58333333|0.000000|0.000000|0.000000|0.004547|0.243827|0.248374|
2457398.62500000|0.000000|0.000000|0.000000|0.004427|0.242890|0.247317|
2457398.66666667|0.000000|0.000000|0.000000|0.004310|0.241957|0.246267|
2457398.70833333|0.000000|0.000000|0.000000|0.004195|0.241028|0.245223|
2457398.75000000|0.000000|0.000000|0.000000|0.004084|0.240102|0.244187|
2457398.79166667|0.000000|0.000000|0.000000|0.003976|0.239180|0.243156|
2457398.83333333|0.000000|0.000000|0.000000|0.003870|0.238262|0.242132|
2457398.87500000|0.000000|0.000000|0.000000|0.003768|0.237347|0.241115|
2457398.91666667|0.000000|0.000000|0.000000|0.003668|0.236436|0.240104|
2457398.95833333|0.000000|0.000000|0.000000|0.003570|0.235529|0.239099|
2457399.00000000|0.000000|0.000000|0.000000|0.003475|0.234625|0.238100|
2457399.04166667|0.000000|0.000000|0.000000|0.003383|0.233724|0.237107|
2457399.08333333|0.000000|0.000000|0.000000|0.003293|0.232827|0.236120|
[       OK ] Tshirt_C_Realization_Test.TestSurfaceRunoffCalc1a (55 ms)
[ RUN      ] Tshirt_C_Realization_Test.TestGiuhRunoffCalc1a
2457357.50000000|10.000000|1.522619|0.091357|0.000000|191.106140|191.197497|
2457357.54166667|0.000000|0.000000|0.776536|0.000000|177.198214|177.974750|
2457357.58333333|0.000000|0.000000|0.426333|0.093168|165.163302|165.682804|
2457357.62500000|0.000000|0.000000|0.182714|0.180746|154.643488|155.006948|
2457357.66666667|0.000000|0.000000|0.045679|0.262986|145.367169|145.675833|
2457357.70833333|0.000000|0.000000|0.000000|0.340128|137.124396|137.464524|
2457357.75000000|0.000000|0.000000|0.000000|0.412405|129.750237|130.162643|
2457357.79166667|0.000000|0.000000|0.000000|0.480040|123.113277|123.593317|
2457357.83333333|0.000000|0.000000|0.000000|0.543245|117.107476|117.650721|
2457357.87500000|0.000000|0.000000|0.000000|0.602226|111.646304|112.248530|
2457357.91666667|0.000000|0.000000|0.000000|0.657179|106.658437|107.315616|
2457357.95833333|0.000000|0.000000|0.000000|0.708293|102.084540|102.792833|
2457358.00000000|0.000000|0.000000|0.000000|0.755749|97.874845|98.630593|
2457358.04166667|0.000000|0.000000|0.000000|0.799719|93.987286|94.787005|
2457358.08333333|0.000000|0.000000|0.000000|0.840372|90.386066|91.226438|
2457358.12500000|0.000000|0.000000|0.000000|0.877865|87.040521|87.918387|
2457358.16666667|0.000000|0.000000|0.000000|0.912353|83.924234|84.836587|
2457358.20833333|0.000000|0.000000|0.000000|0.943981|81.014320|81.958301|
2457358.25000000|0.000000|0.000000|0.000000|0.972891|78.290850|79.263741|
2457358.29166667|0.000000|0.000000|0.000000|0.999216|75.736395|76.735611|
2457358.33333333|0.000000|0.000000|0.000000|1.023086|73.335636|74.358722|
2457358.37500000|0.000000|0.000000|0.000000|1.044625|71.075061|72.119685|
2457358.41666667|0.000000|0.000000|0.000000|1.063950|68.942699|70.006649|
2457358.45833333|0.000000|0.000000|0.000000|1.081176|66.927909|68.009085|
2457358.50000000|0.000000|0.000000|0.000000|1.096411|65.021203|66.117613|
2457358.54166667|0.000000|0.000000|0.000000|1.109758|63.214085|64.323844|
2457358.58333333|0.000000|0.000000|0.000000|1.121318|61.498934|62.620253|
2457358.62500000|0.000000|0.000000|0.000000|1.131186|59.868887|61.000073|
2457358.66666667|0.000000|0.000000|0.000000|1.139452|58.317750|59.457202|
2457358.70833333|0.000000|0.000000|0.000000|1.146205|56.839916|57.986121|
2457358.75000000|0.000000|0.000000|0.000000|1.151526|55.430302|56.581828|
2457358.79166667|0.000000|0.000000|0.000000|1.155497|54.084282|55.239779|
2457358.83333333|0.000000|0.000000|0.000000|1.158193|52.797641|53.955835|
2457358.87500000|0.200000|0.000536|0.000032|1.159688|51.566675|52.726395|
2457358.91666667|0.000000|0.000000|0.000273|1.160050|50.387566|51.547890|
2457358.95833333|0.000000|0.000000|0.000150|1.159521|49.257235|50.416907|
2457359.00000000|0.000000|0.000000|0.000064|1.157980|48.172715|49.330759|
2457359.04166667|0.000000|0.000000|0.000016|1.155487|47.131273|48.286776|
2457359.08333333|0.000000|0.000000|0.000000|1.152102|46.130393|47.282495|
2457359.12500000|0.500000|0.003337|0.000200|1.147880|45.168069|46.316150|
2457359.16666667|0.800000|0.008510|0.002213|1.142874|44.242002|45.387089|
2457359.20833333|0.200000|0.000536|0.005307|1.137569|43.349635|44.492510|
2457359.25000000|0.000000|0.000000|0.003057|1.132244|42.489388|43.624688|
2457359.29166667|0.000000|0.000000|0.001271|1.126388|41.659675|42.787334|
2457359.33333333|0.000000|0.000000|0.000320|1.119865|40.858899|41.979084|
2457359.37500000|0.000000|0.000000|0.000016|1.112719|40.085574|41.198309|
2457359.41666667|0.000000|0.000000|0.000000|1.104994|39.338314|40.443308|
2457359.45833333|0.000000|0.000000|0.000000|1.096731|38.615824|39.712555|
2457359.50000000|0.000000|0.000000|0.000000|1.087970|37.916894|39.004864|
2457359.54166667|0.000000|0.000000|0.000000|1.078747|37.240393|38.319139|
2457359.58333333|0.000000|0.000000|0.000000|1.069098|36.585259|37.654357|
2457359.62500000|0.000000|0.000000|0.000000|1.059057|35.950498|37.009555|
2457359.66666667|0.000000|0.000000|0.000000|1.048657|35.335176|36.383833|
2457359.70833333|0.000000|0.000000|0.000000|1.037927|34.738416|35.776344|
2457359.75000000|0.000000|0.000000|0.000000|1.026898|34.159393|35.186291|
2457359.79166667|0.000000|0.000000|0.000000|1.015596|33.597329|34.612925|
2457359.83333333|0.000000|0.000000|0.000000|1.004048|33.051492|34.055540|
2457359.87500000|0.000000|0.000000|0.000000|0.992279|32.521191|33.513470|
2457359.91666667|0.000000|0.000000|0.000000|0.980312|32.005776|32.986088|
2457359.95833333|0.000000|0.000000|0.000000|0.968170|31.504629|32.472799|
2457360.00000000|0.000000|0.000000|0.000000|0.955875|31.017168|31.973043|
2457360.04166667|0.000000|0.000000|0.000000|0.943446|30.542844|31.486290|
2457360.08333333|0.000000|0.000000|0.000000|0.930902|30.081133|31.012035|
2457360.12500000|0.000000|0.000000|0.000000|0.918262|29.631541|30.549803|
2457360.16666667|0.000000|0.000000|0.000000|0.905543|29.193600|30.099142|
2457360.20833333|0.000000|0.000000|0.000000|0.892760|28.766864|29.659624|
2457360.25000000|0.000000|0.000000|0.000000|0.879929|28.350911|29.230840|
2457360.29166667|0.000000|0.000000|0.000000|0.867064|27.945340|28.812404|
2457360.33333333|0.000000|0.000000|0.000000|0.854180|27.549768|28.403948|
2457360.37500000|0.000000|0.000000|0.000000|0.841288|27.163832|28.005120|
2457360.41666667|0.000000|0.000000|0.000000|0.828401|26.787187|27.615588|
2457360.45833333|0.000000|0.000000|0.000000|0.815530|26.419502|27.235032|
2457360.50000000|0.000000|0.000000|0.000000|0.802686|26.060464|26.863150|
2457360.54166667|0.000000|0.000000|0.000000|0.789878|25.709773|26.499651|
2457360.58333333|0.000000|0.000000|0.000000|0.777117|25.367144|26.144260|
2457360.62500000|0.000000|0.000000|0.000000|0.764410|25.032303|25.796712|
2457360.66666667|0.000000|0.000000|0.000000|0.751766|24.704989|25.456755|
2457360.70833333|0.000000|0.000000|0.000000|0.739193|24.384954|25.124147|
2457360.75000000|0.000000|0.000000|0.000000|0.726698|24.071959|24.798657|
2457360.79166667|0.000000|0.000000|0.000000|0.714287|23.765776|24.480063|
2457360.83333333|0.000000|0.000000|0.000000|0.701966|23.466187|24.168153|
2457360.87500000|0.000000|0.000000|0.000000|0.689743|23.172982|23.862725|
2457360.91666667|0.000000|0.000000|0.000000|0.677620|22.885962|23.563583|
2457360.95833333|0.000000|0.000000|0.000000|0.665605|22.604935|23.270540|
2457361.00000000|0.000000|0.000000|0.000000|0.653700|22.329716|22.983416|
2457361.04166667|0.000000|0.000000|0.000000|0.641911|22.060129|22.702039|
2457361.08333333|0.000000|0.000000|0.000000|0.630240|21.796004|22.426244|
2457361.12500000|0.000000|0.000000|0.000000|0.618693|21.537178|22.155871|
2457361.16666667|0.000000|0.000000|0.000000|0.607270|21.283496|21.890766|
2457361.20833333|0.000000|0.000000|0.000000|0.595977|21.034806|21.630783|
2457361.25000000|0.000000|0.000000|0.000000|0.584814|20.790965|21.375779|
2457361.29166667|0.000000|0.000000|0.000000|0.573785|20.551833|21.125618|
2457361.33333333|0.000000|0.000000|0.000000|0.562891|20.317277|20.880168|
2457361.37500000|0.000000|0.000000|0.000000|0.552135|20.087168|20.639303|
2457361.41666667|0.000000|0.000000|0.000000|0.541517|19.861382|20.402899|
2457361.45833333|0.000000|0.000000|0.000000|0.531039|19.639800|20.170840|
2457361.50000000|0.000000|0.000000|0.000000|0.520703|19.422307|19.943010|
2457361.54166667|0.000000|0.000000|0.000000|0.510509|19.208793|19.719301|
2457361.58333333|0.000000|0.000000|0.000000|0.500458|18.999149|19.499607|
2457361.62500000|0.000000|0.000000|0.000000|0.490550|18.793273|19.283824|
2457361.66666667|0.000000|0.000000|0.000000|0.480787|18.591067|19.071854|
2457361.70833333|0.000000|0.000000|0.000000|0.471168|18.392433|18.863601|
2457361.75000000|0.000000|0.000000|0.000000|0.461693|18.197280|18.658973|
2457361.79166667|0.000000|0.000000|0.000000|0.452363|18.005517|18.457880|
2457361.83333333|0.000000|0.000000|0.000000|0.443177|17.817059|18.260236|
2457361.87500000|0.000000|0.000000|0.000000|0.434135|17.631822|18.065956|
2457361.91666667|0.000000|0.000000|0.000000|0.425237|17.449725|17.874961|
2457361.95833333|0.000000|0.000000|0.000000|0.416481|17.270690|17.687171|
2457362.00000000|0.000000|0.000000|0.000000|0.407869|17.094641|17.502510|
2457362.04166667|0.000000|0.000000|0.000000|0.399398|16.921507|17.320905|
2457362.08333333|0.000000|0.000000|0.000000|0.391069|16.751216|17.142285|
2457362.12500000|0.000000|0.000000|0.000000|0.382880|16.583699|16.966579|
2457362.16666667|0.000000|0.000000|0.000000|0.374830|16.418891|16.793721|
2457362.20833333|0.000000|0.000000|0.000000|0.366919|16.256728|16.623646|
2457362.25000000|0.000000|0.000000|0.000000|0.359145|16.097146|16.456291|
2457362.29166667|0.000000|0.000000|0.000000|0.351507|15.940087|16.291594|
2457362.33333333|0.000000|0.000000|0.000000|0.344004|15.785492|16.129496|
2457362.37500000|0.000000|0.000000|0.000000|0.336635|15.633304|15.969939|
2457362.41666667|0.000000|0.000000|0.000000|0.329399|15.483469|15.812868|
2457362.45833333|0.000000|0.000000|0.000000|0.322294|15.335933|15.658226|
2457362.50000000|0.000000|0.000000|0.000000|0.315318|15.190645|15.505963|
2457362.54166667|0.000000|0.000000|0.000000|0.308471|15.047554|15.356026|
2457362.58333333|0.000000|0.000000|0.000000|0.301751|14.906613|15.208365|
2457362.62500000|0.000000|0.000000|0.000000|0.295157|14.767774|15.062931|
2457362.66666667|0.000000|0.000000|0.000000|0.288687|14.630991|14.919678|
2457362.70833333|0.000000|0.000000|0.000000|0.282339|14.496221|14.778560|
2457362.75000000|0.000000|0.000000|0.000000|0.276113|14.363418|14.639531|
2457362.79166667|0.000000|0.000000|0.000000|0.270006|14.232543|14.502548|
2457362.83333333|0.000000|0.000000|0.000000|0.264016|14.103553|14.367570|
2457362.87500000|0.000000|0.000000|0.000000|0.258143|13.976410|14.234554|
2457362.91666667|0.000000|0.000000|0.000000|0.252385|13.851075|14.103460|
2457362.95833333|0.000000|0.000000|0.000000|0.246740|13.727510|13.974250|
2457363.00000000|0.000000|0.000000|0.000000|0.241207|13.605679|13.846886|
2457363.04166667|0.000000|0.000000|0.000000|0.235784|13.485546|13.721330|
2457363.08333333|0.000000|0.000000|0.000000|0.230468|13.367078|13.597546|
2457363.12500000|0.000000|0.000000|0.000000|0.225260|13.250240|13.475500|
2457363.16666667|0.000000|0.000000|0.000000|0.220157|13.135000|13.355157|
2457363.20833333|0.000000|0.000000|0.000000|0.215157|13.021326|13.236483|
2457363.25000000|0.000000|0.000000|0.000000|0.210259|12.909187|13.119445|
2457363.29166667|0.000000|0.000000|0.000000|0.205461|12.798553|13.004014|
2457363.33333333|0.000000|0.000000|0.000000|0.200762|12.689394|12.890156|
2457363.37500000|0.000000|0.000000|0.000000|0.196160|12.581682|12.777842|
2457363.41666667|0.000000|0.000000|0.000000|0.191653|12.475390|12.667043|
2457363.45833333|0.000000|0.000000|0.000000|0.187240|12.370490|12.557730|
2457363.50000000|0.000000|0.000000|0.000000|0.182920|12.266955|12.449875|
2457363.54166667|0.000000|0.000000|0.000000|0.178690|12.164760|12.343450|
2457363.58333333|0.000000|0.000000|0.000000|0.174549|12.063879|12.238428|
2457363.62500000|0.000000|0.000000|0.000000|0.170496|11.964288|12.134785|
2457363.66666667|0.000000|0.000000|0.000000|0.166529|11.865964|12.032493|
2457363.70833333|0.000000|0.000000|0.000000|0.162647|11.768882|11.931529|
2457363.75000000|0.000000|0.000000|0.000000|0.158848|11.673021|11.831868|
2457363.79166667|0.000000|0.000000|0.000000|0.155130|11.578357|11.733487|
2457363.83333333|0.000000|0.000000|0.000000|0.151492|11.484869|11.636362|
2457363.87500000|0.000000|0.000000|0.000000|0.147933|11.392537|11.540470|
2457363.91666667|0.000000|0.000000|0.000000|0.144451|11.301339|11.445790|
2457363.95833333|0.000000|0.000000|0.000000|0.141045|11.211254|11.352300|
2457364.00000000|0.000000|0.000000|0.000000|0.137714|11.122265|11.259979|
2457364.04166667|0.000000|0.000000|0.000000|0.134455|11.034351|11.168806|
2457364.08333333|0.000000|0.000000|0.000000|0.131268|10.947493|11.078761|
2457364.12500000|0.000000|0.000000|0.000000|0.128151|10.861673|10.989824|
2457364.16666667|0.000000|0.000000|0.000000|0.125103|10.776874|10.901977|
2457364.20833333|0.000000|0.000000|0.000000|0.122122|10.693077|10.815199|
2457364.25000000|0.000000|0.000000|0.000000|0.119208|10.610266|10.729474|
2457364.29166667|0.000000|0.000000|0.000000|0.116359|10.528424|10.644782|
2457364.33333333|0.000000|0.000000|0.000000|0.113573|10.447534|10.561107|
2457364.37500000|0.000000|0.000000|0.000000|0.110850|10.367581|10.478431|
2457364.41666667|0.000000|0.000000|0.000000|0.108188|10.288549|10.396736|
2457364.45833333|0.000000|0.000000|0.000000|0.105586|10.210422|10.316008|
2457364.50000000|0.000000|0.000000|0.000000|0.103043|10.133186|10.236229|
2457364.54166667|0.000000|0.000000|0.000000|0.100557|10.056826|10.157383|
2457364.58333333|0.000000|0.000000|0.000000|0.098127|9.981328|10.079456|
2457364.62500000|0.000000|0.000000|0.000000|0.095753|9.906678|10.002431|
2457364.66666667|0.000000|0.000000|0.000000|0.093433|9.832862|9.926295|
2457364.70833333|0.000000|0.000000|0.000000|0.091166|9.759866|9.851033|
2457364.75000000|0.000000|0.000000|0.000000|0.088951|9.687678|9.776630|
2457364.79166667|0.000000|0.000000|0.000000|0.086787|9.616285|9.703072|
2457364.83333333|0.000000|0.000000|0.000000|0.084673|9.545674|9.630347|
2457364.87500000|0.000000|0.000000|0.000000|0.082607|9.475833|9.558440|
2457364.91666667|0.000000|0.000000|0.000000|0.080589|9.406750|9.487339|
2457364.95833333|0.000000|0.000000|0.000000|0.078618|9.338412|9.417030|
2457365.00000000|0.000000|0.000000|0.000000|0.076693|9.270809|9.347502|
2457365.04166667|0.000000|0.000000|0.000000|0.074812|9.203930|9.278742|
2457365.08333333|0.000000|0.000000|0.000000|0.072975|9.137762|9.210737|
2457365.12500000|0.000000|0.000000|0.000000|0.071181|9.072296|9.143477|
2457365.16666667|0.000000|0.000000|0.000000|0.069429|9.007520|9.076949|
2457365.20833333|0.000000|0.000000|0.000000|0.067718|8.943424|9.011143|
2457365.25000000|0.000000|0.000000|0.000000|0.066048|8.879999|8.946046|
2457365.29166667|0.000000|0.000000|0.000000|0.064416|8.817233|8.881649|
2457365.33333333|0.000000|0.000000|0.000000|0.062823|8.755117|8.817940|
2457365.37500000|0.000000|0.000000|0.000000|0.061268|8.693642|8.754909|
2457365.41666667|0.000000|0.000000|0.000000|0.059749|8.632798|8.692547|
2457365.45833333|0.000000|0.000000|0.000000|0.058266|8.572575|8.630842|
2457365.50000000|0.000000|0.000000|0.000000|0.056819|8.512965|8.569784|
2457365.54166667|0.000000|0.000000|0.000000|0.055406|8.453960|8.509365|
2457365.58333333|0.000000|0.000000|0.000000|0.054026|8.395549|8.449575|
2457365.62500000|0.000000|0.000000|0.000000|0.052680|8.337725|8.390405|
2457365.66666667|0.000000|0.000000|0.000000|0.051366|8.280479|8.331844|
2457365.70833333|0.000000|0.000000|0.000000|0.050083|8.223802|8.273885|
2457365.75000000|0.000000|0.000000|0.000000|0.048831|8.167688|8.216519|
2457365.79166667|0.000000|0.000000|0.000000|0.047608|8.112128|8.159736|
2457365.83333333|0.000000|0.000000|0.000000|0.046416|8.057114|8.103529|
2457365.87500000|0.000000|0.000000|0.000000|0.045252|8.002638|8.047890|
2457365.91666667|0.000000|0.000000|0.000000|0.044116|7.948693|7.992809|
2457365.95833333|0.000000|0.000000|0.000000|0.043007|7.895272|7.938279|
2457366.00000000|0.000000|0.000000|0.000000|0.041926|7.842367|7.884293|
2457366.04166667|0.000000|0.000000|0.000000|0.040870|7.789972|7.830842|
2457366.08333333|0.000000|0.000000|0.000000|0.039840|7.738079|7.777919|
2457366.12500000|0.000000|0.000000|0.000000|0.038835|7.686682|7.725517|
2457366.16666667|0.000000|0.000000|0.000000|0.037855|7.635773|7.673628|
2457366.20833333|0.000000|0.000000|0.000000|0.036898|7.585347|7.622245|
2457366.25000000|0.000000|0.000000|0.000000|0.035965|7.535396|7.571361|
2457366.29166667|0.000000|0.000000|0.000000|0.035054|7.485915|7.520970|
2457366.33333333|0.000000|0.000000|0.000000|0.034166|7.436897|7.471063|
2457366.37500000|0.000000|0.000000|0.000000|0.033300|7.388336|7.421636|
2457366.41666667|0.000000|0.000000|0.000000|0.032455|7.340226|7.372681|
2457366.45833333|0.000000|0.000000|0.000000|0.031630|7.292562|7.324192|
2457366.50000000|0.000000|0.000000|0.000000|0.030826|7.245336|7.276162|
2457366.54166667|0.000000|0.000000|0.000000|0.030041|7.198544|7.228585|
2457366.58333333|0.000000|0.000000|0.000000|0.029276|7.152180|7.181456|
2457366.62500000|0.000000|0.000000|0.000000|0.028530|7.106238|7.134768|
2457366.66666667|0.000000|0.000000|0.000000|0.027802|7.060714|7.088516|
2457366.70833333|0.000000|0.000000|0.000000|0.027092|7.015601|7.042693|
2457366.75000000|0.000000|0.000000|0.000000|0.026400|6.970894|6.997294|
2457366.79166667|0.000000|0.000000|0.000000|0.025725|6.926588|6.952314|
2457366.83333333|0.000000|0.000000|0.000000|0.025067|6.882679|6.907746|
2457366.87500000|0.000000|0.000000|0.000000|0.024425|6.839161|6.863586|
2457366.91666667|0.000000|0.000000|0.000000|0.023799|6.796029|6.819828|
2457366.95833333|0.000000|0.000000|0.000000|0.023188|6.753279|6.776467|
2457367.00000000|0.000000|0.000000|0.000000|0.022593|6.710905|6.733498|
2457367.04166667|0.000000|0.000000|0.000000|0.022012|6.668904|6.690916|
2457367.08333333|0.000000|0.000000|0.000000|0.021447|6.627270|6.648716|
2457367.12500000|0.000000|0.000000|0.000000|0.020895|6.585998|6.606893|
2457367.16666667|0.000000|0.000000|0.000000|0.020357|6.545086|6.565442|
2457367.20833333|0.000000|0.000000|0.000000|0.019832|6.504527|6.524359|
2457367.25000000|0.000000|0.000000|0.000000|0.019321|6.464318|6.483639|
2457367.29166667|0.000000|0.000000|0.000000|0.018822|6.424455|6.443278|
2457367.33333333|0.000000|0.000000|0.000000|0.018336|6.384933|6.403270|
2457367.37500000|0.000000|0.000000|0.000000|0.017863|6.345749|6.363612|
2457367.41666667|0.000000|0.000000|0.000000|0.017401|6.306898|6.324299|
2457367.45833333|0.000000|0.000000|0.000000|0.016951|6.268376|6.285327|
2457367.50000000|0.000000|0.000000|0.000000|0.016512|6.230180|6.246692|
2457367.54166667|0.000000|0.000000|0.000000|0.016084|6.192306|6.208390|
2457367.58333333|0.000000|0.000000|0.000000|0.015667|6.154749|6.170416|
2457367.62500000|0.000000|0.000000|0.000000|0.015260|6.117506|6.132767|
2457367.66666667|0.000000|0.000000|0.000000|0.014864|6.080574|6.095438|
2457367.70833333|0.000000|0.000000|0.000000|0.014478|6.043949|6.058427|
2457367.75000000|0.000000|0.000000|0.000000|0.014102|6.007626|6.021728|
2457367.79166667|0.000000|0.000000|0.000000|0.013735|5.971604|5.985339|
2457367.83333333|0.000000|0.000000|0.000000|0.013378|5.935878|5.949256|
2457367.87500000|0.000000|0.000000|0.000000|0.013029|5.900445|5.913474|
2457367.91666667|0.000000|0.000000|0.000000|0.012690|5.865302|5.877991|
2457367.95833333|0.000000|0.000000|0.000000|0.012359|5.830444|5.842803|
2457368.00000000|0.000000|0.000000|0.000000|0.012036|5.795870|5.807907|
2457368.04166667|0.000000|0.000000|0.000000|0.011722|5.761576|5.773298|
2457368.08333333|0.000000|0.000000|0.000000|0.011416|5.727558|5.738974|
2457368.12500000|0.000000|0.000000|0.000000|0.011118|5.693814|5.704932|
2457368.16666667|0.000000|0.000000|0.000000|0.010827|5.660341|5.671168|
2457368.20833333|0.000000|0.000000|0.000000|0.010544|5.627135|5.637679|
2457368.25000000|0.000000|0.000000|0.000000|0.010268|5.594194|5.604461|
2457368.29166667|0.000000|0.000000|0.000000|0.009999|5.561514|5.571513|
2457368.33333333|0.000000|0.000000|0.000000|0.009736|5.529094|5.538830|
2457368.37500000|0.000000|0.000000|0.000000|0.009481|5.496929|5.506410|
2457368.41666667|0.000000|0.000000|0.000000|0.009232|5.465017|5.474249|
2457368.45833333|0.000000|0.000000|0.000000|0.008990|5.433356|5.442346|
2457368.50000000|0.000000|0.000000|0.000000|0.008754|5.401942|5.410696|
2457368.54166667|0.000000|0.000000|0.000000|0.008524|5.370774|5.379297|
2457368.58333333|0.000000|0.000000|0.000000|0.008299|5.339848|5.348147|
2457368.62500000|0.000000|0.000000|0.000000|0.008081|5.309161|5.317242|
2457368.66666667|0.000000|0.000000|0.000000|0.007868|5.278712|5.286580|
2457368.70833333|0.000000|0.000000|0.000000|0.007661|5.248497|5.256158|
2457368.75000000|0.000000|0.000000|0.000000|0.007459|5.218515|5.225974|
2457368.79166667|0.000000|0.000000|0.000000|0.007263|5.188762|5.196025|
2457368.83333333|0.000000|0.000000|0.000000|0.007071|5.159237|5.166308|
2457368.87500000|0.000000|0.000000|0.000000|0.006884|5.129937|5.136821|
2457368.91666667|0.000000|0.000000|0.000000|0.006702|5.100859|5.107561|
2457368.95833333|0.000000|0.000000|0.000000|0.006525|5.072001|5.078526|
2457369.00000000|0.000000|0.000000|0.000000|0.006353|5.043361|5.049714|
2457369.04166667|0.000000|0.000000|0.000000|0.006185|5.014937|5.021122|
2457369.08333333|0.000000|0.000000|0.000000|0.006021|4.986727|4.992748|
2457369.12500000|0.000000|0.000000|0.000000|0.005862|4.958727|4.964589|
2457369.16666667|0.000000|0.000000|0.000000|0.005707|4.930937|4.936644|
2457369.20833333|0.000000|0.000000|0.000000|0.005555|4.903354|4.908909|
2457369.25000000|0.000000|0.000000|0.000000|0.005408|4.875975|4.881383|
2457369.29166667|0.000000|0.000000|0.000000|0.005265|4.848800|4.854064|
2457369.33333333|0.000000|0.000000|0.000000|0.005125|4.821825|4.826949|
2457369.37500000|0.000000|0.000000|0.000000|0.004989|4.795048|4.800037|
2457369.41666667|0.000000|0.000000|0.000000|0.004856|4.768468|4.773325|
2457369.45833333|0.000000|0.000000|0.000000|0.004727|4.742083|4.746811|
2457369.50000000|0.000000|0.000000|0.000000|0.004602|4.715891|4.720493|
2457369.54166667|0.000000|0.000000|0.000000|0.004479|4.689890|4.694369|
2457369.58333333|0.000000|0.000000|0.000000|0.004360|4.664077|4.668437|
2457369.62500000|0.000000|0.000000|0.000000|0.004244|4.638452|4.642696|
2457369.66666667|0.000000|0.000000|0.000000|0.004131|4.613011|4.617142|
2457369.70833333|0.000000|0.000000|0.000000|0.004021|4.587755|4.591775|
2457369.75000000|0.000000|0.000000|0.000000|0.003914|4.562679|4.566593|
2457369.79166667|0.000000|0.000000|0.000000|0.003809|4.537784|4.541593|
2457369.83333333|0.000000|0.000000|0.000000|0.003708|4.513066|4.516774|
2457369.87500000|0.000000|0.000000|0.000000|0.003609|4.488525|4.492134|
2457369.91666667|0.000000|0.000000|0.000000|0.003512|4.464159|4.467671|
2457369.95833333|0.000000|0.000000|0.000000|0.003419|4.439965|4.443384|
2457370.00000000|0.000000|0.000000|0.000000|0.003327|4.415943|4.419270|
2457370.04166667|0.000000|0.000000|0.000000|0.003238|4.392090|4.395328|
2457370.08333333|0.000000|0.000000|0.000000|0.003152|4.368405|4.371557|
2457370.12500000|0.000000|0.000000|0.000000|0.003067|4.344887|4.347954|
2457370.16666667|0.000000|0.000000|0.000000|0.002985|4.321533|4.324518|
2457370.20833333|0.000000|0.000000|0.000000|0.002905|4.298343|4.301248|
2457370.25000000|0.000000|0.000000|0.000000|0.002827|4.275314|4.278142|
2457370.29166667|0.000000|0.000000|0.000000|0.002752|4.252446|4.255197|
2457370.33333333|0.000000|0.000000|0.000000|0.002678|4.229736|4.232414|
2457370.37500000|0.000000|0.000000|0.000000|0.002606|4.207183|4.209789|
2457370.41666667|0.000000|0.000000|0.000000|0.002536|4.184786|4.187323|
2457370.45833333|0.000000|0.000000|0.000000|0.002468|4.162544|4.165012|
2457370.50000000|0.000000|0.000000|0.000000|0.002402|4.140454|4.142856|
2457370.54166667|0.000000|0.000000|0.000000|0.002337|4.118516|4.120853|
2457370.58333333|0.000000|0.000000|0.000000|0.002274|4.096727|4.099002|
2457370.62500000|0.000000|0.000000|0.000000|0.002213|4.075087|4.077301|
2457370.66666667|0.000000|0.000000|0.000000|0.002154|4.053595|4.055749|
2457370.70833333|0.000000|0.000000|0.000000|0.002096|4.032248|4.034344|
2457370.75000000|0.000000|0.000000|0.000000|0.002039|4.011046|4.013086|
2457370.79166667|0.000000|0.000000|0.000000|0.001985|3.989987|3.991972|
2457370.83333333|0.000000|0.000000|0.000000|0.001931|3.969071|3.971002|
2457370.87500000|0.000000|0.000000|0.000000|0.001879|3.948295|3.950174|
2457370.91666667|0.000000|0.000000|0.000000|0.001828|3.927658|3.929486|
2457370.95833333|0.000000|0.000000|0.000000|0.001779|3.907159|3.908938|
2457371.00000000|0.000000|0.000000|0.000000|0.001731|3.886798|3.888529|
2457371.04166667|0.000000|0.000000|0.000000|0.001684|3.866572|3.868256|
2457371.08333333|0.000000|0.000000|0.000000|0.001639|3.846480|3.848119|
2457371.12500000|1.500000|0.029641|0.001778|0.001595|3.826759|3.830133|
2457371.16666667|0.000000|0.000000|0.015117|0.001552|3.806932|3.823600|
2457371.20833333|0.000000|0.000000|0.008299|0.002792|3.787235|3.798326|
2457371.25000000|0.000000|0.000000|0.003557|0.003956|3.767668|3.775181|
2457371.29166667|0.000000|0.000000|0.000889|0.005048|3.748230|3.754167|
2457371.33333333|0.100000|0.000134|0.000008|0.006071|3.728935|3.735014|
2457371.37500000|4.300000|0.234917|0.014163|0.007028|3.710402|3.731593|
2457371.41666667|0.000000|0.000000|0.119845|0.008009|3.691338|3.819193|
2457371.45833333|0.000000|0.000000|0.065793|0.012470|3.672399|3.750662|
2457371.50000000|0.000000|0.000000|0.028194|0.016656|3.653583|3.698433|
2457371.54166667|0.000000|0.000000|0.007048|0.020579|3.634889|3.662516|
2457371.58333333|0.000000|0.000000|0.000000|0.024252|3.616316|3.640569|
2457371.62500000|0.000000|0.000000|0.000000|0.027686|3.597863|3.625550|
2457371.66666667|0.000000|0.000000|0.000000|0.030893|3.579530|3.610422|
2457371.70833333|0.000000|0.000000|0.000000|0.033882|3.561314|3.595195|
2457371.75000000|0.000000|0.000000|0.000000|0.036664|3.543215|3.579878|
2457371.79166667|0.000000|0.000000|0.000000|0.039248|3.525232|3.564480|
2457371.83333333|0.000000|0.000000|0.000000|0.041644|3.507364|3.549008|
2457371.87500000|0.000000|0.000000|0.000000|0.043862|3.489610|3.533471|
2457371.91666667|0.000000|0.000000|0.000000|0.045908|3.471969|3.517877|
2457371.95833333|0.000000|0.000000|0.000000|0.047793|3.454440|3.502233|
2457372.00000000|0.000000|0.000000|0.000000|0.049523|3.437022|3.486545|
2457372.04166667|0.000000|0.000000|0.000000|0.051106|3.419714|3.470820|
2457372.08333333|0.000000|0.000000|0.000000|0.052550|3.402516|3.455066|
2457372.12500000|0.000000|0.000000|0.000000|0.053861|3.385426|3.439287|
2457372.16666667|0.000000|0.000000|0.000000|0.055046|3.368444|3.423490|
2457372.20833333|0.000000|0.000000|0.000000|0.056111|3.351568|3.407679|
2457372.25000000|0.000000|0.000000|0.000000|0.057064|3.334798|3.391861|
2457372.29166667|0.000000|0.000000|0.000000|0.057908|3.318132|3.376040|
2457372.33333333|0.000000|0.000000|0.000000|0.058650|3.301571|3.360221|
2457372.37500000|0.000000|0.000000|0.000000|0.059296|3.285112|3.344409|
2457372.41666667|0.000000|0.000000|0.000000|0.059850|3.268756|3.328607|
2457372.45833333|0.000000|0.000000|0.000000|0.060318|3.252502|3.312820|
2457372.50000000|0.000000|0.000000|0.000000|0.060704|3.236348|3.297051|
2457372.54166667|0.000000|0.000000|0.000000|0.061012|3.220293|3.281305|
2457372.58333333|0.000000|0.000000|0.000000|0.061247|3.204338|3.265585|
2457372.62500000|0.000000|0.000000|0.000000|0.061413|3.188481|3.249894|
2457372.66666667|0.000000|0.000000|0.000000|0.061514|3.172721|3.234235|
2457372.70833333|0.000000|0.000000|0.000000|0.061554|3.157058|3.218612|
2457372.75000000|0.000000|0.000000|0.000000|0.061536|3.141490|3.203026|
2457372.79166667|0.000000|0.000000|0.000000|0.061463|3.126018|3.187481|
2457372.83333333|0.000000|0.000000|0.000000|0.061340|3.110640|3.171980|
2457372.87500000|0.000000|0.000000|0.000000|0.061169|3.095356|3.156524|
2457372.91666667|0.000000|0.000000|0.000000|0.060952|3.080164|3.141116|
2457372.95833333|0.000000|0.000000|0.000000|0.060694|3.065064|3.125758|
2457373.00000000|0.000000|0.000000|0.000000|0.060396|3.050056|3.110452|
2457373.04166667|0.000000|0.000000|0.000000|0.060062|3.035138|3.095200|
2457373.08333333|0.000000|0.000000|0.000000|0.059693|3.020310|3.080003|
2457373.12500000|0.000000|0.000000|0.000000|0.059293|3.005572|3.064864|
2457373.16666667|0.000000|0.000000|0.000000|0.058862|2.990921|3.049784|
2457373.20833333|0.000000|0.000000|0.000000|0.058404|2.976359|3.034763|
2457373.25000000|0.000000|0.000000|0.000000|0.057921|2.961884|3.019805|
2457373.29166667|0.000000|0.000000|0.000000|0.057414|2.947495|3.004909|
2457373.33333333|0.000000|0.000000|0.000000|0.056885|2.933192|2.990077|
2457373.37500000|0.000000|0.000000|0.000000|0.056337|2.918974|2.975310|
2457373.41666667|0.000000|0.000000|0.000000|0.055770|2.904840|2.960610|
2457373.45833333|0.000000|0.000000|0.000000|0.055186|2.890790|2.945976|
2457373.50000000|0.000000|0.000000|0.000000|0.054587|2.876824|2.931411|
2457373.54166667|0.000000|0.000000|0.000000|0.053975|2.862940|2.916914|
2457373.58333333|0.000000|0.000000|0.000000|0.053350|2.849137|2.902487|
2457373.62500000|0.000000|0.000000|0.000000|0.052714|2.835416|2.888130|
2457373.66666667|0.500000|0.003337|0.000200|0.052068|2.821850|2.874119|
2457373.70833333|1.000000|0.013261|0.002498|0.051414|2.808437|2.862348|
2457373.75000000|3.000000|0.116266|0.014674|0.051185|2.795386|2.861244|
2457373.79166667|1.000000|0.013261|0.064205|0.051783|2.782127|2.898115|
2457373.83333333|2.200000|0.063178|0.044800|0.054815|2.769117|2.868732|
2457373.87500000|0.000000|0.000000|0.050284|0.058478|2.755864|2.864626|
2457373.91666667|0.000000|0.000000|0.022769|0.063736|2.742688|2.829193|
2457373.95833333|0.000000|0.000000|0.007979|0.068625|2.729589|2.806193|
2457374.00000000|3.000000|0.116266|0.008871|0.073164|2.716994|2.799029|
2457374.04166667|4.400000|0.245658|0.074035|0.077368|2.704660|2.856063|
2457374.08333333|4.400000|0.245658|0.172580|0.083769|2.692397|2.948745|
2457374.12500000|1.600000|0.033680|0.210043|0.093339|2.679820|2.983202|
2457374.16666667|2.300000|0.068962|0.123066|0.105881|2.667414|2.896362|
2457374.20833333|3.800000|0.184634|0.092528|0.118953|2.655284|2.866765|
2457374.25000000|0.000000|0.000000|0.124884|0.133091|2.642689|2.900664|
2457374.29166667|0.000000|0.000000|0.060983|0.149426|2.630166|2.840575|
2457374.33333333|0.000000|0.000000|0.024225|0.164661|2.617715|2.806601|
2457374.37500000|0.000000|0.000000|0.005539|0.178847|2.605335|2.789721|
2457374.41666667|0.000000|0.000000|0.000000|0.192034|2.593026|2.785060|
2457374.45833333|0.000000|0.000000|0.000000|0.204269|2.580786|2.785055|
2457374.50000000|0.000000|0.000000|0.000000|0.215597|2.568616|2.784214|
2457374.54166667|0.000000|0.000000|0.000000|0.226062|2.556516|2.782577|
2457374.58333333|0.000000|0.000000|0.000000|0.235704|2.544484|2.780188|
2457374.62500000|0.000000|0.000000|0.000000|0.244565|2.532520|2.777084|
2457374.66666667|0.000000|0.000000|0.000000|0.252681|2.520623|2.773305|
2457374.70833333|0.000000|0.000000|0.000000|0.260091|2.508794|2.768885|
2457374.75000000|0.000000|0.000000|0.000000|0.266828|2.497031|2.763860|
2457374.79166667|0.000000|0.000000|0.000000|0.272928|2.485335|2.758263|
2457374.83333333|0.000000|0.000000|0.000000|0.278421|2.473704|2.752125|
2457374.87500000|0.000000|0.000000|0.000000|0.283339|2.462138|2.745477|
2457374.91666667|0.000000|0.000000|0.000000|0.287711|2.450637|2.738348|
2457374.95833333|0.000000|0.000000|0.000000|0.291566|2.439200|2.730767|
2457375.00000000|0.000000|0.000000|0.000000|0.294931|2.427827|2.722758|
2457375.04166667|0.000000|0.000000|0.000000|0.297831|2.416518|2.714349|
2457375.08333333|0.000000|0.000000|0.000000|0.300292|2.405271|2.705563|
2457375.12500000|0.000000|0.000000|0.000000|0.302338|2.394087|2.696424|
2457375.16666667|0.000000|0.000000|0.000000|0.303990|2.382965|2.686955|
2457375.20833333|0.000000|0.000000|0.000000|0.305271|2.371904|2.677175|
2457375.25000000|0.000000|0.000000|0.000000|0.306202|2.360905|2.667106|
2457375.29166667|0.000000|0.000000|0.000000|0.306802|2.349966|2.656767|
2457375.33333333|0.000000|0.000000|0.000000|0.307090|2.339087|2.646177|
2457375.37500000|0.000000|0.000000|0.000000|0.307085|2.328269|2.635354|
2457375.41666667|0.000000|0.000000|0.000000|0.306804|2.317510|2.624314|
2457375.45833333|0.000000|0.000000|0.000000|0.306263|2.306810|2.613073|
2457375.50000000|0.000000|0.000000|0.000000|0.305479|2.296168|2.601647|
2457375.54166667|0.000000|0.000000|0.000000|0.304466|2.285585|2.590051|
2457375.58333333|0.000000|0.000000|0.000000|0.303239|2.275060|2.578299|
2457375.62500000|0.000000|0.000000|0.000000|0.301812|2.264592|2.566403|
2457375.66666667|0.000000|0.000000|0.000000|0.300197|2.254181|2.554378|
2457375.70833333|0.000000|0.000000|0.000000|0.298408|2.243826|2.542234|
2457375.75000000|0.000000|0.000000|0.000000|0.296455|2.233528|2.529984|
2457375.79166667|0.000000|0.000000|0.000000|0.294352|2.223286|2.517638|
2457375.83333333|0.000000|0.000000|0.000000|0.292107|2.213099|2.505207|
2457375.87500000|0.000000|0.000000|0.000000|0.289733|2.202968|2.492701|
2457375.91666667|0.000000|0.000000|0.000000|0.287238|2.192891|2.480129|
2457375.95833333|0.000000|0.000000|0.000000|0.284632|2.182868|2.467500|
2457376.00000000|0.000000|0.000000|0.000000|0.281924|2.172900|2.454824|
2457376.04166667|0.000000|0.000000|0.000000|0.279122|2.162985|2.442107|
2457376.08333333|0.000000|0.000000|0.000000|0.276234|2.153123|2.429358|
2457376.12500000|0.000000|0.000000|0.000000|0.273269|2.143315|2.416584|
2457376.16666667|0.000000|0.000000|0.000000|0.270233|2.133558|2.403791|
2457376.20833333|0.000000|0.000000|0.000000|0.267133|2.123854|2.390987|
2457376.25000000|0.000000|0.000000|0.000000|0.263976|2.114202|2.378178|
2457376.29166667|0.000000|0.000000|0.000000|0.260768|2.104602|2.365369|
2457376.33333333|0.000000|0.000000|0.000000|0.257515|2.095052|2.352567|
2457376.37500000|0.000000|0.000000|0.000000|0.254222|2.085554|2.339775|
2457376.41666667|0.000000|0.000000|0.000000|0.250895|2.076105|2.327000|
2457376.45833333|0.000000|0.000000|0.000000|0.247539|2.066707|2.314246|
2457376.50000000|0.000000|0.000000|0.000000|0.244158|2.057359|2.301517|
2457376.54166667|0.000000|0.000000|0.000000|0.240758|2.048060|2.288818|
2457376.58333333|0.000000|0.000000|0.000000|0.237342|2.038811|2.276152|
2457376.62500000|0.000000|0.000000|0.000000|0.233914|2.029610|2.263524|
2457376.66666667|0.000000|0.000000|0.000000|0.230478|2.020457|2.250935|
2457376.70833333|0.000000|0.000000|0.000000|0.227038|2.011353|2.238391|
2457376.75000000|0.000000|0.000000|0.000000|0.223597|2.002297|2.225894|
2457376.79166667|0.000000|0.000000|0.000000|0.220157|1.993288|2.213446|
2457376.83333333|0.000000|0.000000|0.000000|0.216723|1.984327|2.201051|
2457376.87500000|0.000000|0.000000|0.000000|0.213297|1.975413|2.188710|
2457376.91666667|0.000000|0.000000|0.000000|0.209882|1.966545|2.176427|
2457376.95833333|0.000000|0.000000|0.000000|0.206479|1.957723|2.164202|
2457377.00000000|0.000000|0.000000|0.000000|0.203092|1.948948|2.152040|
2457377.04166667|0.000000|0.000000|0.000000|0.199722|1.940218|2.139940|
2457377.08333333|0.000000|0.000000|0.000000|0.196371|1.931534|2.127905|
2457377.12500000|0.000000|0.000000|0.000000|0.193042|1.922894|2.115937|
2457377.16666667|0.000000|0.000000|0.000000|0.189736|1.914300|2.104036|
2457377.20833333|0.000000|0.000000|0.000000|0.186454|1.905750|2.092205|
2457377.25000000|0.000000|0.000000|0.000000|0.183199|1.897245|2.080444|
2457377.29166667|0.000000|0.000000|0.000000|0.179971|1.888783|2.068754|
2457377.33333333|0.000000|0.000000|0.000000|0.176772|1.880366|2.057138|
2457377.37500000|0.000000|0.000000|0.000000|0.173603|1.871991|2.045594|
2457377.41666667|0.000000|0.000000|0.000000|0.170465|1.863660|2.034125|
2457377.45833333|0.000000|0.000000|0.000000|0.167359|1.855372|2.022730|
2457377.50000000|0.000000|0.000000|0.000000|0.164285|1.847126|2.011412|
2457377.54166667|0.000000|0.000000|0.000000|0.161246|1.838923|2.000169|
2457377.58333333|0.000000|0.000000|0.000000|0.158241|1.830762|1.989003|
2457377.62500000|0.000000|0.000000|0.000000|0.155272|1.822642|1.977914|
2457377.66666667|0.000000|0.000000|0.000000|0.152338|1.814564|1.966902|
2457377.70833333|0.000000|0.000000|0.000000|0.149440|1.806528|1.955968|
2457377.75000000|0.000000|0.000000|0.000000|0.146579|1.798532|1.945111|
2457377.79166667|0.000000|0.000000|0.000000|0.143755|1.790577|1.934333|
2457377.83333333|0.000000|0.000000|0.000000|0.140969|1.782663|1.923632|
2457377.87500000|0.000000|0.000000|0.000000|0.138221|1.774789|1.913010|
2457377.91666667|0.000000|0.000000|0.000000|0.135510|1.766955|1.902465|
2457377.95833333|0.000000|0.000000|0.000000|0.132838|1.759160|1.891999|
2457378.00000000|0.000000|0.000000|0.000000|0.130205|1.751406|1.881610|
2457378.04166667|0.000000|0.000000|0.000000|0.127609|1.743690|1.871299|
2457378.08333333|0.000000|0.000000|0.000000|0.125052|1.736014|1.861066|
2457378.12500000|0.000000|0.000000|0.000000|0.122534|1.728376|1.850910|
2457378.16666667|0.000000|0.000000|0.000000|0.120055|1.720777|1.840831|
2457378.20833333|0.000000|0.000000|0.000000|0.117613|1.713216|1.830829|
2457378.25000000|0.000000|0.000000|0.000000|0.115211|1.705693|1.820904|
2457378.29166667|0.000000|0.000000|0.000000|0.112846|1.698208|1.811054|
2457378.33333333|0.000000|0.000000|0.000000|0.110520|1.690761|1.801281|
2457378.37500000|0.000000|0.000000|0.000000|0.108232|1.683351|1.791582|
2457378.41666667|0.000000|0.000000|0.000000|0.105981|1.675978|1.781959|
2457378.45833333|0.000000|0.000000|0.000000|0.103768|1.668642|1.772410|
2457378.50000000|0.000000|0.000000|0.000000|0.101593|1.661343|1.762936|
2457378.54166667|0.000000|0.000000|0.000000|0.099455|1.654080|1.753534|
2457378.58333333|0.000000|0.000000|0.000000|0.097353|1.646853|1.744206|
2457378.62500000|0.000000|0.000000|0.000000|0.095288|1.639663|1.734951|
2457378.66666667|0.000000|0.000000|0.000000|0.093260|1.632508|1.725768|
2457378.70833333|0.000000|0.000000|0.000000|0.091267|1.625389|1.716656|
2457378.75000000|1.300000|0.022322|0.001339|0.089310|1.618478|1.709128|
2457378.79166667|6.200000|0.476871|0.039997|0.087388|1.612205|1.739590|
2457378.83333333|6.500000|0.522193|0.280786|0.086616|1.605997|1.973399|
2457378.87500000|7.300000|0.652195|0.441653|0.090801|1.599910|2.132364|
2457378.91666667|37.700001|12.677781|1.297394|0.099870|1.596340|2.993605|
2457378.95833333|9.700000|1.118671|6.792372|0.114110|1.590562|8.497044|
2457379.00000000|2.500000|0.081265|4.219106|0.149224|1.583978|5.952307|
2457379.04166667|1.300000|0.022322|1.896912|0.189611|1.577272|3.663795|
2457379.08333333|0.800000|0.008510|0.549223|0.229550|1.570533|2.349306|
2457379.12500000|0.000000|0.000000|0.053902|0.268036|1.563721|1.885659|
2457379.16666667|0.000000|0.000000|0.007499|0.304696|1.556942|1.869137|
2457379.20833333|0.000000|0.000000|0.001691|0.338916|1.550196|1.890803|
2457379.25000000|0.000000|0.000000|0.000255|0.370808|1.543484|1.914547|
2457379.29166667|0.000000|0.000000|0.000000|0.400482|1.536804|1.937286|
2457379.33333333|0.000000|0.000000|0.000000|0.428041|1.530157|1.958198|
2457379.37500000|0.000000|0.000000|0.000000|0.453586|1.523543|1.977130|
2457379.41666667|0.000000|0.000000|0.000000|0.477214|1.516961|1.994175|
2457379.45833333|0.000000|0.000000|0.000000|0.499015|1.510412|2.009427|
2457379.50000000|0.000000|0.000000|0.000000|0.519079|1.503894|2.022973|
2457379.54166667|0.000000|0.000000|0.000000|0.537490|1.497408|2.034898|
2457379.58333333|0.000000|0.000000|0.000000|0.554330|1.490954|2.045283|
2457379.62500000|0.000000|0.000000|0.000000|0.569675|1.484531|2.054206|
2457379.66666667|0.000000|0.000000|0.000000|0.583600|1.478139|2.061739|
2457379.70833333|0.000000|0.000000|0.000000|0.596177|1.471779|2.067956|
2457379.75000000|0.000000|0.000000|0.000000|0.607475|1.465449|2.072924|
2457379.79166667|0.000000|0.000000|0.000000|0.617558|1.459150|2.076708|
2457379.83333333|0.000000|0.000000|0.000000|0.626489|1.452881|2.079370|
2457379.87500000|0.000000|0.000000|0.000000|0.634329|1.446643|2.080972|
2457379.91666667|0.000000|0.000000|0.000000|0.641134|1.440435|2.081569|
2457379.95833333|0.000000|0.000000|0.000000|0.646960|1.434257|2.081217|
2457380.00000000|0.000000|0.000000|0.000000|0.651860|1.428109|2.079969|
2457380.04166667|3.900000|0.194231|0.011654|0.655883|1.422485|2.090022|
2457380.08333333|1.200000|0.019045|0.100201|0.659078|1.416551|2.175830|
2457380.12500000|11.600000|1.564492|0.157967|0.664723|1.411825|2.234515|
2457380.16666667|1.800000|0.042515|0.829082|0.670466|1.406019|2.905567|
2457380.20833333|0.900000|0.010756|0.468498|0.684016|1.400125|2.552639|
2457380.25000000|0.000000|0.000000|0.205700|0.697682|1.394141|2.297523|
2457380.29166667|10.000000|1.184711|0.126131|0.710689|1.389358|2.226177|
2457380.33333333|1.800000|0.042515|0.609320|0.722287|1.383659|2.715266|
2457380.37500000|0.600000|0.004799|0.354012|0.740236|1.377833|2.472081|
2457380.41666667|2.200000|0.063178|0.160308|0.757990|1.372240|2.290538|
2457380.45833333|0.700000|0.006524|0.074599|0.774532|1.366481|2.215613|
2457380.50000000|3.800000|0.184634|0.033946|0.791263|1.361138|2.186347|
2457380.54166667|1.400000|0.025855|0.105267|0.806898|1.355522|2.267687|
2457380.58333333|2.200000|0.063178|0.071352|0.824034|1.350035|2.245421|
2457380.62500000|1.600000|0.033680|0.063833|0.840615|1.344498|2.248945|
2457380.66666667|1.600000|0.033680|0.045529|0.857322|1.338987|2.241838|
2457380.70833333|0.000000|0.000000|0.034964|0.873636|1.333295|2.241895|
2457380.75000000|0.000000|0.000000|0.015367|0.889566|1.327630|2.232563|
2457380.79166667|0.000000|0.000000|0.005052|0.903753|1.321991|2.230797|
2457380.83333333|0.000000|0.000000|0.001010|0.916289|1.316380|2.233679|
2457380.87500000|0.000000|0.000000|0.000000|0.927259|1.310795|2.238054|
2457380.91666667|0.000000|0.000000|0.000000|0.936746|1.305237|2.241983|
2457380.95833333|0.000000|0.000000|0.000000|0.944830|1.299704|2.244534|
2457381.00000000|0.000000|0.000000|0.000000|0.951585|1.294198|2.245783|
2457381.04166667|0.000000|0.000000|0.000000|0.957085|1.288718|2.245803|
2457381.08333333|0.000000|0.000000|0.000000|0.961398|1.283264|2.244662|
2457381.12500000|0.000000|0.000000|0.000000|0.964591|1.277836|2.242427|
2457381.16666667|0.000000|0.000000|0.000000|0.966727|1.272433|2.239160|
2457381.20833333|0.000000|0.000000|0.000000|0.967867|1.267055|2.234923|
2457381.25000000|0.000000|0.000000|0.000000|0.968069|1.261703|2.229772|
2457381.29166667|0.000000|0.000000|0.000000|0.967387|1.256376|2.223763|
2457381.33333333|0.000000|0.000000|0.000000|0.965875|1.251074|2.216949|
2457381.37500000|0.000000|0.000000|0.000000|0.963583|1.245797|2.209380|
2457381.41666667|0.000000|0.000000|0.000000|0.960559|1.240544|2.201104|
2457381.45833333|0.600000|0.004799|0.000288|0.956850|1.235394|2.192532|
2457381.50000000|1.500000|0.029641|0.004226|0.952498|1.230383|2.187108|
2457381.54166667|0.100000|0.000134|0.016469|0.948066|1.225216|2.189751|
2457381.58333333|0.000000|0.000000|0.008944|0.944324|1.220060|2.173328|
2457381.62500000|0.000000|0.000000|0.003738|0.940041|1.214927|2.158707|
2457381.66666667|0.400000|0.002139|0.001034|0.935164|1.209871|2.146069|
2457381.70833333|0.000000|0.000000|0.001095|0.929735|1.204786|2.135616|
2457381.75000000|0.200000|0.000536|0.000631|0.924136|1.199751|2.124518|
2457381.79166667|0.000000|0.000000|0.000530|0.918036|1.194714|2.113280|
2457381.83333333|0.200000|0.000536|0.000246|0.911645|1.189725|2.101617|
2457381.87500000|0.000000|0.000000|0.000338|0.904811|1.184734|2.089883|
2457381.91666667|0.000000|0.000000|0.000166|0.897740|1.179766|2.077673|
2457381.95833333|0.000000|0.000000|0.000064|0.890280|1.174821|2.065165|
2457382.00000000|0.000000|0.000000|0.000016|0.882459|1.169899|2.052374|
2457382.04166667|0.000000|0.000000|0.000000|0.874306|1.165000|2.039306|
2457382.08333333|0.000000|0.000000|0.000000|0.865848|1.160123|2.025971|
2457382.12500000|0.000000|0.000000|0.000000|0.857110|1.155269|2.012379|
2457382.16666667|0.000000|0.000000|0.000000|0.848118|1.150437|1.998555|
2457382.20833333|0.000000|0.000000|0.000000|0.838893|1.145628|1.984522|
2457382.25000000|0.000000|0.000000|0.000000|0.829459|1.140841|1.970300|
2457382.29166667|0.000000|0.000000|0.000000|0.819836|1.136076|1.955912|
2457382.33333333|0.000000|0.000000|0.000000|0.810044|1.131332|1.941376|
2457382.37500000|0.000000|0.000000|0.000000|0.800101|1.126611|1.926712|
2457382.41666667|0.000000|0.000000|0.000000|0.790026|1.121911|1.911938|
2457382.45833333|0.000000|0.000000|0.000000|0.779836|1.117233|1.897069|
2457382.50000000|0.000000|0.000000|0.000000|0.769546|1.112576|1.882122|
2457382.54166667|0.000000|0.000000|0.000000|0.759171|1.107941|1.867112|
2457382.58333333|1.500000|0.029641|0.001778|0.748726|1.103517|1.854022|
2457382.62500000|0.000000|0.000000|0.015117|0.738225|1.098923|1.852265|
2457382.66666667|0.000000|0.000000|0.008299|0.728962|1.094351|1.831612|
2457382.70833333|0.000000|0.000000|0.003557|0.719590|1.089799|1.812946|
2457382.75000000|0.000000|0.000000|0.000889|0.710125|1.085267|1.796281|
2457382.79166667|0.000000|0.000000|0.000000|0.700580|1.080757|1.781337|
2457382.83333333|0.000000|0.000000|0.000000|0.690968|1.076267|1.767235|
2457382.87500000|0.000000|0.000000|0.000000|0.681303|1.071797|1.753100|
2457382.91666667|0.000000|0.000000|0.000000|0.671596|1.067348|1.738944|
2457382.95833333|0.000000|0.000000|0.000000|0.661858|1.062919|1.724777|
2457383.00000000|0.000000|0.000000|0.000000|0.652099|1.058511|1.710610|
2457383.04166667|0.000000|0.000000|0.000000|0.642331|1.054122|1.696453|
2457383.08333333|0.000000|0.000000|0.000000|0.632562|1.049753|1.682315|
2457383.12500000|0.000000|0.000000|0.000000|0.622801|1.045404|1.668205|
2457383.16666667|0.000000|0.000000|0.000000|0.613056|1.041075|1.654131|
2457383.20833333|0.000000|0.000000|0.000000|0.603336|1.036765|1.640101|
2457383.25000000|0.000000|0.000000|0.000000|0.593646|1.032475|1.626122|
2457383.29166667|0.000000|0.000000|0.000000|0.583996|1.028205|1.612200|
2457383.33333333|0.000000|0.000000|0.000000|0.574390|1.023953|1.598343|
2457383.37500000|0.000000|0.000000|0.000000|0.564834|1.019721|1.584555|
2457383.41666667|0.000000|0.000000|0.000000|0.555336|1.015508|1.570843|
2457383.45833333|0.000000|0.000000|0.000000|0.545898|1.011314|1.557212|
2457383.50000000|0.000000|0.000000|0.000000|0.536528|1.007139|1.543666|
2457383.54166667|0.000000|0.000000|0.000000|0.527228|1.002982|1.530210|
2457383.58333333|0.000000|0.000000|0.000000|0.518003|0.998845|1.516847|
2457383.62500000|0.000000|0.000000|0.000000|0.508857|0.994726|1.503583|
2457383.66666667|0.000000|0.000000|0.000000|0.499794|0.990625|1.490419|
2457383.70833333|0.000000|0.000000|0.000000|0.490816|0.986543|1.477359|
2457383.75000000|0.000000|0.000000|0.000000|0.481928|0.982479|1.464407|
2457383.79166667|0.000000|0.000000|0.000000|0.473131|0.978434|1.451564|
2457383.83333333|0.000000|0.000000|0.000000|0.464428|0.974406|1.438834|
2457383.87500000|0.000000|0.000000|0.000000|0.455821|0.970397|1.426218|
2457383.91666667|0.000000|0.000000|0.000000|0.447313|0.966406|1.413719|
2457383.95833333|0.000000|0.000000|0.000000|0.438905|0.962432|1.401337|
2457384.00000000|0.000000|0.000000|0.000000|0.430599|0.958476|1.389075|
2457384.04166667|0.000000|0.000000|0.000000|0.422396|0.954538|1.376935|
2457384.08333333|1.500000|0.029641|0.001778|0.414298|0.950806|1.366883|
2457384.12500000|4.300000|0.234917|0.029212|0.406306|0.947422|1.382940|
2457384.16666667|0.000000|0.000000|0.128107|0.399703|0.943533|1.471342|
2457384.20833333|0.000000|0.000000|0.069334|0.396674|0.939661|1.405669|
2457384.25000000|0.000000|0.000000|0.029079|0.393468|0.935807|1.358354|
2457384.29166667|0.000000|0.000000|0.007048|0.390097|0.931970|1.329115|
2457384.33333333|0.000000|0.000000|0.000000|0.386574|0.928150|1.314724|
2457384.37500000|0.000000|0.000000|0.000000|0.382911|0.924347|1.307259|
2457384.41666667|0.000000|0.000000|0.000000|0.379121|0.920561|1.299682|
2457384.45833333|0.000000|0.000000|0.000000|0.375213|0.916792|1.292005|
2457384.50000000|0.000000|0.000000|0.000000|0.371198|0.913040|1.284238|
2457384.54166667|0.000000|0.000000|0.000000|0.367087|0.909304|1.276390|
2457384.58333333|0.000000|0.000000|0.000000|0.362888|0.905584|1.268472|
2457384.62500000|0.000000|0.000000|0.000000|0.358610|0.901882|1.260492|
2457384.66666667|0.000000|0.000000|0.000000|0.354263|0.898195|1.252458|
2457384.70833333|0.000000|0.000000|0.000000|0.349854|0.894525|1.244379|
2457384.75000000|0.000000|0.000000|0.000000|0.345390|0.890871|1.236261|
2457384.79166667|0.000000|0.000000|0.000000|0.340880|0.887233|1.228113|
2457384.83333333|0.000000|0.000000|0.000000|0.336329|0.883612|1.219941|
2457384.87500000|0.000000|0.000000|0.000000|0.331745|0.880006|1.211750|
2457384.91666667|0.000000|0.000000|0.000000|0.327133|0.876416|1.203549|
2457384.95833333|0.000000|0.000000|0.000000|0.322499|0.872842|1.195341|
2457385.00000000|0.000000|0.000000|0.000000|0.317848|0.869284|1.187132|
2457385.04166667|0.000000|0.000000|0.000000|0.313187|0.865741|1.178928|
2457385.08333333|0.000000|0.000000|0.000000|0.308519|0.862214|1.170733|
2457385.12500000|0.000000|0.000000|0.000000|0.303849|0.858703|1.162552|
2457385.16666667|0.000000|0.000000|0.000000|0.299182|0.855206|1.154388|
2457385.20833333|0.000000|0.000000|0.000000|0.294521|0.851726|1.146247|
2457385.25000000|0.000000|0.000000|0.000000|0.289871|0.848260|1.138131|
2457385.29166667|0.000000|0.000000|0.000000|0.285235|0.844810|1.130045|
2457385.33333333|0.000000|0.000000|0.000000|0.280616|0.841375|1.121990|
2457385.37500000|0.000000|0.000000|0.000000|0.276017|0.837955|1.113972|
2457385.41666667|0.000000|0.000000|0.000000|0.271442|0.834550|1.105991|
2457385.45833333|0.000000|0.000000|0.000000|0.266893|0.831159|1.098052|
2457385.50000000|0.000000|0.000000|0.000000|0.262372|0.827784|1.090156|
2457385.54166667|0.000000|0.000000|0.000000|0.257883|0.824423|1.082306|
2457385.58333333|0.000000|0.000000|0.000000|0.253426|0.821078|1.074504|
2457385.62500000|0.000000|0.000000|0.000000|0.249005|0.817746|1.066752|
2457385.66666667|0.400000|0.002139|0.000128|0.244622|0.814480|1.059230|
2457385.70833333|0.100000|0.000134|0.001099|0.240277|0.811190|1.052565|
2457385.75000000|2.200000|0.063178|0.004458|0.236319|0.808171|1.048949|
2457385.79166667|2.300000|0.068962|0.036653|0.232470|0.805178|1.074301|
2457385.83333333|5.100000|0.327134|0.072569|0.230503|0.802518|1.105589|
2457385.87500000|5.900000|0.433452|0.219740|0.230389|0.799957|1.250086|
2457385.91666667|1.500000|0.029641|0.324607|0.234237|0.796903|1.355747|
2457385.95833333|1.100000|0.016025|0.178770|0.242413|0.793813|1.214996|
2457386.00000000|0.000000|0.000000|0.078300|0.251170|0.790601|1.120071|
2457386.04166667|0.000000|0.000000|0.021047|0.260129|0.787402|1.068578|
2457386.08333333|0.000000|0.000000|0.002812|0.268324|0.784217|1.055353|
2457386.12500000|0.000000|0.000000|0.000481|0.275793|0.781046|1.057320|
2457386.16666667|0.000000|0.000000|0.000000|0.282573|0.777889|1.060462|
2457386.20833333|0.000000|0.000000|0.000000|0.288697|0.774745|1.063443|
2457386.25000000|0.000000|0.000000|0.000000|0.294200|0.771615|1.065816|
2457386.29166667|0.000000|0.000000|0.000000|0.299113|0.768499|1.067612|
2457386.33333333|0.000000|0.000000|0.000000|0.303466|0.765396|1.068862|
2457386.37500000|0.000000|0.000000|0.000000|0.307289|0.762307|1.069596|
2457386.41666667|0.000000|0.000000|0.000000|0.310609|0.759231|1.069840|
2457386.45833333|0.000000|0.000000|0.000000|0.313454|0.756168|1.069622|
2457386.50000000|0.000000|0.000000|0.000000|0.315848|0.753118|1.068966|
2457386.54166667|0.000000|0.000000|0.000000|0.317817|0.750082|1.067898|
2457386.58333333|0.000000|0.000000|0.000000|0.319383|0.747058|1.066441|
2457386.62500000|0.000000|0.000000|0.000000|0.320569|0.744048|1.064617|
2457386.66666667|0.000000|0.000000|0.000000|0.321397|0.741051|1.062447|
2457386.70833333|0.000000|0.000000|0.000000|0.321886|0.738066|1.059952|
2457386.75000000|0.000000|0.000000|0.000000|0.322057|0.735095|1.057151|
2457386.79166667|0.000000|0.000000|0.000000|0.321928|0.732136|1.054064|
2457386.83333333|0.000000|0.000000|0.000000|0.321517|0.729190|1.050706|
2457386.87500000|0.000000|0.000000|0.000000|0.320840|0.726256|1.047096|
2457386.91666667|0.700000|0.006524|0.000391|0.319915|0.723422|1.043729|
2457386.95833333|1.400000|0.025855|0.004878|0.318757|0.720685|1.044321|
2457387.00000000|0.000000|0.000000|0.015012|0.317985|0.717788|1.050786|
2457387.04166667|0.000000|0.000000|0.008022|0.318170|0.714904|1.041096|
2457387.08333333|0.000000|0.000000|0.003298|0.318059|0.712032|1.033389|
2457387.12500000|0.100000|0.000134|0.000784|0.317667|0.709184|1.027635|
2457387.16666667|8.400001|0.852084|0.051193|0.317013|0.707280|1.075487|
2457387.20833333|34.799999|11.089222|1.099954|0.316199|0.707405|2.123558|
2457387.25000000|7.300000|0.652195|5.933234|0.321731|0.705396|6.960361|
2457387.29166667|4.700000|0.279236|3.556610|0.347321|0.703117|4.607048|
2457387.33333333|3.700000|0.175268|1.691810|0.376883|0.700736|2.769429|
2457387.37500000|4.200000|0.224403|0.591977|0.408213|0.698421|1.698611|
2457387.41666667|8.300000|0.832923|0.266570|0.440398|0.696552|1.403520|
2457387.45833333|3.300000|0.140139|0.525441|0.473751|0.694153|1.693345|
2457387.50000000|0.000000|0.000000|0.336875|0.511217|0.691370|1.539462|
2457387.54166667|0.000000|0.000000|0.145922|0.548764|0.688598|1.383284|
2457387.58333333|0.000000|0.000000|0.041804|0.583599|0.685839|1.311242|
2457387.62500000|0.000000|0.000000|0.004204|0.615849|0.683091|1.303144|
2457387.66666667|0.000000|0.000000|0.000000|0.645640|0.680354|1.325994|
2457387.70833333|0.000000|0.000000|0.000000|0.673088|0.677630|1.350718|
2457387.75000000|0.000000|0.000000|0.000000|0.698309|0.674917|1.373226|
2457387.79166667|0.000000|0.000000|0.000000|0.721410|0.672216|1.393626|
2457387.83333333|0.000000|0.000000|0.000000|0.742497|0.669526|1.412023|
2457387.87500000|0.000000|0.000000|0.000000|0.761670|0.666847|1.428517|
2457387.91666667|0.000000|0.000000|0.000000|0.779024|0.664180|1.443204|
2457387.95833333|0.000000|0.000000|0.000000|0.794651|0.661524|1.456175|
2457388.00000000|0.000000|0.000000|0.000000|0.808639|0.658880|1.467519|
2457388.04166667|0.000000|0.000000|0.000000|0.821073|0.656246|1.477320|
2457388.08333333|0.000000|0.000000|0.000000|0.832033|0.653624|1.485658|
2457388.12500000|0.000000|0.000000|0.000000|0.841597|0.651013|1.492610|
2457388.16666667|0.000000|0.000000|0.000000|0.849838|0.648413|1.498251|
2457388.20833333|0.000000|0.000000|0.000000|0.856827|0.645825|1.502652|
2457388.25000000|0.000000|0.000000|0.000000|0.862632|0.643247|1.505878|
2457388.29166667|0.000000|0.000000|0.000000|0.867317|0.640680|1.507997|
2457388.33333333|0.000000|0.000000|0.000000|0.870945|0.638123|1.509068|
2457388.37500000|0.000000|0.000000|0.000000|0.873575|0.635578|1.509153|
2457388.41666667|0.000000|0.000000|0.000000|0.875263|0.633044|1.508306|
2457388.45833333|0.000000|0.000000|0.000000|0.876063|0.630520|1.506583|
2457388.50000000|0.000000|0.000000|0.000000|0.876028|0.628006|1.504034|
2457388.54166667|0.000000|0.000000|0.000000|0.875206|0.625504|1.500710|
2457388.58333333|0.000000|0.000000|0.000000|0.873646|0.623012|1.496657|
2457388.62500000|0.000000|0.000000|0.000000|0.871391|0.620530|1.491921|
2457388.66666667|0.000000|0.000000|0.000000|0.868485|0.618059|1.486544|
2457388.70833333|0.000000|0.000000|0.000000|0.864969|0.615598|1.480568|
2457388.75000000|0.000000|0.000000|0.000000|0.860883|0.613148|1.474031|
2457388.79166667|0.000000|0.000000|0.000000|0.856263|0.610708|1.466971|
2457388.83333333|0.000000|0.000000|0.000000|0.851146|0.608278|1.459424|
2457388.87500000|0.000000|0.000000|0.000000|0.845565|0.605859|1.451424|
2457388.91666667|0.000000|0.000000|0.000000|0.839553|0.603449|1.443003|
2457388.95833333|0.000000|0.000000|0.000000|0.833141|0.601050|1.434191|
2457389.00000000|0.000000|0.000000|0.000000|0.826358|0.598661|1.425019|
2457389.04166667|0.000000|0.000000|0.000000|0.819232|0.596282|1.415514|
2457389.08333333|0.000000|0.000000|0.000000|0.811789|0.593913|1.405702|
2457389.12500000|0.000000|0.000000|0.000000|0.804056|0.591554|1.395610|
2457389.16666667|0.000000|0.000000|0.000000|0.796057|0.589204|1.385261|
2457389.20833333|0.000000|0.000000|0.000000|0.787814|0.586865|1.374678|
2457389.25000000|0.000000|0.000000|0.000000|0.779348|0.584535|1.363884|
2457389.29166667|0.000000|0.000000|0.000000|0.770682|0.582215|1.352898|
2457389.33333333|0.000000|0.000000|0.000000|0.761834|0.579905|1.341740|
2457389.37500000|0.000000|0.000000|0.000000|0.752824|0.577605|1.330429|
2457389.41666667|0.000000|0.000000|0.000000|0.743669|0.575314|1.318982|
2457389.45833333|0.000000|0.000000|0.000000|0.734385|0.573033|1.307417|
2457389.50000000|0.000000|0.000000|0.000000|0.724989|0.570761|1.295750|
2457389.54166667|0.000000|0.000000|0.000000|0.715496|0.568498|1.283994|
2457389.58333333|0.000000|0.000000|0.000000|0.705920|0.566246|1.272165|
2457389.62500000|0.000000|0.000000|0.000000|0.696274|0.564002|1.260276|
2457389.66666667|0.000000|0.000000|0.000000|0.686572|0.561768|1.248340|
2457389.70833333|0.000000|0.000000|0.000000|0.676826|0.559543|1.236369|
2457389.75000000|0.000000|0.000000|0.000000|0.667046|0.557328|1.224374|
2457389.79166667|0.000000|0.000000|0.000000|0.657244|0.555122|1.212366|
2457389.83333333|0.000000|0.000000|0.000000|0.647430|0.552925|1.200354|
2457389.87500000|0.000000|0.000000|0.000000|0.637613|0.550737|1.188350|
2457389.91666667|0.000000|0.000000|0.000000|0.627802|0.548558|1.176360|
2457389.95833333|0.000000|0.000000|0.000000|0.618006|0.546388|1.164395|
2457390.00000000|0.000000|0.000000|0.000000|0.608233|0.544228|1.152461|
2457390.04166667|0.000000|0.000000|0.000000|0.598490|0.542076|1.140566|
2457390.08333333|0.000000|0.000000|0.000000|0.588785|0.539933|1.128718|
2457390.12500000|0.000000|0.000000|0.000000|0.579123|0.537799|1.116922|
2457390.16666667|0.000000|0.000000|0.000000|0.569510|0.535674|1.105185|
2457390.20833333|0.000000|0.000000|0.000000|0.559954|0.533558|1.093512|
2457390.25000000|0.000000|0.000000|0.000000|0.550458|0.531451|1.081909|
2457390.29166667|0.000000|0.000000|0.000000|0.541028|0.529352|1.070380|
2457390.33333333|0.000000|0.000000|0.000000|0.531668|0.527262|1.058930|
2457390.37500000|0.000000|0.000000|0.000000|0.522383|0.525181|1.047564|
2457390.41666667|0.000000|0.000000|0.000000|0.513177|0.523108|1.036285|
2457390.45833333|0.000000|0.000000|0.000000|0.504052|0.521044|1.025097|
2457390.50000000|0.000000|0.000000|0.000000|0.495014|0.518989|1.014002|
2457390.54166667|0.000000|0.000000|0.000000|0.486064|0.516942|1.003006|
2457390.58333333|0.000000|0.000000|0.000000|0.477205|0.514903|0.992109|
2457390.62500000|0.000000|0.000000|0.000000|0.468441|0.512873|0.981314|
2457390.66666667|0.000000|0.000000|0.000000|0.459773|0.510851|0.970624|
2457390.70833333|0.000000|0.000000|0.000000|0.451204|0.508838|0.960041|
2457390.75000000|0.000000|0.000000|0.000000|0.442734|0.506833|0.949567|
2457390.79166667|0.000000|0.000000|0.000000|0.434367|0.504836|0.939203|
2457390.83333333|0.000000|0.000000|0.000000|0.426104|0.502848|0.928951|
2457390.87500000|0.000000|0.000000|0.000000|0.417945|0.500867|0.918812|
2457390.91666667|0.000000|0.000000|0.000000|0.409893|0.498895|0.908788|
2457390.95833333|0.000000|0.000000|0.000000|0.401947|0.496931|0.898878|
2457391.00000000|0.000000|0.000000|0.000000|0.394109|0.494975|0.889084|
2457391.04166667|0.000000|0.000000|0.000000|0.386380|0.493027|0.879407|
2457391.08333333|0.000000|0.000000|0.000000|0.378760|0.491088|0.869847|
2457391.12500000|0.000000|0.000000|0.000000|0.371249|0.489156|0.860405|
2457391.16666667|0.000000|0.000000|0.000000|0.363848|0.487232|0.851080|
2457391.20833333|0.000000|0.000000|0.000000|0.356557|0.485316|0.841873|
2457391.25000000|0.000000|0.000000|0.000000|0.349376|0.483408|0.832784|
2457391.29166667|0.000000|0.000000|0.000000|0.342305|0.481507|0.823812|
2457391.33333333|0.000000|0.000000|0.000000|0.335344|0.479615|0.814959|
2457391.37500000|0.000000|0.000000|0.000000|0.328492|0.477730|0.806222|
2457391.41666667|0.000000|0.000000|0.000000|0.321750|0.475854|0.797603|
2457391.45833333|0.000000|0.000000|0.000000|0.315116|0.473984|0.789100|
2457391.50000000|0.000000|0.000000|0.000000|0.308591|0.472123|0.780714|
2457391.54166667|0.000000|0.000000|0.000000|0.302174|0.470269|0.772443|
2457391.58333333|0.000000|0.000000|0.000000|0.295864|0.468423|0.764287|
2457391.62500000|0.000000|0.000000|0.000000|0.289661|0.466584|0.756245|
2457391.66666667|0.000000|0.000000|0.000000|0.283564|0.464753|0.748316|
2457391.70833333|0.000000|0.000000|0.000000|0.277571|0.462929|0.740501|
2457391.75000000|0.000000|0.000000|0.000000|0.271684|0.461113|0.732797|
2457391.79166667|0.000000|0.000000|0.000000|0.265899|0.459304|0.725203|
2457391.83333333|0.000000|0.000000|0.000000|0.260217|0.457503|0.717720|
2457391.87500000|0.000000|0.000000|0.000000|0.254637|0.455709|0.710346|
2457391.91666667|0.000000|0.000000|0.000000|0.249158|0.453922|0.703080|
2457391.95833333|0.000000|0.000000|0.000000|0.243778|0.452143|0.695921|
2457392.00000000|0.000000|0.000000|0.000000|0.238496|0.450371|0.688867|
2457392.04166667|0.000000|0.000000|0.000000|0.233312|0.448606|0.681918|
2457392.08333333|0.000000|0.000000|0.000000|0.228225|0.446848|0.675073|
2457392.12500000|0.000000|0.000000|0.000000|0.223232|0.445098|0.668330|
2457392.16666667|0.000000|0.000000|0.000000|0.218334|0.443355|0.661689|
2457392.20833333|0.000000|0.000000|0.000000|0.213529|0.441619|0.655148|
2457392.25000000|0.000000|0.000000|0.000000|0.208816|0.439890|0.648705|
2457392.29166667|0.000000|0.000000|0.000000|0.204193|0.438168|0.642360|
2457392.33333333|0.000000|0.000000|0.000000|0.199660|0.436453|0.636112|
2457392.37500000|0.000000|0.000000|0.000000|0.195215|0.434745|0.629959|
2457392.41666667|0.000000|0.000000|0.000000|0.190856|0.433044|0.623900|
2457392.45833333|0.000000|0.000000|0.000000|0.186584|0.431349|0.617934|
2457392.50000000|0.000000|0.000000|0.000000|0.182396|0.429662|0.612059|
2457392.54166667|0.000000|0.000000|0.000000|0.178292|0.427982|0.606274|
2457392.58333333|0.000000|0.000000|0.000000|0.174270|0.426308|0.600578|
2457392.62500000|0.000000|0.000000|0.000000|0.170328|0.424642|0.594970|
2457392.66666667|0.000000|0.000000|0.000000|0.166467|0.422982|0.589449|
2457392.70833333|0.000000|0.000000|0.000000|0.162683|0.421329|0.584012|
2457392.75000000|0.000000|0.000000|0.000000|0.158977|0.419682|0.578659|
2457392.79166667|0.000000|0.000000|0.000000|0.155347|0.418043|0.573389|
2457392.83333333|0.000000|0.000000|0.000000|0.151791|0.416410|0.568201|
2457392.87500000|0.000000|0.000000|0.000000|0.148309|0.414783|0.563093|
2457392.91666667|0.000000|0.000000|0.000000|0.144900|0.413163|0.558063|
2457392.95833333|0.000000|0.000000|0.000000|0.141561|0.411550|0.553111|
2457393.00000000|0.000000|0.000000|0.000000|0.138293|0.409943|0.548236|
2457393.04166667|0.000000|0.000000|0.000000|0.135093|0.408343|0.543436|
2457393.08333333|0.000000|0.000000|0.000000|0.131960|0.406749|0.538710|
2457393.12500000|0.000000|0.000000|0.000000|0.128894|0.405162|0.534056|
2457393.16666667|0.000000|0.000000|0.000000|0.125893|0.403581|0.529475|
2457393.20833333|0.000000|0.000000|0.000000|0.122957|0.402007|0.524964|
2457393.25000000|0.000000|0.000000|0.000000|0.120083|0.400439|0.520522|
2457393.29166667|0.000000|0.000000|0.000000|0.117271|0.398877|0.516148|
2457393.33333333|0.000000|0.000000|0.000000|0.114519|0.397322|0.511841|
2457393.37500000|0.000000|0.000000|0.000000|0.111827|0.395773|0.507600|
2457393.41666667|0.000000|0.000000|0.000000|0.109194|0.394230|0.503424|
2457393.45833333|0.000000|0.000000|0.000000|0.106618|0.392694|0.499311|
2457393.50000000|0.000000|0.000000|0.000000|0.104098|0.391163|0.495261|
2457393.54166667|0.000000|0.000000|0.000000|0.101633|0.389639|0.491272|
2457393.58333333|0.000000|0.000000|0.000000|0.099223|0.388121|0.487344|
2457393.62500000|0.000000|0.000000|0.000000|0.096866|0.386609|0.483475|
2457393.66666667|0.000000|0.000000|0.000000|0.094560|0.385104|0.479664|
2457393.70833333|0.000000|0.000000|0.000000|0.092306|0.383604|0.475910|
2457393.75000000|0.000000|0.000000|0.000000|0.090103|0.382110|0.472213|
2457393.79166667|0.000000|0.000000|0.000000|0.087948|0.380623|0.468571|
2457393.83333333|0.000000|0.000000|0.000000|0.085841|0.379141|0.464983|
2457393.87500000|0.000000|0.000000|0.000000|0.083782|0.377666|0.461448|
2457393.91666667|0.000000|0.000000|0.000000|0.081769|0.376196|0.457965|
2457393.95833333|0.000000|0.000000|0.000000|0.079802|0.374732|0.454534|
2457394.00000000|0.000000|0.000000|0.000000|0.077878|0.373275|0.451153|
2457394.04166667|0.000000|0.000000|0.000000|0.075999|0.371823|0.447822|
2457394.08333333|0.000000|0.000000|0.000000|0.074162|0.370377|0.444539|
2457394.12500000|0.000000|0.000000|0.000000|0.072367|0.368936|0.441303|
2457394.16666667|0.000000|0.000000|0.000000|0.070613|0.367502|0.438115|
2457394.20833333|0.000000|0.000000|0.000000|0.068899|0.366073|0.434972|
2457394.25000000|0.000000|0.000000|0.000000|0.067224|0.364650|0.431874|
2457394.29166667|0.000000|0.000000|0.000000|0.065588|0.363233|0.428821|
2457394.33333333|0.000000|0.000000|0.000000|0.063989|0.361822|0.425811|
2457394.37500000|0.000000|0.000000|0.000000|0.062428|0.360416|0.422843|
2457394.41666667|0.000000|0.000000|0.000000|0.060902|0.359016|0.419918|
2457394.45833333|0.000000|0.000000|0.000000|0.059412|0.357621|0.417033|
2457394.50000000|0.000000|0.000000|0.000000|0.057956|0.356232|0.414188|
2457394.54166667|0.000000|0.000000|0.000000|0.056534|0.354849|0.411383|
2457394.58333333|0.000000|0.000000|0.000000|0.055146|0.353471|0.408617|
2457394.62500000|0.000000|0.000000|0.000000|0.053790|0.352099|0.405888|
2457394.66666667|0.000000|0.000000|0.000000|0.052465|0.350732|0.403197|
2457394.70833333|0.000000|0.000000|0.000000|0.051172|0.349371|0.400542|
2457394.75000000|0.000000|0.000000|0.000000|0.049909|0.348015|0.397924|
2457394.79166667|0.000000|0.000000|0.000000|0.048676|0.346664|0.395340|
2457394.83333333|0.000000|0.000000|0.000000|0.047471|0.345319|0.392791|
2457394.87500000|0.000000|0.000000|0.000000|0.046296|0.343980|0.390276|
2457394.91666667|0.000000|0.000000|0.000000|0.045148|0.342646|0.387793|
2457394.95833333|0.000000|0.000000|0.000000|0.044027|0.341317|0.385344|
2457395.00000000|0.000000|0.000000|0.000000|0.042933|0.339993|0.382926|
2457395.04166667|0.000000|0.000000|0.000000|0.041865|0.338675|0.380540|
2457395.08333333|0.000000|0.000000|0.000000|0.040822|0.337362|0.378184|
2457395.12500000|0.000000|0.000000|0.000000|0.039804|0.336054|0.375859|
2457395.16666667|0.000000|0.000000|0.000000|0.038811|0.334752|0.373563|
2457395.20833333|0.000000|0.000000|0.000000|0.037841|0.333455|0.371296|
2457395.25000000|0.000000|0.000000|0.000000|0.036895|0.332162|0.369057|
2457395.29166667|0.000000|0.000000|0.000000|0.035971|0.330876|0.366847|
2457395.33333333|0.000000|0.000000|0.000000|0.035070|0.329594|0.364664|
2457395.37500000|0.000000|0.000000|0.000000|0.034190|0.328317|0.362507|
2457395.41666667|0.000000|0.000000|0.000000|0.033332|0.327046|0.360377|
2457395.45833333|0.000000|0.000000|0.000000|0.032494|0.325779|0.358273|
2457395.50000000|0.000000|0.000000|0.000000|0.031676|0.324518|0.356194|
2457395.54166667|0.000000|0.000000|0.000000|0.030879|0.323261|0.354140|
2457395.58333333|0.000000|0.000000|0.000000|0.030100|0.322010|0.352110|
2457395.62500000|0.000000|0.000000|0.000000|0.029341|0.320764|0.350105|
2457395.66666667|0.000000|0.000000|0.000000|0.028600|0.319522|0.348122|
2457395.70833333|0.000000|0.000000|0.000000|0.027877|0.318286|0.346163|
2457395.75000000|0.000000|0.000000|0.000000|0.027172|0.317054|0.344226|
2457395.79166667|0.000000|0.000000|0.000000|0.026484|0.315828|0.342311|
2457395.83333333|0.000000|0.000000|0.000000|0.025812|0.314606|0.340419|
2457395.87500000|0.000000|0.000000|0.000000|0.025158|0.313389|0.338547|
2457395.91666667|0.000000|0.000000|0.000000|0.024519|0.312177|0.336696|
2457395.95833333|0.000000|0.000000|0.000000|0.023896|0.310970|0.334866|
2457396.00000000|0.000000|0.000000|0.000000|0.023288|0.309768|0.333056|
2457396.04166667|0.000000|0.000000|0.000000|0.022695|0.308570|0.331266|
2457396.08333333|0.000000|0.000000|0.000000|0.022117|0.307378|0.329495|
2457396.12500000|0.000000|0.000000|0.000000|0.021553|0.306190|0.327743|
2457396.16666667|0.000000|0.000000|0.000000|0.021003|0.305006|0.326010|
2457396.20833333|0.000000|0.000000|0.000000|0.020467|0.303828|0.324295|
2457396.25000000|0.000000|0.000000|0.000000|0.019944|0.302654|0.322598|
2457396.29166667|0.000000|0.000000|0.000000|0.019434|0.301485|0.320918|
2457396.33333333|0.000000|0.000000|0.000000|0.018936|0.300320|0.319256|
2457396.37500000|0.000000|0.000000|0.000000|0.018451|0.299160|0.317611|
2457396.41666667|0.000000|0.000000|0.000000|0.017978|0.298005|0.315983|
2457396.45833333|0.000000|0.000000|0.000000|0.017517|0.296854|0.314371|
2457396.50000000|0.000000|0.000000|0.000000|0.017067|0.295708|0.312775|
2457396.54166667|0.000000|0.000000|0.000000|0.016628|0.294566|0.311194|
2457396.58333333|0.000000|0.000000|0.000000|0.016201|0.293429|0.309630|
2457396.62500000|0.000000|0.000000|0.000000|0.015784|0.292296|0.308080|
2457396.66666667|0.000000|0.000000|0.000000|0.015377|0.291168|0.306546|
2457396.70833333|0.000000|0.000000|0.000000|0.014981|0.290045|0.305026|
2457396.75000000|0.000000|0.000000|0.000000|0.014595|0.288926|0.303520|
2457396.79166667|0.000000|0.000000|0.000000|0.014218|0.287811|0.302029|
2457396.83333333|0.000000|0.000000|0.000000|0.013851|0.286701|0.300551|
2457396.87500000|0.000000|0.000000|0.000000|0.013493|0.285595|0.299088|
2457396.91666667|0.000000|0.000000|0.000000|0.013144|0.284493|0.297637|
2457396.95833333|0.000000|0.000000|0.000000|0.012804|0.283396|0.296200|
2457397.00000000|0.000000|0.000000|0.000000|0.012472|0.282303|0.294776|
2457397.04166667|0.000000|0.000000|0.000000|0.012149|0.281215|0.293364|
2457397.08333333|0.000000|0.000000|0.000000|0.011834|0.280131|0.291965|
2457397.12500000|0.000000|0.000000|0.000000|0.011527|0.279051|0.290578|
2457397.16666667|0.000000|0.000000|0.000000|0.011228|0.277975|0.289203|
2457397.20833333|0.000000|0.000000|0.000000|0.010936|0.276904|0.287840|
2457397.25000000|0.000000|0.000000|0.000000|0.010652|0.275837|0.286488|
2457397.29166667|0.000000|0.000000|0.000000|0.010375|0.274774|0.285148|
2457397.33333333|0.000000|0.000000|0.000000|0.010104|0.273715|0.283820|
2457397.37500000|0.000000|0.000000|0.000000|0.009841|0.272661|0.282502|
2457397.41666667|0.000000|0.000000|0.000000|0.009585|0.271610|0.281195|
2457397.45833333|0.000000|0.000000|0.000000|0.009335|0.270564|0.279899|
2457397.50000000|0.000000|0.000000|0.000000|0.009091|0.269522|0.278614|
2457397.54166667|0.000000|0.000000|0.000000|0.008854|0.268484|0.277338|
2457397.58333333|0.000000|0.000000|0.000000|0.008623|0.267451|0.276073|
2457397.62500000|0.000000|0.000000|0.000000|0.008397|0.266421|0.274818|
2457397.66666667|0.000000|0.000000|0.000000|0.008178|0.265395|0.273573|
2457397.70833333|0.000000|0.000000|0.000000|0.007964|0.264374|0.272337|
2457397.75000000|0.000000|0.000000|0.000000|0.007755|0.263356|0.271111|
2457397.79166667|0.000000|0.000000|0.000000|0.007552|0.262343|0.269894|
2457397.83333333|0.000000|0.000000|0.000000|0.007354|0.261333|0.268687|
2457397.87500000|0.000000|0.000000|0.000000|0.007161|0.260327|0.267488|
2457397.91666667|0.000000|0.000000|0.000000|0.006973|0.259326|0.266299|
2457397.95833333|0.000000|0.000000|0.000000|0.006790|0.258328|0.265118|
2457398.00000000|0.000000|0.000000|0.000000|0.006611|0.257334|0.263946|
2457398.04166667|0.000000|0.000000|0.000000|0.006438|0.256345|0.262782|
2457398.08333333|0.000000|0.000000|0.000000|0.006268|0.255359|0.261627|
2457398.12500000|0.000000|0.000000|0.000000|0.006103|0.254377|0.260480|
2457398.16666667|0.000000|0.000000|0.000000|0.005943|0.253399|0.259341|
2457398.20833333|0.000000|0.000000|0.000000|0.005786|0.252424|0.258210|
2457398.25000000|0.000000|0.000000|0.000000|0.005634|0.251454|0.257088|
2457398.29166667|0.000000|0.000000|0.000000|0.005485|0.250487|0.255972|
2457398.33333333|0.000000|0.000000|0.000000|0.005340|0.249525|0.254865|
2457398.37500000|0.000000|0.000000|0.000000|0.005199|0.248566|0.253765|
2457398.41666667|0.000000|0.000000|0.000000|0.005062|0.247610|0.252672|
2457398.45833333|0.000000|0.000000|0.000000|0.004928|0.246659|0.251587|
2457398.50000000|0.000000|0.000000|0.000000|0.004798|0.245711|0.250509|
2457398.54166667|0.000000|0.000000|0.000000|0.004671|0.244767|0.249438|
2457398.58333333|0.000000|0.000000|0.000000|0.004547|0.243827|0.248374|
2457398.62500000|0.000000|0.000000|0.000000|0.004427|0.242890|0.247317|
2457398.66666667|0.000000|0.000000|0.000000|0.004310|0.241957|0.246267|
2457398.70833333|0.000000|0.000000|0.000000|0.004195|0.241028|0.245223|
2457398.75000000|0.000000|0.000000|0.000000|0.004084|0.240102|0.244187|
2457398.79166667|0.000000|0.000000|0.000000|0.003976|0.239180|0.243156|
2457398.83333333|0.000000|0.000000|0.000000|0.003870|0.238262|0.242132|
2457398.87500000|0.000000|0.000000|0.000000|0.003768|0.237347|0.241115|
2457398.91666667|0.000000|0.000000|0.000000|0.003668|0.236436|0.240104|
2457398.95833333|0.000000|0.000000|0.000000|0.003570|0.235529|0.239099|
2457399.00000000|0.000000|0.000000|0.000000|0.003475|0.234625|0.238100|
2457399.04166667|0.000000|0.000000|0.000000|0.003383|0.233724|0.237107|
2457399.08333333|0.000000|0.000000|0.000000|0.003293|0.232827|0.236120|
[       OK ] Tshirt_C_Realization_Test.TestGiuhRunoffCalc1a (56 ms)
[ RUN      ] Tshirt_C_Realization_Test.TestLateralFlowCalc1a
2457357.50000000|10.000000|1.522619|0.091357|0.000000|191.106140|191.197497|
2457357.54166667|0.000000|0.000000|0.776536|0.000000|177.198214|177.974750|
2457357.58333333|0.000000|0.000000|0.426333|0.093168|165.163302|165.682804|
2457357.62500000|0.000000|0.000000|0.182714|0.180746|154.643488|155.006948|
2457357.66666667|0.000000|0.000000|0.045679|0.262986|145.367169|145.675833|
2457357.70833333|0.000000|0.000000|0.000000|0.340128|137.124396|137.464524|
2457357.75000000|0.000000|0.000000|0.000000|0.412405|129.750237|130.162643|
2457357.79166667|0.000000|0.000000|0.000000|0.480040|123.113277|123.593317|
2457357.83333333|0.000000|0.000000|0.000000|0.543245|117.107476|117.650721|
2457357.87500000|0.000000|0.000000|0.000000|0.602226|111.646304|112.248530|
2457357.91666667|0.000000|0.000000|0.000000|0.657179|106.658437|107.315616|
2457357.95833333|0.000000|0.000000|0.000000|0.708293|102.084540|102.792833|
2457358.00000000|0.000000|0.000000|0.000000|0.755749|97.874845|98.630593|
2457358.04166667|0.000000|0.000000|0.000000|0.799719|93.987286|94.787005|
2457358.08333333|0.000000|0.000000|0.000000|0.840372|90.386066|91.226438|
2457358.12500000|0.000000|0.000000|0.000000|0.877865|87.040521|87.918387|
2457358.16666667|0.000000|0.000000|0.000000|0.912353|83.924234|84.836587|
2457358.20833333|0.000000|0.000000|0.000000|0.943981|81.014320|81.958301|
2457358.25000000|0.000000|0.000000|0.000000|0.972891|78.290850|79.263741|
2457358.29166667|0.000000|0.000000|0.000000|0.999216|75.736395|76.735611|
2457358.33333333|0.000000|0.000000|0.000000|1.023086|73.335636|74.358722|
2457358.37500000|0.000000|0.000000|0.000000|1.044625|71.075061|72.119685|
2457358.41666667|0.000000|0.000000|0.000000|1.063950|68.942699|70.006649|
2457358.45833333|0.000000|0.000000|0.000000|1.081176|66.927909|68.009085|
2457358.50000000|0.000000|0.000000|0.000000|1.096411|65.021203|66.117613|
2457358.54166667|0.000000|0.000000|0.000000|1.109758|63.214085|64.323844|
2457358.58333333|0.000000|0.000000|0.000000|1.121318|61.498934|62.620253|
2457358.62500000|0.000000|0.000000|0.000000|1.131186|59.868887|61.000073|
2457358.66666667|0.000000|0.000000|0.000000|1.139452|58.317750|59.457202|
2457358.70833333|0.000000|0.000000|0.000000|1.146205|56.839916|57.986121|
2457358.75000000|0.000000|0.000000|0.000000|1.151526|55.430302|56.581828|
2457358.79166667|0.000000|0.000000|0.000000|1.155497|54.084282|55.239779|
2457358.83333333|0.000000|0.000000|0.000000|1.158193|52.797641|53.955835|
2457358.87500000|0.200000|0.000536|0.000032|1.159688|51.566675|52.726395|
2457358.91666667|0.000000|0.000000|0.000273|1.160050|50.387566|51.547890|
2457358.95833333|0.000000|0.000000|0.000150|1.159521|49.257235|50.416907|
2457359.00000000|0.000000|0.000000|0.000064|1.157980|48.172715|49.330759|
2457359.04166667|0.000000|0.000000|0.000016|1.155487|47.131273|48.286776|
2457359.08333333|0.000000|0.000000|0.000000|1.152102|46.130393|47.282495|
2457359.12500000|0.500000|0.003337|0.000200|1.147880|45.168069|46.316150|
2457359.16666667|0.800000|0.008510|0.002213|1.142874|44.242002|45.387089|
2457359.20833333|0.200000|0.000536|0.005307|1.137569|43.349635|44.492510|
2457359.25000000|0.000000|0.000000|0.003057|1.132244|42.489388|43.624688|
2457359.29166667|0.000000|0.000000|0.001271|1.126388|41.659675|42.787334|
2457359.33333333|0.000000|0.000000|0.000320|1.119865|40.858899|41.979084|
2457359.37500000|0.000000|0.000000|0.000016|1.112719|40.085574|41.198309|
2457359.41666667|0.000000|0.000000|0.000000|1.104994|39.338314|40.443308|
2457359.45833333|0.000000|0.000000|0.000000|1.096731|38.615824|39.712555|
2457359.50000000|0.000000|0.000000|0.000000|1.087970|37.916894|39.004864|
2457359.54166667|0.000000|0.000000|0.000000|1.078747|37.240393|38.319139|
2457359.58333333|0.000000|0.000000|0.000000|1.069098|36.585259|37.654357|
2457359.62500000|0.000000|0.000000|0.000000|1.059057|35.950498|37.009555|
2457359.66666667|0.000000|0.000000|0.000000|1.048657|35.335176|36.383833|
2457359.70833333|0.000000|0.000000|0.000000|1.037927|34.738416|35.776344|
2457359.75000000|0.000000|0.000000|0.000000|1.026898|34.159393|35.186291|
2457359.79166667|0.000000|0.000000|0.000000|1.015596|33.597329|34.612925|
2457359.83333333|0.000000|0.000000|0.000000|1.004048|33.051492|34.055540|
2457359.87500000|0.000000|0.000000|0.000000|0.992279|32.521191|33.513470|
2457359.91666667|0.000000|0.000000|0.000000|0.980312|32.005776|32.986088|
2457359.95833333|0.000000|0.000000|0.000000|0.968170|31.504629|32.472799|
2457360.00000000|0.000000|0.000000|0.000000|0.955875|31.017168|31.973043|
2457360.04166667|0.000000|0.000000|0.000000|0.943446|30.542844|31.486290|
2457360.08333333|0.000000|0.000000|0.000000|0.930902|30.081133|31.012035|
2457360.12500000|0.000000|0.000000|0.000000|0.918262|29.631541|30.549803|
2457360.16666667|0.000000|0.000000|0.000000|0.905543|29.193600|30.099142|
2457360.20833333|0.000000|0.000000|0.000000|0.892760|28.766864|29.659624|
2457360.25000000|0.000000|0.000000|0.000000|0.879929|28.350911|29.230840|
2457360.29166667|0.000000|0.000000|0.000000|0.867064|27.945340|28.812404|
2457360.33333333|0.000000|0.000000|0.000000|0.854180|27.549768|28.403948|
2457360.37500000|0.000000|0.000000|0.000000|0.841288|27.163832|28.005120|
2457360.41666667|0.000000|0.000000|0.000000|0.828401|26.787187|27.615588|
2457360.45833333|0.000000|0.000000|0.000000|0.815530|26.419502|27.235032|
2457360.50000000|0.000000|0.000000|0.000000|0.802686|26.060464|26.863150|
2457360.54166667|0.000000|0.000000|0.000000|0.789878|25.709773|26.499651|
2457360.58333333|0.000000|0.000000|0.000000|0.777117|25.367144|26.144260|
2457360.62500000|0.000000|0.000000|0.000000|0.764410|25.032303|25.796712|
2457360.66666667|0.000000|0.000000|0.000000|0.751766|24.704989|25.456755|
2457360.70833333|0.000000|0.000000|0.000000|0.739193|24.384954|25.124147|
2457360.75000000|0.000000|0.000000|0.000000|0.726698|24.071959|24.798657|
2457360.79166667|0.000000|0.000000|0.000000|0.714287|23.765776|24.480063|
2457360.83333333|0.000000|0.000000|0.000000|0.701966|23.466187|24.168153|
2457360.87500000|0.000000|0.000000|0.000000|0.689743|23.172982|23.862725|
2457360.91666667|0.000000|0.000000|0.000000|0.677620|22.885962|23.563583|
2457360.95833333|0.000000|0.000000|0.000000|0.665605|22.604935|23.270540|
2457361.00000000|0.000000|0.000000|0.000000|0.653700|22.329716|22.983416|
2457361.04166667|0.000000|0.000000|0.000000|0.641911|22.060129|22.702039|
2457361.08333333|0.000000|0.000000|0.000000|0.630240|21.796004|22.426244|
2457361.12500000|0.000000|0.000000|0.000000|0.618693|21.537178|22.155871|
2457361.16666667|0.000000|0.000000|0.000000|0.607270|21.283496|21.890766|
2457361.20833333|0.000000|0.000000|0.000000|0.595977|21.034806|21.630783|
2457361.25000000|0.000000|0.000000|0.000000|0.584814|20.790965|21.375779|
2457361.29166667|0.000000|0.000000|0.000000|0.573785|20.551833|21.125618|
2457361.33333333|0.000000|0.000000|0.000000|0.562891|20.317277|20.880168|
2457361.37500000|0.000000|0.000000|0.000000|0.552135|20.087168|20.639303|
2457361.41666667|0.000000|0.000000|0.000000|0.541517|19.861382|20.402899|
2457361.45833333|0.000000|0.000000|0.000000|0.531039|19.639800|20.170840|
2457361.50000000|0.000000|0.000000|0.000000|0.520703|19.422307|19.943010|
2457361.54166667|0.000000|0.000000|0.000000|0.510509|19.208793|19.719301|
2457361.58333333|0.000000|0.000000|0.000000|0.500458|18.999149|19.499607|
2457361.62500000|0.000000|0.000000|0.000000|0.490550|18.793273|19.283824|
2457361.66666667|0.000000|0.000000|0.000000|0.480787|18.591067|19.071854|
2457361.70833333|0.000000|0.000000|0.000000|0.471168|18.392433|18.863601|
2457361.75000000|0.000000|0.000000|0.000000|0.461693|18.197280|18.658973|
2457361.79166667|0.000000|0.000000|0.000000|0.452363|18.005517|18.457880|
2457361.83333333|0.000000|0.000000|0.000000|0.443177|17.817059|18.260236|
2457361.87500000|0.000000|0.000000|0.000000|0.434135|17.631822|18.065956|
2457361.91666667|0.000000|0.000000|0.000000|0.425237|17.449725|17.874961|
2457361.95833333|0.000000|0.000000|0.000000|0.416481|17.270690|17.687171|
2457362.00000000|0.000000|0.000000|0.000000|0.407869|17.094641|17.502510|
2457362.04166667|0.000000|0.000000|0.000000|0.399398|16.921507|17.320905|
2457362.08333333|0.000000|0.000000|0.000000|0.391069|16.751216|17.142285|
2457362.12500000|0.000000|0.000000|0.000000|0.382880|16.583699|16.966579|
2457362.16666667|0.000000|0.000000|0.000000|0.374830|16.418891|16.793721|
2457362.20833333|0.000000|0.000000|0.000000|0.366919|16.256728|16.623646|
2457362.25000000|0.000000|0.000000|0.000000|0.359145|16.097146|16.456291|
2457362.29166667|0.000000|0.000000|0.000000|0.351507|15.940087|16.291594|
2457362.33333333|0.000000|0.000000|0.000000|0.344004|15.785492|16.129496|
2457362.37500000|0.000000|0.000000|0.000000|0.336635|15.633304|15.969939|
2457362.41666667|0.000000|0.000000|0.000000|0.329399|15.483469|15.812868|
2457362.45833333|0.000000|0.000000|0.000000|0.322294|15.335933|15.658226|
2457362.50000000|0.000000|0.000000|0.000000|0.315318|15.190645|15.505963|
2457362.54166667|0.000000|0.000000|0.000000|0.308471|15.047554|15.356026|
2457362.58333333|0.000000|0.000000|0.000000|0.301751|14.906613|15.208365|
2457362.62500000|0.000000|0.000000|0.000000|0.295157|14.767774|15.062931|
2457362.66666667|0.000000|0.000000|0.000000|0.288687|14.630991|14.919678|
2457362.70833333|0.000000|0.000000|0.000000|0.282339|14.496221|14.778560|
2457362.75000000|0.000000|0.000000|0.000000|0.276113|14.363418|14.639531|
2457362.79166667|0.000000|0.000000|0.000000|0.270006|14.232543|14.502548|
2457362.83333333|0.000000|0.000000|0.000000|0.264016|14.103553|14.367570|
2457362.87500000|0.000000|0.000000|0.000000|0.258143|13.976410|14.234554|
2457362.91666667|0.000000|0.000000|0.000000|0.252385|13.851075|14.103460|
2457362.95833333|0.000000|0.000000|0.000000|0.246740|13.727510|13.974250|
2457363.00000000|0.000000|0.000000|0.000000|0.241207|13.605679|13.846886|
2457363.04166667|0.000000|0.000000|0.000000|0.235784|13.485546|13.721330|
2457363.08333333|0.000000|0.000000|0.000000|0.230468|13.367078|13.597546|
2457363.12500000|0.000000|0.000000|0.000000|0.225260|13.250240|13.475500|
2457363.16666667|0.000000|0.000000|0.000000|0.220157|13.135000|13.355157|
2457363.20833333|0.000000|0.000000|0.000000|0.215157|13.021326|13.236483|
2457363.25000000|0.000000|0.000000|0.000000|0.210259|12.909187|13.119445|
2457363.29166667|0.000000|0.000000|0.000000|0.205461|12.798553|13.004014|
2457363.33333333|0.000000|0.000000|0.000000|0.200762|12.689394|12.890156|
2457363.37500000|0.000000|0.000000|0.000000|0.196160|12.581682|12.777842|
2457363.41666667|0.000000|0.000000|0.000000|0.191653|12.475390|12.667043|
2457363.45833333|0.000000|0.000000|0.000000|0.187240|12.370490|12.557730|
2457363.50000000|0.000000|0.000000|0.000000|0.182920|12.266955|12.449875|
2457363.54166667|0.000000|0.000000|0.000000|0.178690|12.164760|12.343450|
2457363.58333333|0.000000|0.000000|0.000000|0.174549|12.063879|12.238428|
2457363.62500000|0.000000|0.000000|0.000000|0.170496|11.964288|12.134785|
2457363.66666667|0.000000|0.000000|0.000000|0.166529|11.865964|12.032493|
2457363.70833333|0.000000|0.000000|0.000000|0.162647|11.768882|11.931529|
2457363.75000000|0.000000|0.000000|0.000000|0.158848|11.673021|11.831868|
2457363.79166667|0.000000|0.000000|0.000000|0.155130|11.578357|11.733487|
2457363.83333333|0.000000|0.000000|0.000000|0.151492|11.484869|11.636362|
2457363.87500000|0.000000|0.000000|0.000000|0.147933|11.392537|11.540470|
2457363.91666667|0.000000|0.000000|0.000000|0.144451|11.301339|11.445790|
2457363.95833333|0.000000|0.000000|0.000000|0.141045|11.211254|11.352300|
2457364.00000000|0.000000|0.000000|0.000000|0.137714|11.122265|11.259979|
2457364.04166667|0.000000|0.000000|0.000000|0.134455|11.034351|11.168806|
2457364.08333333|0.000000|0.000000|0.000000|0.131268|10.947493|11.078761|
2457364.12500000|0.000000|0.000000|0.000000|0.128151|10.861673|10.989824|
2457364.16666667|0.000000|0.000000|0.000000|0.125103|10.776874|10.901977|
2457364.20833333|0.000000|0.000000|0.000000|0.122122|10.693077|10.815199|
2457364.25000000|0.000000|0.000000|0.000000|0.119208|10.610266|10.729474|
2457364.29166667|0.000000|0.000000|0.000000|0.116359|10.528424|10.644782|
2457364.33333333|0.000000|0.000000|0.000000|0.113573|10.447534|10.561107|
2457364.37500000|0.000000|0.000000|0.000000|0.110850|10.367581|10.478431|
2457364.41666667|0.000000|0.000000|0.000000|0.108188|10.288549|10.396736|
2457364.45833333|0.000000|0.000000|0.000000|0.105586|10.210422|10.316008|
2457364.50000000|0.000000|0.000000|0.000000|0.103043|10.133186|10.236229|
2457364.54166667|0.000000|0.000000|0.000000|0.100557|10.056826|10.157383|
2457364.58333333|0.000000|0.000000|0.000000|0.098127|9.981328|10.079456|
2457364.62500000|0.000000|0.000000|0.000000|0.095753|9.906678|10.002431|
2457364.66666667|0.000000|0.000000|0.000000|0.093433|9.832862|9.926295|
2457364.70833333|0.000000|0.000000|0.000000|0.091166|9.759866|9.851033|
2457364.75000000|0.000000|0.000000|0.000000|0.088951|9.687678|9.776630|
2457364.79166667|0.000000|0.000000|0.000000|0.086787|9.616285|9.703072|
2457364.83333333|0.000000|0.000000|0.000000|0.084673|9.545674|9.630347|
2457364.87500000|0.000000|0.000000|0.000000|0.082607|9.475833|9.558440|
2457364.91666667|0.000000|0.000000|0.000000|0.080589|9.406750|9.487339|
2457364.95833333|0.000000|0.000000|0.000000|0.078618|9.338412|9.417030|
2457365.00000000|0.000000|0.000000|0.000000|0.076693|9.270809|9.347502|
2457365.04166667|0.000000|0.000000|0.000000|0.074812|9.203930|9.278742|
2457365.08333333|0.000000|0.000000|0.000000|0.072975|9.137762|9.210737|
2457365.12500000|0.000000|0.000000|0.000000|0.071181|9.072296|9.143477|
2457365.16666667|0.000000|0.000000|0.000000|0.069429|9.007520|9.076949|
2457365.20833333|0.000000|0.000000|0.000000|0.067718|8.943424|9.011143|
2457365.25000000|0.000000|0.000000|0.000000|0.066048|8.879999|8.946046|
2457365.29166667|0.000000|0.000000|0.000000|0.064416|8.817233|8.881649|
2457365.33333333|0.000000|0.000000|0.000000|0.062823|8.755117|8.817940|
2457365.37500000|0.000000|0.000000|0.000000|0.061268|8.693642|8.754909|
2457365.41666667|0.000000|0.000000|0.000000|0.059749|8.632798|8.692547|
2457365.45833333|0.000000|0.000000|0.000000|0.058266|8.572575|8.630842|
2457365.50000000|0.000000|0.000000|0.000000|0.056819|8.512965|8.569784|
2457365.54166667|0.000000|0.000000|0.000000|0.055406|8.453960|8.509365|
2457365.58333333|0.000000|0.000000|0.000000|0.054026|8.395549|8.449575|
2457365.62500000|0.000000|0.000000|0.000000|0.052680|8.337725|8.390405|
2457365.66666667|0.000000|0.000000|0.000000|0.051366|8.280479|8.331844|
2457365.70833333|0.000000|0.000000|0.000000|0.050083|8.223802|8.273885|
2457365.75000000|0.000000|0.000000|0.000000|0.048831|8.167688|8.216519|
2457365.79166667|0.000000|0.000000|0.000000|0.047608|8.112128|8.159736|
2457365.83333333|0.000000|0.000000|0.000000|0.046416|8.057114|8.103529|
2457365.87500000|0.000000|0.000000|0.000000|0.045252|8.002638|8.047890|
2457365.91666667|0.000000|0.000000|0.000000|0.044116|7.948693|7.992809|
2457365.95833333|0.000000|0.000000|0.000000|0.043007|7.895272|7.938279|
2457366.00000000|0.000000|0.000000|0.000000|0.041926|7.842367|7.884293|
2457366.04166667|0.000000|0.000000|0.000000|0.040870|7.789972|7.830842|
2457366.08333333|0.000000|0.000000|0.000000|0.039840|7.738079|7.777919|
2457366.12500000|0.000000|0.000000|0.000000|0.038835|7.686682|7.725517|
2457366.16666667|0.000000|0.000000|0.000000|0.037855|7.635773|7.673628|
2457366.20833333|0.000000|0.000000|0.000000|0.036898|7.585347|7.622245|
2457366.25000000|0.000000|0.000000|0.000000|0.035965|7.535396|7.571361|
2457366.29166667|0.000000|0.000000|0.000000|0.035054|7.485915|7.520970|
2457366.33333333|0.000000|0.000000|0.000000|0.034166|7.436897|7.471063|
2457366.37500000|0.000000|0.000000|0.000000|0.033300|7.388336|7.421636|
2457366.41666667|0.000000|0.000000|0.000000|0.032455|7.340226|7.372681|
2457366.45833333|0.000000|0.000000|0.000000|0.031630|7.292562|7.324192|
2457366.50000000|0.000000|0.000000|0.000000|0.030826|7.245336|7.276162|
2457366.54166667|0.000000|0.000000|0.000000|0.030041|7.198544|7.228585|
2457366.58333333|0.000000|0.000000|0.000000|0.029276|7.152180|7.181456|
2457366.62500000|0.000000|0.000000|0.000000|0.028530|7.106238|7.134768|
2457366.66666667|0.000000|0.000000|0.000000|0.027802|7.060714|7.088516|
2457366.70833333|0.000000|0.000000|0.000000|0.027092|7.015601|7.042693|
2457366.75000000|0.000000|0.000000|0.000000|0.026400|6.970894|6.997294|
2457366.79166667|0.000000|0.000000|0.000000|0.025725|6.926588|6.952314|
2457366.83333333|0.000000|0.000000|0.000000|0.025067|6.882679|6.907746|
2457366.87500000|0.000000|0.000000|0.000000|0.024425|6.839161|6.863586|
2457366.91666667|0.000000|0.000000|0.000000|0.023799|6.796029|6.819828|
2457366.95833333|0.000000|0.000000|0.000000|0.023188|6.753279|6.776467|
2457367.00000000|0.000000|0.000000|0.000000|0.022593|6.710905|6.733498|
2457367.04166667|0.000000|0.000000|0.000000|0.022012|6.668904|6.690916|
2457367.08333333|0.000000|0.000000|0.000000|0.021447|6.627270|6.648716|
2457367.12500000|0.000000|0.000000|0.000000|0.020895|6.585998|6.606893|
2457367.16666667|0.000000|0.000000|0.000000|0.020357|6.545086|6.565442|
2457367.20833333|0.000000|0.000000|0.000000|0.019832|6.504527|6.524359|
2457367.25000000|0.000000|0.000000|0.000000|0.019321|6.464318|6.483639|
2457367.29166667|0.000000|0.000000|0.000000|0.018822|6.424455|6.443278|
2457367.33333333|0.000000|0.000000|0.000000|0.018336|6.384933|6.403270|
2457367.37500000|0.000000|0.000000|0.000000|0.017863|6.345749|6.363612|
2457367.41666667|0.000000|0.000000|0.000000|0.017401|6.306898|6.324299|
2457367.45833333|0.000000|0.000000|0.000000|0.016951|6.268376|6.285327|
2457367.50000000|0.000000|0.000000|0.000000|0.016512|6.230180|6.246692|
2457367.54166667|0.000000|0.000000|0.000000|0.016084|6.192306|6.208390|
2457367.58333333|0.000000|0.000000|0.000000|0.015667|6.154749|6.170416|
2457367.62500000|0.000000|0.000000|0.000000|0.015260|6.117506|6.132767|
2457367.66666667|0.000000|0.000000|0.000000|0.014864|6.080574|6.095438|
2457367.70833333|0.000000|0.000000|0.000000|0.014478|6.043949|6.058427|
2457367.75000000|0.000000|0.000000|0.000000|0.014102|6.007626|6.021728|
2457367.79166667|0.000000|0.000000|0.000000|0.013735|5.971604|5.985339|
2457367.83333333|0.000000|0.000000|0.000000|0.013378|5.935878|5.949256|
2457367.87500000|0.000000|0.000000|0.000000|0.013029|5.900445|5.913474|
2457367.91666667|0.000000|0.000000|0.000000|0.012690|5.865302|5.877991|
2457367.95833333|0.000000|0.000000|0.000000|0.012359|5.830444|5.842803|
2457368.00000000|0.000000|0.000000|0.000000|0.012036|5.795870|5.807907|
2457368.04166667|0.000000|0.000000|0.000000|0.011722|5.761576|5.773298|
2457368.08333333|0.000000|0.000000|0.000000|0.011416|5.727558|5.738974|
2457368.12500000|0.000000|0.000000|0.000000|0.011118|5.693814|5.704932|
2457368.16666667|0.000000|0.000000|0.000000|0.010827|5.660341|5.671168|
2457368.20833333|0.000000|0.000000|0.000000|0.010544|5.627135|5.637679|
2457368.25000000|0.000000|0.000000|0.000000|0.010268|5.594194|5.604461|
2457368.29166667|0.000000|0.000000|0.000000|0.009999|5.561514|5.571513|
2457368.33333333|0.000000|0.000000|0.000000|0.009736|5.529094|5.538830|
2457368.37500000|0.000000|0.000000|0.000000|0.009481|5.496929|5.506410|
2457368.41666667|0.000000|0.000000|0.000000|0.009232|5.465017|5.474249|
2457368.45833333|0.000000|0.000000|0.000000|0.008990|5.433356|5.442346|
2457368.50000000|0.000000|0.000000|0.000000|0.008754|5.401942|5.410696|
2457368.54166667|0.000000|0.000000|0.000000|0.008524|5.370774|5.379297|
2457368.58333333|0.000000|0.000000|0.000000|0.008299|5.339848|5.348147|
2457368.62500000|0.000000|0.000000|0.000000|0.008081|5.309161|5.317242|
2457368.66666667|0.000000|0.000000|0.000000|0.007868|5.278712|5.286580|
2457368.70833333|0.000000|0.000000|0.000000|0.007661|5.248497|5.256158|
2457368.75000000|0.000000|0.000000|0.000000|0.007459|5.218515|5.225974|
2457368.79166667|0.000000|0.000000|0.000000|0.007263|5.188762|5.196025|
2457368.83333333|0.000000|0.000000|0.000000|0.007071|5.159237|5.166308|
2457368.87500000|0.000000|0.000000|0.000000|0.006884|5.129937|5.136821|
2457368.91666667|0.000000|0.000000|0.000000|0.006702|5.100859|5.107561|
2457368.95833333|0.000000|0.000000|0.000000|0.006525|5.072001|5.078526|
2457369.00000000|0.000000|0.000000|0.000000|0.006353|5.043361|5.049714|
2457369.04166667|0.000000|0.000000|0.000000|0.006185|5.014937|5.021122|
2457369.08333333|0.000000|0.000000|0.000000|0.006021|4.986727|4.992748|
2457369.12500000|0.000000|0.000000|0.000000|0.005862|4.958727|4.964589|
2457369.16666667|0.000000|0.000000|0.000000|0.005707|4.930937|4.936644|
2457369.20833333|0.000000|0.000000|0.000000|0.005555|4.903354|4.908909|
2457369.25000000|0.000000|0.000000|0.000000|0.005408|4.875975|4.881383|
2457369.29166667|0.000000|0.000000|0.000000|0.005265|4.848800|4.854064|
2457369.33333333|0.000000|0.000000|0.000000|0.005125|4.821825|4.826949|
2457369.37500000|0.000000|0.000000|0.000000|0.004989|4.795048|4.800037|
2457369.41666667|0.000000|0.000000|0.000000|0.004856|4.768468|4.773325|
2457369.45833333|0.000000|0.000000|0.000000|0.004727|4.742083|4.746811|
2457369.50000000|0.000000|0.000000|0.000000|0.004602|4.715891|4.720493|
2457369.54166667|0.000000|0.000000|0.000000|0.004479|4.689890|4.694369|
2457369.58333333|0.000000|0.000000|0.000000|0.004360|4.664077|4.668437|
2457369.62500000|0.000000|0.000000|0.000000|0.004244|4.638452|4.642696|
2457369.66666667|0.000000|0.000000|0.000000|0.004131|4.613011|4.617142|
2457369.70833333|0.000000|0.000000|0.000000|0.004021|4.587755|4.591775|
2457369.75000000|0.000000|0.000000|0.000000|0.003914|4.562679|4.566593|
2457369.79166667|0.000000|0.000000|0.000000|0.003809|4.537784|4.541593|
2457369.83333333|0.000000|0.000000|0.000000|0.003708|4.513066|4.516774|
2457369.87500000|0.000000|0.000000|0.000000|0.003609|4.488525|4.492134|
2457369.91666667|0.000000|0.000000|0.000000|0.003512|4.464159|4.467671|
2457369.95833333|0.000000|0.000000|0.000000|0.003419|4.439965|4.443384|
2457370.00000000|0.000000|0.000000|0.000000|0.003327|4.415943|4.419270|
2457370.04166667|0.000000|0.000000|0.000000|0.003238|4.392090|4.395328|
2457370.08333333|0.000000|0.000000|0.000000|0.003152|4.368405|4.371557|
2457370.12500000|0.000000|0.000000|0.000000|0.003067|4.344887|4.347954|
2457370.16666667|0.000000|0.000000|0.000000|0.002985|4.321533|4.324518|
2457370.20833333|0.000000|0.000000|0.000000|0.002905|4.298343|4.301248|
2457370.25000000|0.000000|0.000000|0.000000|0.002827|4.275314|4.278142|
2457370.29166667|0.000000|0.000000|0.000000|0.002752|4.252446|4.255197|
2457370.33333333|0.000000|0.000000|0.000000|0.002678|4.229736|4.232414|
2457370.37500000|0.000000|0.000000|0.000000|0.002606|4.207183|4.209789|
2457370.41666667|0.000000|0.000000|0.000000|0.002536|4.184786|4.187323|
2457370.45833333|0.000000|0.000000|0.000000|0.002468|4.162544|4.165012|
2457370.50000000|0.000000|0.000000|0.000000|0.002402|4.140454|4.142856|
2457370.54166667|0.000000|0.000000|0.000000|0.002337|4.118516|4.120853|
2457370.58333333|0.000000|0.000000|0.000000|0.002274|4.096727|4.099002|
2457370.62500000|0.000000|0.000000|0.000000|0.002213|4.075087|4.077301|
2457370.66666667|0.000000|0.000000|0.000000|0.002154|4.053595|4.055749|
2457370.70833333|0.000000|0.000000|0.000000|0.002096|4.032248|4.034344|
2457370.75000000|0.000000|0.000000|0.000000|0.002039|4.011046|4.013086|
2457370.79166667|0.000000|0.000000|0.000000|0.001985|3.989987|3.991972|
2457370.83333333|0.000000|0.000000|0.000000|0.001931|3.969071|3.971002|
2457370.87500000|0.000000|0.000000|0.000000|0.001879|3.948295|3.950174|
2457370.91666667|0.000000|0.000000|0.000000|0.001828|3.927658|3.929486|
2457370.95833333|0.000000|0.000000|0.000000|0.001779|3.907159|3.908938|
2457371.00000000|0.000000|0.000000|0.000000|0.001731|3.886798|3.888529|
2457371.04166667|0.000000|0.000000|0.000000|0.001684|3.866572|3.868256|
2457371.08333333|0.000000|0.000000|0.000000|0.001639|3.846480|3.848119|
2457371.12500000|1.500000|0.029641|0.001778|0.001595|3.826759|3.830133|
2457371.16666667|0.000000|0.000000|0.015117|0.001552|3.806932|3.823600|
2457371.20833333|0.000000|0.000000|0.008299|0.002792|3.787235|3.798326|
2457371.25000000|0.000000|0.000000|0.003557|0.003956|3.767668|3.775181|
2457371.29166667|0.000000|0.000000|0.000889|0.005048|3.748230|3.754167|
2457371.33333333|0.100000|0.000134|0.000008|0.006071|3.728935|3.735014|
2457371.37500000|4.300000|0.234917|0.014163|0.007028|3.710402|3.731593|
2457371.41666667|0.000000|0.000000|0.119845|0.008009|3.691338|3.819193|
2457371.45833333|0.000000|0.000000|0.065793|0.012470|3.672399|3.750662|
2457371.50000000|0.000000|0.000000|0.028194|0.016656|3.653583|3.698433|
2457371.54166667|0.000000|0.000000|0.007048|0.020579|3.634889|3.662516|
2457371.58333333|0.000000|0.000000|0.000000|0.024252|3.616316|3.640569|
2457371.62500000|0.000000|0.000000|0.000000|0.027686|3.597863|3.625550|
2457371.66666667|0.000000|0.000000|0.000000|0.030893|3.579530|3.610422|
2457371.70833333|0.000000|0.000000|0.000000|0.033882|3.561314|3.595195|
2457371.75000000|0.000000|0.000000|0.000000|0.036664|3.543215|3.579878|
2457371.79166667|0.000000|0.000000|0.000000|0.039248|3.525232|3.564480|
2457371.83333333|0.000000|0.000000|0.000000|0.041644|3.507364|3.549008|
2457371.87500000|0.000000|0.000000|0.000000|0.043862|3.489610|3.533471|
2457371.91666667|0.000000|0.000000|0.000000|0.045908|3.471969|3.517877|
2457371.95833333|0.000000|0.000000|0.000000|0.047793|3.454440|3.502233|
2457372.00000000|0.000000|0.000000|0.000000|0.049523|3.437022|3.486545|
2457372.04166667|0.000000|0.000000|0.000000|0.051106|3.419714|3.470820|
2457372.08333333|0.000000|0.000000|0.000000|0.052550|3.402516|3.455066|
2457372.12500000|0.000000|0.000000|0.000000|0.053861|3.385426|3.439287|
2457372.16666667|0.000000|0.000000|0.000000|0.055046|3.368444|3.423490|
2457372.20833333|0.000000|0.000000|0.000000|0.056111|3.351568|3.407679|
2457372.25000000|0.000000|0.000000|0.000000|0.057064|3.334798|3.391861|
2457372.29166667|0.000000|0.000000|0.000000|0.057908|3.318132|3.376040|
2457372.33333333|0.000000|0.000000|0.000000|0.058650|3.301571|3.360221|
2457372.37500000|0.000000|0.000000|0.000000|0.059296|3.285112|3.344409|
2457372.41666667|0.000000|0.000000|0.000000|0.059850|3.268756|3.328607|
2457372.45833333|0.000000|0.000000|0.000000|0.060318|3.252502|3.312820|
2457372.50000000|0.000000|0.000000|0.000000|0.060704|3.236348|3.297051|
2457372.54166667|0.000000|0.000000|0.000000|0.061012|3.220293|3.281305|
2457372.58333333|0.000000|0.000000|0.000000|0.061247|3.204338|3.265585|
2457372.62500000|0.000000|0.000000|0.000000|0.061413|3.188481|3.249894|
2457372.66666667|0.000000|0.000000|0.000000|0.061514|3.172721|3.234235|
2457372.70833333|0.000000|0.000000|0.000000|0.061554|3.157058|3.218612|
2457372.75000000|0.000000|0.000000|0.000000|0.061536|3.141490|3.203026|
2457372.79166667|0.000000|0.000000|0.000000|0.061463|3.126018|3.187481|
2457372.83333333|0.000000|0.000000|0.000000|0.061340|3.110640|3.171980|
2457372.87500000|0.000000|0.000000|0.000000|0.061169|3.095356|3.156524|
2457372.91666667|0.000000|0.000000|0.000000|0.060952|3.080164|3.141116|
2457372.95833333|0.000000|0.000000|0.000000|0.060694|3.065064|3.125758|
2457373.00000000|0.000000|0.000000|0.000000|0.060396|3.050056|3.110452|
2457373.04166667|0.000000|0.000000|0.000000|0.060062|3.035138|3.095200|
2457373.08333333|0.000000|0.000000|0.000000|0.059693|3.020310|3.080003|
2457373.12500000|0.000000|0.000000|0.000000|0.059293|3.005572|3.064864|
2457373.16666667|0.000000|0.000000|0.000000|0.058862|2.990921|3.049784|
2457373.20833333|0.000000|0.000000|0.000000|0.058404|2.976359|3.034763|
2457373.25000000|0.000000|0.000000|0.000000|0.057921|2.961884|3.019805|
2457373.29166667|0.000000|0.000000|0.000000|0.057414|2.947495|3.004909|
2457373.33333333|0.000000|0.000000|0.000000|0.056885|2.933192|2.990077|
2457373.37500000|0.000000|0.000000|0.000000|0.056337|2.918974|2.975310|
2457373.41666667|0.000000|0.000000|0.000000|0.055770|2.904840|2.960610|
2457373.45833333|0.000000|0.000000|0.000000|0.055186|2.890790|2.945976|
2457373.50000000|0.000000|0.000000|0.000000|0.054587|2.876824|2.931411|
2457373.54166667|0.000000|0.000000|0.000000|0.053975|2.862940|2.916914|
2457373.58333333|0.000000|0.000000|0.000000|0.053350|2.849137|2.902487|
2457373.62500000|0.000000|0.000000|0.000000|0.052714|2.835416|2.888130|
2457373.66666667|0.500000|0.003337|0.000200|0.052068|2.821850|2.874119|
2457373.70833333|1.000000|0.013261|0.002498|0.051414|2.808437|2.862348|
2457373.75000000|3.000000|0.116266|0.014674|0.051185|2.795386|2.861244|
2457373.79166667|1.000000|0.013261|0.064205|0.051783|2.782127|2.898115|
2457373.83333333|2.200000|0.063178|0.044800|0.054815|2.769117|2.868732|
2457373.87500000|0.000000|0.000000|0.050284|0.058478|2.755864|2.864626|
2457373.91666667|0.000000|0.000000|0.022769|0.063736|2.742688|2.829193|
2457373.95833333|0.000000|0.000000|0.007979|0.068625|2.729589|2.806193|
2457374.00000000|3.000000|0.116266|0.008871|0.073164|2.716994|2.799029|
2457374.04166667|4.400000|0.245658|0.074035|0.077368|2.704660|2.856063|
2457374.08333333|4.400000|0.245658|0.172580|0.083769|2.692397|2.948745|
2457374.12500000|1.600000|0.033680|0.210043|0.093339|2.679820|2.983202|
2457374.16666667|2.300000|0.068962|0.123066|0.105881|2.667414|2.896362|
2457374.20833333|3.800000|0.184634|0.092528|0.118953|2.655284|2.866765|
2457374.25000000|0.000000|0.000000|0.124884|0.133091|2.642689|2.900664|
2457374.29166667|0.000000|0.000000|0.060983|0.149426|2.630166|2.840575|
2457374.33333333|0.000000|0.000000|0.024225|0.164661|2.617715|2.806601|
2457374.37500000|0.000000|0.000000|0.005539|0.178847|2.605335|2.789721|
2457374.41666667|0.000000|0.000000|0.000000|0.192034|2.593026|2.785060|
2457374.45833333|0.000000|0.000000|0.000000|0.204269|2.580786|2.785055|
2457374.50000000|0.000000|0.000000|0.000000|0.215597|2.568616|2.784214|
2457374.54166667|0.000000|0.000000|0.000000|0.226062|2.556516|2.782577|
2457374.58333333|0.000000|0.000000|0.000000|0.235704|2.544484|2.780188|
2457374.62500000|0.000000|0.000000|0.000000|0.244565|2.532520|2.777084|
2457374.66666667|0.000000|0.000000|0.000000|0.252681|2.520623|2.773305|
2457374.70833333|0.000000|0.000000|0.000000|0.260091|2.508794|2.768885|
2457374.75000000|0.000000|0.000000|0.000000|0.266828|2.497031|2.763860|
2457374.79166667|0.000000|0.000000|0.000000|0.272928|2.485335|2.758263|
2457374.83333333|0.000000|0.000000|0.000000|0.278421|2.473704|2.752125|
2457374.87500000|0.000000|0.000000|0.000000|0.283339|2.462138|2.745477|
2457374.91666667|0.000000|0.000000|0.000000|0.287711|2.450637|2.738348|
2457374.95833333|0.000000|0.000000|0.000000|0.291566|2.439200|2.730767|
2457375.00000000|0.000000|0.000000|0.000000|0.294931|2.427827|2.722758|
2457375.04166667|0.000000|0.000000|0.000000|0.297831|2.416518|2.714349|
2457375.08333333|0.000000|0.000000|0.000000|0.300292|2.405271|2.705563|
2457375.12500000|0.000000|0.000000|0.000000|0.302338|2.394087|2.696424|
2457375.16666667|0.000000|0.000000|0.000000|0.303990|2.382965|2.686955|
2457375.20833333|0.000000|0.000000|0.000000|0.305271|2.371904|2.677175|
2457375.25000000|0.000000|0.000000|0.000000|0.306202|2.360905|2.667106|
2457375.29166667|0.000000|0.000000|0.000000|0.306802|2.349966|2.656767|
2457375.33333333|0.000000|0.000000|0.000000|0.307090|2.339087|2.646177|
2457375.37500000|0.000000|0.000000|0.000000|0.307085|2.328269|2.635354|
2457375.41666667|0.000000|0.000000|0.000000|0.306804|2.317510|2.624314|
2457375.45833333|0.000000|0.000000|0.000000|0.306263|2.306810|2.613073|
2457375.50000000|0.000000|0.000000|0.000000|0.305479|2.296168|2.601647|
2457375.54166667|0.000000|0.000000|0.000000|0.304466|2.285585|2.590051|
2457375.58333333|0.000000|0.000000|0.000000|0.303239|2.275060|2.578299|
2457375.62500000|0.000000|0.000000|0.000000|0.301812|2.264592|2.566403|
2457375.66666667|0.000000|0.000000|0.000000|0.300197|2.254181|2.554378|
2457375.70833333|0.000000|0.000000|0.000000|0.298408|2.243826|2.542234|
2457375.75000000|0.000000|0.000000|0.000000|0.296455|2.233528|2.529984|
2457375.79166667|0.000000|0.000000|0.000000|0.294352|2.223286|2.517638|
2457375.83333333|0.000000|0.000000|0.000000|0.292107|2.213099|2.505207|
2457375.87500000|0.000000|0.000000|0.000000|0.289733|2.202968|2.492701|
2457375.91666667|0.000000|0.000000|0.000000|0.287238|2.192891|2.480129|
2457375.95833333|0.000000|0.000000|0.000000|0.284632|2.182868|2.467500|
2457376.00000000|0.000000|0.000000|0.000000|0.281924|2.172900|2.454824|
2457376.04166667|0.000000|0.000000|0.000000|0.279122|2.162985|2.442107|
2457376.08333333|0.000000|0.000000|0.000000|0.276234|2.153123|2.429358|
2457376.12500000|0.000000|0.000000|0.000000|0.273269|2.143315|2.416584|
2457376.16666667|0.000000|0.000000|0.000000|0.270233|2.133558|2.403791|
2457376.20833333|0.000000|0.000000|0.000000|0.267133|2.123854|2.390987|
2457376.25000000|0.000000|0.000000|0.000000|0.263976|2.114202|2.378178|
2457376.29166667|0.000000|0.000000|0.000000|0.260768|2.104602|2.365369|
2457376.33333333|0.000000|0.000000|0.000000|0.257515|2.095052|2.352567|
2457376.37500000|0.000000|0.000000|0.000000|0.254222|2.085554|2.339775|
2457376.41666667|0.000000|0.000000|0.000000|0.250895|2.076105|2.327000|
2457376.45833333|0.000000|0.000000|0.000000|0.247539|2.066707|2.314246|
2457376.50000000|0.000000|0.000000|0.000000|0.244158|2.057359|2.301517|
2457376.54166667|0.000000|0.000000|0.000000|0.240758|2.048060|2.288818|
2457376.58333333|0.000000|0.000000|0.000000|0.237342|2.038811|2.276152|
2457376.62500000|0.000000|0.000000|0.000000|0.233914|2.029610|2.263524|
2457376.66666667|0.000000|0.000000|0.000000|0.230478|2.020457|2.250935|
2457376.70833333|0.000000|0.000000|0.000000|0.227038|2.011353|2.238391|
2457376.75000000|0.000000|0.000000|0.000000|0.223597|2.002297|2.225894|
2457376.79166667|0.000000|0.000000|0.000000|0.220157|1.993288|2.213446|
2457376.83333333|0.000000|0.000000|0.000000|0.216723|1.984327|2.201051|
2457376.87500000|0.000000|0.000000|0.000000|0.213297|1.975413|2.188710|
2457376.91666667|0.000000|0.000000|0.000000|0.209882|1.966545|2.176427|
2457376.95833333|0.000000|0.000000|0.000000|0.206479|1.957723|2.164202|
2457377.00000000|0.000000|0.000000|0.000000|0.203092|1.948948|2.152040|
2457377.04166667|0.000000|0.000000|0.000000|0.199722|1.940218|2.139940|
2457377.08333333|0.000000|0.000000|0.000000|0.196371|1.931534|2.127905|
2457377.12500000|0.000000|0.000000|0.000000|0.193042|1.922894|2.115937|
2457377.16666667|0.000000|0.000000|0.000000|0.189736|1.914300|2.104036|
2457377.20833333|0.000000|0.000000|0.000000|0.186454|1.905750|2.092205|
2457377.25000000|0.000000|0.000000|0.000000|0.183199|1.897245|2.080444|
2457377.29166667|0.000000|0.000000|0.000000|0.179971|1.888783|2.068754|
2457377.33333333|0.000000|0.000000|0.000000|0.176772|1.880366|2.057138|
2457377.37500000|0.000000|0.000000|0.000000|0.173603|1.871991|2.045594|
2457377.41666667|0.000000|0.000000|0.000000|0.170465|1.863660|2.034125|
2457377.45833333|0.000000|0.000000|0.000000|0.167359|1.855372|2.022730|
2457377.50000000|0.000000|0.000000|0.000000|0.164285|1.847126|2.011412|
2457377.54166667|0.000000|0.000000|0.000000|0.161246|1.838923|2.000169|
2457377.58333333|0.000000|0.000000|0.000000|0.158241|1.830762|1.989003|
2457377.62500000|0.000000|0.000000|0.000000|0.155272|1.822642|1.977914|
2457377.66666667|0.000000|0.000000|0.000000|0.152338|1.814564|1.966902|
2457377.70833333|0.000000|0.000000|0.000000|0.149440|1.806528|1.955968|
2457377.75000000|0.000000|0.000000|0.000000|0.146579|1.798532|1.945111|
2457377.79166667|0.000000|0.000000|0.000000|0.143755|1.790577|1.934333|
2457377.83333333|0.000000|0.000000|0.000000|0.140969|1.782663|1.923632|
2457377.87500000|0.000000|0.000000|0.000000|0.138221|1.774789|1.913010|
2457377.91666667|0.000000|0.000000|0.000000|0.135510|1.766955|1.902465|
2457377.95833333|0.000000|0.000000|0.000000|0.132838|1.759160|1.891999|
2457378.00000000|0.000000|0.000000|0.000000|0.130205|1.751406|1.881610|
2457378.04166667|0.000000|0.000000|0.000000|0.127609|1.743690|1.871299|
2457378.08333333|0.000000|0.000000|0.000000|0.125052|1.736014|1.861066|
2457378.12500000|0.000000|0.000000|0.000000|0.122534|1.728376|1.850910|
2457378.16666667|0.000000|0.000000|0.000000|0.120055|1.720777|1.840831|
2457378.20833333|0.000000|0.000000|0.000000|0.117613|1.713216|1.830829|
2457378.25000000|0.000000|0.000000|0.000000|0.115211|1.705693|1.820904|
2457378.29166667|0.000000|0.000000|0.000000|0.112846|1.698208|1.811054|
2457378.33333333|0.000000|0.000000|0.000000|0.110520|1.690761|1.801281|
2457378.37500000|0.000000|0.000000|0.000000|0.108232|1.683351|1.791582|
2457378.41666667|0.000000|0.000000|0.000000|0.105981|1.675978|1.781959|
2457378.45833333|0.000000|0.000000|0.000000|0.103768|1.668642|1.772410|
2457378.50000000|0.000000|0.000000|0.000000|0.101593|1.661343|1.762936|
2457378.54166667|0.000000|0.000000|0.000000|0.099455|1.654080|1.753534|
2457378.58333333|0.000000|0.000000|0.000000|0.097353|1.646853|1.744206|
2457378.62500000|0.000000|0.000000|0.000000|0.095288|1.639663|1.734951|
2457378.66666667|0.000000|0.000000|0.000000|0.093260|1.632508|1.725768|
2457378.70833333|0.000000|0.000000|0.000000|0.091267|1.625389|1.716656|
2457378.75000000|1.300000|0.022322|0.001339|0.089310|1.618478|1.709128|
2457378.79166667|6.200000|0.476871|0.039997|0.087388|1.612205|1.739590|
2457378.83333333|6.500000|0.522193|0.280786|0.086616|1.605997|1.973399|
2457378.87500000|7.300000|0.652195|0.441653|0.090801|1.599910|2.132364|
2457378.91666667|37.700001|12.677781|1.297394|0.099870|1.596340|2.993605|
2457378.95833333|9.700000|1.118671|6.792372|0.114110|1.590562|8.497044|
2457379.00000000|2.500000|0.081265|4.219106|0.149224|1.583978|5.952307|
2457379.04166667|1.300000|0.022322|1.896912|0.189611|1.577272|3.663795|
2457379.08333333|0.800000|0.008510|0.549223|0.229550|1.570533|2.349306|
2457379.12500000|0.000000|0.000000|0.053902|0.268036|1.563721|1.885659|
2457379.16666667|0.000000|0.000000|0.007499|0.304696|1.556942|1.869137|
2457379.20833333|0.000000|0.000000|0.001691|0.338916|1.550196|1.890803|
2457379.25000000|0.000000|0.000000|0.000255|0.370808|1.543484|1.914547|
2457379.29166667|0.000000|0.000000|0.000000|0.400482|1.536804|1.937286|
2457379.33333333|0.000000|0.000000|0.000000|0.428041|1.530157|1.958198|
2457379.37500000|0.000000|0.000000|0.000000|0.453586|1.523543|1.977130|
2457379.41666667|0.000000|0.000000|0.000000|0.477214|1.516961|1.994175|
2457379.45833333|0.000000|0.000000|0.000000|0.499015|1.510412|2.009427|
2457379.50000000|0.000000|0.000000|0.000000|0.519079|1.503894|2.022973|
2457379.54166667|0.000000|0.000000|0.000000|0.537490|1.497408|2.034898|
2457379.58333333|0.000000|0.000000|0.000000|0.554330|1.490954|2.045283|
2457379.62500000|0.000000|0.000000|0.000000|0.569675|1.484531|2.054206|
2457379.66666667|0.000000|0.000000|0.000000|0.583600|1.478139|2.061739|
2457379.70833333|0.000000|0.000000|0.000000|0.596177|1.471779|2.067956|
2457379.75000000|0.000000|0.000000|0.000000|0.607475|1.465449|2.072924|
2457379.79166667|0.000000|0.000000|0.000000|0.617558|1.459150|2.076708|
2457379.83333333|0.000000|0.000000|0.000000|0.626489|1.452881|2.079370|
2457379.87500000|0.000000|0.000000|0.000000|0.634329|1.446643|2.080972|
2457379.91666667|0.000000|0.000000|0.000000|0.641134|1.440435|2.081569|
2457379.95833333|0.000000|0.000000|0.000000|0.646960|1.434257|2.081217|
2457380.00000000|0.000000|0.000000|0.000000|0.651860|1.428109|2.079969|
2457380.04166667|3.900000|0.194231|0.011654|0.655883|1.422485|2.090022|
2457380.08333333|1.200000|0.019045|0.100201|0.659078|1.416551|2.175830|
2457380.12500000|11.600000|1.564492|0.157967|0.664723|1.411825|2.234515|
2457380.16666667|1.800000|0.042515|0.829082|0.670466|1.406019|2.905567|
2457380.20833333|0.900000|0.010756|0.468498|0.684016|1.400125|2.552639|
2457380.25000000|0.000000|0.000000|0.205700|0.697682|1.394141|2.297523|
2457380.29166667|10.000000|1.184711|0.126131|0.710689|1.389358|2.226177|
2457380.33333333|1.800000|0.042515|0.609320|0.722287|1.383659|2.715266|
2457380.37500000|0.600000|0.004799|0.354012|0.740236|1.377833|2.472081|
2457380.41666667|2.200000|0.063178|0.160308|0.757990|1.372240|2.290538|
2457380.45833333|0.700000|0.006524|0.074599|0.774532|1.366481|2.215613|
2457380.50000000|3.800000|0.184634|0.033946|0.791263|1.361138|2.186347|
2457380.54166667|1.400000|0.025855|0.105267|0.806898|1.355522|2.267687|
2457380.58333333|2.200000|0.063178|0.071352|0.824034|1.350035|2.245421|
2457380.62500000|1.600000|0.033680|0.063833|0.840615|1.344498|2.248945|
2457380.66666667|1.600000|0.033680|0.045529|0.857322|1.338987|2.241838|
2457380.70833333|0.000000|0.000000|0.034964|0.873636|1.333295|2.241895|
2457380.75000000|0.000000|0.000000|0.015367|0.889566|1.327630|2.232563|
2457380.79166667|0.000000|0.000000|0.005052|0.903753|1.321991|2.230797|
2457380.83333333|0.000000|0.000000|0.001010|0.916289|1.316380|2.233679|
2457380.87500000|0.000000|0.000000|0.000000|0.927259|1.310795|2.238054|
2457380.91666667|0.000000|0.000000|0.000000|0.936746|1.305237|2.241983|
2457380.95833333|0.000000|0.000000|0.000000|0.944830|1.299704|2.244534|
2457381.00000000|0.000000|0.000000|0.000000|0.951585|1.294198|2.245783|
2457381.04166667|0.000000|0.000000|0.000000|0.957085|1.288718|2.245803|
2457381.08333333|0.000000|0.000000|0.000000|0.961398|1.283264|2.244662|
2457381.12500000|0.000000|0.000000|0.000000|0.964591|1.277836|2.242427|
2457381.16666667|0.000000|0.000000|0.000000|0.966727|1.272433|2.239160|
2457381.20833333|0.000000|0.000000|0.000000|0.967867|1.267055|2.234923|
2457381.25000000|0.000000|0.000000|0.000000|0.968069|1.261703|2.229772|
2457381.29166667|0.000000|0.000000|0.000000|0.967387|1.256376|2.223763|
2457381.33333333|0.000000|0.000000|0.000000|0.965875|1.251074|2.216949|
2457381.37500000|0.000000|0.000000|0.000000|0.963583|1.245797|2.209380|
2457381.41666667|0.000000|0.000000|0.000000|0.960559|1.240544|2.201104|
2457381.45833333|0.600000|0.004799|0.000288|0.956850|1.235394|2.192532|
2457381.50000000|1.500000|0.029641|0.004226|0.952498|1.230383|2.187108|
2457381.54166667|0.100000|0.000134|0.016469|0.948066|1.225216|2.189751|
2457381.58333333|0.000000|0.000000|0.008944|0.944324|1.220060|2.173328|
2457381.62500000|0.000000|0.000000|0.003738|0.940041|1.214927|2.158707|
2457381.66666667|0.400000|0.002139|0.001034|0.935164|1.209871|2.146069|
2457381.70833333|0.000000|0.000000|0.001095|0.929735|1.204786|2.135616|
2457381.75000000|0.200000|0.000536|0.000631|0.924136|1.199751|2.124518|
2457381.79166667|0.000000|0.000000|0.000530|0.918036|1.194714|2.113280|
2457381.83333333|0.200000|0.000536|0.000246|0.911645|1.189725|2.101617|
2457381.87500000|0.000000|0.000000|0.000338|0.904811|1.184734|2.089883|
2457381.91666667|0.000000|0.000000|0.000166|0.897740|1.179766|2.077673|
2457381.95833333|0.000000|0.000000|0.000064|0.890280|1.174821|2.065165|
2457382.00000000|0.000000|0.000000|0.000016|0.882459|1.169899|2.052374|
2457382.04166667|0.000000|0.000000|0.000000|0.874306|1.165000|2.039306|
2457382.08333333|0.000000|0.000000|0.000000|0.865848|1.160123|2.025971|
2457382.12500000|0.000000|0.000000|0.000000|0.857110|1.155269|2.012379|
2457382.16666667|0.000000|0.000000|0.000000|0.848118|1.150437|1.998555|
2457382.20833333|0.000000|0.000000|0.000000|0.838893|1.145628|1.984522|
2457382.25000000|0.000000|0.000000|0.000000|0.829459|1.140841|1.970300|
2457382.29166667|0.000000|0.000000|0.000000|0.819836|1.136076|1.955912|
2457382.33333333|0.000000|0.000000|0.000000|0.810044|1.131332|1.941376|
2457382.37500000|0.000000|0.000000|0.000000|0.800101|1.126611|1.926712|
2457382.41666667|0.000000|0.000000|0.000000|0.790026|1.121911|1.911938|
2457382.45833333|0.000000|0.000000|0.000000|0.779836|1.117233|1.897069|
2457382.50000000|0.000000|0.000000|0.000000|0.769546|1.112576|1.882122|
2457382.54166667|0.000000|0.000000|0.000000|0.759171|1.107941|1.867112|
2457382.58333333|1.500000|0.029641|0.001778|0.748726|1.103517|1.854022|
2457382.62500000|0.000000|0.000000|0.015117|0.738225|1.098923|1.852265|
2457382.66666667|0.000000|0.000000|0.008299|0.728962|1.094351|1.831612|
2457382.70833333|0.000000|0.000000|0.003557|0.719590|1.089799|1.812946|
2457382.75000000|0.000000|0.000000|0.000889|0.710125|1.085267|1.796281|
2457382.79166667|0.000000|0.000000|0.000000|0.700580|1.080757|1.781337|
2457382.83333333|0.000000|0.000000|0.000000|0.690968|1.076267|1.767235|
2457382.87500000|0.000000|0.000000|0.000000|0.681303|1.071797|1.753100|
2457382.91666667|0.000000|0.000000|0.000000|0.671596|1.067348|1.738944|
2457382.95833333|0.000000|0.000000|0.000000|0.661858|1.062919|1.724777|
2457383.00000000|0.000000|0.000000|0.000000|0.652099|1.058511|1.710610|
2457383.04166667|0.000000|0.000000|0.000000|0.642331|1.054122|1.696453|
2457383.08333333|0.000000|0.000000|0.000000|0.632562|1.049753|1.682315|
2457383.12500000|0.000000|0.000000|0.000000|0.622801|1.045404|1.668205|
2457383.16666667|0.000000|0.000000|0.000000|0.613056|1.041075|1.654131|
2457383.20833333|0.000000|0.000000|0.000000|0.603336|1.036765|1.640101|
2457383.25000000|0.000000|0.000000|0.000000|0.593646|1.032475|1.626122|
2457383.29166667|0.000000|0.000000|0.000000|0.583996|1.028205|1.612200|
2457383.33333333|0.000000|0.000000|0.000000|0.574390|1.023953|1.598343|
2457383.37500000|0.000000|0.000000|0.000000|0.564834|1.019721|1.584555|
2457383.41666667|0.000000|0.000000|0.000000|0.555336|1.015508|1.570843|
2457383.45833333|0.000000|0.000000|0.000000|0.545898|1.011314|1.557212|
2457383.50000000|0.000000|0.000000|0.000000|0.536528|1.007139|1.543666|
2457383.54166667|0.000000|0.000000|0.000000|0.527228|1.002982|1.530210|
2457383.58333333|0.000000|0.000000|0.000000|0.518003|0.998845|1.516847|
2457383.62500000|0.000000|0.000000|0.000000|0.508857|0.994726|1.503583|
2457383.66666667|0.000000|0.000000|0.000000|0.499794|0.990625|1.490419|
2457383.70833333|0.000000|0.000000|0.000000|0.490816|0.986543|1.477359|
2457383.75000000|0.000000|0.000000|0.000000|0.481928|0.982479|1.464407|
2457383.79166667|0.000000|0.000000|0.000000|0.473131|0.978434|1.451564|
2457383.83333333|0.000000|0.000000|0.000000|0.464428|0.974406|1.438834|
2457383.87500000|0.000000|0.000000|0.000000|0.455821|0.970397|1.426218|
2457383.91666667|0.000000|0.000000|0.000000|0.447313|0.966406|1.413719|
2457383.95833333|0.000000|0.000000|0.000000|0.438905|0.962432|1.401337|
2457384.00000000|0.000000|0.000000|0.000000|0.430599|0.958476|1.389075|
2457384.04166667|0.000000|0.000000|0.000000|0.422396|0.954538|1.376935|
2457384.08333333|1.500000|0.029641|0.001778|0.414298|0.950806|1.366883|
2457384.12500000|4.300000|0.234917|0.029212|0.406306|0.947422|1.382940|
2457384.16666667|0.000000|0.000000|0.128107|0.399703|0.943533|1.471342|
2457384.20833333|0.000000|0.000000|0.069334|0.396674|0.939661|1.405669|
2457384.25000000|0.000000|0.000000|0.029079|0.393468|0.935807|1.358354|
2457384.29166667|0.000000|0.000000|0.007048|0.390097|0.931970|1.329115|
2457384.33333333|0.000000|0.000000|0.000000|0.386574|0.928150|1.314724|
2457384.37500000|0.000000|0.000000|0.000000|0.382911|0.924347|1.307259|
2457384.41666667|0.000000|0.000000|0.000000|0.379121|0.920561|1.299682|
2457384.45833333|0.000000|0.000000|0.000000|0.375213|0.916792|1.292005|
2457384.50000000|0.000000|0.000000|0.000000|0.371198|0.913040|1.284238|
2457384.54166667|0.000000|0.000000|0.000000|0.367087|0.909304|1.276390|
2457384.58333333|0.000000|0.000000|0.000000|0.362888|0.905584|1.268472|
2457384.62500000|0.000000|0.000000|0.000000|0.358610|0.901882|1.260492|
2457384.66666667|0.000000|0.000000|0.000000|0.354263|0.898195|1.252458|
2457384.70833333|0.000000|0.000000|0.000000|0.349854|0.894525|1.244379|
2457384.75000000|0.000000|0.000000|0.000000|0.345390|0.890871|1.236261|
2457384.79166667|0.000000|0.000000|0.000000|0.340880|0.887233|1.228113|
2457384.83333333|0.000000|0.000000|0.000000|0.336329|0.883612|1.219941|
2457384.87500000|0.000000|0.000000|0.000000|0.331745|0.880006|1.211750|
2457384.91666667|0.000000|0.000000|0.000000|0.327133|0.876416|1.203549|
2457384.95833333|0.000000|0.000000|0.000000|0.322499|0.872842|1.195341|
2457385.00000000|0.000000|0.000000|0.000000|0.317848|0.869284|1.187132|
2457385.04166667|0.000000|0.000000|0.000000|0.313187|0.865741|1.178928|
2457385.08333333|0.000000|0.000000|0.000000|0.308519|0.862214|1.170733|
2457385.12500000|0.000000|0.000000|0.000000|0.303849|0.858703|1.162552|
2457385.16666667|0.000000|0.000000|0.000000|0.299182|0.855206|1.154388|
2457385.20833333|0.000000|0.000000|0.000000|0.294521|0.851726|1.146247|
2457385.25000000|0.000000|0.000000|0.000000|0.289871|0.848260|1.138131|
2457385.29166667|0.000000|0.000000|0.000000|0.285235|0.844810|1.130045|
2457385.33333333|0.000000|0.000000|0.000000|0.280616|0.841375|1.121990|
2457385.37500000|0.000000|0.000000|0.000000|0.276017|0.837955|1.113972|
2457385.41666667|0.000000|0.000000|0.000000|0.271442|0.834550|1.105991|
2457385.45833333|0.000000|0.000000|0.000000|0.266893|0.831159|1.098052|
2457385.50000000|0.000000|0.000000|0.000000|0.262372|0.827784|1.090156|
2457385.54166667|0.000000|0.000000|0.000000|0.257883|0.824423|1.082306|
2457385.58333333|0.000000|0.000000|0.000000|0.253426|0.821078|1.074504|
2457385.62500000|0.000000|0.000000|0.000000|0.249005|0.817746|1.066752|
2457385.66666667|0.400000|0.002139|0.000128|0.244622|0.814480|1.059230|
2457385.70833333|0.100000|0.000134|0.001099|0.240277|0.811190|1.052565|
2457385.75000000|2.200000|0.063178|0.004458|0.236319|0.808171|1.048949|
2457385.79166667|2.300000|0.068962|0.036653|0.232470|0.805178|1.074301|
2457385.83333333|5.100000|0.327134|0.072569|0.230503|0.802518|1.105589|
2457385.87500000|5.900000|0.433452|0.219740|0.230389|0.799957|1.250086|
2457385.91666667|1.500000|0.029641|0.324607|0.234237|0.796903|1.355747|
2457385.95833333|1.100000|0.016025|0.178770|0.242413|0.793813|1.214996|
2457386.00000000|0.000000|0.000000|0.078300|0.251170|0.790601|1.120071|
2457386.04166667|0.000000|0.000000|0.021047|0.260129|0.787402|1.068578|
2457386.08333333|0.000000|0.000000|0.002812|0.268324|0.784217|1.055353|
2457386.12500000|0.000000|0.000000|0.000481|0.275793|0.781046|1.057320|
2457386.16666667|0.000000|0.000000|0.000000|0.282573|0.777889|1.060462|
2457386.20833333|0.000000|0.000000|0.000000|0.288697|0.774745|1.063443|
2457386.25000000|0.000000|0.000000|0.000000|0.294200|0.771615|1.065816|
2457386.29166667|0.000000|0.000000|0.000000|0.299113|0.768499|1.067612|
2457386.33333333|0.000000|0.000000|0.000000|0.303466|0.765396|1.068862|
2457386.37500000|0.000000|0.000000|0.000000|0.307289|0.762307|1.069596|
2457386.41666667|0.000000|0.000000|0.000000|0.310609|0.759231|1.069840|
2457386.45833333|0.000000|0.000000|0.000000|0.313454|0.756168|1.069622|
2457386.50000000|0.000000|0.000000|0.000000|0.315848|0.753118|1.068966|
2457386.54166667|0.000000|0.000000|0.000000|0.317817|0.750082|1.067898|
2457386.58333333|0.000000|0.000000|0.000000|0.319383|0.747058|1.066441|
2457386.62500000|0.000000|0.000000|0.000000|0.320569|0.744048|1.064617|
2457386.66666667|0.000000|0.000000|0.000000|0.321397|0.741051|1.062447|
2457386.70833333|0.000000|0.000000|0.000000|0.321886|0.738066|1.059952|
2457386.75000000|0.000000|0.000000|0.000000|0.322057|0.735095|1.057151|
2457386.79166667|0.000000|0.000000|0.000000|0.321928|0.732136|1.054064|
2457386.83333333|0.000000|0.000000|0.000000|0.321517|0.729190|1.050706|
2457386.87500000|0.000000|0.000000|0.000000|0.320840|0.726256|1.047096|
2457386.91666667|0.700000|0.006524|0.000391|0.319915|0.723422|1.043729|
2457386.95833333|1.400000|0.025855|0.004878|0.318757|0.720685|1.044321|
2457387.00000000|0.000000|0.000000|0.015012|0.317985|0.717788|1.050786|
2457387.04166667|0.000000|0.000000|0.008022|0.318170|0.714904|1.041096|
2457387.08333333|0.000000|0.000000|0.003298|0.318059|0.712032|1.033389|
2457387.12500000|0.100000|0.000134|0.000784|0.317667|0.709184|1.027635|
2457387.16666667|8.400001|0.852084|0.051193|0.317013|0.707280|1.075487|
2457387.20833333|34.799999|11.089222|1.099954|0.316199|0.707405|2.123558|
2457387.25000000|7.300000|0.652195|5.933234|0.321731|0.705396|6.960361|
2457387.29166667|4.700000|0.279236|3.556610|0.347321|0.703117|4.607048|
2457387.33333333|3.700000|0.175268|1.691810|0.376883|0.700736|2.769429|
2457387.37500000|4.200000|0.224403|0.591977|0.408213|0.698421|1.698611|
2457387.41666667|8.300000|0.832923|0.266570|0.440398|0.696552|1.403520|
2457387.45833333|3.300000|0.140139|0.525441|0.473751|0.694153|1.693345|
2457387.50000000|0.000000|0.000000|0.336875|0.511217|0.691370|1.539462|
2457387.54166667|0.000000|0.000000|0.145922|0.548764|0.688598|1.383284|
2457387.58333333|0.000000|0.000000|0.041804|0.583599|0.685839|1.311242|
2457387.62500000|0.000000|0.000000|0.004204|0.615849|0.683091|1.303144|
2457387.66666667|0.000000|0.000000|0.000000|0.645640|0.680354|1.325994|
2457387.70833333|0.000000|0.000000|0.000000|0.673088|0.677630|1.350718|
2457387.75000000|0.000000|0.000000|0.000000|0.698309|0.674917|1.373226|
2457387.79166667|0.000000|0.000000|0.000000|0.721410|0.672216|1.393626|
2457387.83333333|0.000000|0.000000|0.000000|0.742497|0.669526|1.412023|
2457387.87500000|0.000000|0.000000|0.000000|0.761670|0.666847|1.428517|
2457387.91666667|0.000000|0.000000|0.000000|0.779024|0.664180|1.443204|
2457387.95833333|0.000000|0.000000|0.000000|0.794651|0.661524|1.456175|
2457388.00000000|0.000000|0.000000|0.000000|0.808639|0.658880|1.467519|
2457388.04166667|0.000000|0.000000|0.000000|0.821073|0.656246|1.477320|
2457388.08333333|0.000000|0.000000|0.000000|0.832033|0.653624|1.485658|
2457388.12500000|0.000000|0.000000|0.000000|0.841597|0.651013|1.492610|
2457388.16666667|0.000000|0.000000|0.000000|0.849838|0.648413|1.498251|
2457388.20833333|0.000000|0.000000|0.000000|0.856827|0.645825|1.502652|
2457388.25000000|0.000000|0.000000|0.000000|0.862632|0.643247|1.505878|
2457388.29166667|0.000000|0.000000|0.000000|0.867317|0.640680|1.507997|
2457388.33333333|0.000000|0.000000|0.000000|0.870945|0.638123|1.509068|
2457388.37500000|0.000000|0.000000|0.000000|0.873575|0.635578|1.509153|
2457388.41666667|0.000000|0.000000|0.000000|0.875263|0.633044|1.508306|
2457388.45833333|0.000000|0.000000|0.000000|0.876063|0.630520|1.506583|
2457388.50000000|0.000000|0.000000|0.000000|0.876028|0.628006|1.504034|
2457388.54166667|0.000000|0.000000|0.000000|0.875206|0.625504|1.500710|
2457388.58333333|0.000000|0.000000|0.000000|0.873646|0.623012|1.496657|
2457388.62500000|0.000000|0.000000|0.000000|0.871391|0.620530|1.491921|
2457388.66666667|0.000000|0.000000|0.000000|0.868485|0.618059|1.486544|
2457388.70833333|0.000000|0.000000|0.000000|0.864969|0.615598|1.480568|
2457388.75000000|0.000000|0.000000|0.000000|0.860883|0.613148|1.474031|
2457388.79166667|0.000000|0.000000|0.000000|0.856263|0.610708|1.466971|
2457388.83333333|0.000000|0.000000|0.000000|0.851146|0.608278|1.459424|
2457388.87500000|0.000000|0.000000|0.000000|0.845565|0.605859|1.451424|
2457388.91666667|0.000000|0.000000|0.000000|0.839553|0.603449|1.443003|
2457388.95833333|0.000000|0.000000|0.000000|0.833141|0.601050|1.434191|
2457389.00000000|0.000000|0.000000|0.000000|0.826358|0.598661|1.425019|
2457389.04166667|0.000000|0.000000|0.000000|0.819232|0.596282|1.415514|
2457389.08333333|0.000000|0.000000|0.000000|0.811789|0.593913|1.405702|
2457389.12500000|0.000000|0.000000|0.000000|0.804056|0.591554|1.395610|
2457389.16666667|0.000000|0.000000|0.000000|0.796057|0.589204|1.385261|
2457389.20833333|0.000000|0.000000|0.000000|0.787814|0.586865|1.374678|
2457389.25000000|0.000000|0.000000|0.000000|0.779348|0.584535|1.363884|
2457389.29166667|0.000000|0.000000|0.000000|0.770682|0.582215|1.352898|
2457389.33333333|0.000000|0.000000|0.000000|0.761834|0.579905|1.341740|
2457389.37500000|0.000000|0.000000|0.000000|0.752824|0.577605|1.330429|
2457389.41666667|0.000000|0.000000|0.000000|0.743669|0.575314|1.318982|
2457389.45833333|0.000000|0.000000|0.000000|0.734385|0.573033|1.307417|
2457389.50000000|0.000000|0.000000|0.000000|0.724989|0.570761|1.295750|
2457389.54166667|0.000000|0.000000|0.000000|0.715496|0.568498|1.283994|
2457389.58333333|0.000000|0.000000|0.000000|0.705920|0.566246|1.272165|
2457389.62500000|0.000000|0.000000|0.000000|0.696274|0.564002|1.260276|
2457389.66666667|0.000000|0.000000|0.000000|0.686572|0.561768|1.248340|
2457389.70833333|0.000000|0.000000|0.000000|0.676826|0.559543|1.236369|
2457389.75000000|0.000000|0.000000|0.000000|0.667046|0.557328|1.224374|
2457389.79166667|0.000000|0.000000|0.000000|0.657244|0.555122|1.212366|
2457389.83333333|0.000000|0.000000|0.000000|0.647430|0.552925|1.200354|
2457389.87500000|0.000000|0.000000|0.000000|0.637613|0.550737|1.188350|
2457389.91666667|0.000000|0.000000|0.000000|0.627802|0.548558|1.176360|
2457389.95833333|0.000000|0.000000|0.000000|0.618006|0.546388|1.164395|
2457390.00000000|0.000000|0.000000|0.000000|0.608233|0.544228|1.152461|
2457390.04166667|0.000000|0.000000|0.000000|0.598490|0.542076|1.140566|
2457390.08333333|0.000000|0.000000|0.000000|0.588785|0.539933|1.128718|
2457390.12500000|0.000000|0.000000|0.000000|0.579123|0.537799|1.116922|
2457390.16666667|0.000000|0.000000|0.000000|0.569510|0.535674|1.105185|
2457390.20833333|0.000000|0.000000|0.000000|0.559954|0.533558|1.093512|
2457390.25000000|0.000000|0.000000|0.000000|0.550458|0.531451|1.081909|
2457390.29166667|0.000000|0.000000|0.000000|0.541028|0.529352|1.070380|
2457390.33333333|0.000000|0.000000|0.000000|0.531668|0.527262|1.058930|
2457390.37500000|0.000000|0.000000|0.000000|0.522383|0.525181|1.047564|
2457390.41666667|0.000000|0.000000|0.000000|0.513177|0.523108|1.036285|
2457390.45833333|0.000000|0.000000|0.000000|0.504052|0.521044|1.025097|
2457390.50000000|0.000000|0.000000|0.000000|0.495014|0.518989|1.014002|
2457390.54166667|0.000000|0.000000|0.000000|0.486064|0.516942|1.003006|
2457390.58333333|0.000000|0.000000|0.000000|0.477205|0.514903|0.992109|
2457390.62500000|0.000000|0.000000|0.000000|0.468441|0.512873|0.981314|
2457390.66666667|0.000000|0.000000|0.000000|0.459773|0.510851|0.970624|
2457390.70833333|0.000000|0.000000|0.000000|0.451204|0.508838|0.960041|
2457390.75000000|0.000000|0.000000|0.000000|0.442734|0.506833|0.949567|
2457390.79166667|0.000000|0.000000|0.000000|0.434367|0.504836|0.939203|
2457390.83333333|0.000000|0.000000|0.000000|0.426104|0.502848|0.928951|
2457390.87500000|0.000000|0.000000|0.000000|0.417945|0.500867|0.918812|
2457390.91666667|0.000000|0.000000|0.000000|0.409893|0.498895|0.908788|
2457390.95833333|0.000000|0.000000|0.000000|0.401947|0.496931|0.898878|
2457391.00000000|0.000000|0.000000|0.000000|0.394109|0.494975|0.889084|
2457391.04166667|0.000000|0.000000|0.000000|0.386380|0.493027|0.879407|
2457391.08333333|0.000000|0.000000|0.000000|0.378760|0.491088|0.869847|
2457391.12500000|0.000000|0.000000|0.000000|0.371249|0.489156|0.860405|
2457391.16666667|0.000000|0.000000|0.000000|0.363848|0.487232|0.851080|
2457391.20833333|0.000000|0.000000|0.000000|0.356557|0.485316|0.841873|
2457391.25000000|0.000000|0.000000|0.000000|0.349376|0.483408|0.832784|
2457391.29166667|0.000000|0.000000|0.000000|0.342305|0.481507|0.823812|
2457391.33333333|0.000000|0.000000|0.000000|0.335344|0.479615|0.814959|
2457391.37500000|0.000000|0.000000|0.000000|0.328492|0.477730|0.806222|
2457391.41666667|0.000000|0.000000|0.000000|0.321750|0.475854|0.797603|
2457391.45833333|0.000000|0.000000|0.000000|0.315116|0.473984|0.789100|
2457391.50000000|0.000000|0.000000|0.000000|0.308591|0.472123|0.780714|
2457391.54166667|0.000000|0.000000|0.000000|0.302174|0.470269|0.772443|
2457391.58333333|0.000000|0.000000|0.000000|0.295864|0.468423|0.764287|
2457391.62500000|0.000000|0.000000|0.000000|0.289661|0.466584|0.756245|
2457391.66666667|0.000000|0.000000|0.000000|0.283564|0.464753|0.748316|
2457391.70833333|0.000000|0.000000|0.000000|0.277571|0.462929|0.740501|
2457391.75000000|0.000000|0.000000|0.000000|0.271684|0.461113|0.732797|
2457391.79166667|0.000000|0.000000|0.000000|0.265899|0.459304|0.725203|
2457391.83333333|0.000000|0.000000|0.000000|0.260217|0.457503|0.717720|
2457391.87500000|0.000000|0.000000|0.000000|0.254637|0.455709|0.710346|
2457391.91666667|0.000000|0.000000|0.000000|0.249158|0.453922|0.703080|
2457391.95833333|0.000000|0.000000|0.000000|0.243778|0.452143|0.695921|
2457392.00000000|0.000000|0.000000|0.000000|0.238496|0.450371|0.688867|
2457392.04166667|0.000000|0.000000|0.000000|0.233312|0.448606|0.681918|
2457392.08333333|0.000000|0.000000|0.000000|0.228225|0.446848|0.675073|
2457392.12500000|0.000000|0.000000|0.000000|0.223232|0.445098|0.668330|
2457392.16666667|0.000000|0.000000|0.000000|0.218334|0.443355|0.661689|
2457392.20833333|0.000000|0.000000|0.000000|0.213529|0.441619|0.655148|
2457392.25000000|0.000000|0.000000|0.000000|0.208816|0.439890|0.648705|
2457392.29166667|0.000000|0.000000|0.000000|0.204193|0.438168|0.642360|
2457392.33333333|0.000000|0.000000|0.000000|0.199660|0.436453|0.636112|
2457392.37500000|0.000000|0.000000|0.000000|0.195215|0.434745|0.629959|
2457392.41666667|0.000000|0.000000|0.000000|0.190856|0.433044|0.623900|
2457392.45833333|0.000000|0.000000|0.000000|0.186584|0.431349|0.617934|
2457392.50000000|0.000000|0.000000|0.000000|0.182396|0.429662|0.612059|
2457392.54166667|0.000000|0.000000|0.000000|0.178292|0.427982|0.606274|
2457392.58333333|0.000000|0.000000|0.000000|0.174270|0.426308|0.600578|
2457392.62500000|0.000000|0.000000|0.000000|0.170328|0.424642|0.594970|
2457392.66666667|0.000000|0.000000|0.000000|0.166467|0.422982|0.589449|
2457392.70833333|0.000000|0.000000|0.000000|0.162683|0.421329|0.584012|
2457392.75000000|0.000000|0.000000|0.000000|0.158977|0.419682|0.578659|
2457392.79166667|0.000000|0.000000|0.000000|0.155347|0.418043|0.573389|
2457392.83333333|0.000000|0.000000|0.000000|0.151791|0.416410|0.568201|
2457392.87500000|0.000000|0.000000|0.000000|0.148309|0.414783|0.563093|
2457392.91666667|0.000000|0.000000|0.000000|0.144900|0.413163|0.558063|
2457392.95833333|0.000000|0.000000|0.000000|0.141561|0.411550|0.553111|
2457393.00000000|0.000000|0.000000|0.000000|0.138293|0.409943|0.548236|
2457393.04166667|0.000000|0.000000|0.000000|0.135093|0.408343|0.543436|
2457393.08333333|0.000000|0.000000|0.000000|0.131960|0.406749|0.538710|
2457393.12500000|0.000000|0.000000|0.000000|0.128894|0.405162|0.534056|
2457393.16666667|0.000000|0.000000|0.000000|0.125893|0.403581|0.529475|
2457393.20833333|0.000000|0.000000|0.000000|0.122957|0.402007|0.524964|
2457393.25000000|0.000000|0.000000|0.000000|0.120083|0.400439|0.520522|
2457393.29166667|0.000000|0.000000|0.000000|0.117271|0.398877|0.516148|
2457393.33333333|0.000000|0.000000|0.000000|0.114519|0.397322|0.511841|
2457393.37500000|0.000000|0.000000|0.000000|0.111827|0.395773|0.507600|
2457393.41666667|0.000000|0.000000|0.000000|0.109194|0.394230|0.503424|
2457393.45833333|0.000000|0.000000|0.000000|0.106618|0.392694|0.499311|
2457393.50000000|0.000000|0.000000|0.000000|0.104098|0.391163|0.495261|
2457393.54166667|0.000000|0.000000|0.000000|0.101633|0.389639|0.491272|
2457393.58333333|0.000000|0.000000|0.000000|0.099223|0.388121|0.487344|
2457393.62500000|0.000000|0.000000|0.000000|0.096866|0.386609|0.483475|
2457393.66666667|0.000000|0.000000|0.000000|0.094560|0.385104|0.479664|
2457393.70833333|0.000000|0.000000|0.000000|0.092306|0.383604|0.475910|
2457393.75000000|0.000000|0.000000|0.000000|0.090103|0.382110|0.472213|
2457393.79166667|0.000000|0.000000|0.000000|0.087948|0.380623|0.468571|
2457393.83333333|0.000000|0.000000|0.000000|0.085841|0.379141|0.464983|
2457393.87500000|0.000000|0.000000|0.000000|0.083782|0.377666|0.461448|
2457393.91666667|0.000000|0.000000|0.000000|0.081769|0.376196|0.457965|
2457393.95833333|0.000000|0.000000|0.000000|0.079802|0.374732|0.454534|
2457394.00000000|0.000000|0.000000|0.000000|0.077878|0.373275|0.451153|
2457394.04166667|0.000000|0.000000|0.000000|0.075999|0.371823|0.447822|
2457394.08333333|0.000000|0.000000|0.000000|0.074162|0.370377|0.444539|
2457394.12500000|0.000000|0.000000|0.000000|0.072367|0.368936|0.441303|
2457394.16666667|0.000000|0.000000|0.000000|0.070613|0.367502|0.438115|
2457394.20833333|0.000000|0.000000|0.000000|0.068899|0.366073|0.434972|
2457394.25000000|0.000000|0.000000|0.000000|0.067224|0.364650|0.431874|
2457394.29166667|0.000000|0.000000|0.000000|0.065588|0.363233|0.428821|
2457394.33333333|0.000000|0.000000|0.000000|0.063989|0.361822|0.425811|
2457394.37500000|0.000000|0.000000|0.000000|0.062428|0.360416|0.422843|
2457394.41666667|0.000000|0.000000|0.000000|0.060902|0.359016|0.419918|
2457394.45833333|0.000000|0.000000|0.000000|0.059412|0.357621|0.417033|
2457394.50000000|0.000000|0.000000|0.000000|0.057956|0.356232|0.414188|
2457394.54166667|0.000000|0.000000|0.000000|0.056534|0.354849|0.411383|
2457394.58333333|0.000000|0.000000|0.000000|0.055146|0.353471|0.408617|
2457394.62500000|0.000000|0.000000|0.000000|0.053790|0.352099|0.405888|
2457394.66666667|0.000000|0.000000|0.000000|0.052465|0.350732|0.403197|
2457394.70833333|0.000000|0.000000|0.000000|0.051172|0.349371|0.400542|
2457394.75000000|0.000000|0.000000|0.000000|0.049909|0.348015|0.397924|
2457394.79166667|0.000000|0.000000|0.000000|0.048676|0.346664|0.395340|
2457394.83333333|0.000000|0.000000|0.000000|0.047471|0.345319|0.392791|
2457394.87500000|0.000000|0.000000|0.000000|0.046296|0.343980|0.390276|
2457394.91666667|0.000000|0.000000|0.000000|0.045148|0.342646|0.387793|
2457394.95833333|0.000000|0.000000|0.000000|0.044027|0.341317|0.385344|
2457395.00000000|0.000000|0.000000|0.000000|0.042933|0.339993|0.382926|
2457395.04166667|0.000000|0.000000|0.000000|0.041865|0.338675|0.380540|
2457395.08333333|0.000000|0.000000|0.000000|0.040822|0.337362|0.378184|
2457395.12500000|0.000000|0.000000|0.000000|0.039804|0.336054|0.375859|
2457395.16666667|0.000000|0.000000|0.000000|0.038811|0.334752|0.373563|
2457395.20833333|0.000000|0.000000|0.000000|0.037841|0.333455|0.371296|
2457395.25000000|0.000000|0.000000|0.000000|0.036895|0.332162|0.369057|
2457395.29166667|0.000000|0.000000|0.000000|0.035971|0.330876|0.366847|
2457395.33333333|0.000000|0.000000|0.000000|0.035070|0.329594|0.364664|
2457395.37500000|0.000000|0.000000|0.000000|0.034190|0.328317|0.362507|
2457395.41666667|0.000000|0.000000|0.000000|0.033332|0.327046|0.360377|
2457395.45833333|0.000000|0.000000|0.000000|0.032494|0.325779|0.358273|
2457395.50000000|0.000000|0.000000|0.000000|0.031676|0.324518|0.356194|
2457395.54166667|0.000000|0.000000|0.000000|0.030879|0.323261|0.354140|
2457395.58333333|0.000000|0.000000|0.000000|0.030100|0.322010|0.352110|
2457395.62500000|0.000000|0.000000|0.000000|0.029341|0.320764|0.350105|
2457395.66666667|0.000000|0.000000|0.000000|0.028600|0.319522|0.348122|
2457395.70833333|0.000000|0.000000|0.000000|0.027877|0.318286|0.346163|
2457395.75000000|0.000000|0.000000|0.000000|0.027172|0.317054|0.344226|
2457395.79166667|0.000000|0.000000|0.000000|0.026484|0.315828|0.342311|
2457395.83333333|0.000000|0.000000|0.000000|0.025812|0.314606|0.340419|
2457395.87500000|0.000000|0.000000|0.000000|0.025158|0.313389|0.338547|
2457395.91666667|0.000000|0.000000|0.000000|0.024519|0.312177|0.336696|
2457395.95833333|0.000000|0.000000|0.000000|0.023896|0.310970|0.334866|
2457396.00000000|0.000000|0.000000|0.000000|0.023288|0.309768|0.333056|
2457396.04166667|0.000000|0.000000|0.000000|0.022695|0.308570|0.331266|
2457396.08333333|0.000000|0.000000|0.000000|0.022117|0.307378|0.329495|
2457396.12500000|0.000000|0.000000|0.000000|0.021553|0.306190|0.327743|
2457396.16666667|0.000000|0.000000|0.000000|0.021003|0.305006|0.326010|
2457396.20833333|0.000000|0.000000|0.000000|0.020467|0.303828|0.324295|
2457396.25000000|0.000000|0.000000|0.000000|0.019944|0.302654|0.322598|
2457396.29166667|0.000000|0.000000|0.000000|0.019434|0.301485|0.320918|
2457396.33333333|0.000000|0.000000|0.000000|0.018936|0.300320|0.319256|
2457396.37500000|0.000000|0.000000|0.000000|0.018451|0.299160|0.317611|
2457396.41666667|0.000000|0.000000|0.000000|0.017978|0.298005|0.315983|
2457396.45833333|0.000000|0.000000|0.000000|0.017517|0.296854|0.314371|
2457396.50000000|0.000000|0.000000|0.000000|0.017067|0.295708|0.312775|
2457396.54166667|0.000000|0.000000|0.000000|0.016628|0.294566|0.311194|
2457396.58333333|0.000000|0.000000|0.000000|0.016201|0.293429|0.309630|
2457396.62500000|0.000000|0.000000|0.000000|0.015784|0.292296|0.308080|
2457396.66666667|0.000000|0.000000|0.000000|0.015377|0.291168|0.306546|
2457396.70833333|0.000000|0.000000|0.000000|0.014981|0.290045|0.305026|
2457396.75000000|0.000000|0.000000|0.000000|0.014595|0.288926|0.303520|
2457396.79166667|0.000000|0.000000|0.000000|0.014218|0.287811|0.302029|
2457396.83333333|0.000000|0.000000|0.000000|0.013851|0.286701|0.300551|
2457396.87500000|0.000000|0.000000|0.000000|0.013493|0.285595|0.299088|
2457396.91666667|0.000000|0.000000|0.000000|0.013144|0.284493|0.297637|
2457396.95833333|0.000000|0.000000|0.000000|0.012804|0.283396|0.296200|
2457397.00000000|0.000000|0.000000|0.000000|0.012472|0.282303|0.294776|
2457397.04166667|0.000000|0.000000|0.000000|0.012149|0.281215|0.293364|
2457397.08333333|0.000000|0.000000|0.000000|0.011834|0.280131|0.291965|
2457397.12500000|0.000000|0.000000|0.000000|0.011527|0.279051|0.290578|
2457397.16666667|0.000000|0.000000|0.000000|0.011228|0.277975|0.289203|
2457397.20833333|0.000000|0.000000|0.000000|0.010936|0.276904|0.287840|
2457397.25000000|0.000000|0.000000|0.000000|0.010652|0.275837|0.286488|
2457397.29166667|0.000000|0.000000|0.000000|0.010375|0.274774|0.285148|
2457397.33333333|0.000000|0.000000|0.000000|0.010104|0.273715|0.283820|
2457397.37500000|0.000000|0.000000|0.000000|0.009841|0.272661|0.282502|
2457397.41666667|0.000000|0.000000|0.000000|0.009585|0.271610|0.281195|
2457397.45833333|0.000000|0.000000|0.000000|0.009335|0.270564|0.279899|
2457397.50000000|0.000000|0.000000|0.000000|0.009091|0.269522|0.278614|
2457397.54166667|0.000000|0.000000|0.000000|0.008854|0.268484|0.277338|
2457397.58333333|0.000000|0.000000|0.000000|0.008623|0.267451|0.276073|
2457397.62500000|0.000000|0.000000|0.000000|0.008397|0.266421|0.274818|
2457397.66666667|0.000000|0.000000|0.000000|0.008178|0.265395|0.273573|
2457397.70833333|0.000000|0.000000|0.000000|0.007964|0.264374|0.272337|
2457397.75000000|0.000000|0.000000|0.000000|0.007755|0.263356|0.271111|
2457397.79166667|0.000000|0.000000|0.000000|0.007552|0.262343|0.269894|
2457397.83333333|0.000000|0.000000|0.000000|0.007354|0.261333|0.268687|
2457397.87500000|0.000000|0.000000|0.000000|0.007161|0.260327|0.267488|
2457397.91666667|0.000000|0.000000|0.000000|0.006973|0.259326|0.266299|
2457397.95833333|0.000000|0.000000|0.000000|0.006790|0.258328|0.265118|
2457398.00000000|0.000000|0.000000|0.000000|0.006611|0.257334|0.263946|
2457398.04166667|0.000000|0.000000|0.000000|0.006438|0.256345|0.262782|
2457398.08333333|0.000000|0.000000|0.000000|0.006268|0.255359|0.261627|
2457398.12500000|0.000000|0.000000|0.000000|0.006103|0.254377|0.260480|
2457398.16666667|0.000000|0.000000|0.000000|0.005943|0.253399|0.259341|
2457398.20833333|0.000000|0.000000|0.000000|0.005786|0.252424|0.258210|
2457398.25000000|0.000000|0.000000|0.000000|0.005634|0.251454|0.257088|
2457398.29166667|0.000000|0.000000|0.000000|0.005485|0.250487|0.255972|
2457398.33333333|0.000000|0.000000|0.000000|0.005340|0.249525|0.254865|
2457398.37500000|0.000000|0.000000|0.000000|0.005199|0.248566|0.253765|
2457398.41666667|0.000000|0.000000|0.000000|0.005062|0.247610|0.252672|
2457398.45833333|0.000000|0.000000|0.000000|0.004928|0.246659|0.251587|
2457398.50000000|0.000000|0.000000|0.000000|0.004798|0.245711|0.250509|
2457398.54166667|0.000000|0.000000|0.000000|0.004671|0.244767|0.249438|
2457398.58333333|0.000000|0.000000|0.000000|0.004547|0.243827|0.248374|
2457398.62500000|0.000000|0.000000|0.000000|0.004427|0.242890|0.247317|
2457398.66666667|0.000000|0.000000|0.000000|0.004310|0.241957|0.246267|
2457398.70833333|0.000000|0.000000|0.000000|0.004195|0.241028|0.245223|
2457398.75000000|0.000000|0.000000|0.000000|0.004084|0.240102|0.244187|
2457398.79166667|0.000000|0.000000|0.000000|0.003976|0.239180|0.243156|
2457398.83333333|0.000000|0.000000|0.000000|0.003870|0.238262|0.242132|
2457398.87500000|0.000000|0.000000|0.000000|0.003768|0.237347|0.241115|
2457398.91666667|0.000000|0.000000|0.000000|0.003668|0.236436|0.240104|
2457398.95833333|0.000000|0.000000|0.000000|0.003570|0.235529|0.239099|
2457399.00000000|0.000000|0.000000|0.000000|0.003475|0.234625|0.238100|
2457399.04166667|0.000000|0.000000|0.000000|0.003383|0.233724|0.237107|
2457399.08333333|0.000000|0.000000|0.000000|0.003293|0.232827|0.236120|
[       OK ] Tshirt_C_Realization_Test.TestLateralFlowCalc1a (56 ms)
[ RUN      ] Tshirt_C_Realization_Test.TestBaseFlowCalc1a
2457357.50000000|10.000000|1.522619|0.091357|0.000000|191.106140|191.197497|
2457357.54166667|0.000000|0.000000|0.776536|0.000000|177.198214|177.974750|
2457357.58333333|0.000000|0.000000|0.426333|0.093168|165.163302|165.682804|
2457357.62500000|0.000000|0.000000|0.182714|0.180746|154.643488|155.006948|
2457357.66666667|0.000000|0.000000|0.045679|0.262986|145.367169|145.675833|
2457357.70833333|0.000000|0.000000|0.000000|0.340128|137.124396|137.464524|
2457357.75000000|0.000000|0.000000|0.000000|0.412405|129.750237|130.162643|
2457357.79166667|0.000000|0.000000|0.000000|0.480040|123.113277|123.593317|
2457357.83333333|0.000000|0.000000|0.000000|0.543245|117.107476|117.650721|
2457357.87500000|0.000000|0.000000|0.000000|0.602226|111.646304|112.248530|
2457357.91666667|0.000000|0.000000|0.000000|0.657179|106.658437|107.315616|
2457357.95833333|0.000000|0.000000|0.000000|0.708293|102.084540|102.792833|
2457358.00000000|0.000000|0.000000|0.000000|0.755749|97.874845|98.630593|
2457358.04166667|0.000000|0.000000|0.000000|0.799719|93.987286|94.787005|
2457358.08333333|0.000000|0.000000|0.000000|0.840372|90.386066|91.226438|
2457358.12500000|0.000000|0.000000|0.000000|0.877865|87.040521|87.918387|
2457358.16666667|0.000000|0.000000|0.000000|0.912353|83.924234|84.836587|
2457358.20833333|0.000000|0.000000|0.000000|0.943981|81.014320|81.958301|
2457358.25000000|0.000000|0.000000|0.000000|0.972891|78.290850|79.263741|
2457358.29166667|0.000000|0.000000|0.000000|0.999216|75.736395|76.735611|
2457358.33333333|0.000000|0.000000|0.000000|1.023086|73.335636|74.358722|
2457358.37500000|0.000000|0.000000|0.000000|1.044625|71.075061|72.119685|
2457358.41666667|0.000000|0.000000|0.000000|1.063950|68.942699|70.006649|
2457358.45833333|0.000000|0.000000|0.000000|1.081176|66.927909|68.009085|
2457358.50000000|0.000000|0.000000|0.000000|1.096411|65.021203|66.117613|
2457358.54166667|0.000000|0.000000|0.000000|1.109758|63.214085|64.323844|
2457358.58333333|0.000000|0.000000|0.000000|1.121318|61.498934|62.620253|
2457358.62500000|0.000000|0.000000|0.000000|1.131186|59.868887|61.000073|
2457358.66666667|0.000000|0.000000|0.000000|1.139452|58.317750|59.457202|
2457358.70833333|0.000000|0.000000|0.000000|1.146205|56.839916|57.986121|
2457358.75000000|0.000000|0.000000|0.000000|1.151526|55.430302|56.581828|
2457358.79166667|0.000000|0.000000|0.000000|1.155497|54.084282|55.239779|
2457358.83333333|0.000000|0.000000|0.000000|1.158193|52.797641|53.955835|
2457358.87500000|0.200000|0.000536|0.000032|1.159688|51.566675|52.726395|
2457358.91666667|0.000000|0.000000|0.000273|1.160050|50.387566|51.547890|
2457358.95833333|0.000000|0.000000|0.000150|1.159521|49.257235|50.416907|
2457359.00000000|0.000000|0.000000|0.000064|1.157980|48.172715|49.330759|
2457359.04166667|0.000000|0.000000|0.000016|1.155487|47.131273|48.286776|
2457359.08333333|0.000000|0.000000|0.000000|1.152102|46.130393|47.282495|
2457359.12500000|0.500000|0.003337|0.000200|1.147880|45.168069|46.316150|
2457359.16666667|0.800000|0.008510|0.002213|1.142874|44.242002|45.387089|
2457359.20833333|0.200000|0.000536|0.005307|1.137569|43.349635|44.492510|
2457359.25000000|0.000000|0.000000|0.003057|1.132244|42.489388|43.624688|
2457359.29166667|0.000000|0.000000|0.001271|1.126388|41.659675|42.787334|
2457359.33333333|0.000000|0.000000|0.000320|1.119865|40.858899|41.979084|
2457359.37500000|0.000000|0.000000|0.000016|1.112719|40.085574|41.198309|
2457359.41666667|0.000000|0.000000|0.000000|1.104994|39.338314|40.443308|
2457359.45833333|0.000000|0.000000|0.000000|1.096731|38.615824|39.712555|
2457359.50000000|0.000000|0.000000|0.000000|1.087970|37.916894|39.004864|
2457359.54166667|0.000000|0.000000|0.000000|1.078747|37.240393|38.319139|
2457359.58333333|0.000000|0.000000|0.000000|1.069098|36.585259|37.654357|
2457359.62500000|0.000000|0.000000|0.000000|1.059057|35.950498|37.009555|
2457359.66666667|0.000000|0.000000|0.000000|1.048657|35.335176|36.383833|
2457359.70833333|0.000000|0.000000|0.000000|1.037927|34.738416|35.776344|
2457359.75000000|0.000000|0.000000|0.000000|1.026898|34.159393|35.186291|
2457359.79166667|0.000000|0.000000|0.000000|1.015596|33.597329|34.612925|
2457359.83333333|0.000000|0.000000|0.000000|1.004048|33.051492|34.055540|
2457359.87500000|0.000000|0.000000|0.000000|0.992279|32.521191|33.513470|
2457359.91666667|0.000000|0.000000|0.000000|0.980312|32.005776|32.986088|
2457359.95833333|0.000000|0.000000|0.000000|0.968170|31.504629|32.472799|
2457360.00000000|0.000000|0.000000|0.000000|0.955875|31.017168|31.973043|
2457360.04166667|0.000000|0.000000|0.000000|0.943446|30.542844|31.486290|
2457360.08333333|0.000000|0.000000|0.000000|0.930902|30.081133|31.012035|
2457360.12500000|0.000000|0.000000|0.000000|0.918262|29.631541|30.549803|
2457360.16666667|0.000000|0.000000|0.000000|0.905543|29.193600|30.099142|
2457360.20833333|0.000000|0.000000|0.000000|0.892760|28.766864|29.659624|
2457360.25000000|0.000000|0.000000|0.000000|0.879929|28.350911|29.230840|
2457360.29166667|0.000000|0.000000|0.000000|0.867064|27.945340|28.812404|
2457360.33333333|0.000000|0.000000|0.000000|0.854180|27.549768|28.403948|
2457360.37500000|0.000000|0.000000|0.000000|0.841288|27.163832|28.005120|
2457360.41666667|0.000000|0.000000|0.000000|0.828401|26.787187|27.615588|
2457360.45833333|0.000000|0.000000|0.000000|0.815530|26.419502|27.235032|
2457360.50000000|0.000000|0.000000|0.000000|0.802686|26.060464|26.863150|
2457360.54166667|0.000000|0.000000|0.000000|0.789878|25.709773|26.499651|
2457360.58333333|0.000000|0.000000|0.000000|0.777117|25.367144|26.144260|
2457360.62500000|0.000000|0.000000|0.000000|0.764410|25.032303|25.796712|
2457360.66666667|0.000000|0.000000|0.000000|0.751766|24.704989|25.456755|
2457360.70833333|0.000000|0.000000|0.000000|0.739193|24.384954|25.124147|
2457360.75000000|0.000000|0.000000|0.000000|0.726698|24.071959|24.798657|
2457360.79166667|0.000000|0.000000|0.000000|0.714287|23.765776|24.480063|
2457360.83333333|0.000000|0.000000|0.000000|0.701966|23.466187|24.168153|
2457360.87500000|0.000000|0.000000|0.000000|0.689743|23.172982|23.862725|
2457360.91666667|0.000000|0.000000|0.000000|0.677620|22.885962|23.563583|
2457360.95833333|0.000000|0.000000|0.000000|0.665605|22.604935|23.270540|
2457361.00000000|0.000000|0.000000|0.000000|0.653700|22.329716|22.983416|
2457361.04166667|0.000000|0.000000|0.000000|0.641911|22.060129|22.702039|
2457361.08333333|0.000000|0.000000|0.000000|0.630240|21.796004|22.426244|
2457361.12500000|0.000000|0.000000|0.000000|0.618693|21.537178|22.155871|
2457361.16666667|0.000000|0.000000|0.000000|0.607270|21.283496|21.890766|
2457361.20833333|0.000000|0.000000|0.000000|0.595977|21.034806|21.630783|
2457361.25000000|0.000000|0.000000|0.000000|0.584814|20.790965|21.375779|
2457361.29166667|0.000000|0.000000|0.000000|0.573785|20.551833|21.125618|
2457361.33333333|0.000000|0.000000|0.000000|0.562891|20.317277|20.880168|
2457361.37500000|0.000000|0.000000|0.000000|0.552135|20.087168|20.639303|
2457361.41666667|0.000000|0.000000|0.000000|0.541517|19.861382|20.402899|
2457361.45833333|0.000000|0.000000|0.000000|0.531039|19.639800|20.170840|
2457361.50000000|0.000000|0.000000|0.000000|0.520703|19.422307|19.943010|
2457361.54166667|0.000000|0.000000|0.000000|0.510509|19.208793|19.719301|
2457361.58333333|0.000000|0.000000|0.000000|0.500458|18.999149|19.499607|
2457361.62500000|0.000000|0.000000|0.000000|0.490550|18.793273|19.283824|
2457361.66666667|0.000000|0.000000|0.000000|0.480787|18.591067|19.071854|
2457361.70833333|0.000000|0.000000|0.000000|0.471168|18.392433|18.863601|
2457361.75000000|0.000000|0.000000|0.000000|0.461693|18.197280|18.658973|
2457361.79166667|0.000000|0.000000|0.000000|0.452363|18.005517|18.457880|
2457361.83333333|0.000000|0.000000|0.000000|0.443177|17.817059|18.260236|
2457361.87500000|0.000000|0.000000|0.000000|0.434135|17.631822|18.065956|
2457361.91666667|0.000000|0.000000|0.000000|0.425237|17.449725|17.874961|
2457361.95833333|0.000000|0.000000|0.000000|0.416481|17.270690|17.687171|
2457362.00000000|0.000000|0.000000|0.000000|0.407869|17.094641|17.502510|
2457362.04166667|0.000000|0.000000|0.000000|0.399398|16.921507|17.320905|
2457362.08333333|0.000000|0.000000|0.000000|0.391069|16.751216|17.142285|
2457362.12500000|0.000000|0.000000|0.000000|0.382880|16.583699|16.966579|
2457362.16666667|0.000000|0.000000|0.000000|0.374830|16.418891|16.793721|
2457362.20833333|0.000000|0.000000|0.000000|0.366919|16.256728|16.623646|
2457362.25000000|0.000000|0.000000|0.000000|0.359145|16.097146|16.456291|
2457362.29166667|0.000000|0.000000|0.000000|0.351507|15.940087|16.291594|
2457362.33333333|0.000000|0.000000|0.000000|0.344004|15.785492|16.129496|
2457362.37500000|0.000000|0.000000|0.000000|0.336635|15.633304|15.969939|
2457362.41666667|0.000000|0.000000|0.000000|0.329399|15.483469|15.812868|
2457362.45833333|0.000000|0.000000|0.000000|0.322294|15.335933|15.658226|
2457362.50000000|0.000000|0.000000|0.000000|0.315318|15.190645|15.505963|
2457362.54166667|0.000000|0.000000|0.000000|0.308471|15.047554|15.356026|
2457362.58333333|0.000000|0.000000|0.000000|0.301751|14.906613|15.208365|
2457362.62500000|0.000000|0.000000|0.000000|0.295157|14.767774|15.062931|
2457362.66666667|0.000000|0.000000|0.000000|0.288687|14.630991|14.919678|
2457362.70833333|0.000000|0.000000|0.000000|0.282339|14.496221|14.778560|
2457362.75000000|0.000000|0.000000|0.000000|0.276113|14.363418|14.639531|
2457362.79166667|0.000000|0.000000|0.000000|0.270006|14.232543|14.502548|
2457362.83333333|0.000000|0.000000|0.000000|0.264016|14.103553|14.367570|
2457362.87500000|0.000000|0.000000|0.000000|0.258143|13.976410|14.234554|
2457362.91666667|0.000000|0.000000|0.000000|0.252385|13.851075|14.103460|
2457362.95833333|0.000000|0.000000|0.000000|0.246740|13.727510|13.974250|
2457363.00000000|0.000000|0.000000|0.000000|0.241207|13.605679|13.846886|
2457363.04166667|0.000000|0.000000|0.000000|0.235784|13.485546|13.721330|
2457363.08333333|0.000000|0.000000|0.000000|0.230468|13.367078|13.597546|
2457363.12500000|0.000000|0.000000|0.000000|0.225260|13.250240|13.475500|
2457363.16666667|0.000000|0.000000|0.000000|0.220157|13.135000|13.355157|
2457363.20833333|0.000000|0.000000|0.000000|0.215157|13.021326|13.236483|
2457363.25000000|0.000000|0.000000|0.000000|0.210259|12.909187|13.119445|
2457363.29166667|0.000000|0.000000|0.000000|0.205461|12.798553|13.004014|
2457363.33333333|0.000000|0.000000|0.000000|0.200762|12.689394|12.890156|
2457363.37500000|0.000000|0.000000|0.000000|0.196160|12.581682|12.777842|
2457363.41666667|0.000000|0.000000|0.000000|0.191653|12.475390|12.667043|
2457363.45833333|0.000000|0.000000|0.000000|0.187240|12.370490|12.557730|
2457363.50000000|0.000000|0.000000|0.000000|0.182920|12.266955|12.449875|
2457363.54166667|0.000000|0.000000|0.000000|0.178690|12.164760|12.343450|
2457363.58333333|0.000000|0.000000|0.000000|0.174549|12.063879|12.238428|
2457363.62500000|0.000000|0.000000|0.000000|0.170496|11.964288|12.134785|
2457363.66666667|0.000000|0.000000|0.000000|0.166529|11.865964|12.032493|
2457363.70833333|0.000000|0.000000|0.000000|0.162647|11.768882|11.931529|
2457363.75000000|0.000000|0.000000|0.000000|0.158848|11.673021|11.831868|
2457363.79166667|0.000000|0.000000|0.000000|0.155130|11.578357|11.733487|
2457363.83333333|0.000000|0.000000|0.000000|0.151492|11.484869|11.636362|
2457363.87500000|0.000000|0.000000|0.000000|0.147933|11.392537|11.540470|
2457363.91666667|0.000000|0.000000|0.000000|0.144451|11.301339|11.445790|
2457363.95833333|0.000000|0.000000|0.000000|0.141045|11.211254|11.352300|
2457364.00000000|0.000000|0.000000|0.000000|0.137714|11.122265|11.259979|
2457364.04166667|0.000000|0.000000|0.000000|0.134455|11.034351|11.168806|
2457364.08333333|0.000000|0.000000|0.000000|0.131268|10.947493|11.078761|
2457364.12500000|0.000000|0.000000|0.000000|0.128151|10.861673|10.989824|
2457364.16666667|0.000000|0.000000|0.000000|0.125103|10.776874|10.901977|
2457364.20833333|0.000000|0.000000|0.000000|0.122122|10.693077|10.815199|
2457364.25000000|0.000000|0.000000|0.000000|0.119208|10.610266|10.729474|
2457364.29166667|0.000000|0.000000|0.000000|0.116359|10.528424|10.644782|
2457364.33333333|0.000000|0.000000|0.000000|0.113573|10.447534|10.561107|
2457364.37500000|0.000000|0.000000|0.000000|0.110850|10.367581|10.478431|
2457364.41666667|0.000000|0.000000|0.000000|0.108188|10.288549|10.396736|
2457364.45833333|0.000000|0.000000|0.000000|0.105586|10.210422|10.316008|
2457364.50000000|0.000000|0.000000|0.000000|0.103043|10.133186|10.236229|
2457364.54166667|0.000000|0.000000|0.000000|0.100557|10.056826|10.157383|
2457364.58333333|0.000000|0.000000|0.000000|0.098127|9.981328|10.079456|
2457364.62500000|0.000000|0.000000|0.000000|0.095753|9.906678|10.002431|
2457364.66666667|0.000000|0.000000|0.000000|0.093433|9.832862|9.926295|
2457364.70833333|0.000000|0.000000|0.000000|0.091166|9.759866|9.851033|
2457364.75000000|0.000000|0.000000|0.000000|0.088951|9.687678|9.776630|
2457364.79166667|0.000000|0.000000|0.000000|0.086787|9.616285|9.703072|
2457364.83333333|0.000000|0.000000|0.000000|0.084673|9.545674|9.630347|
2457364.87500000|0.000000|0.000000|0.000000|0.082607|9.475833|9.558440|
2457364.91666667|0.000000|0.000000|0.000000|0.080589|9.406750|9.487339|
2457364.95833333|0.000000|0.000000|0.000000|0.078618|9.338412|9.417030|
2457365.00000000|0.000000|0.000000|0.000000|0.076693|9.270809|9.347502|
2457365.04166667|0.000000|0.000000|0.000000|0.074812|9.203930|9.278742|
2457365.08333333|0.000000|0.000000|0.000000|0.072975|9.137762|9.210737|
2457365.12500000|0.000000|0.000000|0.000000|0.071181|9.072296|9.143477|
2457365.16666667|0.000000|0.000000|0.000000|0.069429|9.007520|9.076949|
2457365.20833333|0.000000|0.000000|0.000000|0.067718|8.943424|9.011143|
2457365.25000000|0.000000|0.000000|0.000000|0.066048|8.879999|8.946046|
2457365.29166667|0.000000|0.000000|0.000000|0.064416|8.817233|8.881649|
2457365.33333333|0.000000|0.000000|0.000000|0.062823|8.755117|8.817940|
2457365.37500000|0.000000|0.000000|0.000000|0.061268|8.693642|8.754909|
2457365.41666667|0.000000|0.000000|0.000000|0.059749|8.632798|8.692547|
2457365.45833333|0.000000|0.000000|0.000000|0.058266|8.572575|8.630842|
2457365.50000000|0.000000|0.000000|0.000000|0.056819|8.512965|8.569784|
2457365.54166667|0.000000|0.000000|0.000000|0.055406|8.453960|8.509365|
2457365.58333333|0.000000|0.000000|0.000000|0.054026|8.395549|8.449575|
2457365.62500000|0.000000|0.000000|0.000000|0.052680|8.337725|8.390405|
2457365.66666667|0.000000|0.000000|0.000000|0.051366|8.280479|8.331844|
2457365.70833333|0.000000|0.000000|0.000000|0.050083|8.223802|8.273885|
2457365.75000000|0.000000|0.000000|0.000000|0.048831|8.167688|8.216519|
2457365.79166667|0.000000|0.000000|0.000000|0.047608|8.112128|8.159736|
2457365.83333333|0.000000|0.000000|0.000000|0.046416|8.057114|8.103529|
2457365.87500000|0.000000|0.000000|0.000000|0.045252|8.002638|8.047890|
2457365.91666667|0.000000|0.000000|0.000000|0.044116|7.948693|7.992809|
2457365.95833333|0.000000|0.000000|0.000000|0.043007|7.895272|7.938279|
2457366.00000000|0.000000|0.000000|0.000000|0.041926|7.842367|7.884293|
2457366.04166667|0.000000|0.000000|0.000000|0.040870|7.789972|7.830842|
2457366.08333333|0.000000|0.000000|0.000000|0.039840|7.738079|7.777919|
2457366.12500000|0.000000|0.000000|0.000000|0.038835|7.686682|7.725517|
2457366.16666667|0.000000|0.000000|0.000000|0.037855|7.635773|7.673628|
2457366.20833333|0.000000|0.000000|0.000000|0.036898|7.585347|7.622245|
2457366.25000000|0.000000|0.000000|0.000000|0.035965|7.535396|7.571361|
2457366.29166667|0.000000|0.000000|0.000000|0.035054|7.485915|7.520970|
2457366.33333333|0.000000|0.000000|0.000000|0.034166|7.436897|7.471063|
2457366.37500000|0.000000|0.000000|0.000000|0.033300|7.388336|7.421636|
2457366.41666667|0.000000|0.000000|0.000000|0.032455|7.340226|7.372681|
2457366.45833333|0.000000|0.000000|0.000000|0.031630|7.292562|7.324192|
2457366.50000000|0.000000|0.000000|0.000000|0.030826|7.245336|7.276162|
2457366.54166667|0.000000|0.000000|0.000000|0.030041|7.198544|7.228585|
2457366.58333333|0.000000|0.000000|0.000000|0.029276|7.152180|7.181456|
2457366.62500000|0.000000|0.000000|0.000000|0.028530|7.106238|7.134768|
2457366.66666667|0.000000|0.000000|0.000000|0.027802|7.060714|7.088516|
2457366.70833333|0.000000|0.000000|0.000000|0.027092|7.015601|7.042693|
2457366.75000000|0.000000|0.000000|0.000000|0.026400|6.970894|6.997294|
2457366.79166667|0.000000|0.000000|0.000000|0.025725|6.926588|6.952314|
2457366.83333333|0.000000|0.000000|0.000000|0.025067|6.882679|6.907746|
2457366.87500000|0.000000|0.000000|0.000000|0.024425|6.839161|6.863586|
2457366.91666667|0.000000|0.000000|0.000000|0.023799|6.796029|6.819828|
2457366.95833333|0.000000|0.000000|0.000000|0.023188|6.753279|6.776467|
2457367.00000000|0.000000|0.000000|0.000000|0.022593|6.710905|6.733498|
2457367.04166667|0.000000|0.000000|0.000000|0.022012|6.668904|6.690916|
2457367.08333333|0.000000|0.000000|0.000000|0.021447|6.627270|6.648716|
2457367.12500000|0.000000|0.000000|0.000000|0.020895|6.585998|6.606893|
2457367.16666667|0.000000|0.000000|0.000000|0.020357|6.545086|6.565442|
2457367.20833333|0.000000|0.000000|0.000000|0.019832|6.504527|6.524359|
2457367.25000000|0.000000|0.000000|0.000000|0.019321|6.464318|6.483639|
2457367.29166667|0.000000|0.000000|0.000000|0.018822|6.424455|6.443278|
2457367.33333333|0.000000|0.000000|0.000000|0.018336|6.384933|6.403270|
2457367.37500000|0.000000|0.000000|0.000000|0.017863|6.345749|6.363612|
2457367.41666667|0.000000|0.000000|0.000000|0.017401|6.306898|6.324299|
2457367.45833333|0.000000|0.000000|0.000000|0.016951|6.268376|6.285327|
2457367.50000000|0.000000|0.000000|0.000000|0.016512|6.230180|6.246692|
2457367.54166667|0.000000|0.000000|0.000000|0.016084|6.192306|6.208390|
2457367.58333333|0.000000|0.000000|0.000000|0.015667|6.154749|6.170416|
2457367.62500000|0.000000|0.000000|0.000000|0.015260|6.117506|6.132767|
2457367.66666667|0.000000|0.000000|0.000000|0.014864|6.080574|6.095438|
2457367.70833333|0.000000|0.000000|0.000000|0.014478|6.043949|6.058427|
2457367.75000000|0.000000|0.000000|0.000000|0.014102|6.007626|6.021728|
2457367.79166667|0.000000|0.000000|0.000000|0.013735|5.971604|5.985339|
2457367.83333333|0.000000|0.000000|0.000000|0.013378|5.935878|5.949256|
2457367.87500000|0.000000|0.000000|0.000000|0.013029|5.900445|5.913474|
2457367.91666667|0.000000|0.000000|0.000000|0.012690|5.865302|5.877991|
2457367.95833333|0.000000|0.000000|0.000000|0.012359|5.830444|5.842803|
2457368.00000000|0.000000|0.000000|0.000000|0.012036|5.795870|5.807907|
2457368.04166667|0.000000|0.000000|0.000000|0.011722|5.761576|5.773298|
2457368.08333333|0.000000|0.000000|0.000000|0.011416|5.727558|5.738974|
2457368.12500000|0.000000|0.000000|0.000000|0.011118|5.693814|5.704932|
2457368.16666667|0.000000|0.000000|0.000000|0.010827|5.660341|5.671168|
2457368.20833333|0.000000|0.000000|0.000000|0.010544|5.627135|5.637679|
2457368.25000000|0.000000|0.000000|0.000000|0.010268|5.594194|5.604461|
2457368.29166667|0.000000|0.000000|0.000000|0.009999|5.561514|5.571513|
2457368.33333333|0.000000|0.000000|0.000000|0.009736|5.529094|5.538830|
2457368.37500000|0.000000|0.000000|0.000000|0.009481|5.496929|5.506410|
2457368.41666667|0.000000|0.000000|0.000000|0.009232|5.465017|5.474249|
2457368.45833333|0.000000|0.000000|0.000000|0.008990|5.433356|5.442346|
2457368.50000000|0.000000|0.000000|0.000000|0.008754|5.401942|5.410696|
2457368.54166667|0.000000|0.000000|0.000000|0.008524|5.370774|5.379297|
2457368.58333333|0.000000|0.000000|0.000000|0.008299|5.339848|5.348147|
2457368.62500000|0.000000|0.000000|0.000000|0.008081|5.309161|5.317242|
2457368.66666667|0.000000|0.000000|0.000000|0.007868|5.278712|5.286580|
2457368.70833333|0.000000|0.000000|0.000000|0.007661|5.248497|5.256158|
2457368.75000000|0.000000|0.000000|0.000000|0.007459|5.218515|5.225974|
2457368.79166667|0.000000|0.000000|0.000000|0.007263|5.188762|5.196025|
2457368.83333333|0.000000|0.000000|0.000000|0.007071|5.159237|5.166308|
2457368.87500000|0.000000|0.000000|0.000000|0.006884|5.129937|5.136821|
2457368.91666667|0.000000|0.000000|0.000000|0.006702|5.100859|5.107561|
2457368.95833333|0.000000|0.000000|0.000000|0.006525|5.072001|5.078526|
2457369.00000000|0.000000|0.000000|0.000000|0.006353|5.043361|5.049714|
2457369.04166667|0.000000|0.000000|0.000000|0.006185|5.014937|5.021122|
2457369.08333333|0.000000|0.000000|0.000000|0.006021|4.986727|4.992748|
2457369.12500000|0.000000|0.000000|0.000000|0.005862|4.958727|4.964589|
2457369.16666667|0.000000|0.000000|0.000000|0.005707|4.930937|4.936644|
2457369.20833333|0.000000|0.000000|0.000000|0.005555|4.903354|4.908909|
2457369.25000000|0.000000|0.000000|0.000000|0.005408|4.875975|4.881383|
2457369.29166667|0.000000|0.000000|0.000000|0.005265|4.848800|4.854064|
2457369.33333333|0.000000|0.000000|0.000000|0.005125|4.821825|4.826949|
2457369.37500000|0.000000|0.000000|0.000000|0.004989|4.795048|4.800037|
2457369.41666667|0.000000|0.000000|0.000000|0.004856|4.768468|4.773325|
2457369.45833333|0.000000|0.000000|0.000000|0.004727|4.742083|4.746811|
2457369.50000000|0.000000|0.000000|0.000000|0.004602|4.715891|4.720493|
2457369.54166667|0.000000|0.000000|0.000000|0.004479|4.689890|4.694369|
2457369.58333333|0.000000|0.000000|0.000000|0.004360|4.664077|4.668437|
2457369.62500000|0.000000|0.000000|0.000000|0.004244|4.638452|4.642696|
2457369.66666667|0.000000|0.000000|0.000000|0.004131|4.613011|4.617142|
2457369.70833333|0.000000|0.000000|0.000000|0.004021|4.587755|4.591775|
2457369.75000000|0.000000|0.000000|0.000000|0.003914|4.562679|4.566593|
2457369.79166667|0.000000|0.000000|0.000000|0.003809|4.537784|4.541593|
2457369.83333333|0.000000|0.000000|0.000000|0.003708|4.513066|4.516774|
2457369.87500000|0.000000|0.000000|0.000000|0.003609|4.488525|4.492134|
2457369.91666667|0.000000|0.000000|0.000000|0.003512|4.464159|4.467671|
2457369.95833333|0.000000|0.000000|0.000000|0.003419|4.439965|4.443384|
2457370.00000000|0.000000|0.000000|0.000000|0.003327|4.415943|4.419270|
2457370.04166667|0.000000|0.000000|0.000000|0.003238|4.392090|4.395328|
2457370.08333333|0.000000|0.000000|0.000000|0.003152|4.368405|4.371557|
2457370.12500000|0.000000|0.000000|0.000000|0.003067|4.344887|4.347954|
2457370.16666667|0.000000|0.000000|0.000000|0.002985|4.321533|4.324518|
2457370.20833333|0.000000|0.000000|0.000000|0.002905|4.298343|4.301248|
2457370.25000000|0.000000|0.000000|0.000000|0.002827|4.275314|4.278142|
2457370.29166667|0.000000|0.000000|0.000000|0.002752|4.252446|4.255197|
2457370.33333333|0.000000|0.000000|0.000000|0.002678|4.229736|4.232414|
2457370.37500000|0.000000|0.000000|0.000000|0.002606|4.207183|4.209789|
2457370.41666667|0.000000|0.000000|0.000000|0.002536|4.184786|4.187323|
2457370.45833333|0.000000|0.000000|0.000000|0.002468|4.162544|4.165012|
2457370.50000000|0.000000|0.000000|0.000000|0.002402|4.140454|4.142856|
2457370.54166667|0.000000|0.000000|0.000000|0.002337|4.118516|4.120853|
2457370.58333333|0.000000|0.000000|0.000000|0.002274|4.096727|4.099002|
2457370.62500000|0.000000|0.000000|0.000000|0.002213|4.075087|4.077301|
2457370.66666667|0.000000|0.000000|0.000000|0.002154|4.053595|4.055749|
2457370.70833333|0.000000|0.000000|0.000000|0.002096|4.032248|4.034344|
2457370.75000000|0.000000|0.000000|0.000000|0.002039|4.011046|4.013086|
2457370.79166667|0.000000|0.000000|0.000000|0.001985|3.989987|3.991972|
2457370.83333333|0.000000|0.000000|0.000000|0.001931|3.969071|3.971002|
2457370.87500000|0.000000|0.000000|0.000000|0.001879|3.948295|3.950174|
2457370.91666667|0.000000|0.000000|0.000000|0.001828|3.927658|3.929486|
2457370.95833333|0.000000|0.000000|0.000000|0.001779|3.907159|3.908938|
2457371.00000000|0.000000|0.000000|0.000000|0.001731|3.886798|3.888529|
2457371.04166667|0.000000|0.000000|0.000000|0.001684|3.866572|3.868256|
2457371.08333333|0.000000|0.000000|0.000000|0.001639|3.846480|3.848119|
2457371.12500000|1.500000|0.029641|0.001778|0.001595|3.826759|3.830133|
2457371.16666667|0.000000|0.000000|0.015117|0.001552|3.806932|3.823600|
2457371.20833333|0.000000|0.000000|0.008299|0.002792|3.787235|3.798326|
2457371.25000000|0.000000|0.000000|0.003557|0.003956|3.767668|3.775181|
2457371.29166667|0.000000|0.000000|0.000889|0.005048|3.748230|3.754167|
2457371.33333333|0.100000|0.000134|0.000008|0.006071|3.728935|3.735014|
2457371.37500000|4.300000|0.234917|0.014163|0.007028|3.710402|3.731593|
2457371.41666667|0.000000|0.000000|0.119845|0.008009|3.691338|3.819193|
2457371.45833333|0.000000|0.000000|0.065793|0.012470|3.672399|3.750662|
2457371.50000000|0.000000|0.000000|0.028194|0.016656|3.653583|3.698433|
2457371.54166667|0.000000|0.000000|0.007048|0.020579|3.634889|3.662516|
2457371.58333333|0.000000|0.000000|0.000000|0.024252|3.616316|3.640569|
2457371.62500000|0.000000|0.000000|0.000000|0.027686|3.597863|3.625550|
2457371.66666667|0.000000|0.000000|0.000000|0.030893|3.579530|3.610422|
2457371.70833333|0.000000|0.000000|0.000000|0.033882|3.561314|3.595195|
2457371.75000000|0.000000|0.000000|0.000000|0.036664|3.543215|3.579878|
2457371.79166667|0.000000|0.000000|0.000000|0.039248|3.525232|3.564480|
2457371.83333333|0.000000|0.000000|0.000000|0.041644|3.507364|3.549008|
2457371.87500000|0.000000|0.000000|0.000000|0.043862|3.489610|3.533471|
2457371.91666667|0.000000|0.000000|0.000000|0.045908|3.471969|3.517877|
2457371.95833333|0.000000|0.000000|0.000000|0.047793|3.454440|3.502233|
2457372.00000000|0.000000|0.000000|0.000000|0.049523|3.437022|3.486545|
2457372.04166667|0.000000|0.000000|0.000000|0.051106|3.419714|3.470820|
2457372.08333333|0.000000|0.000000|0.000000|0.052550|3.402516|3.455066|
2457372.12500000|0.000000|0.000000|0.000000|0.053861|3.385426|3.439287|
2457372.16666667|0.000000|0.000000|0.000000|0.055046|3.368444|3.423490|
2457372.20833333|0.000000|0.000000|0.000000|0.056111|3.351568|3.407679|
2457372.25000000|0.000000|0.000000|0.000000|0.057064|3.334798|3.391861|
2457372.29166667|0.000000|0.000000|0.000000|0.057908|3.318132|3.376040|
2457372.33333333|0.000000|0.000000|0.000000|0.058650|3.301571|3.360221|
2457372.37500000|0.000000|0.000000|0.000000|0.059296|3.285112|3.344409|
2457372.41666667|0.000000|0.000000|0.000000|0.059850|3.268756|3.328607|
2457372.45833333|0.000000|0.000000|0.000000|0.060318|3.252502|3.312820|
2457372.50000000|0.000000|0.000000|0.000000|0.060704|3.236348|3.297051|
2457372.54166667|0.000000|0.000000|0.000000|0.061012|3.220293|3.281305|
2457372.58333333|0.000000|0.000000|0.000000|0.061247|3.204338|3.265585|
2457372.62500000|0.000000|0.000000|0.000000|0.061413|3.188481|3.249894|
2457372.66666667|0.000000|0.000000|0.000000|0.061514|3.172721|3.234235|
2457372.70833333|0.000000|0.000000|0.000000|0.061554|3.157058|3.218612|
2457372.75000000|0.000000|0.000000|0.000000|0.061536|3.141490|3.203026|
2457372.79166667|0.000000|0.000000|0.000000|0.061463|3.126018|3.187481|
2457372.83333333|0.000000|0.000000|0.000000|0.061340|3.110640|3.171980|
2457372.87500000|0.000000|0.000000|0.000000|0.061169|3.095356|3.156524|
2457372.91666667|0.000000|0.000000|0.000000|0.060952|3.080164|3.141116|
2457372.95833333|0.000000|0.000000|0.000000|0.060694|3.065064|3.125758|
2457373.00000000|0.000000|0.000000|0.000000|0.060396|3.050056|3.110452|
2457373.04166667|0.000000|0.000000|0.000000|0.060062|3.035138|3.095200|
2457373.08333333|0.000000|0.000000|0.000000|0.059693|3.020310|3.080003|
2457373.12500000|0.000000|0.000000|0.000000|0.059293|3.005572|3.064864|
2457373.16666667|0.000000|0.000000|0.000000|0.058862|2.990921|3.049784|
2457373.20833333|0.000000|0.000000|0.000000|0.058404|2.976359|3.034763|
2457373.25000000|0.000000|0.000000|0.000000|0.057921|2.961884|3.019805|
2457373.29166667|0.000000|0.000000|0.000000|0.057414|2.947495|3.004909|
2457373.33333333|0.000000|0.000000|0.000000|0.056885|2.933192|2.990077|
2457373.37500000|0.000000|0.000000|0.000000|0.056337|2.918974|2.975310|
2457373.41666667|0.000000|0.000000|0.000000|0.055770|2.904840|2.960610|
2457373.45833333|0.000000|0.000000|0.000000|0.055186|2.890790|2.945976|
2457373.50000000|0.000000|0.000000|0.000000|0.054587|2.876824|2.931411|
2457373.54166667|0.000000|0.000000|0.000000|0.053975|2.862940|2.916914|
2457373.58333333|0.000000|0.000000|0.000000|0.053350|2.849137|2.902487|
2457373.62500000|0.000000|0.000000|0.000000|0.052714|2.835416|2.888130|
2457373.66666667|0.500000|0.003337|0.000200|0.052068|2.821850|2.874119|
2457373.70833333|1.000000|0.013261|0.002498|0.051414|2.808437|2.862348|
2457373.75000000|3.000000|0.116266|0.014674|0.051185|2.795386|2.861244|
2457373.79166667|1.000000|0.013261|0.064205|0.051783|2.782127|2.898115|
2457373.83333333|2.200000|0.063178|0.044800|0.054815|2.769117|2.868732|
2457373.87500000|0.000000|0.000000|0.050284|0.058478|2.755864|2.864626|
2457373.91666667|0.000000|0.000000|0.022769|0.063736|2.742688|2.829193|
2457373.95833333|0.000000|0.000000|0.007979|0.068625|2.729589|2.806193|
2457374.00000000|3.000000|0.116266|0.008871|0.073164|2.716994|2.799029|
2457374.04166667|4.400000|0.245658|0.074035|0.077368|2.704660|2.856063|
2457374.08333333|4.400000|0.245658|0.172580|0.083769|2.692397|2.948745|
2457374.12500000|1.600000|0.033680|0.210043|0.093339|2.679820|2.983202|
2457374.16666667|2.300000|0.068962|0.123066|0.105881|2.667414|2.896362|
2457374.20833333|3.800000|0.184634|0.092528|0.118953|2.655284|2.866765|
2457374.25000000|0.000000|0.000000|0.124884|0.133091|2.642689|2.900664|
2457374.29166667|0.000000|0.000000|0.060983|0.149426|2.630166|2.840575|
2457374.33333333|0.000000|0.000000|0.024225|0.164661|2.617715|2.806601|
2457374.37500000|0.000000|0.000000|0.005539|0.178847|2.605335|2.789721|
2457374.41666667|0.000000|0.000000|0.000000|0.192034|2.593026|2.785060|
2457374.45833333|0.000000|0.000000|0.000000|0.204269|2.580786|2.785055|
2457374.50000000|0.000000|0.000000|0.000000|0.215597|2.568616|2.784214|
2457374.54166667|0.000000|0.000000|0.000000|0.226062|2.556516|2.782577|
2457374.58333333|0.000000|0.000000|0.000000|0.235704|2.544484|2.780188|
2457374.62500000|0.000000|0.000000|0.000000|0.244565|2.532520|2.777084|
2457374.66666667|0.000000|0.000000|0.000000|0.252681|2.520623|2.773305|
2457374.70833333|0.000000|0.000000|0.000000|0.260091|2.508794|2.768885|
2457374.75000000|0.000000|0.000000|0.000000|0.266828|2.497031|2.763860|
2457374.79166667|0.000000|0.000000|0.000000|0.272928|2.485335|2.758263|
2457374.83333333|0.000000|0.000000|0.000000|0.278421|2.473704|2.752125|
2457374.87500000|0.000000|0.000000|0.000000|0.283339|2.462138|2.745477|
2457374.91666667|0.000000|0.000000|0.000000|0.287711|2.450637|2.738348|
2457374.95833333|0.000000|0.000000|0.000000|0.291566|2.439200|2.730767|
2457375.00000000|0.000000|0.000000|0.000000|0.294931|2.427827|2.722758|
2457375.04166667|0.000000|0.000000|0.000000|0.297831|2.416518|2.714349|
2457375.08333333|0.000000|0.000000|0.000000|0.300292|2.405271|2.705563|
2457375.12500000|0.000000|0.000000|0.000000|0.302338|2.394087|2.696424|
2457375.16666667|0.000000|0.000000|0.000000|0.303990|2.382965|2.686955|
2457375.20833333|0.000000|0.000000|0.000000|0.305271|2.371904|2.677175|
2457375.25000000|0.000000|0.000000|0.000000|0.306202|2.360905|2.667106|
2457375.29166667|0.000000|0.000000|0.000000|0.306802|2.349966|2.656767|
2457375.33333333|0.000000|0.000000|0.000000|0.307090|2.339087|2.646177|
2457375.37500000|0.000000|0.000000|0.000000|0.307085|2.328269|2.635354|
2457375.41666667|0.000000|0.000000|0.000000|0.306804|2.317510|2.624314|
2457375.45833333|0.000000|0.000000|0.000000|0.306263|2.306810|2.613073|
2457375.50000000|0.000000|0.000000|0.000000|0.305479|2.296168|2.601647|
2457375.54166667|0.000000|0.000000|0.000000|0.304466|2.285585|2.590051|
2457375.58333333|0.000000|0.000000|0.000000|0.303239|2.275060|2.578299|
2457375.62500000|0.000000|0.000000|0.000000|0.301812|2.264592|2.566403|
2457375.66666667|0.000000|0.000000|0.000000|0.300197|2.254181|2.554378|
2457375.70833333|0.000000|0.000000|0.000000|0.298408|2.243826|2.542234|
2457375.75000000|0.000000|0.000000|0.000000|0.296455|2.233528|2.529984|
2457375.79166667|0.000000|0.000000|0.000000|0.294352|2.223286|2.517638|
2457375.83333333|0.000000|0.000000|0.000000|0.292107|2.213099|2.505207|
2457375.87500000|0.000000|0.000000|0.000000|0.289733|2.202968|2.492701|
2457375.91666667|0.000000|0.000000|0.000000|0.287238|2.192891|2.480129|
2457375.95833333|0.000000|0.000000|0.000000|0.284632|2.182868|2.467500|
2457376.00000000|0.000000|0.000000|0.000000|0.281924|2.172900|2.454824|
2457376.04166667|0.000000|0.000000|0.000000|0.279122|2.162985|2.442107|
2457376.08333333|0.000000|0.000000|0.000000|0.276234|2.153123|2.429358|
2457376.12500000|0.000000|0.000000|0.000000|0.273269|2.143315|2.416584|
2457376.16666667|0.000000|0.000000|0.000000|0.270233|2.133558|2.403791|
2457376.20833333|0.000000|0.000000|0.000000|0.267133|2.123854|2.390987|
2457376.25000000|0.000000|0.000000|0.000000|0.263976|2.114202|2.378178|
2457376.29166667|0.000000|0.000000|0.000000|0.260768|2.104602|2.365369|
2457376.33333333|0.000000|0.000000|0.000000|0.257515|2.095052|2.352567|
2457376.37500000|0.000000|0.000000|0.000000|0.254222|2.085554|2.339775|
2457376.41666667|0.000000|0.000000|0.000000|0.250895|2.076105|2.327000|
2457376.45833333|0.000000|0.000000|0.000000|0.247539|2.066707|2.314246|
2457376.50000000|0.000000|0.000000|0.000000|0.244158|2.057359|2.301517|
2457376.54166667|0.000000|0.000000|0.000000|0.240758|2.048060|2.288818|
2457376.58333333|0.000000|0.000000|0.000000|0.237342|2.038811|2.276152|
2457376.62500000|0.000000|0.000000|0.000000|0.233914|2.029610|2.263524|
2457376.66666667|0.000000|0.000000|0.000000|0.230478|2.020457|2.250935|
2457376.70833333|0.000000|0.000000|0.000000|0.227038|2.011353|2.238391|
2457376.75000000|0.000000|0.000000|0.000000|0.223597|2.002297|2.225894|
2457376.79166667|0.000000|0.000000|0.000000|0.220157|1.993288|2.213446|
2457376.83333333|0.000000|0.000000|0.000000|0.216723|1.984327|2.201051|
2457376.87500000|0.000000|0.000000|0.000000|0.213297|1.975413|2.188710|
2457376.91666667|0.000000|0.000000|0.000000|0.209882|1.966545|2.176427|
2457376.95833333|0.000000|0.000000|0.000000|0.206479|1.957723|2.164202|
2457377.00000000|0.000000|0.000000|0.000000|0.203092|1.948948|2.152040|
2457377.04166667|0.000000|0.000000|0.000000|0.199722|1.940218|2.139940|
2457377.08333333|0.000000|0.000000|0.000000|0.196371|1.931534|2.127905|
2457377.12500000|0.000000|0.000000|0.000000|0.193042|1.922894|2.115937|
2457377.16666667|0.000000|0.000000|0.000000|0.189736|1.914300|2.104036|
2457377.20833333|0.000000|0.000000|0.000000|0.186454|1.905750|2.092205|
2457377.25000000|0.000000|0.000000|0.000000|0.183199|1.897245|2.080444|
2457377.29166667|0.000000|0.000000|0.000000|0.179971|1.888783|2.068754|
2457377.33333333|0.000000|0.000000|0.000000|0.176772|1.880366|2.057138|
2457377.37500000|0.000000|0.000000|0.000000|0.173603|1.871991|2.045594|
2457377.41666667|0.000000|0.000000|0.000000|0.170465|1.863660|2.034125|
2457377.45833333|0.000000|0.000000|0.000000|0.167359|1.855372|2.022730|
2457377.50000000|0.000000|0.000000|0.000000|0.164285|1.847126|2.011412|
2457377.54166667|0.000000|0.000000|0.000000|0.161246|1.838923|2.000169|
2457377.58333333|0.000000|0.000000|0.000000|0.158241|1.830762|1.989003|
2457377.62500000|0.000000|0.000000|0.000000|0.155272|1.822642|1.977914|
2457377.66666667|0.000000|0.000000|0.000000|0.152338|1.814564|1.966902|
2457377.70833333|0.000000|0.000000|0.000000|0.149440|1.806528|1.955968|
2457377.75000000|0.000000|0.000000|0.000000|0.146579|1.798532|1.945111|
2457377.79166667|0.000000|0.000000|0.000000|0.143755|1.790577|1.934333|
2457377.83333333|0.000000|0.000000|0.000000|0.140969|1.782663|1.923632|
2457377.87500000|0.000000|0.000000|0.000000|0.138221|1.774789|1.913010|
2457377.91666667|0.000000|0.000000|0.000000|0.135510|1.766955|1.902465|
2457377.95833333|0.000000|0.000000|0.000000|0.132838|1.759160|1.891999|
2457378.00000000|0.000000|0.000000|0.000000|0.130205|1.751406|1.881610|
2457378.04166667|0.000000|0.000000|0.000000|0.127609|1.743690|1.871299|
2457378.08333333|0.000000|0.000000|0.000000|0.125052|1.736014|1.861066|
2457378.12500000|0.000000|0.000000|0.000000|0.122534|1.728376|1.850910|
2457378.16666667|0.000000|0.000000|0.000000|0.120055|1.720777|1.840831|
2457378.20833333|0.000000|0.000000|0.000000|0.117613|1.713216|1.830829|
2457378.25000000|0.000000|0.000000|0.000000|0.115211|1.705693|1.820904|
2457378.29166667|0.000000|0.000000|0.000000|0.112846|1.698208|1.811054|
2457378.33333333|0.000000|0.000000|0.000000|0.110520|1.690761|1.801281|
2457378.37500000|0.000000|0.000000|0.000000|0.108232|1.683351|1.791582|
2457378.41666667|0.000000|0.000000|0.000000|0.105981|1.675978|1.781959|
2457378.45833333|0.000000|0.000000|0.000000|0.103768|1.668642|1.772410|
2457378.50000000|0.000000|0.000000|0.000000|0.101593|1.661343|1.762936|
2457378.54166667|0.000000|0.000000|0.000000|0.099455|1.654080|1.753534|
2457378.58333333|0.000000|0.000000|0.000000|0.097353|1.646853|1.744206|
2457378.62500000|0.000000|0.000000|0.000000|0.095288|1.639663|1.734951|
2457378.66666667|0.000000|0.000000|0.000000|0.093260|1.632508|1.725768|
2457378.70833333|0.000000|0.000000|0.000000|0.091267|1.625389|1.716656|
2457378.75000000|1.300000|0.022322|0.001339|0.089310|1.618478|1.709128|
2457378.79166667|6.200000|0.476871|0.039997|0.087388|1.612205|1.739590|
2457378.83333333|6.500000|0.522193|0.280786|0.086616|1.605997|1.973399|
2457378.87500000|7.300000|0.652195|0.441653|0.090801|1.599910|2.132364|
2457378.91666667|37.700001|12.677781|1.297394|0.099870|1.596340|2.993605|
2457378.95833333|9.700000|1.118671|6.792372|0.114110|1.590562|8.497044|
2457379.00000000|2.500000|0.081265|4.219106|0.149224|1.583978|5.952307|
2457379.04166667|1.300000|0.022322|1.896912|0.189611|1.577272|3.663795|
2457379.08333333|0.800000|0.008510|0.549223|0.229550|1.570533|2.349306|
2457379.12500000|0.000000|0.000000|0.053902|0.268036|1.563721|1.885659|
2457379.16666667|0.000000|0.000000|0.007499|0.304696|1.556942|1.869137|
2457379.20833333|0.000000|0.000000|0.001691|0.338916|1.550196|1.890803|
2457379.25000000|0.000000|0.000000|0.000255|0.370808|1.543484|1.914547|
2457379.29166667|0.000000|0.000000|0.000000|0.400482|1.536804|1.937286|
2457379.33333333|0.000000|0.000000|0.000000|0.428041|1.530157|1.958198|
2457379.37500000|0.000000|0.000000|0.000000|0.453586|1.523543|1.977130|
2457379.41666667|0.000000|0.000000|0.000000|0.477214|1.516961|1.994175|
2457379.45833333|0.000000|0.000000|0.000000|0.499015|1.510412|2.009427|
2457379.50000000|0.000000|0.000000|0.000000|0.519079|1.503894|2.022973|
2457379.54166667|0.000000|0.000000|0.000000|0.537490|1.497408|2.034898|
2457379.58333333|0.000000|0.000000|0.000000|0.554330|1.490954|2.045283|
2457379.62500000|0.000000|0.000000|0.000000|0.569675|1.484531|2.054206|
2457379.66666667|0.000000|0.000000|0.000000|0.583600|1.478139|2.061739|
2457379.70833333|0.000000|0.000000|0.000000|0.596177|1.471779|2.067956|
2457379.75000000|0.000000|0.000000|0.000000|0.607475|1.465449|2.072924|
2457379.79166667|0.000000|0.000000|0.000000|0.617558|1.459150|2.076708|
2457379.83333333|0.000000|0.000000|0.000000|0.626489|1.452881|2.079370|
2457379.87500000|0.000000|0.000000|0.000000|0.634329|1.446643|2.080972|
2457379.91666667|0.000000|0.000000|0.000000|0.641134|1.440435|2.081569|
2457379.95833333|0.000000|0.000000|0.000000|0.646960|1.434257|2.081217|
2457380.00000000|0.000000|0.000000|0.000000|0.651860|1.428109|2.079969|
2457380.04166667|3.900000|0.194231|0.011654|0.655883|1.422485|2.090022|
2457380.08333333|1.200000|0.019045|0.100201|0.659078|1.416551|2.175830|
2457380.12500000|11.600000|1.564492|0.157967|0.664723|1.411825|2.234515|
2457380.16666667|1.800000|0.042515|0.829082|0.670466|1.406019|2.905567|
2457380.20833333|0.900000|0.010756|0.468498|0.684016|1.400125|2.552639|
2457380.25000000|0.000000|0.000000|0.205700|0.697682|1.394141|2.297523|
2457380.29166667|10.000000|1.184711|0.126131|0.710689|1.389358|2.226177|
2457380.33333333|1.800000|0.042515|0.609320|0.722287|1.383659|2.715266|
2457380.37500000|0.600000|0.004799|0.354012|0.740236|1.377833|2.472081|
2457380.41666667|2.200000|0.063178|0.160308|0.757990|1.372240|2.290538|
2457380.45833333|0.700000|0.006524|0.074599|0.774532|1.366481|2.215613|
2457380.50000000|3.800000|0.184634|0.033946|0.791263|1.361138|2.186347|
2457380.54166667|1.400000|0.025855|0.105267|0.806898|1.355522|2.267687|
2457380.58333333|2.200000|0.063178|0.071352|0.824034|1.350035|2.245421|
2457380.62500000|1.600000|0.033680|0.063833|0.840615|1.344498|2.248945|
2457380.66666667|1.600000|0.033680|0.045529|0.857322|1.338987|2.241838|
2457380.70833333|0.000000|0.000000|0.034964|0.873636|1.333295|2.241895|
2457380.75000000|0.000000|0.000000|0.015367|0.889566|1.327630|2.232563|
2457380.79166667|0.000000|0.000000|0.005052|0.903753|1.321991|2.230797|
2457380.83333333|0.000000|0.000000|0.001010|0.916289|1.316380|2.233679|
2457380.87500000|0.000000|0.000000|0.000000|0.927259|1.310795|2.238054|
2457380.91666667|0.000000|0.000000|0.000000|0.936746|1.305237|2.241983|
2457380.95833333|0.000000|0.000000|0.000000|0.944830|1.299704|2.244534|
2457381.00000000|0.000000|0.000000|0.000000|0.951585|1.294198|2.245783|
2457381.04166667|0.000000|0.000000|0.000000|0.957085|1.288718|2.245803|
2457381.08333333|0.000000|0.000000|0.000000|0.961398|1.283264|2.244662|
2457381.12500000|0.000000|0.000000|0.000000|0.964591|1.277836|2.242427|
2457381.16666667|0.000000|0.000000|0.000000|0.966727|1.272433|2.239160|
2457381.20833333|0.000000|0.000000|0.000000|0.967867|1.267055|2.234923|
2457381.25000000|0.000000|0.000000|0.000000|0.968069|1.261703|2.229772|
2457381.29166667|0.000000|0.000000|0.000000|0.967387|1.256376|2.223763|
2457381.33333333|0.000000|0.000000|0.000000|0.965875|1.251074|2.216949|
2457381.37500000|0.000000|0.000000|0.000000|0.963583|1.245797|2.209380|
2457381.41666667|0.000000|0.000000|0.000000|0.960559|1.240544|2.201104|
2457381.45833333|0.600000|0.004799|0.000288|0.956850|1.235394|2.192532|
2457381.50000000|1.500000|0.029641|0.004226|0.952498|1.230383|2.187108|
2457381.54166667|0.100000|0.000134|0.016469|0.948066|1.225216|2.189751|
2457381.58333333|0.000000|0.000000|0.008944|0.944324|1.220060|2.173328|
2457381.62500000|0.000000|0.000000|0.003738|0.940041|1.214927|2.158707|
2457381.66666667|0.400000|0.002139|0.001034|0.935164|1.209871|2.146069|
2457381.70833333|0.000000|0.000000|0.001095|0.929735|1.204786|2.135616|
2457381.75000000|0.200000|0.000536|0.000631|0.924136|1.199751|2.124518|
2457381.79166667|0.000000|0.000000|0.000530|0.918036|1.194714|2.113280|
2457381.83333333|0.200000|0.000536|0.000246|0.911645|1.189725|2.101617|
2457381.87500000|0.000000|0.000000|0.000338|0.904811|1.184734|2.089883|
2457381.91666667|0.000000|0.000000|0.000166|0.897740|1.179766|2.077673|
2457381.95833333|0.000000|0.000000|0.000064|0.890280|1.174821|2.065165|
2457382.00000000|0.000000|0.000000|0.000016|0.882459|1.169899|2.052374|
2457382.04166667|0.000000|0.000000|0.000000|0.874306|1.165000|2.039306|
2457382.08333333|0.000000|0.000000|0.000000|0.865848|1.160123|2.025971|
2457382.12500000|0.000000|0.000000|0.000000|0.857110|1.155269|2.012379|
2457382.16666667|0.000000|0.000000|0.000000|0.848118|1.150437|1.998555|
2457382.20833333|0.000000|0.000000|0.000000|0.838893|1.145628|1.984522|
2457382.25000000|0.000000|0.000000|0.000000|0.829459|1.140841|1.970300|
2457382.29166667|0.000000|0.000000|0.000000|0.819836|1.136076|1.955912|
2457382.33333333|0.000000|0.000000|0.000000|0.810044|1.131332|1.941376|
2457382.37500000|0.000000|0.000000|0.000000|0.800101|1.126611|1.926712|
2457382.41666667|0.000000|0.000000|0.000000|0.790026|1.121911|1.911938|
2457382.45833333|0.000000|0.000000|0.000000|0.779836|1.117233|1.897069|
2457382.50000000|0.000000|0.000000|0.000000|0.769546|1.112576|1.882122|
2457382.54166667|0.000000|0.000000|0.000000|0.759171|1.107941|1.867112|
2457382.58333333|1.500000|0.029641|0.001778|0.748726|1.103517|1.854022|
2457382.62500000|0.000000|0.000000|0.015117|0.738225|1.098923|1.852265|
2457382.66666667|0.000000|0.000000|0.008299|0.728962|1.094351|1.831612|
2457382.70833333|0.000000|0.000000|0.003557|0.719590|1.089799|1.812946|
2457382.75000000|0.000000|0.000000|0.000889|0.710125|1.085267|1.796281|
2457382.79166667|0.000000|0.000000|0.000000|0.700580|1.080757|1.781337|
2457382.83333333|0.000000|0.000000|0.000000|0.690968|1.076267|1.767235|
2457382.87500000|0.000000|0.000000|0.000000|0.681303|1.071797|1.753100|
2457382.91666667|0.000000|0.000000|0.000000|0.671596|1.067348|1.738944|
2457382.95833333|0.000000|0.000000|0.000000|0.661858|1.062919|1.724777|
2457383.00000000|0.000000|0.000000|0.000000|0.652099|1.058511|1.710610|
2457383.04166667|0.000000|0.000000|0.000000|0.642331|1.054122|1.696453|
2457383.08333333|0.000000|0.000000|0.000000|0.632562|1.049753|1.682315|
2457383.12500000|0.000000|0.000000|0.000000|0.622801|1.045404|1.668205|
2457383.16666667|0.000000|0.000000|0.000000|0.613056|1.041075|1.654131|
2457383.20833333|0.000000|0.000000|0.000000|0.603336|1.036765|1.640101|
2457383.25000000|0.000000|0.000000|0.000000|0.593646|1.032475|1.626122|
2457383.29166667|0.000000|0.000000|0.000000|0.583996|1.028205|1.612200|
2457383.33333333|0.000000|0.000000|0.000000|0.574390|1.023953|1.598343|
2457383.37500000|0.000000|0.000000|0.000000|0.564834|1.019721|1.584555|
2457383.41666667|0.000000|0.000000|0.000000|0.555336|1.015508|1.570843|
2457383.45833333|0.000000|0.000000|0.000000|0.545898|1.011314|1.557212|
2457383.50000000|0.000000|0.000000|0.000000|0.536528|1.007139|1.543666|
2457383.54166667|0.000000|0.000000|0.000000|0.527228|1.002982|1.530210|
2457383.58333333|0.000000|0.000000|0.000000|0.518003|0.998845|1.516847|
2457383.62500000|0.000000|0.000000|0.000000|0.508857|0.994726|1.503583|
2457383.66666667|0.000000|0.000000|0.000000|0.499794|0.990625|1.490419|
2457383.70833333|0.000000|0.000000|0.000000|0.490816|0.986543|1.477359|
2457383.75000000|0.000000|0.000000|0.000000|0.481928|0.982479|1.464407|
2457383.79166667|0.000000|0.000000|0.000000|0.473131|0.978434|1.451564|
2457383.83333333|0.000000|0.000000|0.000000|0.464428|0.974406|1.438834|
2457383.87500000|0.000000|0.000000|0.000000|0.455821|0.970397|1.426218|
2457383.91666667|0.000000|0.000000|0.000000|0.447313|0.966406|1.413719|
2457383.95833333|0.000000|0.000000|0.000000|0.438905|0.962432|1.401337|
2457384.00000000|0.000000|0.000000|0.000000|0.430599|0.958476|1.389075|
2457384.04166667|0.000000|0.000000|0.000000|0.422396|0.954538|1.376935|
2457384.08333333|1.500000|0.029641|0.001778|0.414298|0.950806|1.366883|
2457384.12500000|4.300000|0.234917|0.029212|0.406306|0.947422|1.382940|
2457384.16666667|0.000000|0.000000|0.128107|0.399703|0.943533|1.471342|
2457384.20833333|0.000000|0.000000|0.069334|0.396674|0.939661|1.405669|
2457384.25000000|0.000000|0.000000|0.029079|0.393468|0.935807|1.358354|
2457384.29166667|0.000000|0.000000|0.007048|0.390097|0.931970|1.329115|
2457384.33333333|0.000000|0.000000|0.000000|0.386574|0.928150|1.314724|
2457384.37500000|0.000000|0.000000|0.000000|0.382911|0.924347|1.307259|
2457384.41666667|0.000000|0.000000|0.000000|0.379121|0.920561|1.299682|
2457384.45833333|0.000000|0.000000|0.000000|0.375213|0.916792|1.292005|
2457384.50000000|0.000000|0.000000|0.000000|0.371198|0.913040|1.284238|
2457384.54166667|0.000000|0.000000|0.000000|0.367087|0.909304|1.276390|
2457384.58333333|0.000000|0.000000|0.000000|0.362888|0.905584|1.268472|
2457384.62500000|0.000000|0.000000|0.000000|0.358610|0.901882|1.260492|
2457384.66666667|0.000000|0.000000|0.000000|0.354263|0.898195|1.252458|
2457384.70833333|0.000000|0.000000|0.000000|0.349854|0.894525|1.244379|
2457384.75000000|0.000000|0.000000|0.000000|0.345390|0.890871|1.236261|
2457384.79166667|0.000000|0.000000|0.000000|0.340880|0.887233|1.228113|
2457384.83333333|0.000000|0.000000|0.000000|0.336329|0.883612|1.219941|
2457384.87500000|0.000000|0.000000|0.000000|0.331745|0.880006|1.211750|
2457384.91666667|0.000000|0.000000|0.000000|0.327133|0.876416|1.203549|
2457384.95833333|0.000000|0.000000|0.000000|0.322499|0.872842|1.195341|
2457385.00000000|0.000000|0.000000|0.000000|0.317848|0.869284|1.187132|
2457385.04166667|0.000000|0.000000|0.000000|0.313187|0.865741|1.178928|
2457385.08333333|0.000000|0.000000|0.000000|0.308519|0.862214|1.170733|
2457385.12500000|0.000000|0.000000|0.000000|0.303849|0.858703|1.162552|
2457385.16666667|0.000000|0.000000|0.000000|0.299182|0.855206|1.154388|
2457385.20833333|0.000000|0.000000|0.000000|0.294521|0.851726|1.146247|
2457385.25000000|0.000000|0.000000|0.000000|0.289871|0.848260|1.138131|
2457385.29166667|0.000000|0.000000|0.000000|0.285235|0.844810|1.130045|
2457385.33333333|0.000000|0.000000|0.000000|0.280616|0.841375|1.121990|
2457385.37500000|0.000000|0.000000|0.000000|0.276017|0.837955|1.113972|
2457385.41666667|0.000000|0.000000|0.000000|0.271442|0.834550|1.105991|
2457385.45833333|0.000000|0.000000|0.000000|0.266893|0.831159|1.098052|
2457385.50000000|0.000000|0.000000|0.000000|0.262372|0.827784|1.090156|
2457385.54166667|0.000000|0.000000|0.000000|0.257883|0.824423|1.082306|
2457385.58333333|0.000000|0.000000|0.000000|0.253426|0.821078|1.074504|
2457385.62500000|0.000000|0.000000|0.000000|0.249005|0.817746|1.066752|
2457385.66666667|0.400000|0.002139|0.000128|0.244622|0.814480|1.059230|
2457385.70833333|0.100000|0.000134|0.001099|0.240277|0.811190|1.052565|
2457385.75000000|2.200000|0.063178|0.004458|0.236319|0.808171|1.048949|
2457385.79166667|2.300000|0.068962|0.036653|0.232470|0.805178|1.074301|
2457385.83333333|5.100000|0.327134|0.072569|0.230503|0.802518|1.105589|
2457385.87500000|5.900000|0.433452|0.219740|0.230389|0.799957|1.250086|
2457385.91666667|1.500000|0.029641|0.324607|0.234237|0.796903|1.355747|
2457385.95833333|1.100000|0.016025|0.178770|0.242413|0.793813|1.214996|
2457386.00000000|0.000000|0.000000|0.078300|0.251170|0.790601|1.120071|
2457386.04166667|0.000000|0.000000|0.021047|0.260129|0.787402|1.068578|
2457386.08333333|0.000000|0.000000|0.002812|0.268324|0.784217|1.055353|
2457386.12500000|0.000000|0.000000|0.000481|0.275793|0.781046|1.057320|
2457386.16666667|0.000000|0.000000|0.000000|0.282573|0.777889|1.060462|
2457386.20833333|0.000000|0.000000|0.000000|0.288697|0.774745|1.063443|
2457386.25000000|0.000000|0.000000|0.000000|0.294200|0.771615|1.065816|
2457386.29166667|0.000000|0.000000|0.000000|0.299113|0.768499|1.067612|
2457386.33333333|0.000000|0.000000|0.000000|0.303466|0.765396|1.068862|
2457386.37500000|0.000000|0.000000|0.000000|0.307289|0.762307|1.069596|
2457386.41666667|0.000000|0.000000|0.000000|0.310609|0.759231|1.069840|
2457386.45833333|0.000000|0.000000|0.000000|0.313454|0.756168|1.069622|
2457386.50000000|0.000000|0.000000|0.000000|0.315848|0.753118|1.068966|
2457386.54166667|0.000000|0.000000|0.000000|0.317817|0.750082|1.067898|
2457386.58333333|0.000000|0.000000|0.000000|0.319383|0.747058|1.066441|
2457386.62500000|0.000000|0.000000|0.000000|0.320569|0.744048|1.064617|
2457386.66666667|0.000000|0.000000|0.000000|0.321397|0.741051|1.062447|
2457386.70833333|0.000000|0.000000|0.000000|0.321886|0.738066|1.059952|
2457386.75000000|0.000000|0.000000|0.000000|0.322057|0.735095|1.057151|
2457386.79166667|0.000000|0.000000|0.000000|0.321928|0.732136|1.054064|
2457386.83333333|0.000000|0.000000|0.000000|0.321517|0.729190|1.050706|
2457386.87500000|0.000000|0.000000|0.000000|0.320840|0.726256|1.047096|
2457386.91666667|0.700000|0.006524|0.000391|0.319915|0.723422|1.043729|
2457386.95833333|1.400000|0.025855|0.004878|0.318757|0.720685|1.044321|
2457387.00000000|0.000000|0.000000|0.015012|0.317985|0.717788|1.050786|
2457387.04166667|0.000000|0.000000|0.008022|0.318170|0.714904|1.041096|
2457387.08333333|0.000000|0.000000|0.003298|0.318059|0.712032|1.033389|
2457387.12500000|0.100000|0.000134|0.000784|0.317667|0.709184|1.027635|
2457387.16666667|8.400001|0.852084|0.051193|0.317013|0.707280|1.075487|
2457387.20833333|34.799999|11.089222|1.099954|0.316199|0.707405|2.123558|
2457387.25000000|7.300000|0.652195|5.933234|0.321731|0.705396|6.960361|
2457387.29166667|4.700000|0.279236|3.556610|0.347321|0.703117|4.607048|
2457387.33333333|3.700000|0.175268|1.691810|0.376883|0.700736|2.769429|
2457387.37500000|4.200000|0.224403|0.591977|0.408213|0.698421|1.698611|
2457387.41666667|8.300000|0.832923|0.266570|0.440398|0.696552|1.403520|
2457387.45833333|3.300000|0.140139|0.525441|0.473751|0.694153|1.693345|
2457387.50000000|0.000000|0.000000|0.336875|0.511217|0.691370|1.539462|
2457387.54166667|0.000000|0.000000|0.145922|0.548764|0.688598|1.383284|
2457387.58333333|0.000000|0.000000|0.041804|0.583599|0.685839|1.311242|
2457387.62500000|0.000000|0.000000|0.004204|0.615849|0.683091|1.303144|
2457387.66666667|0.000000|0.000000|0.000000|0.645640|0.680354|1.325994|
2457387.70833333|0.000000|0.000000|0.000000|0.673088|0.677630|1.350718|
2457387.75000000|0.000000|0.000000|0.000000|0.698309|0.674917|1.373226|
2457387.79166667|0.000000|0.000000|0.000000|0.721410|0.672216|1.393626|
2457387.83333333|0.000000|0.000000|0.000000|0.742497|0.669526|1.412023|
2457387.87500000|0.000000|0.000000|0.000000|0.761670|0.666847|1.428517|
2457387.91666667|0.000000|0.000000|0.000000|0.779024|0.664180|1.443204|
2457387.95833333|0.000000|0.000000|0.000000|0.794651|0.661524|1.456175|
2457388.00000000|0.000000|0.000000|0.000000|0.808639|0.658880|1.467519|
2457388.04166667|0.000000|0.000000|0.000000|0.821073|0.656246|1.477320|
2457388.08333333|0.000000|0.000000|0.000000|0.832033|0.653624|1.485658|
2457388.12500000|0.000000|0.000000|0.000000|0.841597|0.651013|1.492610|
2457388.16666667|0.000000|0.000000|0.000000|0.849838|0.648413|1.498251|
2457388.20833333|0.000000|0.000000|0.000000|0.856827|0.645825|1.502652|
2457388.25000000|0.000000|0.000000|0.000000|0.862632|0.643247|1.505878|
2457388.29166667|0.000000|0.000000|0.000000|0.867317|0.640680|1.507997|
2457388.33333333|0.000000|0.000000|0.000000|0.870945|0.638123|1.509068|
2457388.37500000|0.000000|0.000000|0.000000|0.873575|0.635578|1.509153|
2457388.41666667|0.000000|0.000000|0.000000|0.875263|0.633044|1.508306|
2457388.45833333|0.000000|0.000000|0.000000|0.876063|0.630520|1.506583|
2457388.50000000|0.000000|0.000000|0.000000|0.876028|0.628006|1.504034|
2457388.54166667|0.000000|0.000000|0.000000|0.875206|0.625504|1.500710|
2457388.58333333|0.000000|0.000000|0.000000|0.873646|0.623012|1.496657|
2457388.62500000|0.000000|0.000000|0.000000|0.871391|0.620530|1.491921|
2457388.66666667|0.000000|0.000000|0.000000|0.868485|0.618059|1.486544|
2457388.70833333|0.000000|0.000000|0.000000|0.864969|0.615598|1.480568|
2457388.75000000|0.000000|0.000000|0.000000|0.860883|0.613148|1.474031|
2457388.79166667|0.000000|0.000000|0.000000|0.856263|0.610708|1.466971|
2457388.83333333|0.000000|0.000000|0.000000|0.851146|0.608278|1.459424|
2457388.87500000|0.000000|0.000000|0.000000|0.845565|0.605859|1.451424|
2457388.91666667|0.000000|0.000000|0.000000|0.839553|0.603449|1.443003|
2457388.95833333|0.000000|0.000000|0.000000|0.833141|0.601050|1.434191|
2457389.00000000|0.000000|0.000000|0.000000|0.826358|0.598661|1.425019|
2457389.04166667|0.000000|0.000000|0.000000|0.819232|0.596282|1.415514|
2457389.08333333|0.000000|0.000000|0.000000|0.811789|0.593913|1.405702|
2457389.12500000|0.000000|0.000000|0.000000|0.804056|0.591554|1.395610|
2457389.16666667|0.000000|0.000000|0.000000|0.796057|0.589204|1.385261|
2457389.20833333|0.000000|0.000000|0.000000|0.787814|0.586865|1.374678|
2457389.25000000|0.000000|0.000000|0.000000|0.779348|0.584535|1.363884|
2457389.29166667|0.000000|0.000000|0.000000|0.770682|0.582215|1.352898|
2457389.33333333|0.000000|0.000000|0.000000|0.761834|0.579905|1.341740|
2457389.37500000|0.000000|0.000000|0.000000|0.752824|0.577605|1.330429|
2457389.41666667|0.000000|0.000000|0.000000|0.743669|0.575314|1.318982|
2457389.45833333|0.000000|0.000000|0.000000|0.734385|0.573033|1.307417|
2457389.50000000|0.000000|0.000000|0.000000|0.724989|0.570761|1.295750|
2457389.54166667|0.000000|0.000000|0.000000|0.715496|0.568498|1.283994|
2457389.58333333|0.000000|0.000000|0.000000|0.705920|0.566246|1.272165|
2457389.62500000|0.000000|0.000000|0.000000|0.696274|0.564002|1.260276|
2457389.66666667|0.000000|0.000000|0.000000|0.686572|0.561768|1.248340|
2457389.70833333|0.000000|0.000000|0.000000|0.676826|0.559543|1.236369|
2457389.75000000|0.000000|0.000000|0.000000|0.667046|0.557328|1.224374|
2457389.79166667|0.000000|0.000000|0.000000|0.657244|0.555122|1.212366|
2457389.83333333|0.000000|0.000000|0.000000|0.647430|0.552925|1.200354|
2457389.87500000|0.000000|0.000000|0.000000|0.637613|0.550737|1.188350|
2457389.91666667|0.000000|0.000000|0.000000|0.627802|0.548558|1.176360|
2457389.95833333|0.000000|0.000000|0.000000|0.618006|0.546388|1.164395|
2457390.00000000|0.000000|0.000000|0.000000|0.608233|0.544228|1.152461|
2457390.04166667|0.000000|0.000000|0.000000|0.598490|0.542076|1.140566|
2457390.08333333|0.000000|0.000000|0.000000|0.588785|0.539933|1.128718|
2457390.12500000|0.000000|0.000000|0.000000|0.579123|0.537799|1.116922|
2457390.16666667|0.000000|0.000000|0.000000|0.569510|0.535674|1.105185|
2457390.20833333|0.000000|0.000000|0.000000|0.559954|0.533558|1.093512|
2457390.25000000|0.000000|0.000000|0.000000|0.550458|0.531451|1.081909|
2457390.29166667|0.000000|0.000000|0.000000|0.541028|0.529352|1.070380|
2457390.33333333|0.000000|0.000000|0.000000|0.531668|0.527262|1.058930|
2457390.37500000|0.000000|0.000000|0.000000|0.522383|0.525181|1.047564|
2457390.41666667|0.000000|0.000000|0.000000|0.513177|0.523108|1.036285|
2457390.45833333|0.000000|0.000000|0.000000|0.504052|0.521044|1.025097|
2457390.50000000|0.000000|0.000000|0.000000|0.495014|0.518989|1.014002|
2457390.54166667|0.000000|0.000000|0.000000|0.486064|0.516942|1.003006|
2457390.58333333|0.000000|0.000000|0.000000|0.477205|0.514903|0.992109|
2457390.62500000|0.000000|0.000000|0.000000|0.468441|0.512873|0.981314|
2457390.66666667|0.000000|0.000000|0.000000|0.459773|0.510851|0.970624|
2457390.70833333|0.000000|0.000000|0.000000|0.451204|0.508838|0.960041|
2457390.75000000|0.000000|0.000000|0.000000|0.442734|0.506833|0.949567|
2457390.79166667|0.000000|0.000000|0.000000|0.434367|0.504836|0.939203|
2457390.83333333|0.000000|0.000000|0.000000|0.426104|0.502848|0.928951|
2457390.87500000|0.000000|0.000000|0.000000|0.417945|0.500867|0.918812|
2457390.91666667|0.000000|0.000000|0.000000|0.409893|0.498895|0.908788|
2457390.95833333|0.000000|0.000000|0.000000|0.401947|0.496931|0.898878|
2457391.00000000|0.000000|0.000000|0.000000|0.394109|0.494975|0.889084|
2457391.04166667|0.000000|0.000000|0.000000|0.386380|0.493027|0.879407|
2457391.08333333|0.000000|0.000000|0.000000|0.378760|0.491088|0.869847|
2457391.12500000|0.000000|0.000000|0.000000|0.371249|0.489156|0.860405|
2457391.16666667|0.000000|0.000000|0.000000|0.363848|0.487232|0.851080|
2457391.20833333|0.000000|0.000000|0.000000|0.356557|0.485316|0.841873|
2457391.25000000|0.000000|0.000000|0.000000|0.349376|0.483408|0.832784|
2457391.29166667|0.000000|0.000000|0.000000|0.342305|0.481507|0.823812|
2457391.33333333|0.000000|0.000000|0.000000|0.335344|0.479615|0.814959|
2457391.37500000|0.000000|0.000000|0.000000|0.328492|0.477730|0.806222|
2457391.41666667|0.000000|0.000000|0.000000|0.321750|0.475854|0.797603|
2457391.45833333|0.000000|0.000000|0.000000|0.315116|0.473984|0.789100|
2457391.50000000|0.000000|0.000000|0.000000|0.308591|0.472123|0.780714|
2457391.54166667|0.000000|0.000000|0.000000|0.302174|0.470269|0.772443|
2457391.58333333|0.000000|0.000000|0.000000|0.295864|0.468423|0.764287|
2457391.62500000|0.000000|0.000000|0.000000|0.289661|0.466584|0.756245|
2457391.66666667|0.000000|0.000000|0.000000|0.283564|0.464753|0.748316|
2457391.70833333|0.000000|0.000000|0.000000|0.277571|0.462929|0.740501|
2457391.75000000|0.000000|0.000000|0.000000|0.271684|0.461113|0.732797|
2457391.79166667|0.000000|0.000000|0.000000|0.265899|0.459304|0.725203|
2457391.83333333|0.000000|0.000000|0.000000|0.260217|0.457503|0.717720|
2457391.87500000|0.000000|0.000000|0.000000|0.254637|0.455709|0.710346|
2457391.91666667|0.000000|0.000000|0.000000|0.249158|0.453922|0.703080|
2457391.95833333|0.000000|0.000000|0.000000|0.243778|0.452143|0.695921|
2457392.00000000|0.000000|0.000000|0.000000|0.238496|0.450371|0.688867|
2457392.04166667|0.000000|0.000000|0.000000|0.233312|0.448606|0.681918|
2457392.08333333|0.000000|0.000000|0.000000|0.228225|0.446848|0.675073|
2457392.12500000|0.000000|0.000000|0.000000|0.223232|0.445098|0.668330|
2457392.16666667|0.000000|0.000000|0.000000|0.218334|0.443355|0.661689|
2457392.20833333|0.000000|0.000000|0.000000|0.213529|0.441619|0.655148|
2457392.25000000|0.000000|0.000000|0.000000|0.208816|0.439890|0.648705|
2457392.29166667|0.000000|0.000000|0.000000|0.204193|0.438168|0.642360|
2457392.33333333|0.000000|0.000000|0.000000|0.199660|0.436453|0.636112|
2457392.37500000|0.000000|0.000000|0.000000|0.195215|0.434745|0.629959|
2457392.41666667|0.000000|0.000000|0.000000|0.190856|0.433044|0.623900|
2457392.45833333|0.000000|0.000000|0.000000|0.186584|0.431349|0.617934|
2457392.50000000|0.000000|0.000000|0.000000|0.182396|0.429662|0.612059|
2457392.54166667|0.000000|0.000000|0.000000|0.178292|0.427982|0.606274|
2457392.58333333|0.000000|0.000000|0.000000|0.174270|0.426308|0.600578|
2457392.62500000|0.000000|0.000000|0.000000|0.170328|0.424642|0.594970|
2457392.66666667|0.000000|0.000000|0.000000|0.166467|0.422982|0.589449|
2457392.70833333|0.000000|0.000000|0.000000|0.162683|0.421329|0.584012|
2457392.75000000|0.000000|0.000000|0.000000|0.158977|0.419682|0.578659|
2457392.79166667|0.000000|0.000000|0.000000|0.155347|0.418043|0.573389|
2457392.83333333|0.000000|0.000000|0.000000|0.151791|0.416410|0.568201|
2457392.87500000|0.000000|0.000000|0.000000|0.148309|0.414783|0.563093|
2457392.91666667|0.000000|0.000000|0.000000|0.144900|0.413163|0.558063|
2457392.95833333|0.000000|0.000000|0.000000|0.141561|0.411550|0.553111|
2457393.00000000|0.000000|0.000000|0.000000|0.138293|0.409943|0.548236|
2457393.04166667|0.000000|0.000000|0.000000|0.135093|0.408343|0.543436|
2457393.08333333|0.000000|0.000000|0.000000|0.131960|0.406749|0.538710|
2457393.12500000|0.000000|0.000000|0.000000|0.128894|0.405162|0.534056|
2457393.16666667|0.000000|0.000000|0.000000|0.125893|0.403581|0.529475|
2457393.20833333|0.000000|0.000000|0.000000|0.122957|0.402007|0.524964|
2457393.25000000|0.000000|0.000000|0.000000|0.120083|0.400439|0.520522|
2457393.29166667|0.000000|0.000000|0.000000|0.117271|0.398877|0.516148|
2457393.33333333|0.000000|0.000000|0.000000|0.114519|0.397322|0.511841|
2457393.37500000|0.000000|0.000000|0.000000|0.111827|0.395773|0.507600|
2457393.41666667|0.000000|0.000000|0.000000|0.109194|0.394230|0.503424|
2457393.45833333|0.000000|0.000000|0.000000|0.106618|0.392694|0.499311|
2457393.50000000|0.000000|0.000000|0.000000|0.104098|0.391163|0.495261|
2457393.54166667|0.000000|0.000000|0.000000|0.101633|0.389639|0.491272|
2457393.58333333|0.000000|0.000000|0.000000|0.099223|0.388121|0.487344|
2457393.62500000|0.000000|0.000000|0.000000|0.096866|0.386609|0.483475|
2457393.66666667|0.000000|0.000000|0.000000|0.094560|0.385104|0.479664|
2457393.70833333|0.000000|0.000000|0.000000|0.092306|0.383604|0.475910|
2457393.75000000|0.000000|0.000000|0.000000|0.090103|0.382110|0.472213|
2457393.79166667|0.000000|0.000000|0.000000|0.087948|0.380623|0.468571|
2457393.83333333|0.000000|0.000000|0.000000|0.085841|0.379141|0.464983|
2457393.87500000|0.000000|0.000000|0.000000|0.083782|0.377666|0.461448|
2457393.91666667|0.000000|0.000000|0.000000|0.081769|0.376196|0.457965|
2457393.95833333|0.000000|0.000000|0.000000|0.079802|0.374732|0.454534|
2457394.00000000|0.000000|0.000000|0.000000|0.077878|0.373275|0.451153|
2457394.04166667|0.000000|0.000000|0.000000|0.075999|0.371823|0.447822|
2457394.08333333|0.000000|0.000000|0.000000|0.074162|0.370377|0.444539|
2457394.12500000|0.000000|0.000000|0.000000|0.072367|0.368936|0.441303|
2457394.16666667|0.000000|0.000000|0.000000|0.070613|0.367502|0.438115|
2457394.20833333|0.000000|0.000000|0.000000|0.068899|0.366073|0.434972|
2457394.25000000|0.000000|0.000000|0.000000|0.067224|0.364650|0.431874|
2457394.29166667|0.000000|0.000000|0.000000|0.065588|0.363233|0.428821|
2457394.33333333|0.000000|0.000000|0.000000|0.063989|0.361822|0.425811|
2457394.37500000|0.000000|0.000000|0.000000|0.062428|0.360416|0.422843|
2457394.41666667|0.000000|0.000000|0.000000|0.060902|0.359016|0.419918|
2457394.45833333|0.000000|0.000000|0.000000|0.059412|0.357621|0.417033|
2457394.50000000|0.000000|0.000000|0.000000|0.057956|0.356232|0.414188|
2457394.54166667|0.000000|0.000000|0.000000|0.056534|0.354849|0.411383|
2457394.58333333|0.000000|0.000000|0.000000|0.055146|0.353471|0.408617|
2457394.62500000|0.000000|0.000000|0.000000|0.053790|0.352099|0.405888|
2457394.66666667|0.000000|0.000000|0.000000|0.052465|0.350732|0.403197|
2457394.70833333|0.000000|0.000000|0.000000|0.051172|0.349371|0.400542|
2457394.75000000|0.000000|0.000000|0.000000|0.049909|0.348015|0.397924|
2457394.79166667|0.000000|0.000000|0.000000|0.048676|0.346664|0.395340|
2457394.83333333|0.000000|0.000000|0.000000|0.047471|0.345319|0.392791|
2457394.87500000|0.000000|0.000000|0.000000|0.046296|0.343980|0.390276|
2457394.91666667|0.000000|0.000000|0.000000|0.045148|0.342646|0.387793|
2457394.95833333|0.000000|0.000000|0.000000|0.044027|0.341317|0.385344|
2457395.00000000|0.000000|0.000000|0.000000|0.042933|0.339993|0.382926|
2457395.04166667|0.000000|0.000000|0.000000|0.041865|0.338675|0.380540|
2457395.08333333|0.000000|0.000000|0.000000|0.040822|0.337362|0.378184|
2457395.12500000|0.000000|0.000000|0.000000|0.039804|0.336054|0.375859|
2457395.16666667|0.000000|0.000000|0.000000|0.038811|0.334752|0.373563|
2457395.20833333|0.000000|0.000000|0.000000|0.037841|0.333455|0.371296|
2457395.25000000|0.000000|0.000000|0.000000|0.036895|0.332162|0.369057|
2457395.29166667|0.000000|0.000000|0.000000|0.035971|0.330876|0.366847|
2457395.33333333|0.000000|0.000000|0.000000|0.035070|0.329594|0.364664|
2457395.37500000|0.000000|0.000000|0.000000|0.034190|0.328317|0.362507|
2457395.41666667|0.000000|0.000000|0.000000|0.033332|0.327046|0.360377|
2457395.45833333|0.000000|0.000000|0.000000|0.032494|0.325779|0.358273|
2457395.50000000|0.000000|0.000000|0.000000|0.031676|0.324518|0.356194|
2457395.54166667|0.000000|0.000000|0.000000|0.030879|0.323261|0.354140|
2457395.58333333|0.000000|0.000000|0.000000|0.030100|0.322010|0.352110|
2457395.62500000|0.000000|0.000000|0.000000|0.029341|0.320764|0.350105|
2457395.66666667|0.000000|0.000000|0.000000|0.028600|0.319522|0.348122|
2457395.70833333|0.000000|0.000000|0.000000|0.027877|0.318286|0.346163|
2457395.75000000|0.000000|0.000000|0.000000|0.027172|0.317054|0.344226|
2457395.79166667|0.000000|0.000000|0.000000|0.026484|0.315828|0.342311|
2457395.83333333|0.000000|0.000000|0.000000|0.025812|0.314606|0.340419|
2457395.87500000|0.000000|0.000000|0.000000|0.025158|0.313389|0.338547|
2457395.91666667|0.000000|0.000000|0.000000|0.024519|0.312177|0.336696|
2457395.95833333|0.000000|0.000000|0.000000|0.023896|0.310970|0.334866|
2457396.00000000|0.000000|0.000000|0.000000|0.023288|0.309768|0.333056|
2457396.04166667|0.000000|0.000000|0.000000|0.022695|0.308570|0.331266|
2457396.08333333|0.000000|0.000000|0.000000|0.022117|0.307378|0.329495|
2457396.12500000|0.000000|0.000000|0.000000|0.021553|0.306190|0.327743|
2457396.16666667|0.000000|0.000000|0.000000|0.021003|0.305006|0.326010|
2457396.20833333|0.000000|0.000000|0.000000|0.020467|0.303828|0.324295|
2457396.25000000|0.000000|0.000000|0.000000|0.019944|0.302654|0.322598|
2457396.29166667|0.000000|0.000000|0.000000|0.019434|0.301485|0.320918|
2457396.33333333|0.000000|0.000000|0.000000|0.018936|0.300320|0.319256|
2457396.37500000|0.000000|0.000000|0.000000|0.018451|0.299160|0.317611|
2457396.41666667|0.000000|0.000000|0.000000|0.017978|0.298005|0.315983|
2457396.45833333|0.000000|0.000000|0.000000|0.017517|0.296854|0.314371|
2457396.50000000|0.000000|0.000000|0.000000|0.017067|0.295708|0.312775|
2457396.54166667|0.000000|0.000000|0.000000|0.016628|0.294566|0.311194|
2457396.58333333|0.000000|0.000000|0.000000|0.016201|0.293429|0.309630|
2457396.62500000|0.000000|0.000000|0.000000|0.015784|0.292296|0.308080|
2457396.66666667|0.000000|0.000000|0.000000|0.015377|0.291168|0.306546|
2457396.70833333|0.000000|0.000000|0.000000|0.014981|0.290045|0.305026|
2457396.75000000|0.000000|0.000000|0.000000|0.014595|0.288926|0.303520|
2457396.79166667|0.000000|0.000000|0.000000|0.014218|0.287811|0.302029|
2457396.83333333|0.000000|0.000000|0.000000|0.013851|0.286701|0.300551|
2457396.87500000|0.000000|0.000000|0.000000|0.013493|0.285595|0.299088|
2457396.91666667|0.000000|0.000000|0.000000|0.013144|0.284493|0.297637|
2457396.95833333|0.000000|0.000000|0.000000|0.012804|0.283396|0.296200|
2457397.00000000|0.000000|0.000000|0.000000|0.012472|0.282303|0.294776|
2457397.04166667|0.000000|0.000000|0.000000|0.012149|0.281215|0.293364|
2457397.08333333|0.000000|0.000000|0.000000|0.011834|0.280131|0.291965|
2457397.12500000|0.000000|0.000000|0.000000|0.011527|0.279051|0.290578|
2457397.16666667|0.000000|0.000000|0.000000|0.011228|0.277975|0.289203|
2457397.20833333|0.000000|0.000000|0.000000|0.010936|0.276904|0.287840|
2457397.25000000|0.000000|0.000000|0.000000|0.010652|0.275837|0.286488|
2457397.29166667|0.000000|0.000000|0.000000|0.010375|0.274774|0.285148|
2457397.33333333|0.000000|0.000000|0.000000|0.010104|0.273715|0.283820|
2457397.37500000|0.000000|0.000000|0.000000|0.009841|0.272661|0.282502|
2457397.41666667|0.000000|0.000000|0.000000|0.009585|0.271610|0.281195|
2457397.45833333|0.000000|0.000000|0.000000|0.009335|0.270564|0.279899|
2457397.50000000|0.000000|0.000000|0.000000|0.009091|0.269522|0.278614|
2457397.54166667|0.000000|0.000000|0.000000|0.008854|0.268484|0.277338|
2457397.58333333|0.000000|0.000000|0.000000|0.008623|0.267451|0.276073|
2457397.62500000|0.000000|0.000000|0.000000|0.008397|0.266421|0.274818|
2457397.66666667|0.000000|0.000000|0.000000|0.008178|0.265395|0.273573|
2457397.70833333|0.000000|0.000000|0.000000|0.007964|0.264374|0.272337|
2457397.75000000|0.000000|0.000000|0.000000|0.007755|0.263356|0.271111|
2457397.79166667|0.000000|0.000000|0.000000|0.007552|0.262343|0.269894|
2457397.83333333|0.000000|0.000000|0.000000|0.007354|0.261333|0.268687|
2457397.87500000|0.000000|0.000000|0.000000|0.007161|0.260327|0.267488|
2457397.91666667|0.000000|0.000000|0.000000|0.006973|0.259326|0.266299|
2457397.95833333|0.000000|0.000000|0.000000|0.006790|0.258328|0.265118|
2457398.00000000|0.000000|0.000000|0.000000|0.006611|0.257334|0.263946|
2457398.04166667|0.000000|0.000000|0.000000|0.006438|0.256345|0.262782|
2457398.08333333|0.000000|0.000000|0.000000|0.006268|0.255359|0.261627|
2457398.12500000|0.000000|0.000000|0.000000|0.006103|0.254377|0.260480|
2457398.16666667|0.000000|0.000000|0.000000|0.005943|0.253399|0.259341|
2457398.20833333|0.000000|0.000000|0.000000|0.005786|0.252424|0.258210|
2457398.25000000|0.000000|0.000000|0.000000|0.005634|0.251454|0.257088|
2457398.29166667|0.000000|0.000000|0.000000|0.005485|0.250487|0.255972|
2457398.33333333|0.000000|0.000000|0.000000|0.005340|0.249525|0.254865|
2457398.37500000|0.000000|0.000000|0.000000|0.005199|0.248566|0.253765|
2457398.41666667|0.000000|0.000000|0.000000|0.005062|0.247610|0.252672|
2457398.45833333|0.000000|0.000000|0.000000|0.004928|0.246659|0.251587|
2457398.50000000|0.000000|0.000000|0.000000|0.004798|0.245711|0.250509|
2457398.54166667|0.000000|0.000000|0.000000|0.004671|0.244767|0.249438|
2457398.58333333|0.000000|0.000000|0.000000|0.004547|0.243827|0.248374|
2457398.62500000|0.000000|0.000000|0.000000|0.004427|0.242890|0.247317|
2457398.66666667|0.000000|0.000000|0.000000|0.004310|0.241957|0.246267|
2457398.70833333|0.000000|0.000000|0.000000|0.004195|0.241028|0.245223|
2457398.75000000|0.000000|0.000000|0.000000|0.004084|0.240102|0.244187|
2457398.79166667|0.000000|0.000000|0.000000|0.003976|0.239180|0.243156|
2457398.83333333|0.000000|0.000000|0.000000|0.003870|0.238262|0.242132|
2457398.87500000|0.000000|0.000000|0.000000|0.003768|0.237347|0.241115|
2457398.91666667|0.000000|0.000000|0.000000|0.003668|0.236436|0.240104|
2457398.95833333|0.000000|0.000000|0.000000|0.003570|0.235529|0.239099|
2457399.00000000|0.000000|0.000000|0.000000|0.003475|0.234625|0.238100|
2457399.04166667|0.000000|0.000000|0.000000|0.003383|0.233724|0.237107|
2457399.08333333|0.000000|0.000000|0.000000|0.003293|0.232827|0.236120|
[       OK ] Tshirt_C_Realization_Test.TestBaseFlowCalc1a (56 ms)
[ RUN      ] Tshirt_C_Realization_Test.TestTotalDischargeOutputCalc1a
2457357.50000000|10.000000|1.522619|0.091357|0.000000|191.106140|191.197497|
2457357.54166667|0.000000|0.000000|0.776536|0.000000|177.198214|177.974750|
2457357.58333333|0.000000|0.000000|0.426333|0.093168|165.163302|165.682804|
2457357.62500000|0.000000|0.000000|0.182714|0.180746|154.643488|155.006948|
2457357.66666667|0.000000|0.000000|0.045679|0.262986|145.367169|145.675833|
2457357.70833333|0.000000|0.000000|0.000000|0.340128|137.124396|137.464524|
2457357.75000000|0.000000|0.000000|0.000000|0.412405|129.750237|130.162643|
2457357.79166667|0.000000|0.000000|0.000000|0.480040|123.113277|123.593317|
2457357.83333333|0.000000|0.000000|0.000000|0.543245|117.107476|117.650721|
2457357.87500000|0.000000|0.000000|0.000000|0.602226|111.646304|112.248530|
2457357.91666667|0.000000|0.000000|0.000000|0.657179|106.658437|107.315616|
2457357.95833333|0.000000|0.000000|0.000000|0.708293|102.084540|102.792833|
2457358.00000000|0.000000|0.000000|0.000000|0.755749|97.874845|98.630593|
2457358.04166667|0.000000|0.000000|0.000000|0.799719|93.987286|94.787005|
2457358.08333333|0.000000|0.000000|0.000000|0.840372|90.386066|91.226438|
2457358.12500000|0.000000|0.000000|0.000000|0.877865|87.040521|87.918387|
2457358.16666667|0.000000|0.000000|0.000000|0.912353|83.924234|84.836587|
2457358.20833333|0.000000|0.000000|0.000000|0.943981|81.014320|81.958301|
2457358.25000000|0.000000|0.000000|0.000000|0.972891|78.290850|79.263741|
2457358.29166667|0.000000|0.000000|0.000000|0.999216|75.736395|76.735611|
2457358.33333333|0.000000|0.000000|0.000000|1.023086|73.335636|74.358722|
2457358.37500000|0.000000|0.000000|0.000000|1.044625|71.075061|72.119685|
2457358.41666667|0.000000|0.000000|0.000000|1.063950|68.942699|70.006649|
2457358.45833333|0.000000|0.000000|0.000000|1.081176|66.927909|68.009085|
2457358.50000000|0.000000|0.000000|0.000000|1.096411|65.021203|66.117613|
2457358.54166667|0.000000|0.000000|0.000000|1.109758|63.214085|64.323844|
2457358.58333333|0.000000|0.000000|0.000000|1.121318|61.498934|62.620253|
2457358.62500000|0.000000|0.000000|0.000000|1.131186|59.868887|61.000073|
2457358.66666667|0.000000|0.000000|0.000000|1.139452|58.317750|59.457202|
2457358.70833333|0.000000|0.000000|0.000000|1.146205|56.839916|57.986121|
2457358.75000000|0.000000|0.000000|0.000000|1.151526|55.430302|56.581828|
2457358.79166667|0.000000|0.000000|0.000000|1.155497|54.084282|55.239779|
2457358.83333333|0.000000|0.000000|0.000000|1.158193|52.797641|53.955835|
2457358.87500000|0.200000|0.000536|0.000032|1.159688|51.566675|52.726395|
2457358.91666667|0.000000|0.000000|0.000273|1.160050|50.387566|51.547890|
2457358.95833333|0.000000|0.000000|0.000150|1.159521|49.257235|50.416907|
2457359.00000000|0.000000|0.000000|0.000064|1.157980|48.172715|49.330759|
2457359.04166667|0.000000|0.000000|0.000016|1.155487|47.131273|48.286776|
2457359.08333333|0.000000|0.000000|0.000000|1.152102|46.130393|47.282495|
2457359.12500000|0.500000|0.003337|0.000200|1.147880|45.168069|46.316150|
2457359.16666667|0.800000|0.008510|0.002213|1.142874|44.242002|45.387089|
2457359.20833333|0.200000|0.000536|0.005307|1.137569|43.349635|44.492510|
2457359.25000000|0.000000|0.000000|0.003057|1.132244|42.489388|43.624688|
2457359.29166667|0.000000|0.000000|0.001271|1.126388|41.659675|42.787334|
2457359.33333333|0.000000|0.000000|0.000320|1.119865|40.858899|41.979084|
2457359.37500000|0.000000|0.000000|0.000016|1.112719|40.085574|41.198309|
2457359.41666667|0.000000|0.000000|0.000000|1.104994|39.338314|40.443308|
2457359.45833333|0.000000|0.000000|0.000000|1.096731|38.615824|39.712555|
2457359.50000000|0.000000|0.000000|0.000000|1.087970|37.916894|39.004864|
2457359.54166667|0.000000|0.000000|0.000000|1.078747|37.240393|38.319139|
2457359.58333333|0.000000|0.000000|0.000000|1.069098|36.585259|37.654357|
2457359.62500000|0.000000|0.000000|0.000000|1.059057|35.950498|37.009555|
2457359.66666667|0.000000|0.000000|0.000000|1.048657|35.335176|36.383833|
2457359.70833333|0.000000|0.000000|0.000000|1.037927|34.738416|35.776344|
2457359.75000000|0.000000|0.000000|0.000000|1.026898|34.159393|35.186291|
2457359.79166667|0.000000|0.000000|0.000000|1.015596|33.597329|34.612925|
2457359.83333333|0.000000|0.000000|0.000000|1.004048|33.051492|34.055540|
2457359.87500000|0.000000|0.000000|0.000000|0.992279|32.521191|33.513470|
2457359.91666667|0.000000|0.000000|0.000000|0.980312|32.005776|32.986088|
2457359.95833333|0.000000|0.000000|0.000000|0.968170|31.504629|32.472799|
2457360.00000000|0.000000|0.000000|0.000000|0.955875|31.017168|31.973043|
2457360.04166667|0.000000|0.000000|0.000000|0.943446|30.542844|31.486290|
2457360.08333333|0.000000|0.000000|0.000000|0.930902|30.081133|31.012035|
2457360.12500000|0.000000|0.000000|0.000000|0.918262|29.631541|30.549803|
2457360.16666667|0.000000|0.000000|0.000000|0.905543|29.193600|30.099142|
2457360.20833333|0.000000|0.000000|0.000000|0.892760|28.766864|29.659624|
2457360.25000000|0.000000|0.000000|0.000000|0.879929|28.350911|29.230840|
2457360.29166667|0.000000|0.000000|0.000000|0.867064|27.945340|28.812404|
2457360.33333333|0.000000|0.000000|0.000000|0.854180|27.549768|28.403948|
2457360.37500000|0.000000|0.000000|0.000000|0.841288|27.163832|28.005120|
2457360.41666667|0.000000|0.000000|0.000000|0.828401|26.787187|27.615588|
2457360.45833333|0.000000|0.000000|0.000000|0.815530|26.419502|27.235032|
2457360.50000000|0.000000|0.000000|0.000000|0.802686|26.060464|26.863150|
2457360.54166667|0.000000|0.000000|0.000000|0.789878|25.709773|26.499651|
2457360.58333333|0.000000|0.000000|0.000000|0.777117|25.367144|26.144260|
2457360.62500000|0.000000|0.000000|0.000000|0.764410|25.032303|25.796712|
2457360.66666667|0.000000|0.000000|0.000000|0.751766|24.704989|25.456755|
2457360.70833333|0.000000|0.000000|0.000000|0.739193|24.384954|25.124147|
2457360.75000000|0.000000|0.000000|0.000000|0.726698|24.071959|24.798657|
2457360.79166667|0.000000|0.000000|0.000000|0.714287|23.765776|24.480063|
2457360.83333333|0.000000|0.000000|0.000000|0.701966|23.466187|24.168153|
2457360.87500000|0.000000|0.000000|0.000000|0.689743|23.172982|23.862725|
2457360.91666667|0.000000|0.000000|0.000000|0.677620|22.885962|23.563583|
2457360.95833333|0.000000|0.000000|0.000000|0.665605|22.604935|23.270540|
2457361.00000000|0.000000|0.000000|0.000000|0.653700|22.329716|22.983416|
2457361.04166667|0.000000|0.000000|0.000000|0.641911|22.060129|22.702039|
2457361.08333333|0.000000|0.000000|0.000000|0.630240|21.796004|22.426244|
2457361.12500000|0.000000|0.000000|0.000000|0.618693|21.537178|22.155871|
2457361.16666667|0.000000|0.000000|0.000000|0.607270|21.283496|21.890766|
2457361.20833333|0.000000|0.000000|0.000000|0.595977|21.034806|21.630783|
2457361.25000000|0.000000|0.000000|0.000000|0.584814|20.790965|21.375779|
2457361.29166667|0.000000|0.000000|0.000000|0.573785|20.551833|21.125618|
2457361.33333333|0.000000|0.000000|0.000000|0.562891|20.317277|20.880168|
2457361.37500000|0.000000|0.000000|0.000000|0.552135|20.087168|20.639303|
2457361.41666667|0.000000|0.000000|0.000000|0.541517|19.861382|20.402899|
2457361.45833333|0.000000|0.000000|0.000000|0.531039|19.639800|20.170840|
2457361.50000000|0.000000|0.000000|0.000000|0.520703|19.422307|19.943010|
2457361.54166667|0.000000|0.000000|0.000000|0.510509|19.208793|19.719301|
2457361.58333333|0.000000|0.000000|0.000000|0.500458|18.999149|19.499607|
2457361.62500000|0.000000|0.000000|0.000000|0.490550|18.793273|19.283824|
2457361.66666667|0.000000|0.000000|0.000000|0.480787|18.591067|19.071854|
2457361.70833333|0.000000|0.000000|0.000000|0.471168|18.392433|18.863601|
2457361.75000000|0.000000|0.000000|0.000000|0.461693|18.197280|18.658973|
2457361.79166667|0.000000|0.000000|0.000000|0.452363|18.005517|18.457880|
2457361.83333333|0.000000|0.000000|0.000000|0.443177|17.817059|18.260236|
2457361.87500000|0.000000|0.000000|0.000000|0.434135|17.631822|18.065956|
2457361.91666667|0.000000|0.000000|0.000000|0.425237|17.449725|17.874961|
2457361.95833333|0.000000|0.000000|0.000000|0.416481|17.270690|17.687171|
2457362.00000000|0.000000|0.000000|0.000000|0.407869|17.094641|17.502510|
2457362.04166667|0.000000|0.000000|0.000000|0.399398|16.921507|17.320905|
2457362.08333333|0.000000|0.000000|0.000000|0.391069|16.751216|17.142285|
2457362.12500000|0.000000|0.000000|0.000000|0.382880|16.583699|16.966579|
2457362.16666667|0.000000|0.000000|0.000000|0.374830|16.418891|16.793721|
2457362.20833333|0.000000|0.000000|0.000000|0.366919|16.256728|16.623646|
2457362.25000000|0.000000|0.000000|0.000000|0.359145|16.097146|16.456291|
2457362.29166667|0.000000|0.000000|0.000000|0.351507|15.940087|16.291594|
2457362.33333333|0.000000|0.000000|0.000000|0.344004|15.785492|16.129496|
2457362.37500000|0.000000|0.000000|0.000000|0.336635|15.633304|15.969939|
2457362.41666667|0.000000|0.000000|0.000000|0.329399|15.483469|15.812868|
2457362.45833333|0.000000|0.000000|0.000000|0.322294|15.335933|15.658226|
2457362.50000000|0.000000|0.000000|0.000000|0.315318|15.190645|15.505963|
2457362.54166667|0.000000|0.000000|0.000000|0.308471|15.047554|15.356026|
2457362.58333333|0.000000|0.000000|0.000000|0.301751|14.906613|15.208365|
2457362.62500000|0.000000|0.000000|0.000000|0.295157|14.767774|15.062931|
2457362.66666667|0.000000|0.000000|0.000000|0.288687|14.630991|14.919678|
2457362.70833333|0.000000|0.000000|0.000000|0.282339|14.496221|14.778560|
2457362.75000000|0.000000|0.000000|0.000000|0.276113|14.363418|14.639531|
2457362.79166667|0.000000|0.000000|0.000000|0.270006|14.232543|14.502548|
2457362.83333333|0.000000|0.000000|0.000000|0.264016|14.103553|14.367570|
2457362.87500000|0.000000|0.000000|0.000000|0.258143|13.976410|14.234554|
2457362.91666667|0.000000|0.000000|0.000000|0.252385|13.851075|14.103460|
2457362.95833333|0.000000|0.000000|0.000000|0.246740|13.727510|13.974250|
2457363.00000000|0.000000|0.000000|0.000000|0.241207|13.605679|13.846886|
2457363.04166667|0.000000|0.000000|0.000000|0.235784|13.485546|13.721330|
2457363.08333333|0.000000|0.000000|0.000000|0.230468|13.367078|13.597546|
2457363.12500000|0.000000|0.000000|0.000000|0.225260|13.250240|13.475500|
2457363.16666667|0.000000|0.000000|0.000000|0.220157|13.135000|13.355157|
2457363.20833333|0.000000|0.000000|0.000000|0.215157|13.021326|13.236483|
2457363.25000000|0.000000|0.000000|0.000000|0.210259|12.909187|13.119445|
2457363.29166667|0.000000|0.000000|0.000000|0.205461|12.798553|13.004014|
2457363.33333333|0.000000|0.000000|0.000000|0.200762|12.689394|12.890156|
2457363.37500000|0.000000|0.000000|0.000000|0.196160|12.581682|12.777842|
2457363.41666667|0.000000|0.000000|0.000000|0.191653|12.475390|12.667043|
2457363.45833333|0.000000|0.000000|0.000000|0.187240|12.370490|12.557730|
2457363.50000000|0.000000|0.000000|0.000000|0.182920|12.266955|12.449875|
2457363.54166667|0.000000|0.000000|0.000000|0.178690|12.164760|12.343450|
2457363.58333333|0.000000|0.000000|0.000000|0.174549|12.063879|12.238428|
2457363.62500000|0.000000|0.000000|0.000000|0.170496|11.964288|12.134785|
2457363.66666667|0.000000|0.000000|0.000000|0.166529|11.865964|12.032493|
2457363.70833333|0.000000|0.000000|0.000000|0.162647|11.768882|11.931529|
2457363.75000000|0.000000|0.000000|0.000000|0.158848|11.673021|11.831868|
2457363.79166667|0.000000|0.000000|0.000000|0.155130|11.578357|11.733487|
2457363.83333333|0.000000|0.000000|0.000000|0.151492|11.484869|11.636362|
2457363.87500000|0.000000|0.000000|0.000000|0.147933|11.392537|11.540470|
2457363.91666667|0.000000|0.000000|0.000000|0.144451|11.301339|11.445790|
2457363.95833333|0.000000|0.000000|0.000000|0.141045|11.211254|11.352300|
2457364.00000000|0.000000|0.000000|0.000000|0.137714|11.122265|11.259979|
2457364.04166667|0.000000|0.000000|0.000000|0.134455|11.034351|11.168806|
2457364.08333333|0.000000|0.000000|0.000000|0.131268|10.947493|11.078761|
2457364.12500000|0.000000|0.000000|0.000000|0.128151|10.861673|10.989824|
2457364.16666667|0.000000|0.000000|0.000000|0.125103|10.776874|10.901977|
2457364.20833333|0.000000|0.000000|0.000000|0.122122|10.693077|10.815199|
2457364.25000000|0.000000|0.000000|0.000000|0.119208|10.610266|10.729474|
2457364.29166667|0.000000|0.000000|0.000000|0.116359|10.528424|10.644782|
2457364.33333333|0.000000|0.000000|0.000000|0.113573|10.447534|10.561107|
2457364.37500000|0.000000|0.000000|0.000000|0.110850|10.367581|10.478431|
2457364.41666667|0.000000|0.000000|0.000000|0.108188|10.288549|10.396736|
2457364.45833333|0.000000|0.000000|0.000000|0.105586|10.210422|10.316008|
2457364.50000000|0.000000|0.000000|0.000000|0.103043|10.133186|10.236229|
2457364.54166667|0.000000|0.000000|0.000000|0.100557|10.056826|10.157383|
2457364.58333333|0.000000|0.000000|0.000000|0.098127|9.981328|10.079456|
2457364.62500000|0.000000|0.000000|0.000000|0.095753|9.906678|10.002431|
2457364.66666667|0.000000|0.000000|0.000000|0.093433|9.832862|9.926295|
2457364.70833333|0.000000|0.000000|0.000000|0.091166|9.759866|9.851033|
2457364.75000000|0.000000|0.000000|0.000000|0.088951|9.687678|9.776630|
2457364.79166667|0.000000|0.000000|0.000000|0.086787|9.616285|9.703072|
2457364.83333333|0.000000|0.000000|0.000000|0.084673|9.545674|9.630347|
2457364.87500000|0.000000|0.000000|0.000000|0.082607|9.475833|9.558440|
2457364.91666667|0.000000|0.000000|0.000000|0.080589|9.406750|9.487339|
2457364.95833333|0.000000|0.000000|0.000000|0.078618|9.338412|9.417030|
2457365.00000000|0.000000|0.000000|0.000000|0.076693|9.270809|9.347502|
2457365.04166667|0.000000|0.000000|0.000000|0.074812|9.203930|9.278742|
2457365.08333333|0.000000|0.000000|0.000000|0.072975|9.137762|9.210737|
2457365.12500000|0.000000|0.000000|0.000000|0.071181|9.072296|9.143477|
2457365.16666667|0.000000|0.000000|0.000000|0.069429|9.007520|9.076949|
2457365.20833333|0.000000|0.000000|0.000000|0.067718|8.943424|9.011143|
2457365.25000000|0.000000|0.000000|0.000000|0.066048|8.879999|8.946046|
2457365.29166667|0.000000|0.000000|0.000000|0.064416|8.817233|8.881649|
2457365.33333333|0.000000|0.000000|0.000000|0.062823|8.755117|8.817940|
2457365.37500000|0.000000|0.000000|0.000000|0.061268|8.693642|8.754909|
2457365.41666667|0.000000|0.000000|0.000000|0.059749|8.632798|8.692547|
2457365.45833333|0.000000|0.000000|0.000000|0.058266|8.572575|8.630842|
2457365.50000000|0.000000|0.000000|0.000000|0.056819|8.512965|8.569784|
2457365.54166667|0.000000|0.000000|0.000000|0.055406|8.453960|8.509365|
2457365.58333333|0.000000|0.000000|0.000000|0.054026|8.395549|8.449575|
2457365.62500000|0.000000|0.000000|0.000000|0.052680|8.337725|8.390405|
2457365.66666667|0.000000|0.000000|0.000000|0.051366|8.280479|8.331844|
2457365.70833333|0.000000|0.000000|0.000000|0.050083|8.223802|8.273885|
2457365.75000000|0.000000|0.000000|0.000000|0.048831|8.167688|8.216519|
2457365.79166667|0.000000|0.000000|0.000000|0.047608|8.112128|8.159736|
2457365.83333333|0.000000|0.000000|0.000000|0.046416|8.057114|8.103529|
2457365.87500000|0.000000|0.000000|0.000000|0.045252|8.002638|8.047890|
2457365.91666667|0.000000|0.000000|0.000000|0.044116|7.948693|7.992809|
2457365.95833333|0.000000|0.000000|0.000000|0.043007|7.895272|7.938279|
2457366.00000000|0.000000|0.000000|0.000000|0.041926|7.842367|7.884293|
2457366.04166667|0.000000|0.000000|0.000000|0.040870|7.789972|7.830842|
2457366.08333333|0.000000|0.000000|0.000000|0.039840|7.738079|7.777919|
2457366.12500000|0.000000|0.000000|0.000000|0.038835|7.686682|7.725517|
2457366.16666667|0.000000|0.000000|0.000000|0.037855|7.635773|7.673628|
2457366.20833333|0.000000|0.000000|0.000000|0.036898|7.585347|7.622245|
2457366.25000000|0.000000|0.000000|0.000000|0.035965|7.535396|7.571361|
2457366.29166667|0.000000|0.000000|0.000000|0.035054|7.485915|7.520970|
2457366.33333333|0.000000|0.000000|0.000000|0.034166|7.436897|7.471063|
2457366.37500000|0.000000|0.000000|0.000000|0.033300|7.388336|7.421636|
2457366.41666667|0.000000|0.000000|0.000000|0.032455|7.340226|7.372681|
2457366.45833333|0.000000|0.000000|0.000000|0.031630|7.292562|7.324192|
2457366.50000000|0.000000|0.000000|0.000000|0.030826|7.245336|7.276162|
2457366.54166667|0.000000|0.000000|0.000000|0.030041|7.198544|7.228585|
2457366.58333333|0.000000|0.000000|0.000000|0.029276|7.152180|7.181456|
2457366.62500000|0.000000|0.000000|0.000000|0.028530|7.106238|7.134768|
2457366.66666667|0.000000|0.000000|0.000000|0.027802|7.060714|7.088516|
2457366.70833333|0.000000|0.000000|0.000000|0.027092|7.015601|7.042693|
2457366.75000000|0.000000|0.000000|0.000000|0.026400|6.970894|6.997294|
2457366.79166667|0.000000|0.000000|0.000000|0.025725|6.926588|6.952314|
2457366.83333333|0.000000|0.000000|0.000000|0.025067|6.882679|6.907746|
2457366.87500000|0.000000|0.000000|0.000000|0.024425|6.839161|6.863586|
2457366.91666667|0.000000|0.000000|0.000000|0.023799|6.796029|6.819828|
2457366.95833333|0.000000|0.000000|0.000000|0.023188|6.753279|6.776467|
2457367.00000000|0.000000|0.000000|0.000000|0.022593|6.710905|6.733498|
2457367.04166667|0.000000|0.000000|0.000000|0.022012|6.668904|6.690916|
2457367.08333333|0.000000|0.000000|0.000000|0.021447|6.627270|6.648716|
2457367.12500000|0.000000|0.000000|0.000000|0.020895|6.585998|6.606893|
2457367.16666667|0.000000|0.000000|0.000000|0.020357|6.545086|6.565442|
2457367.20833333|0.000000|0.000000|0.000000|0.019832|6.504527|6.524359|
2457367.25000000|0.000000|0.000000|0.000000|0.019321|6.464318|6.483639|
2457367.29166667|0.000000|0.000000|0.000000|0.018822|6.424455|6.443278|
2457367.33333333|0.000000|0.000000|0.000000|0.018336|6.384933|6.403270|
2457367.37500000|0.000000|0.000000|0.000000|0.017863|6.345749|6.363612|
2457367.41666667|0.000000|0.000000|0.000000|0.017401|6.306898|6.324299|
2457367.45833333|0.000000|0.000000|0.000000|0.016951|6.268376|6.285327|
2457367.50000000|0.000000|0.000000|0.000000|0.016512|6.230180|6.246692|
2457367.54166667|0.000000|0.000000|0.000000|0.016084|6.192306|6.208390|
2457367.58333333|0.000000|0.000000|0.000000|0.015667|6.154749|6.170416|
2457367.62500000|0.000000|0.000000|0.000000|0.015260|6.117506|6.132767|
2457367.66666667|0.000000|0.000000|0.000000|0.014864|6.080574|6.095438|
2457367.70833333|0.000000|0.000000|0.000000|0.014478|6.043949|6.058427|
2457367.75000000|0.000000|0.000000|0.000000|0.014102|6.007626|6.021728|
2457367.79166667|0.000000|0.000000|0.000000|0.013735|5.971604|5.985339|
2457367.83333333|0.000000|0.000000|0.000000|0.013378|5.935878|5.949256|
2457367.87500000|0.000000|0.000000|0.000000|0.013029|5.900445|5.913474|
2457367.91666667|0.000000|0.000000|0.000000|0.012690|5.865302|5.877991|
2457367.95833333|0.000000|0.000000|0.000000|0.012359|5.830444|5.842803|
2457368.00000000|0.000000|0.000000|0.000000|0.012036|5.795870|5.807907|
2457368.04166667|0.000000|0.000000|0.000000|0.011722|5.761576|5.773298|
2457368.08333333|0.000000|0.000000|0.000000|0.011416|5.727558|5.738974|
2457368.12500000|0.000000|0.000000|0.000000|0.011118|5.693814|5.704932|
2457368.16666667|0.000000|0.000000|0.000000|0.010827|5.660341|5.671168|
2457368.20833333|0.000000|0.000000|0.000000|0.010544|5.627135|5.637679|
2457368.25000000|0.000000|0.000000|0.000000|0.010268|5.594194|5.604461|
2457368.29166667|0.000000|0.000000|0.000000|0.009999|5.561514|5.571513|
2457368.33333333|0.000000|0.000000|0.000000|0.009736|5.529094|5.538830|
2457368.37500000|0.000000|0.000000|0.000000|0.009481|5.496929|5.506410|
2457368.41666667|0.000000|0.000000|0.000000|0.009232|5.465017|5.474249|
2457368.45833333|0.000000|0.000000|0.000000|0.008990|5.433356|5.442346|
2457368.50000000|0.000000|0.000000|0.000000|0.008754|5.401942|5.410696|
2457368.54166667|0.000000|0.000000|0.000000|0.008524|5.370774|5.379297|
2457368.58333333|0.000000|0.000000|0.000000|0.008299|5.339848|5.348147|
2457368.62500000|0.000000|0.000000|0.000000|0.008081|5.309161|5.317242|
2457368.66666667|0.000000|0.000000|0.000000|0.007868|5.278712|5.286580|
2457368.70833333|0.000000|0.000000|0.000000|0.007661|5.248497|5.256158|
2457368.75000000|0.000000|0.000000|0.000000|0.007459|5.218515|5.225974|
2457368.79166667|0.000000|0.000000|0.000000|0.007263|5.188762|5.196025|
2457368.83333333|0.000000|0.000000|0.000000|0.007071|5.159237|5.166308|
2457368.87500000|0.000000|0.000000|0.000000|0.006884|5.129937|5.136821|
2457368.91666667|0.000000|0.000000|0.000000|0.006702|5.100859|5.107561|
2457368.95833333|0.000000|0.000000|0.000000|0.006525|5.072001|5.078526|
2457369.00000000|0.000000|0.000000|0.000000|0.006353|5.043361|5.049714|
2457369.04166667|0.000000|0.000000|0.000000|0.006185|5.014937|5.021122|
2457369.08333333|0.000000|0.000000|0.000000|0.006021|4.986727|4.992748|
2457369.12500000|0.000000|0.000000|0.000000|0.005862|4.958727|4.964589|
2457369.16666667|0.000000|0.000000|0.000000|0.005707|4.930937|4.936644|
2457369.20833333|0.000000|0.000000|0.000000|0.005555|4.903354|4.908909|
2457369.25000000|0.000000|0.000000|0.000000|0.005408|4.875975|4.881383|
2457369.29166667|0.000000|0.000000|0.000000|0.005265|4.848800|4.854064|
2457369.33333333|0.000000|0.000000|0.000000|0.005125|4.821825|4.826949|
2457369.37500000|0.000000|0.000000|0.000000|0.004989|4.795048|4.800037|
2457369.41666667|0.000000|0.000000|0.000000|0.004856|4.768468|4.773325|
2457369.45833333|0.000000|0.000000|0.000000|0.004727|4.742083|4.746811|
2457369.50000000|0.000000|0.000000|0.000000|0.004602|4.715891|4.720493|
2457369.54166667|0.000000|0.000000|0.000000|0.004479|4.689890|4.694369|
2457369.58333333|0.000000|0.000000|0.000000|0.004360|4.664077|4.668437|
2457369.62500000|0.000000|0.000000|0.000000|0.004244|4.638452|4.642696|
2457369.66666667|0.000000|0.000000|0.000000|0.004131|4.613011|4.617142|
2457369.70833333|0.000000|0.000000|0.000000|0.004021|4.587755|4.591775|
2457369.75000000|0.000000|0.000000|0.000000|0.003914|4.562679|4.566593|
2457369.79166667|0.000000|0.000000|0.000000|0.003809|4.537784|4.541593|
2457369.83333333|0.000000|0.000000|0.000000|0.003708|4.513066|4.516774|
2457369.87500000|0.000000|0.000000|0.000000|0.003609|4.488525|4.492134|
2457369.91666667|0.000000|0.000000|0.000000|0.003512|4.464159|4.467671|
2457369.95833333|0.000000|0.000000|0.000000|0.003419|4.439965|4.443384|
2457370.00000000|0.000000|0.000000|0.000000|0.003327|4.415943|4.419270|
2457370.04166667|0.000000|0.000000|0.000000|0.003238|4.392090|4.395328|
2457370.08333333|0.000000|0.000000|0.000000|0.003152|4.368405|4.371557|
2457370.12500000|0.000000|0.000000|0.000000|0.003067|4.344887|4.347954|
2457370.16666667|0.000000|0.000000|0.000000|0.002985|4.321533|4.324518|
2457370.20833333|0.000000|0.000000|0.000000|0.002905|4.298343|4.301248|
2457370.25000000|0.000000|0.000000|0.000000|0.002827|4.275314|4.278142|
2457370.29166667|0.000000|0.000000|0.000000|0.002752|4.252446|4.255197|
2457370.33333333|0.000000|0.000000|0.000000|0.002678|4.229736|4.232414|
2457370.37500000|0.000000|0.000000|0.000000|0.002606|4.207183|4.209789|
2457370.41666667|0.000000|0.000000|0.000000|0.002536|4.184786|4.187323|
2457370.45833333|0.000000|0.000000|0.000000|0.002468|4.162544|4.165012|
2457370.50000000|0.000000|0.000000|0.000000|0.002402|4.140454|4.142856|
2457370.54166667|0.000000|0.000000|0.000000|0.002337|4.118516|4.120853|
2457370.58333333|0.000000|0.000000|0.000000|0.002274|4.096727|4.099002|
2457370.62500000|0.000000|0.000000|0.000000|0.002213|4.075087|4.077301|
2457370.66666667|0.000000|0.000000|0.000000|0.002154|4.053595|4.055749|
2457370.70833333|0.000000|0.000000|0.000000|0.002096|4.032248|4.034344|
2457370.75000000|0.000000|0.000000|0.000000|0.002039|4.011046|4.013086|
2457370.79166667|0.000000|0.000000|0.000000|0.001985|3.989987|3.991972|
2457370.83333333|0.000000|0.000000|0.000000|0.001931|3.969071|3.971002|
2457370.87500000|0.000000|0.000000|0.000000|0.001879|3.948295|3.950174|
2457370.91666667|0.000000|0.000000|0.000000|0.001828|3.927658|3.929486|
2457370.95833333|0.000000|0.000000|0.000000|0.001779|3.907159|3.908938|
2457371.00000000|0.000000|0.000000|0.000000|0.001731|3.886798|3.888529|
2457371.04166667|0.000000|0.000000|0.000000|0.001684|3.866572|3.868256|
2457371.08333333|0.000000|0.000000|0.000000|0.001639|3.846480|3.848119|
2457371.12500000|1.500000|0.029641|0.001778|0.001595|3.826759|3.830133|
2457371.16666667|0.000000|0.000000|0.015117|0.001552|3.806932|3.823600|
2457371.20833333|0.000000|0.000000|0.008299|0.002792|3.787235|3.798326|
2457371.25000000|0.000000|0.000000|0.003557|0.003956|3.767668|3.775181|
2457371.29166667|0.000000|0.000000|0.000889|0.005048|3.748230|3.754167|
2457371.33333333|0.100000|0.000134|0.000008|0.006071|3.728935|3.735014|
2457371.37500000|4.300000|0.234917|0.014163|0.007028|3.710402|3.731593|
2457371.41666667|0.000000|0.000000|0.119845|0.008009|3.691338|3.819193|
2457371.45833333|0.000000|0.000000|0.065793|0.012470|3.672399|3.750662|
2457371.50000000|0.000000|0.000000|0.028194|0.016656|3.653583|3.698433|
2457371.54166667|0.000000|0.000000|0.007048|0.020579|3.634889|3.662516|
2457371.58333333|0.000000|0.000000|0.000000|0.024252|3.616316|3.640569|
2457371.62500000|0.000000|0.000000|0.000000|0.027686|3.597863|3.625550|
2457371.66666667|0.000000|0.000000|0.000000|0.030893|3.579530|3.610422|
2457371.70833333|0.000000|0.000000|0.000000|0.033882|3.561314|3.595195|
2457371.75000000|0.000000|0.000000|0.000000|0.036664|3.543215|3.579878|
2457371.79166667|0.000000|0.000000|0.000000|0.039248|3.525232|3.564480|
2457371.83333333|0.000000|0.000000|0.000000|0.041644|3.507364|3.549008|
2457371.87500000|0.000000|0.000000|0.000000|0.043862|3.489610|3.533471|
2457371.91666667|0.000000|0.000000|0.000000|0.045908|3.471969|3.517877|
2457371.95833333|0.000000|0.000000|0.000000|0.047793|3.454440|3.502233|
2457372.00000000|0.000000|0.000000|0.000000|0.049523|3.437022|3.486545|
2457372.04166667|0.000000|0.000000|0.000000|0.051106|3.419714|3.470820|
2457372.08333333|0.000000|0.000000|0.000000|0.052550|3.402516|3.455066|
2457372.12500000|0.000000|0.000000|0.000000|0.053861|3.385426|3.439287|
2457372.16666667|0.000000|0.000000|0.000000|0.055046|3.368444|3.423490|
2457372.20833333|0.000000|0.000000|0.000000|0.056111|3.351568|3.407679|
2457372.25000000|0.000000|0.000000|0.000000|0.057064|3.334798|3.391861|
2457372.29166667|0.000000|0.000000|0.000000|0.057908|3.318132|3.376040|
2457372.33333333|0.000000|0.000000|0.000000|0.058650|3.301571|3.360221|
2457372.37500000|0.000000|0.000000|0.000000|0.059296|3.285112|3.344409|
2457372.41666667|0.000000|0.000000|0.000000|0.059850|3.268756|3.328607|
2457372.45833333|0.000000|0.000000|0.000000|0.060318|3.252502|3.312820|
2457372.50000000|0.000000|0.000000|0.000000|0.060704|3.236348|3.297051|
2457372.54166667|0.000000|0.000000|0.000000|0.061012|3.220293|3.281305|
2457372.58333333|0.000000|0.000000|0.000000|0.061247|3.204338|3.265585|
2457372.62500000|0.000000|0.000000|0.000000|0.061413|3.188481|3.249894|
2457372.66666667|0.000000|0.000000|0.000000|0.061514|3.172721|3.234235|
2457372.70833333|0.000000|0.000000|0.000000|0.061554|3.157058|3.218612|
2457372.75000000|0.000000|0.000000|0.000000|0.061536|3.141490|3.203026|
2457372.79166667|0.000000|0.000000|0.000000|0.061463|3.126018|3.187481|
2457372.83333333|0.000000|0.000000|0.000000|0.061340|3.110640|3.171980|
2457372.87500000|0.000000|0.000000|0.000000|0.061169|3.095356|3.156524|
2457372.91666667|0.000000|0.000000|0.000000|0.060952|3.080164|3.141116|
2457372.95833333|0.000000|0.000000|0.000000|0.060694|3.065064|3.125758|
2457373.00000000|0.000000|0.000000|0.000000|0.060396|3.050056|3.110452|
2457373.04166667|0.000000|0.000000|0.000000|0.060062|3.035138|3.095200|
2457373.08333333|0.000000|0.000000|0.000000|0.059693|3.020310|3.080003|
2457373.12500000|0.000000|0.000000|0.000000|0.059293|3.005572|3.064864|
2457373.16666667|0.000000|0.000000|0.000000|0.058862|2.990921|3.049784|
2457373.20833333|0.000000|0.000000|0.000000|0.058404|2.976359|3.034763|
2457373.25000000|0.000000|0.000000|0.000000|0.057921|2.961884|3.019805|
2457373.29166667|0.000000|0.000000|0.000000|0.057414|2.947495|3.004909|
2457373.33333333|0.000000|0.000000|0.000000|0.056885|2.933192|2.990077|
2457373.37500000|0.000000|0.000000|0.000000|0.056337|2.918974|2.975310|
2457373.41666667|0.000000|0.000000|0.000000|0.055770|2.904840|2.960610|
2457373.45833333|0.000000|0.000000|0.000000|0.055186|2.890790|2.945976|
2457373.50000000|0.000000|0.000000|0.000000|0.054587|2.876824|2.931411|
2457373.54166667|0.000000|0.000000|0.000000|0.053975|2.862940|2.916914|
2457373.58333333|0.000000|0.000000|0.000000|0.053350|2.849137|2.902487|
2457373.62500000|0.000000|0.000000|0.000000|0.052714|2.835416|2.888130|
2457373.66666667|0.500000|0.003337|0.000200|0.052068|2.821850|2.874119|
2457373.70833333|1.000000|0.013261|0.002498|0.051414|2.808437|2.862348|
2457373.75000000|3.000000|0.116266|0.014674|0.051185|2.795386|2.861244|
2457373.79166667|1.000000|0.013261|0.064205|0.051783|2.782127|2.898115|
2457373.83333333|2.200000|0.063178|0.044800|0.054815|2.769117|2.868732|
2457373.87500000|0.000000|0.000000|0.050284|0.058478|2.755864|2.864626|
2457373.91666667|0.000000|0.000000|0.022769|0.063736|2.742688|2.829193|
2457373.95833333|0.000000|0.000000|0.007979|0.068625|2.729589|2.806193|
2457374.00000000|3.000000|0.116266|0.008871|0.073164|2.716994|2.799029|
2457374.04166667|4.400000|0.245658|0.074035|0.077368|2.704660|2.856063|
2457374.08333333|4.400000|0.245658|0.172580|0.083769|2.692397|2.948745|
2457374.12500000|1.600000|0.033680|0.210043|0.093339|2.679820|2.983202|
2457374.16666667|2.300000|0.068962|0.123066|0.105881|2.667414|2.896362|
2457374.20833333|3.800000|0.184634|0.092528|0.118953|2.655284|2.866765|
2457374.25000000|0.000000|0.000000|0.124884|0.133091|2.642689|2.900664|
2457374.29166667|0.000000|0.000000|0.060983|0.149426|2.630166|2.840575|
2457374.33333333|0.000000|0.000000|0.024225|0.164661|2.617715|2.806601|
2457374.37500000|0.000000|0.000000|0.005539|0.178847|2.605335|2.789721|
2457374.41666667|0.000000|0.000000|0.000000|0.192034|2.593026|2.785060|
2457374.45833333|0.000000|0.000000|0.000000|0.204269|2.580786|2.785055|
2457374.50000000|0.000000|0.000000|0.000000|0.215597|2.568616|2.784214|
2457374.54166667|0.000000|0.000000|0.000000|0.226062|2.556516|2.782577|
2457374.58333333|0.000000|0.000000|0.000000|0.235704|2.544484|2.780188|
2457374.62500000|0.000000|0.000000|0.000000|0.244565|2.532520|2.777084|
2457374.66666667|0.000000|0.000000|0.000000|0.252681|2.520623|2.773305|
2457374.70833333|0.000000|0.000000|0.000000|0.260091|2.508794|2.768885|
2457374.75000000|0.000000|0.000000|0.000000|0.266828|2.497031|2.763860|
2457374.79166667|0.000000|0.000000|0.000000|0.272928|2.485335|2.758263|
2457374.83333333|0.000000|0.000000|0.000000|0.278421|2.473704|2.752125|
2457374.87500000|0.000000|0.000000|0.000000|0.283339|2.462138|2.745477|
2457374.91666667|0.000000|0.000000|0.000000|0.287711|2.450637|2.738348|
2457374.95833333|0.000000|0.000000|0.000000|0.291566|2.439200|2.730767|
2457375.00000000|0.000000|0.000000|0.000000|0.294931|2.427827|2.722758|
2457375.04166667|0.000000|0.000000|0.000000|0.297831|2.416518|2.714349|
2457375.08333333|0.000000|0.000000|0.000000|0.300292|2.405271|2.705563|
2457375.12500000|0.000000|0.000000|0.000000|0.302338|2.394087|2.696424|
2457375.16666667|0.000000|0.000000|0.000000|0.303990|2.382965|2.686955|
2457375.20833333|0.000000|0.000000|0.000000|0.305271|2.371904|2.677175|
2457375.25000000|0.000000|0.000000|0.000000|0.306202|2.360905|2.667106|
2457375.29166667|0.000000|0.000000|0.000000|0.306802|2.349966|2.656767|
2457375.33333333|0.000000|0.000000|0.000000|0.307090|2.339087|2.646177|
2457375.37500000|0.000000|0.000000|0.000000|0.307085|2.328269|2.635354|
2457375.41666667|0.000000|0.000000|0.000000|0.306804|2.317510|2.624314|
2457375.45833333|0.000000|0.000000|0.000000|0.306263|2.306810|2.613073|
2457375.50000000|0.000000|0.000000|0.000000|0.305479|2.296168|2.601647|
2457375.54166667|0.000000|0.000000|0.000000|0.304466|2.285585|2.590051|
2457375.58333333|0.000000|0.000000|0.000000|0.303239|2.275060|2.578299|
2457375.62500000|0.000000|0.000000|0.000000|0.301812|2.264592|2.566403|
2457375.66666667|0.000000|0.000000|0.000000|0.300197|2.254181|2.554378|
2457375.70833333|0.000000|0.000000|0.000000|0.298408|2.243826|2.542234|
2457375.75000000|0.000000|0.000000|0.000000|0.296455|2.233528|2.529984|
2457375.79166667|0.000000|0.000000|0.000000|0.294352|2.223286|2.517638|
2457375.83333333|0.000000|0.000000|0.000000|0.292107|2.213099|2.505207|
2457375.87500000|0.000000|0.000000|0.000000|0.289733|2.202968|2.492701|
2457375.91666667|0.000000|0.000000|0.000000|0.287238|2.192891|2.480129|
2457375.95833333|0.000000|0.000000|0.000000|0.284632|2.182868|2.467500|
2457376.00000000|0.000000|0.000000|0.000000|0.281924|2.172900|2.454824|
2457376.04166667|0.000000|0.000000|0.000000|0.279122|2.162985|2.442107|
2457376.08333333|0.000000|0.000000|0.000000|0.276234|2.153123|2.429358|
2457376.12500000|0.000000|0.000000|0.000000|0.273269|2.143315|2.416584|
2457376.16666667|0.000000|0.000000|0.000000|0.270233|2.133558|2.403791|
2457376.20833333|0.000000|0.000000|0.000000|0.267133|2.123854|2.390987|
2457376.25000000|0.000000|0.000000|0.000000|0.263976|2.114202|2.378178|
2457376.29166667|0.000000|0.000000|0.000000|0.260768|2.104602|2.365369|
2457376.33333333|0.000000|0.000000|0.000000|0.257515|2.095052|2.352567|
2457376.37500000|0.000000|0.000000|0.000000|0.254222|2.085554|2.339775|
2457376.41666667|0.000000|0.000000|0.000000|0.250895|2.076105|2.327000|
2457376.45833333|0.000000|0.000000|0.000000|0.247539|2.066707|2.314246|
2457376.50000000|0.000000|0.000000|0.000000|0.244158|2.057359|2.301517|
2457376.54166667|0.000000|0.000000|0.000000|0.240758|2.048060|2.288818|
2457376.58333333|0.000000|0.000000|0.000000|0.237342|2.038811|2.276152|
2457376.62500000|0.000000|0.000000|0.000000|0.233914|2.029610|2.263524|
2457376.66666667|0.000000|0.000000|0.000000|0.230478|2.020457|2.250935|
2457376.70833333|0.000000|0.000000|0.000000|0.227038|2.011353|2.238391|
2457376.75000000|0.000000|0.000000|0.000000|0.223597|2.002297|2.225894|
2457376.79166667|0.000000|0.000000|0.000000|0.220157|1.993288|2.213446|
2457376.83333333|0.000000|0.000000|0.000000|0.216723|1.984327|2.201051|
2457376.87500000|0.000000|0.000000|0.000000|0.213297|1.975413|2.188710|
2457376.91666667|0.000000|0.000000|0.000000|0.209882|1.966545|2.176427|
2457376.95833333|0.000000|0.000000|0.000000|0.206479|1.957723|2.164202|
2457377.00000000|0.000000|0.000000|0.000000|0.203092|1.948948|2.152040|
2457377.04166667|0.000000|0.000000|0.000000|0.199722|1.940218|2.139940|
2457377.08333333|0.000000|0.000000|0.000000|0.196371|1.931534|2.127905|
2457377.12500000|0.000000|0.000000|0.000000|0.193042|1.922894|2.115937|
2457377.16666667|0.000000|0.000000|0.000000|0.189736|1.914300|2.104036|
2457377.20833333|0.000000|0.000000|0.000000|0.186454|1.905750|2.092205|
2457377.25000000|0.000000|0.000000|0.000000|0.183199|1.897245|2.080444|
2457377.29166667|0.000000|0.000000|0.000000|0.179971|1.888783|2.068754|
2457377.33333333|0.000000|0.000000|0.000000|0.176772|1.880366|2.057138|
2457377.37500000|0.000000|0.000000|0.000000|0.173603|1.871991|2.045594|
2457377.41666667|0.000000|0.000000|0.000000|0.170465|1.863660|2.034125|
2457377.45833333|0.000000|0.000000|0.000000|0.167359|1.855372|2.022730|
2457377.50000000|0.000000|0.000000|0.000000|0.164285|1.847126|2.011412|
2457377.54166667|0.000000|0.000000|0.000000|0.161246|1.838923|2.000169|
2457377.58333333|0.000000|0.000000|0.000000|0.158241|1.830762|1.989003|
2457377.62500000|0.000000|0.000000|0.000000|0.155272|1.822642|1.977914|
2457377.66666667|0.000000|0.000000|0.000000|0.152338|1.814564|1.966902|
2457377.70833333|0.000000|0.000000|0.000000|0.149440|1.806528|1.955968|
2457377.75000000|0.000000|0.000000|0.000000|0.146579|1.798532|1.945111|
2457377.79166667|0.000000|0.000000|0.000000|0.143755|1.790577|1.934333|
2457377.83333333|0.000000|0.000000|0.000000|0.140969|1.782663|1.923632|
2457377.87500000|0.000000|0.000000|0.000000|0.138221|1.774789|1.913010|
2457377.91666667|0.000000|0.000000|0.000000|0.135510|1.766955|1.902465|
2457377.95833333|0.000000|0.000000|0.000000|0.132838|1.759160|1.891999|
2457378.00000000|0.000000|0.000000|0.000000|0.130205|1.751406|1.881610|
2457378.04166667|0.000000|0.000000|0.000000|0.127609|1.743690|1.871299|
2457378.08333333|0.000000|0.000000|0.000000|0.125052|1.736014|1.861066|
2457378.12500000|0.000000|0.000000|0.000000|0.122534|1.728376|1.850910|
2457378.16666667|0.000000|0.000000|0.000000|0.120055|1.720777|1.840831|
2457378.20833333|0.000000|0.000000|0.000000|0.117613|1.713216|1.830829|
2457378.25000000|0.000000|0.000000|0.000000|0.115211|1.705693|1.820904|
2457378.29166667|0.000000|0.000000|0.000000|0.112846|1.698208|1.811054|
2457378.33333333|0.000000|0.000000|0.000000|0.110520|1.690761|1.801281|
2457378.37500000|0.000000|0.000000|0.000000|0.108232|1.683351|1.791582|
2457378.41666667|0.000000|0.000000|0.000000|0.105981|1.675978|1.781959|
2457378.45833333|0.000000|0.000000|0.000000|0.103768|1.668642|1.772410|
2457378.50000000|0.000000|0.000000|0.000000|0.101593|1.661343|1.762936|
2457378.54166667|0.000000|0.000000|0.000000|0.099455|1.654080|1.753534|
2457378.58333333|0.000000|0.000000|0.000000|0.097353|1.646853|1.744206|
2457378.62500000|0.000000|0.000000|0.000000|0.095288|1.639663|1.734951|
2457378.66666667|0.000000|0.000000|0.000000|0.093260|1.632508|1.725768|
2457378.70833333|0.000000|0.000000|0.000000|0.091267|1.625389|1.716656|
2457378.75000000|1.300000|0.022322|0.001339|0.089310|1.618478|1.709128|
2457378.79166667|6.200000|0.476871|0.039997|0.087388|1.612205|1.739590|
2457378.83333333|6.500000|0.522193|0.280786|0.086616|1.605997|1.973399|
2457378.87500000|7.300000|0.652195|0.441653|0.090801|1.599910|2.132364|
2457378.91666667|37.700001|12.677781|1.297394|0.099870|1.596340|2.993605|
2457378.95833333|9.700000|1.118671|6.792372|0.114110|1.590562|8.497044|
2457379.00000000|2.500000|0.081265|4.219106|0.149224|1.583978|5.952307|
2457379.04166667|1.300000|0.022322|1.896912|0.189611|1.577272|3.663795|
2457379.08333333|0.800000|0.008510|0.549223|0.229550|1.570533|2.349306|
2457379.12500000|0.000000|0.000000|0.053902|0.268036|1.563721|1.885659|
2457379.16666667|0.000000|0.000000|0.007499|0.304696|1.556942|1.869137|
2457379.20833333|0.000000|0.000000|0.001691|0.338916|1.550196|1.890803|
2457379.25000000|0.000000|0.000000|0.000255|0.370808|1.543484|1.914547|
2457379.29166667|0.000000|0.000000|0.000000|0.400482|1.536804|1.937286|
2457379.33333333|0.000000|0.000000|0.000000|0.428041|1.530157|1.958198|
2457379.37500000|0.000000|0.000000|0.000000|0.453586|1.523543|1.977130|
2457379.41666667|0.000000|0.000000|0.000000|0.477214|1.516961|1.994175|
2457379.45833333|0.000000|0.000000|0.000000|0.499015|1.510412|2.009427|
2457379.50000000|0.000000|0.000000|0.000000|0.519079|1.503894|2.022973|
2457379.54166667|0.000000|0.000000|0.000000|0.537490|1.497408|2.034898|
2457379.58333333|0.000000|0.000000|0.000000|0.554330|1.490954|2.045283|
2457379.62500000|0.000000|0.000000|0.000000|0.569675|1.484531|2.054206|
2457379.66666667|0.000000|0.000000|0.000000|0.583600|1.478139|2.061739|
2457379.70833333|0.000000|0.000000|0.000000|0.596177|1.471779|2.067956|
2457379.75000000|0.000000|0.000000|0.000000|0.607475|1.465449|2.072924|
2457379.79166667|0.000000|0.000000|0.000000|0.617558|1.459150|2.076708|
2457379.83333333|0.000000|0.000000|0.000000|0.626489|1.452881|2.079370|
2457379.87500000|0.000000|0.000000|0.000000|0.634329|1.446643|2.080972|
2457379.91666667|0.000000|0.000000|0.000000|0.641134|1.440435|2.081569|
2457379.95833333|0.000000|0.000000|0.000000|0.646960|1.434257|2.081217|
2457380.00000000|0.000000|0.000000|0.000000|0.651860|1.428109|2.079969|
2457380.04166667|3.900000|0.194231|0.011654|0.655883|1.422485|2.090022|
2457380.08333333|1.200000|0.019045|0.100201|0.659078|1.416551|2.175830|
2457380.12500000|11.600000|1.564492|0.157967|0.664723|1.411825|2.234515|
2457380.16666667|1.800000|0.042515|0.829082|0.670466|1.406019|2.905567|
2457380.20833333|0.900000|0.010756|0.468498|0.684016|1.400125|2.552639|
2457380.25000000|0.000000|0.000000|0.205700|0.697682|1.394141|2.297523|
2457380.29166667|10.000000|1.184711|0.126131|0.710689|1.389358|2.226177|
2457380.33333333|1.800000|0.042515|0.609320|0.722287|1.383659|2.715266|
2457380.37500000|0.600000|0.004799|0.354012|0.740236|1.377833|2.472081|
2457380.41666667|2.200000|0.063178|0.160308|0.757990|1.372240|2.290538|
2457380.45833333|0.700000|0.006524|0.074599|0.774532|1.366481|2.215613|
2457380.50000000|3.800000|0.184634|0.033946|0.791263|1.361138|2.186347|
2457380.54166667|1.400000|0.025855|0.105267|0.806898|1.355522|2.267687|
2457380.58333333|2.200000|0.063178|0.071352|0.824034|1.350035|2.245421|
2457380.62500000|1.600000|0.033680|0.063833|0.840615|1.344498|2.248945|
2457380.66666667|1.600000|0.033680|0.045529|0.857322|1.338987|2.241838|
2457380.70833333|0.000000|0.000000|0.034964|0.873636|1.333295|2.241895|
2457380.75000000|0.000000|0.000000|0.015367|0.889566|1.327630|2.232563|
2457380.79166667|0.000000|0.000000|0.005052|0.903753|1.321991|2.230797|
2457380.83333333|0.000000|0.000000|0.001010|0.916289|1.316380|2.233679|
2457380.87500000|0.000000|0.000000|0.000000|0.927259|1.310795|2.238054|
2457380.91666667|0.000000|0.000000|0.000000|0.936746|1.305237|2.241983|
2457380.95833333|0.000000|0.000000|0.000000|0.944830|1.299704|2.244534|
2457381.00000000|0.000000|0.000000|0.000000|0.951585|1.294198|2.245783|
2457381.04166667|0.000000|0.000000|0.000000|0.957085|1.288718|2.245803|
2457381.08333333|0.000000|0.000000|0.000000|0.961398|1.283264|2.244662|
2457381.12500000|0.000000|0.000000|0.000000|0.964591|1.277836|2.242427|
2457381.16666667|0.000000|0.000000|0.000000|0.966727|1.272433|2.239160|
2457381.20833333|0.000000|0.000000|0.000000|0.967867|1.267055|2.234923|
2457381.25000000|0.000000|0.000000|0.000000|0.968069|1.261703|2.229772|
2457381.29166667|0.000000|0.000000|0.000000|0.967387|1.256376|2.223763|
2457381.33333333|0.000000|0.000000|0.000000|0.965875|1.251074|2.216949|
2457381.37500000|0.000000|0.000000|0.000000|0.963583|1.245797|2.209380|
2457381.41666667|0.000000|0.000000|0.000000|0.960559|1.240544|2.201104|
2457381.45833333|0.600000|0.004799|0.000288|0.956850|1.235394|2.192532|
2457381.50000000|1.500000|0.029641|0.004226|0.952498|1.230383|2.187108|
2457381.54166667|0.100000|0.000134|0.016469|0.948066|1.225216|2.189751|
2457381.58333333|0.000000|0.000000|0.008944|0.944324|1.220060|2.173328|
2457381.62500000|0.000000|0.000000|0.003738|0.940041|1.214927|2.158707|
2457381.66666667|0.400000|0.002139|0.001034|0.935164|1.209871|2.146069|
2457381.70833333|0.000000|0.000000|0.001095|0.929735|1.204786|2.135616|
2457381.75000000|0.200000|0.000536|0.000631|0.924136|1.199751|2.124518|
2457381.79166667|0.000000|0.000000|0.000530|0.918036|1.194714|2.113280|
2457381.83333333|0.200000|0.000536|0.000246|0.911645|1.189725|2.101617|
2457381.87500000|0.000000|0.000000|0.000338|0.904811|1.184734|2.089883|
2457381.91666667|0.000000|0.000000|0.000166|0.897740|1.179766|2.077673|
2457381.95833333|0.000000|0.000000|0.000064|0.890280|1.174821|2.065165|
2457382.00000000|0.000000|0.000000|0.000016|0.882459|1.169899|2.052374|
2457382.04166667|0.000000|0.000000|0.000000|0.874306|1.165000|2.039306|
2457382.08333333|0.000000|0.000000|0.000000|0.865848|1.160123|2.025971|
2457382.12500000|0.000000|0.000000|0.000000|0.857110|1.155269|2.012379|
2457382.16666667|0.000000|0.000000|0.000000|0.848118|1.150437|1.998555|
2457382.20833333|0.000000|0.000000|0.000000|0.838893|1.145628|1.984522|
2457382.25000000|0.000000|0.000000|0.000000|0.829459|1.140841|1.970300|
2457382.29166667|0.000000|0.000000|0.000000|0.819836|1.136076|1.955912|
2457382.33333333|0.000000|0.000000|0.000000|0.810044|1.131332|1.941376|
2457382.37500000|0.000000|0.000000|0.000000|0.800101|1.126611|1.926712|
2457382.41666667|0.000000|0.000000|0.000000|0.790026|1.121911|1.911938|
2457382.45833333|0.000000|0.000000|0.000000|0.779836|1.117233|1.897069|
2457382.50000000|0.000000|0.000000|0.000000|0.769546|1.112576|1.882122|
2457382.54166667|0.000000|0.000000|0.000000|0.759171|1.107941|1.867112|
2457382.58333333|1.500000|0.029641|0.001778|0.748726|1.103517|1.854022|
2457382.62500000|0.000000|0.000000|0.015117|0.738225|1.098923|1.852265|
2457382.66666667|0.000000|0.000000|0.008299|0.728962|1.094351|1.831612|
2457382.70833333|0.000000|0.000000|0.003557|0.719590|1.089799|1.812946|
2457382.75000000|0.000000|0.000000|0.000889|0.710125|1.085267|1.796281|
2457382.79166667|0.000000|0.000000|0.000000|0.700580|1.080757|1.781337|
2457382.83333333|0.000000|0.000000|0.000000|0.690968|1.076267|1.767235|
2457382.87500000|0.000000|0.000000|0.000000|0.681303|1.071797|1.753100|
2457382.91666667|0.000000|0.000000|0.000000|0.671596|1.067348|1.738944|
2457382.95833333|0.000000|0.000000|0.000000|0.661858|1.062919|1.724777|
2457383.00000000|0.000000|0.000000|0.000000|0.652099|1.058511|1.710610|
2457383.04166667|0.000000|0.000000|0.000000|0.642331|1.054122|1.696453|
2457383.08333333|0.000000|0.000000|0.000000|0.632562|1.049753|1.682315|
2457383.12500000|0.000000|0.000000|0.000000|0.622801|1.045404|1.668205|
2457383.16666667|0.000000|0.000000|0.000000|0.613056|1.041075|1.654131|
2457383.20833333|0.000000|0.000000|0.000000|0.603336|1.036765|1.640101|
2457383.25000000|0.000000|0.000000|0.000000|0.593646|1.032475|1.626122|
2457383.29166667|0.000000|0.000000|0.000000|0.583996|1.028205|1.612200|
2457383.33333333|0.000000|0.000000|0.000000|0.574390|1.023953|1.598343|
2457383.37500000|0.000000|0.000000|0.000000|0.564834|1.019721|1.584555|
2457383.41666667|0.000000|0.000000|0.000000|0.555336|1.015508|1.570843|
2457383.45833333|0.000000|0.000000|0.000000|0.545898|1.011314|1.557212|
2457383.50000000|0.000000|0.000000|0.000000|0.536528|1.007139|1.543666|
2457383.54166667|0.000000|0.000000|0.000000|0.527228|1.002982|1.530210|
2457383.58333333|0.000000|0.000000|0.000000|0.518003|0.998845|1.516847|
2457383.62500000|0.000000|0.000000|0.000000|0.508857|0.994726|1.503583|
2457383.66666667|0.000000|0.000000|0.000000|0.499794|0.990625|1.490419|
2457383.70833333|0.000000|0.000000|0.000000|0.490816|0.986543|1.477359|
2457383.75000000|0.000000|0.000000|0.000000|0.481928|0.982479|1.464407|
2457383.79166667|0.000000|0.000000|0.000000|0.473131|0.978434|1.451564|
2457383.83333333|0.000000|0.000000|0.000000|0.464428|0.974406|1.438834|
2457383.87500000|0.000000|0.000000|0.000000|0.455821|0.970397|1.426218|
2457383.91666667|0.000000|0.000000|0.000000|0.447313|0.966406|1.413719|
2457383.95833333|0.000000|0.000000|0.000000|0.438905|0.962432|1.401337|
2457384.00000000|0.000000|0.000000|0.000000|0.430599|0.958476|1.389075|
2457384.04166667|0.000000|0.000000|0.000000|0.422396|0.954538|1.376935|
2457384.08333333|1.500000|0.029641|0.001778|0.414298|0.950806|1.366883|
2457384.12500000|4.300000|0.234917|0.029212|0.406306|0.947422|1.382940|
2457384.16666667|0.000000|0.000000|0.128107|0.399703|0.943533|1.471342|
2457384.20833333|0.000000|0.000000|0.069334|0.396674|0.939661|1.405669|
2457384.25000000|0.000000|0.000000|0.029079|0.393468|0.935807|1.358354|
2457384.29166667|0.000000|0.000000|0.007048|0.390097|0.931970|1.329115|
2457384.33333333|0.000000|0.000000|0.000000|0.386574|0.928150|1.314724|
2457384.37500000|0.000000|0.000000|0.000000|0.382911|0.924347|1.307259|
2457384.41666667|0.000000|0.000000|0.000000|0.379121|0.920561|1.299682|
2457384.45833333|0.000000|0.000000|0.000000|0.375213|0.916792|1.292005|
2457384.50000000|0.000000|0.000000|0.000000|0.371198|0.913040|1.284238|
2457384.54166667|0.000000|0.000000|0.000000|0.367087|0.909304|1.276390|
2457384.58333333|0.000000|0.000000|0.000000|0.362888|0.905584|1.268472|
2457384.62500000|0.000000|0.000000|0.000000|0.358610|0.901882|1.260492|
2457384.66666667|0.000000|0.000000|0.000000|0.354263|0.898195|1.252458|
2457384.70833333|0.000000|0.000000|0.000000|0.349854|0.894525|1.244379|
2457384.75000000|0.000000|0.000000|0.000000|0.345390|0.890871|1.236261|
2457384.79166667|0.000000|0.000000|0.000000|0.340880|0.887233|1.228113|
2457384.83333333|0.000000|0.000000|0.000000|0.336329|0.883612|1.219941|
2457384.87500000|0.000000|0.000000|0.000000|0.331745|0.880006|1.211750|
2457384.91666667|0.000000|0.000000|0.000000|0.327133|0.876416|1.203549|
2457384.95833333|0.000000|0.000000|0.000000|0.322499|0.872842|1.195341|
2457385.00000000|0.000000|0.000000|0.000000|0.317848|0.869284|1.187132|
2457385.04166667|0.000000|0.000000|0.000000|0.313187|0.865741|1.178928|
2457385.08333333|0.000000|0.000000|0.000000|0.308519|0.862214|1.170733|
2457385.12500000|0.000000|0.000000|0.000000|0.303849|0.858703|1.162552|
2457385.16666667|0.000000|0.000000|0.000000|0.299182|0.855206|1.154388|
2457385.20833333|0.000000|0.000000|0.000000|0.294521|0.851726|1.146247|
2457385.25000000|0.000000|0.000000|0.000000|0.289871|0.848260|1.138131|
2457385.29166667|0.000000|0.000000|0.000000|0.285235|0.844810|1.130045|
2457385.33333333|0.000000|0.000000|0.000000|0.280616|0.841375|1.121990|
2457385.37500000|0.000000|0.000000|0.000000|0.276017|0.837955|1.113972|
2457385.41666667|0.000000|0.000000|0.000000|0.271442|0.834550|1.105991|
2457385.45833333|0.000000|0.000000|0.000000|0.266893|0.831159|1.098052|
2457385.50000000|0.000000|0.000000|0.000000|0.262372|0.827784|1.090156|
2457385.54166667|0.000000|0.000000|0.000000|0.257883|0.824423|1.082306|
2457385.58333333|0.000000|0.000000|0.000000|0.253426|0.821078|1.074504|
2457385.62500000|0.000000|0.000000|0.000000|0.249005|0.817746|1.066752|
2457385.66666667|0.400000|0.002139|0.000128|0.244622|0.814480|1.059230|
2457385.70833333|0.100000|0.000134|0.001099|0.240277|0.811190|1.052565|
2457385.75000000|2.200000|0.063178|0.004458|0.236319|0.808171|1.048949|
2457385.79166667|2.300000|0.068962|0.036653|0.232470|0.805178|1.074301|
2457385.83333333|5.100000|0.327134|0.072569|0.230503|0.802518|1.105589|
2457385.87500000|5.900000|0.433452|0.219740|0.230389|0.799957|1.250086|
2457385.91666667|1.500000|0.029641|0.324607|0.234237|0.796903|1.355747|
2457385.95833333|1.100000|0.016025|0.178770|0.242413|0.793813|1.214996|
2457386.00000000|0.000000|0.000000|0.078300|0.251170|0.790601|1.120071|
2457386.04166667|0.000000|0.000000|0.021047|0.260129|0.787402|1.068578|
2457386.08333333|0.000000|0.000000|0.002812|0.268324|0.784217|1.055353|
2457386.12500000|0.000000|0.000000|0.000481|0.275793|0.781046|1.057320|
2457386.16666667|0.000000|0.000000|0.000000|0.282573|0.777889|1.060462|
2457386.20833333|0.000000|0.000000|0.000000|0.288697|0.774745|1.063443|
2457386.25000000|0.000000|0.000000|0.000000|0.294200|0.771615|1.065816|
2457386.29166667|0.000000|0.000000|0.000000|0.299113|0.768499|1.067612|
2457386.33333333|0.000000|0.000000|0.000000|0.303466|0.765396|1.068862|
2457386.37500000|0.000000|0.000000|0.000000|0.307289|0.762307|1.069596|
2457386.41666667|0.000000|0.000000|0.000000|0.310609|0.759231|1.069840|
2457386.45833333|0.000000|0.000000|0.000000|0.313454|0.756168|1.069622|
2457386.50000000|0.000000|0.000000|0.000000|0.315848|0.753118|1.068966|
2457386.54166667|0.000000|0.000000|0.000000|0.317817|0.750082|1.067898|
2457386.58333333|0.000000|0.000000|0.000000|0.319383|0.747058|1.066441|
2457386.62500000|0.000000|0.000000|0.000000|0.320569|0.744048|1.064617|
2457386.66666667|0.000000|0.000000|0.000000|0.321397|0.741051|1.062447|
2457386.70833333|0.000000|0.000000|0.000000|0.321886|0.738066|1.059952|
2457386.75000000|0.000000|0.000000|0.000000|0.322057|0.735095|1.057151|
2457386.79166667|0.000000|0.000000|0.000000|0.321928|0.732136|1.054064|
2457386.83333333|0.000000|0.000000|0.000000|0.321517|0.729190|1.050706|
2457386.87500000|0.000000|0.000000|0.000000|0.320840|0.726256|1.047096|
2457386.91666667|0.700000|0.006524|0.000391|0.319915|0.723422|1.043729|
2457386.95833333|1.400000|0.025855|0.004878|0.318757|0.720685|1.044321|
2457387.00000000|0.000000|0.000000|0.015012|0.317985|0.717788|1.050786|
2457387.04166667|0.000000|0.000000|0.008022|0.318170|0.714904|1.041096|
2457387.08333333|0.000000|0.000000|0.003298|0.318059|0.712032|1.033389|
2457387.12500000|0.100000|0.000134|0.000784|0.317667|0.709184|1.027635|
2457387.16666667|8.400001|0.852084|0.051193|0.317013|0.707280|1.075487|
2457387.20833333|34.799999|11.089222|1.099954|0.316199|0.707405|2.123558|
2457387.25000000|7.300000|0.652195|5.933234|0.321731|0.705396|6.960361|
2457387.29166667|4.700000|0.279236|3.556610|0.347321|0.703117|4.607048|
2457387.33333333|3.700000|0.175268|1.691810|0.376883|0.700736|2.769429|
2457387.37500000|4.200000|0.224403|0.591977|0.408213|0.698421|1.698611|
2457387.41666667|8.300000|0.832923|0.266570|0.440398|0.696552|1.403520|
2457387.45833333|3.300000|0.140139|0.525441|0.473751|0.694153|1.693345|
2457387.50000000|0.000000|0.000000|0.336875|0.511217|0.691370|1.539462|
2457387.54166667|0.000000|0.000000|0.145922|0.548764|0.688598|1.383284|
2457387.58333333|0.000000|0.000000|0.041804|0.583599|0.685839|1.311242|
2457387.62500000|0.000000|0.000000|0.004204|0.615849|0.683091|1.303144|
2457387.66666667|0.000000|0.000000|0.000000|0.645640|0.680354|1.325994|
2457387.70833333|0.000000|0.000000|0.000000|0.673088|0.677630|1.350718|
2457387.75000000|0.000000|0.000000|0.000000|0.698309|0.674917|1.373226|
2457387.79166667|0.000000|0.000000|0.000000|0.721410|0.672216|1.393626|
2457387.83333333|0.000000|0.000000|0.000000|0.742497|0.669526|1.412023|
2457387.87500000|0.000000|0.000000|0.000000|0.761670|0.666847|1.428517|
2457387.91666667|0.000000|0.000000|0.000000|0.779024|0.664180|1.443204|
2457387.95833333|0.000000|0.000000|0.000000|0.794651|0.661524|1.456175|
2457388.00000000|0.000000|0.000000|0.000000|0.808639|0.658880|1.467519|
2457388.04166667|0.000000|0.000000|0.000000|0.821073|0.656246|1.477320|
2457388.08333333|0.000000|0.000000|0.000000|0.832033|0.653624|1.485658|
2457388.12500000|0.000000|0.000000|0.000000|0.841597|0.651013|1.492610|
2457388.16666667|0.000000|0.000000|0.000000|0.849838|0.648413|1.498251|
2457388.20833333|0.000000|0.000000|0.000000|0.856827|0.645825|1.502652|
2457388.25000000|0.000000|0.000000|0.000000|0.862632|0.643247|1.505878|
2457388.29166667|0.000000|0.000000|0.000000|0.867317|0.640680|1.507997|
2457388.33333333|0.000000|0.000000|0.000000|0.870945|0.638123|1.509068|
2457388.37500000|0.000000|0.000000|0.000000|0.873575|0.635578|1.509153|
2457388.41666667|0.000000|0.000000|0.000000|0.875263|0.633044|1.508306|
2457388.45833333|0.000000|0.000000|0.000000|0.876063|0.630520|1.506583|
2457388.50000000|0.000000|0.000000|0.000000|0.876028|0.628006|1.504034|
2457388.54166667|0.000000|0.000000|0.000000|0.875206|0.625504|1.500710|
2457388.58333333|0.000000|0.000000|0.000000|0.873646|0.623012|1.496657|
2457388.62500000|0.000000|0.000000|0.000000|0.871391|0.620530|1.491921|
2457388.66666667|0.000000|0.000000|0.000000|0.868485|0.618059|1.486544|
2457388.70833333|0.000000|0.000000|0.000000|0.864969|0.615598|1.480568|
2457388.75000000|0.000000|0.000000|0.000000|0.860883|0.613148|1.474031|
2457388.79166667|0.000000|0.000000|0.000000|0.856263|0.610708|1.466971|
2457388.83333333|0.000000|0.000000|0.000000|0.851146|0.608278|1.459424|
2457388.87500000|0.000000|0.000000|0.000000|0.845565|0.605859|1.451424|
2457388.91666667|0.000000|0.000000|0.000000|0.839553|0.603449|1.443003|
2457388.95833333|0.000000|0.000000|0.000000|0.833141|0.601050|1.434191|
2457389.00000000|0.000000|0.000000|0.000000|0.826358|0.598661|1.425019|
2457389.04166667|0.000000|0.000000|0.000000|0.819232|0.596282|1.415514|
2457389.08333333|0.000000|0.000000|0.000000|0.811789|0.593913|1.405702|
2457389.12500000|0.000000|0.000000|0.000000|0.804056|0.591554|1.395610|
2457389.16666667|0.000000|0.000000|0.000000|0.796057|0.589204|1.385261|
2457389.20833333|0.000000|0.000000|0.000000|0.787814|0.586865|1.374678|
2457389.25000000|0.000000|0.000000|0.000000|0.779348|0.584535|1.363884|
2457389.29166667|0.000000|0.000000|0.000000|0.770682|0.582215|1.352898|
2457389.33333333|0.000000|0.000000|0.000000|0.761834|0.579905|1.341740|
2457389.37500000|0.000000|0.000000|0.000000|0.752824|0.577605|1.330429|
2457389.41666667|0.000000|0.000000|0.000000|0.743669|0.575314|1.318982|
2457389.45833333|0.000000|0.000000|0.000000|0.734385|0.573033|1.307417|
2457389.50000000|0.000000|0.000000|0.000000|0.724989|0.570761|1.295750|
2457389.54166667|0.000000|0.000000|0.000000|0.715496|0.568498|1.283994|
2457389.58333333|0.000000|0.000000|0.000000|0.705920|0.566246|1.272165|
2457389.62500000|0.000000|0.000000|0.000000|0.696274|0.564002|1.260276|
2457389.66666667|0.000000|0.000000|0.000000|0.686572|0.561768|1.248340|
2457389.70833333|0.000000|0.000000|0.000000|0.676826|0.559543|1.236369|
2457389.75000000|0.000000|0.000000|0.000000|0.667046|0.557328|1.224374|
2457389.79166667|0.000000|0.000000|0.000000|0.657244|0.555122|1.212366|
2457389.83333333|0.000000|0.000000|0.000000|0.647430|0.552925|1.200354|
2457389.87500000|0.000000|0.000000|0.000000|0.637613|0.550737|1.188350|
2457389.91666667|0.000000|0.000000|0.000000|0.627802|0.548558|1.176360|
2457389.95833333|0.000000|0.000000|0.000000|0.618006|0.546388|1.164395|
2457390.00000000|0.000000|0.000000|0.000000|0.608233|0.544228|1.152461|
2457390.04166667|0.000000|0.000000|0.000000|0.598490|0.542076|1.140566|
2457390.08333333|0.000000|0.000000|0.000000|0.588785|0.539933|1.128718|
2457390.12500000|0.000000|0.000000|0.000000|0.579123|0.537799|1.116922|
2457390.16666667|0.000000|0.000000|0.000000|0.569510|0.535674|1.105185|
2457390.20833333|0.000000|0.000000|0.000000|0.559954|0.533558|1.093512|
2457390.25000000|0.000000|0.000000|0.000000|0.550458|0.531451|1.081909|
2457390.29166667|0.000000|0.000000|0.000000|0.541028|0.529352|1.070380|
2457390.33333333|0.000000|0.000000|0.000000|0.531668|0.527262|1.058930|
2457390.37500000|0.000000|0.000000|0.000000|0.522383|0.525181|1.047564|
2457390.41666667|0.000000|0.000000|0.000000|0.513177|0.523108|1.036285|
2457390.45833333|0.000000|0.000000|0.000000|0.504052|0.521044|1.025097|
2457390.50000000|0.000000|0.000000|0.000000|0.495014|0.518989|1.014002|
2457390.54166667|0.000000|0.000000|0.000000|0.486064|0.516942|1.003006|
2457390.58333333|0.000000|0.000000|0.000000|0.477205|0.514903|0.992109|
2457390.62500000|0.000000|0.000000|0.000000|0.468441|0.512873|0.981314|
2457390.66666667|0.000000|0.000000|0.000000|0.459773|0.510851|0.970624|
2457390.70833333|0.000000|0.000000|0.000000|0.451204|0.508838|0.960041|
2457390.75000000|0.000000|0.000000|0.000000|0.442734|0.506833|0.949567|
2457390.79166667|0.000000|0.000000|0.000000|0.434367|0.504836|0.939203|
2457390.83333333|0.000000|0.000000|0.000000|0.426104|0.502848|0.928951|
2457390.87500000|0.000000|0.000000|0.000000|0.417945|0.500867|0.918812|
2457390.91666667|0.000000|0.000000|0.000000|0.409893|0.498895|0.908788|
2457390.95833333|0.000000|0.000000|0.000000|0.401947|0.496931|0.898878|
2457391.00000000|0.000000|0.000000|0.000000|0.394109|0.494975|0.889084|
2457391.04166667|0.000000|0.000000|0.000000|0.386380|0.493027|0.879407|
2457391.08333333|0.000000|0.000000|0.000000|0.378760|0.491088|0.869847|
2457391.12500000|0.000000|0.000000|0.000000|0.371249|0.489156|0.860405|
2457391.16666667|0.000000|0.000000|0.000000|0.363848|0.487232|0.851080|
2457391.20833333|0.000000|0.000000|0.000000|0.356557|0.485316|0.841873|
2457391.25000000|0.000000|0.000000|0.000000|0.349376|0.483408|0.832784|
2457391.29166667|0.000000|0.000000|0.000000|0.342305|0.481507|0.823812|
2457391.33333333|0.000000|0.000000|0.000000|0.335344|0.479615|0.814959|
2457391.37500000|0.000000|0.000000|0.000000|0.328492|0.477730|0.806222|
2457391.41666667|0.000000|0.000000|0.000000|0.321750|0.475854|0.797603|
2457391.45833333|0.000000|0.000000|0.000000|0.315116|0.473984|0.789100|
2457391.50000000|0.000000|0.000000|0.000000|0.308591|0.472123|0.780714|
2457391.54166667|0.000000|0.000000|0.000000|0.302174|0.470269|0.772443|
2457391.58333333|0.000000|0.000000|0.000000|0.295864|0.468423|0.764287|
2457391.62500000|0.000000|0.000000|0.000000|0.289661|0.466584|0.756245|
2457391.66666667|0.000000|0.000000|0.000000|0.283564|0.464753|0.748316|
2457391.70833333|0.000000|0.000000|0.000000|0.277571|0.462929|0.740501|
2457391.75000000|0.000000|0.000000|0.000000|0.271684|0.461113|0.732797|
2457391.79166667|0.000000|0.000000|0.000000|0.265899|0.459304|0.725203|
2457391.83333333|0.000000|0.000000|0.000000|0.260217|0.457503|0.717720|
2457391.87500000|0.000000|0.000000|0.000000|0.254637|0.455709|0.710346|
2457391.91666667|0.000000|0.000000|0.000000|0.249158|0.453922|0.703080|
2457391.95833333|0.000000|0.000000|0.000000|0.243778|0.452143|0.695921|
2457392.00000000|0.000000|0.000000|0.000000|0.238496|0.450371|0.688867|
2457392.04166667|0.000000|0.000000|0.000000|0.233312|0.448606|0.681918|
2457392.08333333|0.000000|0.000000|0.000000|0.228225|0.446848|0.675073|
2457392.12500000|0.000000|0.000000|0.000000|0.223232|0.445098|0.668330|
2457392.16666667|0.000000|0.000000|0.000000|0.218334|0.443355|0.661689|
2457392.20833333|0.000000|0.000000|0.000000|0.213529|0.441619|0.655148|
2457392.25000000|0.000000|0.000000|0.000000|0.208816|0.439890|0.648705|
2457392.29166667|0.000000|0.000000|0.000000|0.204193|0.438168|0.642360|
2457392.33333333|0.000000|0.000000|0.000000|0.199660|0.436453|0.636112|
2457392.37500000|0.000000|0.000000|0.000000|0.195215|0.434745|0.629959|
2457392.41666667|0.000000|0.000000|0.000000|0.190856|0.433044|0.623900|
2457392.45833333|0.000000|0.000000|0.000000|0.186584|0.431349|0.617934|
2457392.50000000|0.000000|0.000000|0.000000|0.182396|0.429662|0.612059|
2457392.54166667|0.000000|0.000000|0.000000|0.178292|0.427982|0.606274|
2457392.58333333|0.000000|0.000000|0.000000|0.174270|0.426308|0.600578|
2457392.62500000|0.000000|0.000000|0.000000|0.170328|0.424642|0.594970|
2457392.66666667|0.000000|0.000000|0.000000|0.166467|0.422982|0.589449|
2457392.70833333|0.000000|0.000000|0.000000|0.162683|0.421329|0.584012|
2457392.75000000|0.000000|0.000000|0.000000|0.158977|0.419682|0.578659|
2457392.79166667|0.000000|0.000000|0.000000|0.155347|0.418043|0.573389|
2457392.83333333|0.000000|0.000000|0.000000|0.151791|0.416410|0.568201|
2457392.87500000|0.000000|0.000000|0.000000|0.148309|0.414783|0.563093|
2457392.91666667|0.000000|0.000000|0.000000|0.144900|0.413163|0.558063|
2457392.95833333|0.000000|0.000000|0.000000|0.141561|0.411550|0.553111|
2457393.00000000|0.000000|0.000000|0.000000|0.138293|0.409943|0.548236|
2457393.04166667|0.000000|0.000000|0.000000|0.135093|0.408343|0.543436|
2457393.08333333|0.000000|0.000000|0.000000|0.131960|0.406749|0.538710|
2457393.12500000|0.000000|0.000000|0.000000|0.128894|0.405162|0.534056|
2457393.16666667|0.000000|0.000000|0.000000|0.125893|0.403581|0.529475|
2457393.20833333|0.000000|0.000000|0.000000|0.122957|0.402007|0.524964|
2457393.25000000|0.000000|0.000000|0.000000|0.120083|0.400439|0.520522|
2457393.29166667|0.000000|0.000000|0.000000|0.117271|0.398877|0.516148|
2457393.33333333|0.000000|0.000000|0.000000|0.114519|0.397322|0.511841|
2457393.37500000|0.000000|0.000000|0.000000|0.111827|0.395773|0.507600|
2457393.41666667|0.000000|0.000000|0.000000|0.109194|0.394230|0.503424|
2457393.45833333|0.000000|0.000000|0.000000|0.106618|0.392694|0.499311|
2457393.50000000|0.000000|0.000000|0.000000|0.104098|0.391163|0.495261|
2457393.54166667|0.000000|0.000000|0.000000|0.101633|0.389639|0.491272|
2457393.58333333|0.000000|0.000000|0.000000|0.099223|0.388121|0.487344|
2457393.62500000|0.000000|0.000000|0.000000|0.096866|0.386609|0.483475|
2457393.66666667|0.000000|0.000000|0.000000|0.094560|0.385104|0.479664|
2457393.70833333|0.000000|0.000000|0.000000|0.092306|0.383604|0.475910|
2457393.75000000|0.000000|0.000000|0.000000|0.090103|0.382110|0.472213|
2457393.79166667|0.000000|0.000000|0.000000|0.087948|0.380623|0.468571|
2457393.83333333|0.000000|0.000000|0.000000|0.085841|0.379141|0.464983|
2457393.87500000|0.000000|0.000000|0.000000|0.083782|0.377666|0.461448|
2457393.91666667|0.000000|0.000000|0.000000|0.081769|0.376196|0.457965|
2457393.95833333|0.000000|0.000000|0.000000|0.079802|0.374732|0.454534|
2457394.00000000|0.000000|0.000000|0.000000|0.077878|0.373275|0.451153|
2457394.04166667|0.000000|0.000000|0.000000|0.075999|0.371823|0.447822|
2457394.08333333|0.000000|0.000000|0.000000|0.074162|0.370377|0.444539|
2457394.12500000|0.000000|0.000000|0.000000|0.072367|0.368936|0.441303|
2457394.16666667|0.000000|0.000000|0.000000|0.070613|0.367502|0.438115|
2457394.20833333|0.000000|0.000000|0.000000|0.068899|0.366073|0.434972|
2457394.25000000|0.000000|0.000000|0.000000|0.067224|0.364650|0.431874|
2457394.29166667|0.000000|0.000000|0.000000|0.065588|0.363233|0.428821|
2457394.33333333|0.000000|0.000000|0.000000|0.063989|0.361822|0.425811|
2457394.37500000|0.000000|0.000000|0.000000|0.062428|0.360416|0.422843|
2457394.41666667|0.000000|0.000000|0.000000|0.060902|0.359016|0.419918|
2457394.45833333|0.000000|0.000000|0.000000|0.059412|0.357621|0.417033|
2457394.50000000|0.000000|0.000000|0.000000|0.057956|0.356232|0.414188|
2457394.54166667|0.000000|0.000000|0.000000|0.056534|0.354849|0.411383|
2457394.58333333|0.000000|0.000000|0.000000|0.055146|0.353471|0.408617|
2457394.62500000|0.000000|0.000000|0.000000|0.053790|0.352099|0.405888|
2457394.66666667|0.000000|0.000000|0.000000|0.052465|0.350732|0.403197|
2457394.70833333|0.000000|0.000000|0.000000|0.051172|0.349371|0.400542|
2457394.75000000|0.000000|0.000000|0.000000|0.049909|0.348015|0.397924|
2457394.79166667|0.000000|0.000000|0.000000|0.048676|0.346664|0.395340|
2457394.83333333|0.000000|0.000000|0.000000|0.047471|0.345319|0.392791|
2457394.87500000|0.000000|0.000000|0.000000|0.046296|0.343980|0.390276|
2457394.91666667|0.000000|0.000000|0.000000|0.045148|0.342646|0.387793|
2457394.95833333|0.000000|0.000000|0.000000|0.044027|0.341317|0.385344|
2457395.00000000|0.000000|0.000000|0.000000|0.042933|0.339993|0.382926|
2457395.04166667|0.000000|0.000000|0.000000|0.041865|0.338675|0.380540|
2457395.08333333|0.000000|0.000000|0.000000|0.040822|0.337362|0.378184|
2457395.12500000|0.000000|0.000000|0.000000|0.039804|0.336054|0.375859|
2457395.16666667|0.000000|0.000000|0.000000|0.038811|0.334752|0.373563|
2457395.20833333|0.000000|0.000000|0.000000|0.037841|0.333455|0.371296|
2457395.25000000|0.000000|0.000000|0.000000|0.036895|0.332162|0.369057|
2457395.29166667|0.000000|0.000000|0.000000|0.035971|0.330876|0.366847|
2457395.33333333|0.000000|0.000000|0.000000|0.035070|0.329594|0.364664|
2457395.37500000|0.000000|0.000000|0.000000|0.034190|0.328317|0.362507|
2457395.41666667|0.000000|0.000000|0.000000|0.033332|0.327046|0.360377|
2457395.45833333|0.000000|0.000000|0.000000|0.032494|0.325779|0.358273|
2457395.50000000|0.000000|0.000000|0.000000|0.031676|0.324518|0.356194|
2457395.54166667|0.000000|0.000000|0.000000|0.030879|0.323261|0.354140|
2457395.58333333|0.000000|0.000000|0.000000|0.030100|0.322010|0.352110|
2457395.62500000|0.000000|0.000000|0.000000|0.029341|0.320764|0.350105|
2457395.66666667|0.000000|0.000000|0.000000|0.028600|0.319522|0.348122|
2457395.70833333|0.000000|0.000000|0.000000|0.027877|0.318286|0.346163|
2457395.75000000|0.000000|0.000000|0.000000|0.027172|0.317054|0.344226|
2457395.79166667|0.000000|0.000000|0.000000|0.026484|0.315828|0.342311|
2457395.83333333|0.000000|0.000000|0.000000|0.025812|0.314606|0.340419|
2457395.87500000|0.000000|0.000000|0.000000|0.025158|0.313389|0.338547|
2457395.91666667|0.000000|0.000000|0.000000|0.024519|0.312177|0.336696|
2457395.95833333|0.000000|0.000000|0.000000|0.023896|0.310970|0.334866|
2457396.00000000|0.000000|0.000000|0.000000|0.023288|0.309768|0.333056|
2457396.04166667|0.000000|0.000000|0.000000|0.022695|0.308570|0.331266|
2457396.08333333|0.000000|0.000000|0.000000|0.022117|0.307378|0.329495|
2457396.12500000|0.000000|0.000000|0.000000|0.021553|0.306190|0.327743|
2457396.16666667|0.000000|0.000000|0.000000|0.021003|0.305006|0.326010|
2457396.20833333|0.000000|0.000000|0.000000|0.020467|0.303828|0.324295|
2457396.25000000|0.000000|0.000000|0.000000|0.019944|0.302654|0.322598|
2457396.29166667|0.000000|0.000000|0.000000|0.019434|0.301485|0.320918|
2457396.33333333|0.000000|0.000000|0.000000|0.018936|0.300320|0.319256|
2457396.37500000|0.000000|0.000000|0.000000|0.018451|0.299160|0.317611|
2457396.41666667|0.000000|0.000000|0.000000|0.017978|0.298005|0.315983|
2457396.45833333|0.000000|0.000000|0.000000|0.017517|0.296854|0.314371|
2457396.50000000|0.000000|0.000000|0.000000|0.017067|0.295708|0.312775|
2457396.54166667|0.000000|0.000000|0.000000|0.016628|0.294566|0.311194|
2457396.58333333|0.000000|0.000000|0.000000|0.016201|0.293429|0.309630|
2457396.62500000|0.000000|0.000000|0.000000|0.015784|0.292296|0.308080|
2457396.66666667|0.000000|0.000000|0.000000|0.015377|0.291168|0.306546|
2457396.70833333|0.000000|0.000000|0.000000|0.014981|0.290045|0.305026|
2457396.75000000|0.000000|0.000000|0.000000|0.014595|0.288926|0.303520|
2457396.79166667|0.000000|0.000000|0.000000|0.014218|0.287811|0.302029|
2457396.83333333|0.000000|0.000000|0.000000|0.013851|0.286701|0.300551|
2457396.87500000|0.000000|0.000000|0.000000|0.013493|0.285595|0.299088|
2457396.91666667|0.000000|0.000000|0.000000|0.013144|0.284493|0.297637|
2457396.95833333|0.000000|0.000000|0.000000|0.012804|0.283396|0.296200|
2457397.00000000|0.000000|0.000000|0.000000|0.012472|0.282303|0.294776|
2457397.04166667|0.000000|0.000000|0.000000|0.012149|0.281215|0.293364|
2457397.08333333|0.000000|0.000000|0.000000|0.011834|0.280131|0.291965|
2457397.12500000|0.000000|0.000000|0.000000|0.011527|0.279051|0.290578|
2457397.16666667|0.000000|0.000000|0.000000|0.011228|0.277975|0.289203|
2457397.20833333|0.000000|0.000000|0.000000|0.010936|0.276904|0.287840|
2457397.25000000|0.000000|0.000000|0.000000|0.010652|0.275837|0.286488|
2457397.29166667|0.000000|0.000000|0.000000|0.010375|0.274774|0.285148|
2457397.33333333|0.000000|0.000000|0.000000|0.010104|0.273715|0.283820|
2457397.37500000|0.000000|0.000000|0.000000|0.009841|0.272661|0.282502|
2457397.41666667|0.000000|0.000000|0.000000|0.009585|0.271610|0.281195|
2457397.45833333|0.000000|0.000000|0.000000|0.009335|0.270564|0.279899|
2457397.50000000|0.000000|0.000000|0.000000|0.009091|0.269522|0.278614|
2457397.54166667|0.000000|0.000000|0.000000|0.008854|0.268484|0.277338|
2457397.58333333|0.000000|0.000000|0.000000|0.008623|0.267451|0.276073|
2457397.62500000|0.000000|0.000000|0.000000|0.008397|0.266421|0.274818|
2457397.66666667|0.000000|0.000000|0.000000|0.008178|0.265395|0.273573|
2457397.70833333|0.000000|0.000000|0.000000|0.007964|0.264374|0.272337|
2457397.75000000|0.000000|0.000000|0.000000|0.007755|0.263356|0.271111|
2457397.79166667|0.000000|0.000000|0.000000|0.007552|0.262343|0.269894|
2457397.83333333|0.000000|0.000000|0.000000|0.007354|0.261333|0.268687|
2457397.87500000|0.000000|0.000000|0.000000|0.007161|0.260327|0.267488|
2457397.91666667|0.000000|0.000000|0.000000|0.006973|0.259326|0.266299|
2457397.95833333|0.000000|0.000000|0.000000|0.006790|0.258328|0.265118|
2457398.00000000|0.000000|0.000000|0.000000|0.006611|0.257334|0.263946|
2457398.04166667|0.000000|0.000000|0.000000|0.006438|0.256345|0.262782|
2457398.08333333|0.000000|0.000000|0.000000|0.006268|0.255359|0.261627|
2457398.12500000|0.000000|0.000000|0.000000|0.006103|0.254377|0.260480|
2457398.16666667|0.000000|0.000000|0.000000|0.005943|0.253399|0.259341|
2457398.20833333|0.000000|0.000000|0.000000|0.005786|0.252424|0.258210|
2457398.25000000|0.000000|0.000000|0.000000|0.005634|0.251454|0.257088|
2457398.29166667|0.000000|0.000000|0.000000|0.005485|0.250487|0.255972|
2457398.33333333|0.000000|0.000000|0.000000|0.005340|0.249525|0.254865|
2457398.37500000|0.000000|0.000000|0.000000|0.005199|0.248566|0.253765|
2457398.41666667|0.000000|0.000000|0.000000|0.005062|0.247610|0.252672|
2457398.45833333|0.000000|0.000000|0.000000|0.004928|0.246659|0.251587|
2457398.50000000|0.000000|0.000000|0.000000|0.004798|0.245711|0.250509|
2457398.54166667|0.000000|0.000000|0.000000|0.004671|0.244767|0.249438|
2457398.58333333|0.000000|0.000000|0.000000|0.004547|0.243827|0.248374|
2457398.62500000|0.000000|0.000000|0.000000|0.004427|0.242890|0.247317|
2457398.66666667|0.000000|0.000000|0.000000|0.004310|0.241957|0.246267|
2457398.70833333|0.000000|0.000000|0.000000|0.004195|0.241028|0.245223|
2457398.75000000|0.000000|0.000000|0.000000|0.004084|0.240102|0.244187|
2457398.79166667|0.000000|0.000000|0.000000|0.003976|0.239180|0.243156|
2457398.83333333|0.000000|0.000000|0.000000|0.003870|0.238262|0.242132|
2457398.87500000|0.000000|0.000000|0.000000|0.003768|0.237347|0.241115|
2457398.91666667|0.000000|0.000000|0.000000|0.003668|0.236436|0.240104|
2457398.95833333|0.000000|0.000000|0.000000|0.003570|0.235529|0.239099|
2457399.00000000|0.000000|0.000000|0.000000|0.003475|0.234625|0.238100|
2457399.04166667|0.000000|0.000000|0.000000|0.003383|0.233724|0.237107|
2457399.08333333|0.000000|0.000000|0.000000|0.003293|0.232827|0.236120|
[       OK ] Tshirt_C_Realization_Test.TestTotalDischargeOutputCalc1a (56 ms)
[----------] 15 tests from Tshirt_C_Realization_Test (623 ms total)

[----------] 11 tests from JSONProperty_Test
[ RUN      ] JSONProperty_Test.natural_property_test
[       OK ] JSONProperty_Test.natural_property_test (0 ms)
[ RUN      ] JSONProperty_Test.real_property_test
[       OK ] JSONProperty_Test.real_property_test (0 ms)
[ RUN      ] JSONProperty_Test.string_property_test
[       OK ] JSONProperty_Test.string_property_test (0 ms)
[ RUN      ] JSONProperty_Test.boolean_property_test
[       OK ] JSONProperty_Test.boolean_property_test (0 ms)
[ RUN      ] JSONProperty_Test.object_property_test
[       OK ] JSONProperty_Test.object_property_test (0 ms)
[ RUN      ] JSONProperty_Test.list_property_test
[       OK ] JSONProperty_Test.list_property_test (0 ms)
[ RUN      ] JSONProperty_Test.natural_vector_test
[       OK ] JSONProperty_Test.natural_vector_test (0 ms)
[ RUN      ] JSONProperty_Test.real_vector_test
[       OK ] JSONProperty_Test.real_vector_test (0 ms)
[ RUN      ] JSONProperty_Test.boolean_vector_test
[       OK ] JSONProperty_Test.boolean_vector_test (0 ms)
[ RUN      ] JSONProperty_Test.string_vector_test
[       OK ] JSONProperty_Test.string_vector_test (0 ms)
[ RUN      ] JSONProperty_Test.ptree_test
[       OK ] JSONProperty_Test.ptree_test (1 ms)
[----------] 11 tests from JSONProperty_Test (1 ms total)

[----------] 6 tests from JSONGeometry_Test
[ RUN      ] JSONGeometry_Test.point_test
[       OK ] JSONGeometry_Test.point_test (0 ms)
[ RUN      ] JSONGeometry_Test.linestring_test
[       OK ] JSONGeometry_Test.linestring_test (0 ms)
[ RUN      ] JSONGeometry_Test.polygon_test
[       OK ] JSONGeometry_Test.polygon_test (1 ms)
[ RUN      ] JSONGeometry_Test.multipoint_test
[       OK ] JSONGeometry_Test.multipoint_test (0 ms)
[ RUN      ] JSONGeometry_Test.multilinestring_test
[       OK ] JSONGeometry_Test.multilinestring_test (1 ms)
[ RUN      ] JSONGeometry_Test.multipolygon_test
[       OK ] JSONGeometry_Test.multipolygon_test (0 ms)
[----------] 6 tests from JSONGeometry_Test (2 ms total)

[----------] 3 tests from Feature_Test
[ RUN      ] Feature_Test.geometry_test
[       OK ] Feature_Test.geometry_test (2 ms)
[ RUN      ] Feature_Test.geometry_collection_test
[       OK ] Feature_Test.geometry_collection_test (1 ms)
[ RUN      ] Feature_Test.ptree_test
[       OK ] Feature_Test.ptree_test (3 ms)
[----------] 3 tests from Feature_Test (6 ms total)

[----------] 2 tests from FeatureCollection_Test
[ RUN      ] FeatureCollection_Test.ptree_test
[       OK ] FeatureCollection_Test.ptree_test (1 ms)
[ RUN      ] FeatureCollection_Test.subset_test
[       OK ] FeatureCollection_Test.subset_test (0 ms)
[----------] 2 tests from FeatureCollection_Test (1 ms total)

[----------] 1 test from ForcingTest
[ RUN      ] ForcingTest.TestForcingDataRead
WARNING: Reached beyond the size of the forcing precipitation vector. Therefore, returning the last precipitation value of the vector.
WARNING: Reached beyond the size of the forcing precipitation vector. Therefore, returning the last precipitation value of the vector.
[       OK ] ForcingTest.TestForcingDataRead (34 ms)
[----------] 1 test from ForcingTest (34 ms total)

[----------] 1 test from SimulationTimeTest
[ RUN      ] SimulationTimeTest.TestSimulationTime
[       OK ] SimulationTimeTest.TestSimulationTime (0 ms)
[----------] 1 test from SimulationTimeTest (0 ms total)

[----------] 5 tests from GIUH_Test
[ RUN      ] GIUH_Test.TestInit0
[       OK ] GIUH_Test.TestInit0 (743 ms)
[ RUN      ] GIUH_Test.TestOutput0
[       OK ] GIUH_Test.TestOutput0 (723 ms)
[ RUN      ] GIUH_Test.TestManualOrdinates0
[       OK ] GIUH_Test.TestManualOrdinates0 (3 ms)
[ RUN      ] GIUH_Test.TestOutput1
[       OK ] GIUH_Test.TestOutput1 (66 ms)
[ RUN      ] GIUH_Test.TestOutput2
[       OK ] GIUH_Test.TestOutput2 (50 ms)
[----------] 5 tests from GIUH_Test (1585 ms total)

[----------] 4 tests from Formulation_Manager_Test
[ RUN      ] Formulation_Manager_Test.basic_reading_1
[       OK ] Formulation_Manager_Test.basic_reading_1 (732 ms)
[ RUN      ] Formulation_Manager_Test.basic_reading_2
[       OK ] Formulation_Manager_Test.basic_reading_2 (709 ms)
[ RUN      ] Formulation_Manager_Test.basic_run_1
WARNING: Reservoir calculated an outlet velocity over max velocity, and therefore set the outlet velocity to max velocity.
WARNING: Reservoir calculated an outlet velocity over max velocity, and therefore set the outlet velocity to max velocity.
WARNING: Reservoir calculated an outlet velocity over max velocity, and therefore set the outlet velocity to max velocity.
WARNING: Reservoir calculated an outlet velocity over max velocity, and therefore set the outlet velocity to max velocity.
WARNING: Reservoir calculated an outlet velocity over max velocity, and therefore set the outlet velocity to max velocity.
WARNING: Reservoir calculated an outlet velocity over max velocity, and therefore set the outlet velocity to max velocity.
WARNING: Reservoir calculated an outlet velocity over max velocity, and therefore set the outlet velocity to max velocity.
WARNING: Reservoir calculated an outlet velocity over max velocity, and therefore set the outlet velocity to max velocity.
WARNING: Reservoir calculated an outlet velocity over max velocity, and therefore set the outlet velocity to max velocity.
WARNING: Reservoir calculated an outlet velocity over max velocity, and therefore set the outlet velocity to max velocity.
WARNING: Reservoir calculated an outlet velocity over max velocity, and therefore set the outlet velocity to max velocity.
WARNING: Reservoir calculated an outlet velocity over max velocity, and therefore set the outlet velocity to max velocity.
[       OK ] Formulation_Manager_Test.basic_run_1 (709 ms)
[ RUN      ] Formulation_Manager_Test.basic_run_3
[       OK ] Formulation_Manager_Test.basic_run_3 (36 ms)
[----------] 4 tests from Formulation_Manager_Test (2186 ms total)

[----------] Global test environment tear-down
[==========] 91 tests from 13 test suites ran. (4731 ms total)
[  PASSED  ] 91 tests.
